✖ sealed generated architecture uses the actual Output alias while exact return evidence survives in scene and SVG (7.64251ms)
✔ a legitimate n_ user return key without a display alias is never classified as machine-generated (1.19379ms)
✔ nested slots, scalar keys, a UUID-looking user key and whole return retain handwritten unaliased captions (1.281358ms)
✖ different long aliases on multiple outputs retain distinct labels and their independent actual nested paths (1.762283ms)
✔ non-output aliases, an Output without a declared path and opaque evidence preserve their existing meaning (0.481578ms)
✖ explicit alias uses existing visual history and undo restores the real return caption without touching canonical facts (2.692443ms)
ℹ tests 6
ℹ suites 0
ℹ pass 3
ℹ fail 3
ℹ cancelled 0
ℹ skipped 0
ℹ todo 0
ℹ duration_ms 76.035043

✖ failing tests:

test at tests/output-caption-independent.test.ts:39:1
✖ sealed generated architecture uses the actual Output alias while exact return evidence survives in scene and SVG (7.64251ms)
  AssertionError [ERR_ASSERTION]: Expected values to be strictly equal:
  + actual - expected
  
  + 'return.n_192b289eb9894cdf852dee0442427de7'
  - 'model output'
  
      at TestContext.<anonymous> (file:///home/fzg/PycharmProjects/ArchCanvas/ArchCanvas_Model_Architecture_Studio/studio/tests/output-caption-independent.test.ts:45:10)
      at Test.runInAsyncScope (node:async_hooks:227:14)
      at Test.run (node:internal/test_runner/test:1382:25)
      at Test.start (node:internal/test_runner/test:1242:17)
      at startSubtestAfterBootstrap (node:internal/test_runner/harness:387:17) {
    generatedMessage: true,
    code: 'ERR_ASSERTION',
    actual: 'return.n_192b289eb9894cdf852dee0442427de7',
    expected: 'model output',
    operator: 'strictEqual',
    diff: 'simple'
  }

test at tests/output-caption-independent.test.ts:85:1
✖ different long aliases on multiple outputs retain distinct labels and their independent actual nested paths (1.762283ms)
  AssertionError [ERR_ASSERTION]: Expected values to be strictly deep-equal:
  + actual - expected
  
    [
      [
        'forecast',
        'Future observations after temporal projection with a long explanatory caption',
  +     'return.forecast[1]'
  -     'model output'
      ],
      [
        'hidden',
        'Hidden memory carried into the next iteration with a different long caption',
  +     'return.state.hidden'
  -     'model output'
      ]
    ]
  
      at TestContext.<anonymous> (file:///home/fzg/PycharmProjects/ArchCanvas/ArchCanvas_Model_Architecture_Studio/studio/tests/output-caption-independent.test.ts:93:10)
      at Test.runInAsyncScope (node:async_hooks:227:14)
      at Test.run (node:internal/test_runner/test:1382:25)
      at Test.processPendingSubtests (node:internal/test_runner/test:960:18)
      at Test.postRun (node:internal/test_runner/test:1522:19)
      at Test.run (node:internal/test_runner/test:1447:12)
      at async Test.processPendingSubtests (node:internal/test_runner/test:960:7) {
    generatedMessage: true,
    code: 'ERR_ASSERTION',
    actual: [Array],
    expected: [Array],
    operator: 'deepStrictEqual',
    diff: 'simple'
  }

test at tests/output-caption-independent.test.ts:116:1
✖ explicit alias uses existing visual history and undo restores the real return caption without touching canonical facts (2.692443ms)
  AssertionError [ERR_ASSERTION]: Expected values to be strictly equal:
  + actual - expected
  
  + 'return.n_192b289eb9894cdf852dee0442427de7'
  - 'model output'
  
      at TestContext.<anonymous> (file:///home/fzg/PycharmProjects/ArchCanvas/ArchCanvas_Model_Architecture_Studio/studio/tests/output-caption-independent.test.ts:121:10)
      at Test.runInAsyncScope (node:async_hooks:227:14)
      at Test.run (node:internal/test_runner/test:1382:25)
      at Test.processPendingSubtests (node:internal/test_runner/test:960:18)
      at Test.postRun (node:internal/test_runner/test:1522:19)
      at Test.run (node:internal/test_runner/test:1447:12)
      at async Test.processPendingSubtests (node:internal/test_runner/test:960:7) {
    generatedMessage: true,
    code: 'ERR_ASSERTION',
    actual: 'return.n_192b289eb9894cdf852dee0442427de7',
    expected: 'model output',
    operator: 'strictEqual',
    diff: 'simple'
  }
