✔ a transparent network is one history step and redo restores its stable nodes, edges and edits (9.646541ms)
✔ repeat insertion avoids occupied cards, preserves prior identities and bindings, and never connects old networks (40.679363ms)
✔ IDs collide or fail safely before any draft mutation; retry uses fresh identities for every node and edge (0.997214ms)
✔ catalog compatibility, node/edge budgets and extreme coordinates refuse atomically (2.763022ms)
✔ CNN starting layout is legible at the observed viewport with one clear exterior row return (5.437094ms)
✔ actual inserted graphs pass the formal nonexecuting backend source pipeline; a disconnected old node still fails generation (130.468469ms)
✔ unresolved regions expose both authored paths and nested source definitions in view and editor (219.171938ms)
✔ all recovered source compositions recursively expose their real primitives, including unnamed nested modules and repeats (1507.900354ms)
✔ decomposed Transformer edits generate a compact view and return with full structure, manual ports and undo intact (3537.289565ms)
✔ editing and view frontiers cannot be paired across document revisions (99.912182ms)
✔ unseen opaque models accept edits on the same source canvas with save/reopen, undo and export (360.55483ms)
✔ source frontier collapse retains opaque visual changes and hidden local placement without regenerating Python (246.566601ms)
ℹ tests 12
ℹ suites 0
ℹ pass 12
ℹ fail 0
ℹ cancelled 0
ℹ skipped 0
ℹ todo 0
ℹ duration_ms 6295.487327
