
> archcanvas-studio@0.1.0 test
> node --experimental-strip-types --test --test-isolation=none tests/*.test.ts

✔ toolbar zoom preserves the viewed world centre at fit, reset and zoom limits (4.190749ms)
✔ new figure measures initial aliases before materializing and keeps its straight chain through reopen and re-expansion (22.145242ms)
✔ initial alias validation rejects foreign identities and keeps default creation compatible (3.142442ms)
✔ viewport arrangement folds an eight-module chain, preserves facts/history and avoids body intrusions (18.055739ms)
✔ viewport folding cannot turn a branch or merge into a unary chain (0.543166ms)
✔ historical M4: independent corridor parser rejects ignored bytes, diagonal, partial, nonfinite and multiple subpaths (1.404632ms)
✔ historical M4: independent corridor metrics preserve split crossings, point contacts and pair-local interval union (7.367703ms)
✔ historical M4: independent corridor frozen captures remain bound to exact archived source bytes (5.745863ms)
✔ historical M4: independent corridor family identity requires exact source, memory role, effective style, side and complete canonical membership (2.270552ms)
✔ historical M4: independent corridor rejects coherent semantic, branch, circle, style, body and same-tensor crossing corruptions (148.027583ms)
✔ historical M4: independent corridor literal shared-family improvement retains each branch and exposes crossing exchanges (26.883041ms)
✔ historical M4: independent corridor current nine frontiers and three details preserve source, cards, ports, canonical branches and protected geometry (561.969045ms)
✔ historical M4: independent corridor current L3 cannot trade overlap for crosses or lose named canonical fanout branches (77.324451ms)
✔ historical M4: independent corridor work caps remain their literal approved bounds (0.271516ms)
✔ suggestion is below every current body, including expanded frames, legends and other notes (0.4785ms)
✔ excluding the selected annotation ignores its old bounds and gives a stable repeated position (0.217907ms)
✔ body conflicts include frontier leaves, legend labels and other notes, with exact touching permitted (0.232453ms)
✔ body conflict result does not assert orthogonal edge clearance (0.108164ms)
✔ formal complex expansion keeps the existing absolute note and recommends a clear new note below the new frontier (10902.746278ms)
✔ explicit move below diagram is one annotation history operation and preserves save/export fields (13333.360292ms)
✔ deepest source relation index folds bottom-up and never confuses a tensor name with a binding (2044.091307ms)
✔ real MLP expanded network has one atomic input lane and no parent/child arrow ambiguity (16.83084ms)
✔ detail export keeps folded atomic coverage and does not resurrect coarse parent arrows (1561.871316ms)
✔ atomic frontier mlp-level0-paper-180 keeps source facts canonical ports exports and four-direction history (1.600479ms)
✔ atomic frontier mlp-level1-paper-180 keeps source facts canonical ports exports and four-direction history (205.342789ms)
✔ atomic frontier residual_cnn-level0-paper-180 keeps source facts canonical ports exports and four-direction history (19.875349ms)
✔ atomic frontier residual_cnn-level1-paper-180 keeps source facts canonical ports exports and four-direction history (494.438315ms)
✔ atomic frontier residual_cnn-level2-paper-180 keeps source facts canonical ports exports and four-direction history (4332.363234ms)
✔ atomic frontier transformer-level0-paper-180 keeps source facts canonical ports exports and four-direction history (413.982284ms)
✔ atomic frontier transformer-level1-paper-180 keeps source facts canonical ports exports and four-direction history (1857.794608ms)
✔ atomic frontier transformer-level2-paper-180 keeps source facts canonical ports exports and four-direction history (6230.341567ms)
✔ atomic frontier transformer-level3-paper-180 keeps source facts canonical ports exports and four-direction history (8225.683666ms)
✔ clear arbitrary route takes the local Manhattan corridor without touching nodes or endpoints (2.549561ms)
✔ route improvement cannot create a new peer crossing even for equal tensor identifiers (5.351451ms)
✔ independent from-zero chain arrangement can fit its previously offscreen output with all module boxes visible (0.52344ms)
✔ independent fit handles negative manual placements, merge branches, aspect ratios and the full128module contract (13.931409ms)
✔ empty and unmeasured viewports return finite camera state and keep the blank draft intact (0.262623ms)
✔ manual off-body route waypoints fit along with node rectangles without changing either model or route (0.453169ms)
✔ raw numerical field input rejects empty tokens, invalid dimensions, nonfinite values and out-of-contract lengths (0.33612ms)
✔ duplicate display labels never redirect a typed shape diagnostic to another module or infer a target from text (0.287902ms)
✔ unknown node identities and unregistered parameter/port names cannot produce an active field highlight (0.35585ms)
✔ unstructuredHTTP conflicts and malformed diagnostics keep useful message without fabricated node or field targets (0.181062ms)
✔ public JSON transport preserves structured diagnostics and HTTP status without changing legacy successful payloads (12.878085ms)
✔ deferred old-draft response cannot resolve a missing identity in a replacement draft with the same labels (0.580953ms)
✔ flow interface projects frozen vertical chain and no-edge/horizontal default without semantic state (0.191278ms)
✔ real frozen four-node vertical chain has three literal straight gap-only routes, preserving every source fact (1.554369ms)
✔ literal horizontal chain retains legacy side coordinates and zero-bend straight gaps (0.479089ms)
✔ vertical Add branch keeps shared fanout identity, distinct ordered merge ports and unobstructed paths (11.094586ms)
✔ vertical Concat named input projections never collapse a/b producer identities (10.436053ms)
✔ an independent intervening body forces a safe detour without node movement or false blocked success (2.010088ms)
✔ a covering body blocking the target stays explicit and does not move user anchors (0.927163ms)
✔ reverse-positioned vertical DAG selects facing sides and routes outside its own bodies (3.257485ms)
✔ flow and geometry are insensitive to authored array ordering and equivariant under whole-draft translation (1.201421ms)
✔ four directional visual moves retain graph, one-command history, undo/redo geometry and JSON persistence (5.162395ms)
✔ an independent horizontal graph cannot rotate the frozen vertical graph's public ports or three straight routes (1.339228ms)
✔ the actual blank authoring component exposes visible steps, a static-check entry and the draft count (13.188613ms)
✔ the inspector assertion rejects the same compilable component with only that visible panel removed (72.685938ms)
✔ unavailable activation searches name their missing operation and disclose differences in available options (0.187151ms)
✔ unavailable tensor module searches explain the current dimensional or pooling limits (0.088454ms)
✔ attention and recurrent searches expose the missing behavior without promising an equivalent network (0.105681ms)
✔ ordinary and empty searches retain the generic palette message (0.068518ms)
✔ the actual palette visibly exposes classification and alias/parameter discovery (6.470109ms)
✔ actual palette rendering uses the runtime inventory, alias search and the selected module category (193.177201ms)
✔ independent four-direction authored moves preserve exact graph and one-command undo/redo (24.673281ms)
✔ merge ports stay distinct, fan-out is retained, malformed direction/foreign port and duplicate producers fail atomically (14.370398ms)
✔ a new binding that closes a directed cycle leaves history and every prior edge unchanged (0.312777ms)
✔ deleting a branch removes only its incident bindings and undo restores both merge ports (0.668121ms)
✔ explicit DAG arrange handles merge longest-path dependencies without overlaps or semantic changes (12.614794ms)
✔ manual covering overlaps keep anchors and report every retained routing obstruction (1.018892ms)
✔ no-op changes and unavailable history travel preserve identity; a new edit after undo clears redo (0.296158ms)
✔ public draft transport binds save CAS revision and reopens an independent exact draft while a conflict retains local edits (1.644089ms)
✔ click additions find free space past the original five-node overlap counterexample without moving prior modules (2.027651ms)
✔ cache boundary rejects crash-causing node shapes, impossible revisions and unsafe coordinates while returning detached valid edits (0.673914ms)
✔ public authoring pan primitive uses final endpoint in all four directions, ignores foreign pointer and preserves model history (0.407226ms)
✔ a transparent network is one history step and redo restores its stable nodes, edges and edits (6.255427ms)
✔ repeat insertion avoids occupied cards, preserves prior identities and bindings, and never connects old networks (11.513651ms)
✔ IDs collide or fail safely before any draft mutation; retry uses fresh identities for every node and edge (0.711142ms)
✔ catalog compatibility, node/edge budgets and extreme coordinates refuse atomically (2.739929ms)
✔ CNN starting layout is legible at the observed viewport with one clear exterior row return (2.192095ms)
✔ actual inserted graphs pass the formal nonexecuting backend source pipeline; a disconnected old node still fails generation (145.303045ms)
✔ pointerup endpoint is available without an intervening move or RAF (0.317005ms)
✔ terminal endpoint includes movement beyond the last sampled preview (0.115824ms)
✔ pan displacement is measured in CSS pixels and never divided by zoom (0.104626ms)
✔ returning to start restores exact initial camera without cumulative drift (0.142793ms)
✔ viewport-origin shift alone does not masquerade as a pointer delta (0.079464ms)
✔ a second pointer cannot update or finish the original pan (0.068936ms)
✔ initial camera snapshot and caller input remain untouched (0.076843ms)
✔ invalid start coordinates, zoom and pointer identity are rejected (0.218379ms)
✔ world camera keeps the sealed Transformer scene continuous across negative bounds (154.431858ms)
✔ fit, focus, pointer-centered zoom and pan use world coordinates (0.244776ms)
✔ same-viewport reload preserves exact camera and independently calculated world centre (0.439453ms)
✔ a resized reopened viewport preserves world centre and zoom through new pixel translation (0.10474ms)
✔ source/IR/document identities and visual revisions prevent stale or cross-model reuse (0.109813ms)
✔ per-document source/IR keys isolate values without adding revision to the key (0.208ms)
✔ invalid stored versions, centres, scales, viewport and identity are refused rather than coerced (0.170015ms)
✔ fit scales below .15 remain valid while unsafe captures are rejected (0.138207ms)
✔ malformed, absent, oversized, disabled and quota-failed storage leave a graceful fallback (0.198388ms)
✔ delayed restore cannot supersede explicit fit, zoom, focus, pan or a newer document load (0.119312ms)
✔ terminal pan is saved and cancellation can restore the prior camera without retaining the preview (0.120987ms)
✔ capture/restore/tickets mutate no input and store revisions without touching Canvas/history (0.622622ms)
✔ a deliberately adopted reconciled identity can retain view while old source state remains isolated (0.119406ms)
✔ actual App initialization callbacks read the owned saved view before any initial write (42.819488ms)
✔ actual App persistence callback refuses previews then writes terminal camera and rollback (11.52479ms)
✔ actual App delayed callback rejects later intent/load/revision and handles deferred viewport (91.979641ms)
✔ the observed large-to-small live resize keeps world centre 350,405 in its first coordinated result (0.204826ms)
✔ fractional, negative and small-fit cameras preserve centre and zoom across anisotropic size chains (0.177741ms)
✔ same-size deliveries are no-ops and invalid or hidden dimensions cannot establish a frame (0.131367ms)
✔ actual App idle resize commits the latest centre synchronously without a new intent or history entry (19.689868ms)
✔ actual persistence before observer delivery uses the camera anchor instead of a newly resized DOM (21.351746ms)
✔ actual pan, move, box and port ownership defer resize until their mapping is released (76.409957ms)
✔ actual terminal pan includes the unsampled pointerup delta then applies the queued resize exactly once (18.864399ms)
✔ actual cancel after a resized pan preview restores the original world centre and never retains that preview (17.030314ms)
✔ actual resized object drag keeps its typed delta and one undo entry independent of transient camera coordination (18.811543ms)
✔ actual box terminal selection uses the old frozen camera before viewport coordination (26.640521ms)
✔ an explicit current-size camera commit wins without a second old-size correction (16.940234ms)
✔ initialization ignores unowned resize and restores at its latest viewport; active drag defers it (17.788348ms)
✔ an early actual spatial gesture owns its displayed mapping and invalidates a delayed restore even after document commit (41.441855ms)
✔ an early actual pan establishes its own viewport anchor before a resized terminal sample (17.026442ms)
✔ a later document, revision, load or explicit intent rejects pending initialization and old ownership (91.218745ms)
✔ the actual observer effect commits in its delivery and rejects disconnected or replaced elements (17.211568ms)
✔ the real window fallback follows the same mapping and unregisters after cleanup (16.614423ms)
✔ the actual observer remount resumes a bounded exhausted hidden initialization at the now-visible dimensions (24.053268ms)
✔ the actual observer revives an exhausted tiny viewport only when dimensions become usable (16.828149ms)
✔ a stale load/intent/revision cannot revive after hidden exhaustion, and an owned remount keeps explicit intent (71.265085ms)
✔ hidden dimensions are ignored; a tiny visible viewport can return without contaminating stored centre (15.916883ms)
✔ canvas save deduplicates source facts without changing current/history or hiding a foreign binding (1.478914ms)
✔ source-grounded distant memory caption has an owned-route guide instead of silently floating beside mask routes (51.154658ms)
✔ a safe close caption keeps its coordinates and creates no decorative guide (0.252799ms)
✔ general translated CJK captions use short collision-free guides without model-name or ID dependencies (1.759755ms)
✔ crowded and shared-route attachments preserve captions and give explicit diagnostics instead of unsafe guide connections (32.107306ms)
✔ notes, other caption envelopes, crossing routes and reserved guides remain obstacles in a general multi-label batch (3.097735ms)
✔ whole/detail, aliases, monochrome, save/reopen and undo/redo keep caption decoration outside canonical metadata (183.934719ms)
✔ a general stress batch preserves every canonical edge and produces deterministic nonintersecting decorations (96.137145ms)
✔ a dense batch above the deterministic association limit keeps every label and emits diagnostics (0.661988ms)
✔ geometry-check exhaustion in a still-supported batch preserves remaining captions with explicit budget evidence (239.757554ms)
✔ a later moved caption clears the visible stroke of an earlier reserved guide (28.873874ms)
✔ a narrow guide cannot visually overlap or touch a parallel foreign tensor stroke (4.705005ms)
✔ uncertifiable foreign stroke widths preserve text with a diagnostic instead of emitting guides (0.248644ms)
✔ direct ancestor collapse restores compact visible frontier and retains hidden expanded children (98.779511ms)
✔ reopen ancestor resurrects hidden expansion and exact independently supplied deep geometry (292.085969ms)
✔ changing hidden descendant expansion memory cannot replay a stale geometry into visible siblings (1.49038ms)
✔ manual container and downstream moves survive compact restoration and deep reopening; unrelated pin remains exact (482.155694ms)
✔ pinned downstream position and pinned hidden leaf are protected rather than rolled back to a compact cache (197.090346ms)
✔ undo and redo restore compact/deep states, hidden memory and exact positions independently of revision (98.991057ms)
✔ JSON save/reload of collapsed canvas retains nested expansion memory and exact deep reopening (198.778726ms)
✔ manual hidden-leaf memory remains exact through direct ancestor collapse, JSON reload and reopen (361.519602ms)
✔ literal node identities containing delimiter characters do not discard latent expansion memory or visible geometry (194.045408ms)
✔ two different valid expanded sets with the same legacy delimiter string cannot share frontier geometry (2.397541ms)
✔ existing composite legacy cache ambiguous between a delimiter identity and two parallel branches cannot inject tall geometry (2.695863ms)
✔ actual frozen CNN deep canvas collapses repeat directly to literal compact root positions while retaining both block memories (607.780446ms)
✔ actual already-bad collapsed CNN cannot overwrite its earlier compact cache before reopening and recollapsing (598.035761ms)
✔ historical M4: independent residual baseline freezes all nine authored frontiers and actual public route bytes (7.571639ms)
✔ historical M4: independent route parser and protected pair oracle expose split-vertex crossings and interval union (0.516687ms)
✔ historical M4: independent oracle rejects coherent branch, role/style, port, body/header and backplate corruptions (9.780896ms)
✔ historical M4: CNN collapsed proxy residual becomes the independent 38-unit straight route without merging its data lane (5.686439ms)
✔ historical M4: all protected branches/cards/ports and pair-local safety survive: residual_cnn-level0-paper-180 (11.896819ms)
✔ historical M4: all protected branches/cards/ports and pair-local safety survive: residual_cnn-level1-paper-180 (18.462156ms)
✔ historical M4: all protected branches/cards/ports and pair-local safety survive: residual_cnn-level2-paper-180 (46.49659ms)
✔ historical M4: all protected branches/cards/ports and pair-local safety survive: mlp-level0-paper-180 (3.985592ms)
✔ historical M4: all protected branches/cards/ports and pair-local safety survive: mlp-level1-paper-180 (8.641306ms)
✔ historical M4: all protected branches/cards/ports and pair-local safety survive: transformer-level0-paper-180 (49.265253ms)
✔ historical M4: all protected branches/cards/ports and pair-local safety survive: transformer-level1-paper-180 (88.06406ms)
✔ historical M4: all protected branches/cards/ports and pair-local safety survive: transformer-level2-paper-180 (163.089659ms)
✔ historical M4: all protected branches/cards/ports and pair-local safety survive: transformer-level3-paper-180 (165.552743ms)
✔ historical M4: renamed generic graphs shorten collapsed module and repeat proxies while preserving manual pins and exposed repeat ports (4.358715ms)
✔ historical M4: single-route collapsed proxy optimization works without pressure or model-name assumptions (0.727606ms)
✔ historical M4: clear manually misaligned proxy endpoints attain the independent Manhattan minimum with two turns (0.750787ms)
✔ historical M4: expanded or actual visible targets and other roles can shorten only when their geometry remains protected (2.819592ms)
✔ historical M4: geometry shortcuts do not depend on, merge or rewrite missing or inconsistent canonical/proxy-port evidence (2.645292ms)
✔ historical M4: unrelated body, ancestor header and repeat backplate blocking all retain safe old route and immutable anchors (2.864135ms)
✔ historical M4: every other edge is protected even when sharing tensor but differing in role/style: crossing and overlap (20.799599ms)
✔ historical M4: misaligned short staircases cannot conceal crossings on another edge intermediate vertex, including same-tensor different styles (11.200164ms)
✔ historical M4: retraced protected segments cannot inflate old pair overlap and license a larger same-tensor residual overlap (1.750695ms)
✔ historical M4: effective style overrides retain separate canonical residual branches and never merge them with the same-tensor data lane (1.909639ms)
✔ historical M4: bounded-work fallback preserves the old route instead of advertising an unchecked shortcut (83.441962ms)
✔ collapsed frontier retains canonical tensors, named port direction and hidden edges (1.2801ms)
✔ expansion preserves anchor, unrelated pins, repeat sharing and re-expanded local edits (107.278644ms)
✔ batch rejects semantic field injection and stale revision without mutating input (1.314015ms)
✔ history restores a whole batch with monotonic revision and invalidates redo after new edit (1.153059ms)
✔ publication serializes the edited scene, escapes every user string and excludes editor controls (2.006678ms)
✔ document loader rejects port mismatch, parent cycle and non-finite imported geometry (0.968796ms)
✔ selected parent plus child moves once, pinned descendants protect their subtree (140.678684ms)
✔ repeated toggles restore neighbor geometry without drifting or losing a collapsed user move (253.442961ms)
✔ long Chinese aliases and annotations retain text while their geometry grows (3.935693ms)
✔ source refresh preserves unique identity presentation and resets source undo boundary (94.949325ms)
✔ a rebound edge cannot inherit a style from its previous tensor binding (152.102339ms)
✔ projected parallel edges retain differing canonical styles instead of discarding them (12.833866ms)
✔ DenseStress300 component routing keeps bounded crossings, overlap and endpoint ownership (459.895696ms)
✔ four directional moves preserve architecture, preview/commit, history and endpoints (15906.673858ms)
✔ down move retains the five atomic intrusions and matching blocked diagnostics (952.177696ms)
✔ narrow-gap centerline proposal is geometrically better but fixed target arrow remains inside the upper card (1076.868627ms)
✔ component routing budgets are frozen and over-cap batches keep deterministic per-route fallback (481.877835ms)
✔ a right Add input from a strict ancestor is the only residual edge (0.870242ms)
✔ Add left/right order is symmetric; branch age is proved by bindings (0.316602ms)
✔ transitive ancestry marks the direct skip, never any trunk edge or Add output (0.321631ms)
✔ nested Adds retain distinct local skip roles without styling all ancestors (0.255334ms)
✔ two independent producers remain ordinary even when labels say residual (0.199434ms)
✔ a shared ancestor does not make either sibling input residual (0.179643ms)
✔ the same tensor producer bound to both Add slots is x+x, not a skip (0.180306ms)
✔ Concat stays ordinary even when its first producer is an ancestor of the second (0.193289ms)
✔ ancestry through a registered merge is structural, not a unary-only heuristic (0.205111ms)
✔ rename, geometry, and node/edge array order cannot manufacture or remove a role (0.699638ms)
✔ a missing Add input has no complete pair from which to infer a residual role (0.185479ms)
✔ ambiguous or invalid Add bindings stay ordinary without throwing (0.298071ms)
✔ missing producers and incorrect source/output direction cannot prove ancestry (0.311898ms)
✔ opaque, unknown, and removed catalog contracts do not imply a known path (0.495782ms)
✔ catalog direction and tensor-type contradictions disable affected role inference (0.358059ms)
✔ a directed cycle in the relevant component cannot create a strict-ancestor proof (0.168772ms)
✔ unrelated unknown and cyclic components do not alter an independently known skip (0.21108ms)
✔ parallel known components keep their local roles and ordinary branches (0.251963ms)
✔ 128th node is accepted and cacheable; 129th fails before any byte changes (1.012655ms)
✔ 384th connection is accepted and cacheable; 385th fails before any byte changes (1.762126ms)
✔ deleting a module or connection releases capacity for another edit (1.914838ms)
✔ failed limit edits preserve history, revision, past and redo bytes (4.096143ms)
✔ independent sensor rejects interior/vertex crossings and positive overlaps, while separated or point-only collinear contacts differ (0.973924ms)
✔ actual five-binding merge keeps every endpoint, outward/inward normal, and card body clear (18.446672ms)
✔ actual merge removes the different-producer crossing and Concat inlet overlay without changing the five bindings (15.1958ms)
✔ same-source fanout keeps two complete branch IDs and separately ordered destination ports (8.801557ms)
✔ four-direction merge moves, undo/redo and JSON reopen reproduce stable routes and preserve semantic facts (267.327774ms)
✔ aligned horizontal and vertical chains retain their minimum straight paths (1.091704ms)
✔ an unrelated intervening card is avoided without moving it or hiding either independently produced route (1.658413ms)
✔ reverse-directed independent bindings route outside their own cards and an intervening body with correct normals (6.901025ms)
✔ a vertical multi-input merge preserves left/right and a/b slot ordering while avoiding every different-producer contact (18.433122ms)
✔ a real forward multi-input merge with an extra obstacle retains full facts and clear branch geometry (9.859955ms)
✔ an older manual obstacle position reports its newly overlapping lower band without moving saved objects (10.23633ms)
✔ a larger draft keeps all bindings, card positions and ordered anchors when global crossing removal is best effort (15.25994ms)
✔ category browser inventories every actual runtime module once, and never invents absent categories (3.017251ms)
✔ novice aliases and common framework spelling resolve to the registered operator contract (4.3305ms)
✔ parameter search and multiword searches intersect the selected actual category (1.581822ms)
✔ exact operator names never silently resolve a different primitive or unrelated starting graph (1.639165ms)
✔ transparent starters are searchable by their real editable components and declared I/O (2.592747ms)
✔ search and filtering preserve all catalog bytes and starter graph identities/parameters (4.139527ms)
✔ all17 actual kinds keep unary cards stable and give two-input cards their independent140world body (2.580403ms)
✔ 53percent side labels reach8.1CSSpx while both names and dot hits remain separate (0.465963ms)
✔ vertical labels stay fully exterior to every card, clearing the kind caption and preserving dot hits (1.314882ms)
✔ every registered outlet-to-inlet28world vertical gap keeps offset labels disjoint with a clickable dot and owning text (17.769267ms)
✔ dimensions and ordered anchors follow declared ports rather than an Add name shortcut (0.441044ms)
✔ fit includes the complete taller body and exterior routes without changing draft or camera-independent facts (0.226104ms)
✔ single insertion and explicit arrange avoid the newly occupied lower40world band (0.521978ms)
✔ transparent preset bounds and old-card collisions include taller merge modules atomically (19.286593ms)
✔ router treats the new lower band as a real obstacle and preserves bindings through history (13.870087ms)
✔ independent compensation supports a 58percent overview without claiming readable minimum zoom (0.222775ms)
✔ independent CJK title fitting prevents the original234world-wide truncated title (0.318148ms)
✔ independent fitting retains a short label, empty string and Unicode code points (0.180232ms)
✔ independent mono samples fit150world using equal ASCII columns rather than narrow punctuation (0.1746ms)
✔ independent wide-Latin title fitting stays inside134world even for repeated W (0.07157ms)
✔ independent scaled single-port hits contain both label endpoints and the dot (0.234653ms)
✔ independent custom cramped ports retain their12world fallback without claiming overview legibility (0.135652ms)
✔ independent vertical registered merge labels do not paint into the later port hit (0.068099ms)
✔ independent tooltip avoids the downstream card instead of covering its label (0.414239ms)
✔ independent58percent chain tooltip does not cover any of four scaled cards (0.228188ms)
✔ independent vertical input tooltip avoids an upstream card with a free side (0.1403ms)
✔ independent edge clamp uses a visible free side without intruding into its owner (0.138984ms)
✔ independent no-clear-region fallback remains bounded and does not alter obstacles (0.08506ms)
✔ overview text compensation is bounded and leaves normal zoom unchanged (0.067515ms)
✔ horizontal input and output hints prefer opposite sides of their node (0.142819ms)
✔ vertical hints fall back to a visible, non-overlapping side near viewport edges (0.094474ms)
✔ equal revision and labels never allow one draft identity or node identity/kind/set to inherit another draft check (0.537695ms)
✔ parameters, array contents and every binding identity/endpoint invalidate checked shapes even before a revision increment (0.537015ms)
✔ four-direction placement, display aliases, title and revision retain the same checked static graph without mutation (1.221499ms)
✔ parameter field order is irrelevant while graph-array order remains significant for backend topological/output ordering (0.194044ms)
✔ complete static response preserves tensor declarations and identities while isolating them from mutable response data (0.282959ms)
✔ an incomplete graph may retain upstream declared tensors, but never reports complete or invents a missing downstream shape (0.544483ms)
✔ execution claims, generated-source receipts and inconsistent complete/issue or missing-tensor claims are rejected (0.444526ms)
✔ malformed tensor shapes, dtype, extra runtime flags and oversized declarations cannot reach a displayed shape label (0.66074ms)
✔ unregistered tensor/node references, repeated or nontopological order and malformed diagnostics are rejected without target inference (0.654613ms)
✔ sealed Transformer mask edge inspector reflects the actual displayed style (1606.555504ms)
✔ formal Transformer memory caption clears both repeat plates and target card with all model facts fixed (20.962491ms)
✔ general placement leaves a safe caption unchanged in expanded content and ignores empty captions (0.357352ms)
✔ independent repeat/header/note blockers relocate captions without changing paths or card coordinates (0.706488ms)
✔ two distinct captions keep separate nominal envelopes and avoid an unrelated route (3.25297ms)
✔ bounded local placement reports an impossible caption instead of hiding it or moving model objects (0.818016ms)
✔ whole and detail export use the same caption safety after projection while visual history retains canonical facts (54.478071ms)
✔ long source-declared captions remain complete and inside overview/detail bounds even when local placement is blocked (2.035537ms)
✔ editor omits only root furniture for current mlp-level1-base, retaining every canonical route and publication object (55.545011ms)
✔ editor omits only root furniture for current residual_cnn-level2-base, retaining every canonical route and publication object (698.246503ms)
✔ editor omits only root furniture for current transformer-level3-base, retaining every canonical route and publication object (1377.464701ms)
✔ unrelated custom root identity stays implicit only while expanded, and conceptual hierarchy keeps collapse/layout/cache/history (175.089009ms)
✔ fit measures edited world objects and routes, excluding publication title, legends and implicit root padding (1.239358ms)
✔ floating legend content keeps authored order and every actual edge style in color and monochrome (89.146154ms)
✔ independent parentless leaves and explicit detail boundary cards never become hidden roots (0.159077ms)
✔ editor paints an exact tensor fan-out prefix once with its real junction while preserving complete selectable bindings and export paths (2.707732ms)
✔ actual new-blank entry always starts empty despite a cached source draft, and keeps previous workspaces intact (18.070887ms)
✔ new-blank from the editor hands off the exact unsaved draft and history before creating a separate session (9.146488ms)
✔ actual App opens generated work, resumes the original semantic history on repeated returns, and recovers it after reload (39.358487ms)
✔ actual edit→view with an unchanged baseline reuses the current view and preserves both stacks and the camera (9.22135ms)
✔ actual edit→view generates the latest modified snapshot and retains its workspace before opening it (11.426162ms)
✔ real normalized generation response accepts a separate JSON-roundtripped authored presentation, but refuses stale values (51.416388ms)
✔ actual failed generation or opening preserves edited bytes/history and reports that the editor was retained (18.431911ms)
✔ actual stale async generation cannot open a newer draft, and synchronous repeated mode clicks generate once (9.19919ms)
✔ view baseline equivalence ignores only revision and detects connections, presentation and custom definitions (0.444543ms)
✔ generated workspace resumes exact draft/history, maps selection and reflects subsequent view movement without source mutation (3.056858ms)
✔ generated workspace rejects a changed document/source/IR binding before modifying retained authoring history (1.399966ms)
✔ blank-authored visual styles persist through view→edit, browser recovery and a fresh static generation (48.700517ms)
✔ generated view cache roundtrips both authoring history stacks and accepts only this exact saved model binding (3.039258ms)
✔ generated source view translates changed generated geometry back to the original source frontier before edit resumes (151.133342ms)
✔ real custom-module preview retains named keyword input and three distinct nested output boundaries in the frontend reader (0.533099ms)
✔ malformed custom source/class/constructor/port/output contracts cannot enter restored draft state (0.867247ms)
✔ actual custom-module insertion registers once, supports repeated instances and persists definitions plus undo (9.597738ms)
✔ actual custom preview callback rejects malformed JSON, preserves a bounded static result, and prevents parallel requests (4.268673ms)
✔ actual editor top actions expose edit/view mode and custom-source launcher, with floating legend outside world SVG (138.50468ms)
✔ actual source-view top actions expose the same mode switch and keep root/title/legend out of the editor world (170.131072ms)
✔ actual custom-source modal renders class/source/constructor fields and named multi-output preview without a shape claim (9.702293ms)
✔ parallel growth fitting below an existing taller branch does not shift output again (608.820055ms)
✔ horizontal free space absorbs width growth; adjacent sibling spacing and authored gap are preserved (414.717695ms)
✔ manual distant output absorbs growth; downstream relative offsets and explicit user movement survive frontier restore (533.790831ms)
✔ pinned output and pinned descendant protect anchors while the existing warning reports unresolved overlap (485.262059ms)
✔ exact collapse/reexpand frontier snapshots and undo/redo remain stable after repeated parallel expansion (1027.726233ms)
✔ real Transformer depth-two UI frontier uses existing space without cumulative independent branch height (13516.817766ms)
✔ real Transformer depth-three and cached frontiers retain manual feedforward positions and no sibling intersections (19878.918516ms)
✔ real Residual CNN grows both repeats and keeps downstream pool/flatten/classifier clear (5755.341994ms)
✔ renderer changes invalidate an old export even when canvas revision and source digests match (0.318761ms)
✔ a restored artifact must describe the default document, width, revision, source and PNG resolution (0.176368ms)
✔ detail export partitions every canonical edge and visibly retains every crossing binding (459.556306ms)
✔ detail keeps edited geometry, aliases, styles, legend and contained annotations, and declares omissions (609.469086ms)
✔ distinct external node/port tuples cannot collide when their identities contain delimiters (143.028404ms)
✔ detail metadata and projected objects are detached from the input CanvasDocument (443.736543ms)
✔ detail rejects leaf, collapsed or hidden containers and invalid options; whole keeps the ordinary scene (189.56266ms)
✔ detail bounds retain manually offset descendants instead of clipping negative coordinates (545.77719ms)
✔ long boundary text and provenance fit their boxes and 85/180 mm preflight measures actual scale (445.437523ms)
✔ real source-derived MLP network detail accounts for adapters and exposes model input/output (116.974848ms)
✔ physical advice accounts for tall pages and rounds the required width upward (52.314373ms)
✔ detail choices distinguish equal labels by identity/path and preserve the current frontier and edits (2495.934974ms)
✔ ordinary large output move retains the existing all-frontier arithmetic (95.599119ms)
✔ omitted and explicit all-frontiers scopes produce identical complete documents (30.273852ms)
✔ current deep output compaction preserves compact view and repeated toggles restore distinct exact positions (149.753888ms)
✔ four current-frontier directions and duplicate IDs change only the literal current object/cache (60.043035ms)
✔ a later ordinary move still applies one delta to both differently edited saved frontiers (29.520214ms)
✔ missing or legacy-only current cache establishes canonical visible cache without altering old bytes (59.861483ms)
✔ effective compact frontier ignores retained hidden layer flags and preserves deep cache (96.754956ms)
✔ ambiguous delimiter cache remains intact while explicit current edit creates its literal canonical key (15.181117ms)
✔ selected parent and child translate once; selected pins and pinned descendants retain protection (73.893214ms)
✔ current hidden selection is rejected atomically while default established-hidden-layout behavior survives (1.452485ms)
✔ intentional negative manual positions are neither clamped nor migrated to other frontiers (344.159664ms)
✔ one scoped history entry supports exact cache undo/redo and rejects stale revisions (15.359446ms)
✔ JSON reload preserves distinct current-edited and compact positions with full model/source facts (60.395312ms)
✔ preview scope is frozen and complete scene/SVG equals corresponding real commit without document mutation (396.163237ms)
✔ unknown scopes are rejected by move and preview before any document mutation (0.456909ms)
✔ editing already malformed revision5 with current scope does not silently migrate its other cache (14.869338ms)
✔ scoped recovery preserves the other frontier and proposed scene equals committed active scene (147.833639ms)
✔ recovery validates unknown scope even on unneeded or unavailable early return paths (0.398761ms)
✔ actual edit→view rejects an unconnected Attention before source expansion, preserving draft history and a responsive event loop (282.669316ms)
✔ generated source view retains absolute draft anchors through real nested containers and faithful SVG export (1.642952ms)
✔ source presentation, pin, annotations and edge style follow exact generated identities without changing source facts (1.352544ms)
✔ ambiguous mappings are refused and unmapped presentation objects are explicitly reported (0.680277ms)
✔ a real backend generated model reopens with edited draft positions and labels while retaining its complete binding facts (44.62118ms)
✔ actual generate callback keeps the collapsed Transformer frontier and anchors when complete source generation is reopened (1075.890717ms)
✔ hierarchy order and depth follow authored roots and child lists, independent of flat node order (18.779001ms)
✔ empty aliases, escaped labels, repeat badges, pins and leaf/toggle ARIA stay exact (16.955113ms)
✔ collapsed ancestors hide latent descendants without erasing their expansion or selection (22.906768ms)
✔ a replacement architecture with the same IDs displays new labels, categories and topology (32.333272ms)
✔ an empty architecture renders no rows and non-hierarchy visual changes leave row HTML exact (12.476649ms)
✔ the actual formal source-backed 304-node model keeps precise old/new hierarchy HTML before and after expansion (1098.41214ms)
✔ historical caption compatibility rejects route/port/binding corruption and explicit or nonmemory text changes (69.013023ms)
✔ Transformer overview no longer reports its hidden root boundary or title while preserving publication checks (196.023545ms)
✔ hidden root headers cease to be routing obstacles, while physical frames retain their headers (1.212351ms)
✔ negative world positions survive nested and root collapse, undo, redo and JSON reopen (364.428205ms)
✔ visible nested containers still report escaped children and header intrusion (282.338555ms)
✔ editor drag preview matches commit and recovery does not clamp objects into the hidden root (5.967128ms)
✔ dot lattice follows the world origin through all pan quadrants and zoom levels (0.46073ms)
✔ navigation is unbounded in position and zoom retains the pointer world point (0.323793ms)
✔ transparent editor surface retains exact figure geometry and publication background (0.557347ms)
✔ retained route pair cannot grow actual collinear length after selected body clearance (21.346197ms)
✔ a different overlap peer is new damage even when primary edge and length agree (16.830182ms)
✔ unchanged ambiguous lane may remain after genuine selected-body clearance (12.85998ms)
✔ a route-only warning incident through the second edge needs genuine reduction (24.631085ms)
✔ unchanged unrelated caption warning cannot conceal growing penetration into the same body (12.863528ms)
✔ original unrelated caption obstruction may stay unchanged during selected-body repair (10.906593ms)
✔ a blocked route may not transfer penetration from one retained body to another (13.058543ms)
✔ an unrelated caption association warning may not move farther from its owned route (16.428492ms)
✔ actual upward header conflict produces understandable guidance using display aliases (41.351565ms)
✔ actual overlapping leaves expose both overlap and blocked connection guidance (50.221774ms)
✔ source-analysis warnings stay in their own panel and missing object references do not leak identifiers (17.160031ms)
✔ historical M4: source memory captions survive vertical threshold boundaries and all four movement directions in whole/detail and both presets (1278.651057ms)
✔ historical M4: the actual +24 encoder counterexample keeps its routed endpoints and visible memory after undo/redo and JSON reopening (31.210253ms)
✔ historical M4: source expansion and collapse retain every visible memory caption without adding hidden bindings or facts (192.030655ms)
✔ historical M4: default memory naming is generic while explicit empty/authored labels and other roles retain their contracts (38.082791ms)
✔ historical M4: a genuinely blocked moved memory retains its text and reports association failure instead of disappearing (19.532966ms)
✔ historical M4: source and target signed14/15 thresholds retain endpoint continuity and exact peers across caption preset size and detail combinations (15537.231862ms)
✔ historical M4: horizontal gap guards retain complete baseline when two six-unit leads are unavailable (132.219346ms)
✔ historical M4: continuity is detached and one typed move survives undo redo and JSON reopen (16.67653ms)
✔ historical M4: literal guards reject joint and same-tensor peers close strokes invalid widths gap bodies and exhausted checks (0.875356ms)
✔ historical M4: version adapter rejects coherent geometry canonical nonmemory and consumer-coverage corruptions (35.384225ms)
✔ historical M4: detail mixed consumers keep retained port coverage and architecture-order bindings after memory projection (7.301789ms)
✔ historical M4: independent frozen baseline contains all twelve actual CNN configurations with immutable narrow copies (9.570836ms)
✔ historical M4: actual CNN baseline preserves canonical facts, ports and routes: cnn-level0-paper-85 (13.083494ms)
✔ historical M4: actual CNN baseline preserves canonical facts, ports and routes: cnn-level0-paper-180 (9.761426ms)
✔ historical M4: actual CNN baseline preserves canonical facts, ports and routes: cnn-level0-monochrome-85 (13.201034ms)
✔ historical M4: actual CNN baseline preserves canonical facts, ports and routes: cnn-level0-monochrome-180 (10.915361ms)
✔ historical M4: actual CNN baseline preserves canonical facts, ports and routes: cnn-level1-paper-85 (13.642965ms)
✔ historical M4: actual CNN baseline preserves canonical facts, ports and routes: cnn-level1-paper-180 (14.432599ms)
✔ historical M4: actual CNN baseline preserves canonical facts, ports and routes: cnn-level1-monochrome-85 (15.617298ms)
✔ historical M4: actual CNN baseline preserves canonical facts, ports and routes: cnn-level1-monochrome-180 (15.902312ms)
✔ historical M4: actual CNN baseline preserves canonical facts, ports and routes: cnn-level2-paper-85 (32.041681ms)
✔ historical M4: actual CNN baseline preserves canonical facts, ports and routes: cnn-level2-paper-180 (32.677621ms)
✔ historical M4: actual CNN baseline preserves canonical facts, ports and routes: cnn-level2-monochrome-85 (40.891ms)
✔ historical M4: actual CNN baseline preserves canonical facts, ports and routes: cnn-level2-monochrome-180 (40.402728ms)
✔ historical M4: actual Transformer frontier 0 retains source/ports while all four mono roles differ (35.951284ms)
✔ historical M4: actual Transformer frontier 1 retains source/ports while all four mono roles differ (81.286362ms)
✔ historical M4: actual Transformer frontier 2 retains source/ports while all four mono roles differ (177.484727ms)
✔ historical M4: actual Transformer frontier 3 retains source/ports while all four mono roles differ (202.037571ms)
✔ historical M4: effective line identity distinguishes role defaults from explicit solid/dashed local overrides (0.321187ms)
✔ historical M4: derived pattern validation rejects sparse holes and unsafe arrays while retaining explicit legacy styles (0.35792ms)
✔ historical M4: same-tensor role and style branches stay separate, with truthful actual variant membership (8.623655ms)
✔ historical M4: actual Transformer collapsed mask bundle splits solid/default/generic dashed with complete canonical membership (18.541414ms)
✔ historical M4: memory trunk style identity rejects equal-dashed different patterns while preserving source facts (48.458298ms)
✔ historical M4: equal-dashed different-pattern memory cannot acquire the independently known shared-family corridor (48.247018ms)
✔ historical M4: hidden inspector fallback uses the same effective pattern and exposes no hidden-only role legend (4.444366ms)
✔ historical M4: expanded detail boundary paths inherit actual role signatures and citation clears the footer (16.895006ms)
✔ historical M4: line legend clears edited annotations and manual symbols without deleting user objects (4.306878ms)
✔ historical M4: real SVG marker and stroke sample extents fit their boxes at every supported line-width boundary (17.992297ms)
✔ historical M4: empty visible graph has no fabricated line roles or samples (0.88315ms)
✔ historical M4: placing a note below objects does not make its own derived footer chase it downward (4.534721ms)
✔ historical M4: preset and override history preserves source/layout and real patterns through JSON roundtrip (6.406449ms)
✔ historical M4: independent oracle rejects coherent role/line/legend corruption rather than accepting changed expected output (4.359841ms)
✔ independent command directions use signed world distances and retain input selection (0.45955ms)
✔ decimal distances, bounded target wording, punctuation and whitespace have literal results (0.132152ms)
✔ explicit scope prefixes override either default and an omitted prefix uses the selected default (0.22784ms)
✔ empty selection, zero and nonfinite distances never emit a partial operation (0.20018ms)
✔ malformed attempted moves reject signed/exponent/partial/compound/CSS distances completely (0.250793ms)
✔ alias/color text and an empty command are not inferred as a movement (0.126259ms)
✔ actual App drag captures scope at down and commits that scope after a different render scope (52.288516ms)
✔ actual App ignores unrelated pointer-up and stale-document move without committing history (21.671431ms)
✔ actual App scope selection cancels gesture, frame and recovery before a late terminal input (19.808131ms)
✔ actual App alignment uses the selected scope and preserves the unrelated compact cache for current scope (42.511177ms)
✔ actual App language dispatch applies exact local world delta and preserves alias source facts (19.914757ms)
✔ actual App refuses partial compound movement and leaves alias/color dispatch intact (36.584006ms)
✔ actual App recovery forwards current scope and applies the exact proposed operation (19.165198ms)
✔ scope-specific caches retain the operated-container, ancestor and pinned-subtree toggle rules (1.229846ms)
✔ preview equals complete guarded scene/SVG for container resizing, negative/manual geometry and repeated frames (3473.229097ms)
✔ selected parent and child move exactly once; pinned descendants protect ancestor subtree (1156.329759ms)
✔ sparse visible layout materializes once and hidden layout uses the established source contract (316.973536ms)
✔ preview leaves history/frontiers/source untouched, commit updates snapshots and supports one undo/redo (791.959894ms)
✔ prepared snapshot isolates later caller mutation and returned scene cannot corrupt frozen semantic references (328.765061ms)
✔ preview rejects forged sessions, invalid selection/coordinates and corrupted document before showing geometry (152.319207ms)
✔ independent oracle detects polluted body/header and route geometry (70.781239ms)
✔ four directions preserve exact manual coordinates, shared endpoints and expose left/header/sibling conflicts (1118.899907ms)
✔ explicit recovery preview is obstacle-safe and commit is one reversible visual operation (1445.040542ms)
✔ recovery respects pins and keeps an unchanged route-only warning distinct from an unneeded body-clear object (340.943085ms)
✔ a partial overlap reduction cannot be offered as selected-object position recovery (1.199215ms)
✔ touching the true parent border is contained while even a one-unit left escape is diagnosed (421.431631ms)
✔ selected expanded subtree moves as one root and recovery preserves child locals and outside pins (263.806918ms)
✔ an invariant internal conflict is unavailable even with many nearby candidate obstacles (685.356602ms)
✔ ready recovery preserves an existing unrelated collision rather than presenting it as globally resolved (332.695332ms)
✔ unknown or hidden objects do not produce phantom recovery scenes (128.253221ms)
✔ same-pair ancestor collision growth rejects an otherwise clear nearby candidate (4399.929226ms)
✔ two trusted trials competing for one raw event both remain unmatched (1.27399ms)
✔ a fully overlapping 2 by 2 candidate graph has no unique pair under either array order (0.405097ms)
✔ a one-candidate trial cannot steal an event from a competing two-candidate trial (0.357867ms)
✔ the matching window includes both exact 8 ms endpoints and excludes points beyond them (0.427974ms)
✔ different target identities separate otherwise identical timing windows (0.271383ms)
✔ different event names separate otherwise identical target and timing windows (0.174823ms)
✔ an untrusted competitor does not consume or make a trusted event ambiguous (0.123167ms)
✔ ambiguity in one target component does not erase a separate unique component (0.136063ms)
✔ duplicate raw records remain separate candidates and cannot fabricate uniqueness (0.178733ms)
✔ native timing remains independent of geometry and handler proxy; pin spaces differ (0.20835ms)
✔ untrusted, unmatched, ambiguous and reused native entries cannot yield passing zero latency (0.231659ms)
✔ stale source or concurrent revisions invalidate spatial and summary evidence; missing pins stay unmeasured (0.132146ms)
✔ independent native receipt checker rejects forged zero latency, anchor drift and stale source (0.611523ms)
✔ bilateral uniqueness keeps both competing trials null and is order independent (0.133411ms)
✔ overlapping candidate sets cannot be resolved by entry or trial order (0.121666ms)
✔ distinct target and event identities retain unique matches regardless of order (0.144238ms)
✔ independent verifier rejects first-trial ownership of a shared entry (0.38161ms)
✔ independent verifier rejects greedy ownership in an overlapping candidate chain (0.292333ms)
✔ clear preferred orthogonal paths remain byte-identical and endpoint data stays immutable (0.226874ms)
✔ independent broken-path counterexample detects unrelated intrusion and repaired route keeps endpoints (0.507853ms)
✔ ancestor frame passage is valid; unrelated frame interiors remain obstacles (0.128476ms)
✔ preferred route re-entry into an endpoint body is repaired, not mistaken for a clear unrelated-body path (0.24546ms)
✔ overlap covering an endpoint is reported explicitly rather than invented as a clear route (0.125297ms)
✔ blocked ancestor headers retain arbitrary canonical IDs without synthetic suffix decoding (0.13142ms)
✔ all nine historical source-bound golden frontiers rerender without unrelated-body intrusions (1562.300821ms)
✔ detail boundary stubs reuse obstacle routing across all visible expanded golden containers (15207.433933ms)
✔ four-direction moves preserve semantic identity, history, exact preview/guarded Scene and routed SVG (262.762183ms)
✔ intentional overlapping manual objects keep anchors and publish explicit overlap/routing diagnostics (50.193283ms)
✔ manual upward move into expanded ancestor header keeps the coordinate and reports the conflict (19.465386ms)
✔ sealed generated architecture uses the actual Output alias while exact return evidence survives in scene and SVG (2.299145ms)
✔ a legitimate n_ user return key without a display alias is never classified as machine-generated (0.972283ms)
✔ nested slots, scalar keys, a UUID-looking user key and whole return retain handwritten unaliased captions (0.58579ms)
✔ different long aliases on multiple outputs retain distinct labels and their independent actual nested paths (0.576447ms)
✔ non-output aliases, an Output without a declared path and opaque evidence preserve their existing meaning (0.380256ms)
✔ explicit alias uses existing visual history and undo restores the real return caption without touching canonical facts (3.305986ms)
✔ formal LSTM nested output slots retain handwritten key/index evidence in documents (153.77259ms)
✔ import validation rejects malformed output paths and slots on non-output nodes (44.861411ms)
✔ a renamed return slot cannot borrow presentation from the prior ordinal output (112.471271ms)
✔ snapshot includes queued native timing and longtask exactly once without waiting for callback delivery (0.798833ms)
✔ reset discards already queued entries before the new measurement window (0.187988ms)
✔ late callbacks retain only entries that started in the current reset window (0.217884ms)
✔ queued and callback ingestion share the same last-200 retention boundary (0.325736ms)
✔ receipt verifier recomputes percentiles and rejects unchanged or root frontiers (1.248332ms)
✔ performance probe never reports paint before its second animation-frame boundary (0.37873ms)
✔ frame sampler reports a bounded fps sample and reset removes prior samples (114.957352ms)
✔ automatic candidates replace a reverse vertical detour with a straight facing-side route, without editing bindings (0.950573ms)
✔ all four manual sides keep route endpoints on the public circle and obey source/target normals (6.19467ms)
✔ manual offset, automatic reset, undo/redo and JSON reopen retain an independent draft (5.012711ms)
✔ canvas manual proxy attachment survives collapse/reexpand, export, validation and history (26.913961ms)
✔ source diagram auto mode is opt-in and canonical bindings and node coordinates stay exact (7.16342ms)
✔ generated view port edits return to the authored endpoint and preserve an explicit automatic reset (21.102521ms)
✔ invalid offsets, sides and unknown canonical ports are rejected before a visual history change (1.291244ms)
✔ layer ordering removes a reversed downstream crossing without rewriting ranks (0.149571ms)
✔ every catalog module and every inserted preset keeps English module text while user aliases remain untouched (3.769972ms)
✔ real backend normalization and response reader preserve manual ports, with identical generated model source (42.689936ms)
✔ current residual frontier reserves an outside ancestor corridor after right move (3545.661599ms)
✔ current readable routes keep ports and peer geometry under translation and horizontal mirror (3320.335838ms)
✔ source-grounded overview mask gains eight-unit body clearance without changing any peer pair or port (76.63993ms)
✔ historical M4: independent final-SVG oracle detects all six sealed ChS stack intrusions and three buried frontier outputs (19.915823ms)
✔ historical M4: source-bound final SVG stack/endpoint/Canvas invariants: mlp-level0-paper-180 (6.860401ms)
✔ historical M4: source-bound final SVG stack/endpoint/Canvas invariants: mlp-level1-paper-180 (5.709554ms)
✔ historical M4: source-bound final SVG stack/endpoint/Canvas invariants: residual_cnn-level0-paper-180 (10.703231ms)
✔ historical M4: source-bound final SVG stack/endpoint/Canvas invariants: residual_cnn-level1-paper-180 (12.430801ms)
✔ historical M4: source-bound final SVG stack/endpoint/Canvas invariants: residual_cnn-level2-paper-180 (29.898111ms)
✔ historical M4: source-bound final SVG stack/endpoint/Canvas invariants: transformer-level0-paper-180 (50.21541ms)
✔ historical M4: source-bound final SVG stack/endpoint/Canvas invariants: transformer-level1-paper-180 (85.157125ms)
✔ historical M4: source-bound final SVG stack/endpoint/Canvas invariants: transformer-level2-paper-180 (135.073447ms)
✔ historical M4: source-bound final SVG stack/endpoint/Canvas invariants: transformer-level3-paper-180 (126.804617ms)
✔ historical M4: reported CNN bottom and Transformer memory examples attach to exposed card union (11.380232ms)
✔ historical M4: near-left bottom outputs follow actual +0/+3.5/+7 cards instead of empty envelope corners (17.662433ms)
✔ historical M4: same canonical memory output has coherent bottom and right display ports for multiple consumers (4.342903ms)
✔ historical M4: unrelated backplate-only obstacle and source own-stack reentry are independently rejected and rerouted (1.807033ms)
✔ historical M4: overlapping Repeat ownership is reported once and an endpoint covered by another body remains honestly blocked (0.23369ms)
✔ historical M4: detail fallback ports and translated stacks retain canonical boundary coverage and exposed endpoints (2.455431ms)
✔ historical M4: expanded/nonrepeat ports, in-place expansion, pins and move preview/history preserve presentation contracts (11.502213ms)
✔ a genuine source/style fan-out is drawn once with a literal junction and complete canonical paths retained (0.513422ms)
✔ tensor labels alone, distinct canonical ports, role/style changes and later rejoining never hide an ambiguous lane (0.245193ms)
✔ the image failure has genuine differently typed overlays; all 41 saved hierarchical/movement scenes now separate them without rewriting facts or anchors (8352.289046ms)
✔ deep frontier four-direction movement, persistence and history retain the separated routes and stable visual slots (15631.514302ms)
✔ route work caps are deterministic and oversized batches retain complete canonical endpoint geometry (652.731234ms)
✔ shortcut source inputs are bound to previous router and evidence candidates, not model-name heuristics (0.732221ms)
✔ independent pair sensor rejects split-vertex and collinear contacts, changed positions and new same-tensor overlaps (1.076744ms)
✔ unconflicted arbitrary typed route shortens without source/canonical evidence, object mutation or nondeterminism (5.336016ms)
✔ historical M4: source-backed mlp-level0-paper-180 shortens only pairwise protected routes and preserves nodes/source facts (1.019751ms)
✔ historical M4: source-backed mlp-level1-paper-180 shortens only pairwise protected routes and preserves nodes/source facts (3.372045ms)
✔ historical M4: source-backed residual_cnn-level0-paper-180 shortens only pairwise protected routes and preserves nodes/source facts (1.658177ms)
✔ historical M4: source-backed residual_cnn-level1-paper-180 shortens only pairwise protected routes and preserves nodes/source facts (3.310557ms)
✔ historical M4: source-backed residual_cnn-level2-paper-180 shortens only pairwise protected routes and preserves nodes/source facts (10.386756ms)
✔ historical M4: source-backed transformer-level0-paper-180 shortens only pairwise protected routes and preserves nodes/source facts (12.831312ms)
✔ historical M4: source-backed transformer-level1-paper-180 shortens only pairwise protected routes and preserves nodes/source facts (22.608336ms)
✔ historical M4: source-backed transformer-level2-paper-180 shortens only pairwise protected routes and preserves nodes/source facts (35.00469ms)
✔ historical M4: source-backed transformer-level3-paper-180 shortens only pairwise protected routes and preserves nodes/source facts (32.639411ms)
✔ obstacles, Repeat backplates and expanded ancestor headers retain a safe route rather than take the Manhattan shortcut (33.221746ms)
✔ covered endpoint, invalid reversal and work-cap inputs preserve honest fallback routes (46.822235ms)
✔ same-tensor and different-tensor peer geometry cannot gain hidden crossings contacts or overlaps (6.358724ms)
✔ a 0.005-world-unit moved same-tensor crossing cannot masquerade as its old geometric point (3.405188ms)
✔ shortcut cannot make its source escape hit its own endpoint through a non-adjacent segment (2.675462ms)
✔ existing self contacts and crossings remain eligible for a checked shorter subset (0.710997ms)
✔ independent self sensor ignores adjacent bends but detects non-adjacent crossing, point contact and retracing (0.182712ms)
✔ historical M4: independent oracle rejects 15 corruptions including coherent graph displacement and tensor concealment (5.77518ms)
✔ historical M4: independent strict-interior oracle excludes point contact and same tensor trunks, merges collinear intervals (0.983563ms)
✔ historical M4: outline compatibility rejects eight coherent corruptions while preserving the frozen routing oracle (34.089927ms)
✔ historical M4: independent source-bound frontier/detail/four-direction history invariants: mlp-level0-paper-180 (39.940062ms)
✔ historical M4: independent source-bound frontier/detail/four-direction history invariants: mlp-level1-paper-180 (95.035812ms)
✔ historical M4: independent source-bound frontier/detail/four-direction history invariants: residual_cnn-level0-paper-180 (77.098116ms)
✔ historical M4: independent source-bound frontier/detail/four-direction history invariants: residual_cnn-level1-paper-180 (137.512633ms)
✔ historical M4: independent source-bound frontier/detail/four-direction history invariants: residual_cnn-level2-paper-180 (356.899275ms)
✔ historical M4: independent source-bound frontier/detail/four-direction history invariants: transformer-level0-paper-180 (372.186698ms)
✔ historical M4: independent source-bound frontier/detail/four-direction history invariants: transformer-level1-paper-180 (778.375454ms)
✔ historical M4: independent source-bound frontier/detail/four-direction history invariants: transformer-level2-paper-180 (1723.457619ms)
✔ historical M4: independent source-bound frontier/detail/four-direction history invariants: transformer-level3-paper-180 (1835.162355ms)
✔ historical M4: real public source-bound Transformer metrics improve while preserving unresolved complex crossings (46.693829ms)
✔ historical M4: public differing-tensor geometry reduces overlap length while shared tensor trunk remains byte-identical (4.476145ms)
✔ indexed projected ports retain non-adjacent canonical coverage and role order (24.172556ms)
✔ parallel style groups and cycle fallback survive expand/undo/redo without mutating source (667.086752ms)
✔ actual compact source-card markup retains dimensions, dot-only port hit and a topmost body drag target (10.619644ms)
✔ actual AuthoringStudio title clicks select two compact nodes and its pointer callbacks drag both as one undo action (17.830827ms)
✔ actual App callbacks retain draft undo/redo and follow same-revision camera, selection and tool on multiple returns (113.353096ms)
✔ real source rebase preserves parameters, added nodes and edges, deletion tombstones and both history stacks (328.442022ms)
✔ actual App visual-revision return reprojects complete history and preserves source history byte-for-byte (277.72774ms)
✔ changed source/IR or an invalid history rebase is rejected atomically before replacing a retained session (180.262914ms)
✔ saved/reopened draft retains view and undo, browser recovery restores both stacks and rejects cross-source history (97.182687ms)
✔ source→draft viewport change preserves world centre and close-up zoom without changing canvas geometry (0.170381ms)
✔ actual AuthoringStudio reopen callback keeps camera/selection and undo; save commits only matching current bytes (104.535823ms)
✔ unresolved regions expose both authored paths and nested source definitions in view and editor (225.42715ms)
✔ all recovered source compositions recursively expose their real primitives, including unnamed nested modules and repeats (1603.975937ms)
✔ decomposed Transformer edits generate a compact view and return with full structure, manual ports and undo intact (4048.933289ms)
✔ editing and view frontiers cannot be paired across document revisions (129.410969ms)
✔ unseen opaque models accept edits on the same source canvas with save/reopen, undo and export (428.415106ms)
✔ source frontier collapse retains opaque visual changes and hidden local placement without regenerating Python (302.181547ms)
✔ real Temporal shared projection keeps two distinct calls and four authored paths after edits and reopen (108.139127ms)
✔ Skip repeat is independent; expanding and detail export retain identities and external boundaries (191.962433ms)
✔ GNN names and arbitrary visual aliases do not turn unknown regions into known attention (58.793153ms)
✔ same label and duplicated call identity cannot invent distinct shared calls; facts detach from Canvas (81.405972ms)
✔ long authored output keys stay exact in metadata while subtitles fit the existing node width (79.863002ms)
✔ source-backed 300-layer Sequential expansion exposes 300 canonical layer objects (1211.587383ms)
✔ the actual CNN sentence breaks before path instead of splitting a fitting word (0.155825ms)
✔ CJK characters and whole English tokens can share lines without inserted text (0.149307ms)
✔ explicit line breaks and blank lines remain while soft line boundaries discard whitespace (0.137917ms)
✔ oversized source identifiers have finite code-point fallback without dropping characters (3.764532ms)
✔ Unicode code points stay intact and an individually oversized point still makes progress (0.438747ms)
✔ Scene annotation height and both SVG modes use the independently expected CNN lines (0.956309ms)
✔ a valid annotation narrower than its text inset still builds and renders (0.552825ms)
✔ real residual CNN nested expansion keeps downstream pool clear and restores base frontier (4568.938441ms)
✔ real MLP pinned output conflict is explicit while both expansion anchors stay fixed (129.18782ms)
ℹ tests 591
ℹ suites 0
ℹ pass 591
ℹ fail 0
ℹ cancelled 0
ℹ skipped 0
ℹ todo 0
ℹ duration_ms 239919.707028
