
> archcanvas-studio@0.1.0 test
> node --experimental-strip-types --test --test-isolation=none tests/*.test.ts

✔ toolbar zoom preserves the viewed world centre at fit, reset and zoom limits (4.301111ms)
✔ new figure measures initial aliases before materializing and keeps its straight chain through reopen and re-expansion (19.157467ms)
✔ initial alias validation rejects foreign identities and keeps default creation compatible (4.329199ms)
✔ viewport arrangement folds an eight-module chain, preserves facts/history and avoids body intrusions (19.699331ms)
✔ viewport folding cannot turn a branch or merge into a unary chain (0.461409ms)
✔ historical M4: independent corridor parser rejects ignored bytes, diagonal, partial, nonfinite and multiple subpaths (1.313036ms)
✔ historical M4: independent corridor metrics preserve split crossings, point contacts and pair-local interval union (7.011228ms)
✔ historical M4: independent corridor frozen captures remain bound to exact archived source bytes (6.832289ms)
✔ historical M4: independent corridor family identity requires exact source, memory role, effective style, side and complete canonical membership (2.607939ms)
✔ historical M4: independent corridor rejects coherent semantic, branch, circle, style, body and same-tensor crossing corruptions (155.131739ms)
✔ historical M4: independent corridor literal shared-family improvement retains each branch and exposes crossing exchanges (25.177845ms)
✔ historical M4: independent corridor current nine frontiers and three details preserve source, cards, ports, canonical branches and protected geometry (629.011546ms)
✔ historical M4: independent corridor current L3 cannot trade overlap for crosses or lose named canonical fanout branches (79.832511ms)
✔ historical M4: independent corridor work caps remain their literal approved bounds (0.097297ms)
✔ suggestion is below every current body, including expanded frames, legends and other notes (0.412688ms)
✔ excluding the selected annotation ignores its old bounds and gives a stable repeated position (0.173496ms)
✔ body conflicts include frontier leaves, legend labels and other notes, with exact touching permitted (0.319738ms)
✔ body conflict result does not assert orthogonal edge clearance (0.127092ms)
✔ formal complex expansion keeps the existing absolute note and recommends a clear new note below the new frontier (11111.868825ms)
✔ explicit move below diagram is one annotation history operation and preserves save/export fields (13582.903606ms)
✔ deepest source relation index folds bottom-up and never confuses a tensor name with a binding (2109.072908ms)
✔ real MLP expanded network has one atomic input lane and no parent/child arrow ambiguity (16.680024ms)
✔ detail export keeps folded atomic coverage and does not resurrect coarse parent arrows (1602.062014ms)
✔ atomic frontier mlp-level0-paper-180 keeps source facts canonical ports exports and four-direction history (1.941891ms)
✔ atomic frontier mlp-level1-paper-180 keeps source facts canonical ports exports and four-direction history (209.28986ms)
✔ atomic frontier residual_cnn-level0-paper-180 keeps source facts canonical ports exports and four-direction history (19.84475ms)
✔ atomic frontier residual_cnn-level1-paper-180 keeps source facts canonical ports exports and four-direction history (526.238397ms)
✔ atomic frontier residual_cnn-level2-paper-180 keeps source facts canonical ports exports and four-direction history (4484.247029ms)
✔ atomic frontier transformer-level0-paper-180 keeps source facts canonical ports exports and four-direction history (407.920483ms)
✔ atomic frontier transformer-level1-paper-180 keeps source facts canonical ports exports and four-direction history (1904.029344ms)
✔ atomic frontier transformer-level2-paper-180 keeps source facts canonical ports exports and four-direction history (6232.028528ms)
✔ atomic frontier transformer-level3-paper-180 keeps source facts canonical ports exports and four-direction history (8212.842045ms)
✔ clear arbitrary route takes the local Manhattan corridor without touching nodes or endpoints (2.303356ms)
✔ route improvement cannot create a new peer crossing even for equal tensor identifiers (5.185703ms)
✔ independent from-zero chain arrangement can fit its previously offscreen output with all module boxes visible (0.610151ms)
✔ independent fit handles negative manual placements, merge branches, aspect ratios and the full128module contract (16.247417ms)
✔ empty and unmeasured viewports return finite camera state and keep the blank draft intact (0.171019ms)
✔ manual off-body route waypoints fit along with node rectangles without changing either model or route (0.290726ms)
✔ raw numerical field input rejects empty tokens, invalid dimensions, nonfinite values and out-of-contract lengths (0.329339ms)
✔ duplicate display labels never redirect a typed shape diagnostic to another module or infer a target from text (0.273947ms)
✔ unknown node identities and unregistered parameter/port names cannot produce an active field highlight (0.332618ms)
✔ unstructuredHTTP conflicts and malformed diagnostics keep useful message without fabricated node or field targets (0.172576ms)
✔ public JSON transport preserves structured diagnostics and HTTP status without changing legacy successful payloads (12.576322ms)
✔ deferred old-draft response cannot resolve a missing identity in a replacement draft with the same labels (0.542728ms)
✔ flow interface projects frozen vertical chain and no-edge/horizontal default without semantic state (0.200927ms)
✔ real frozen four-node vertical chain has three literal straight gap-only routes, preserving every source fact (1.632934ms)
✔ literal horizontal chain retains legacy side coordinates and zero-bend straight gaps (0.577209ms)
✔ vertical Add branch keeps shared fanout identity, distinct ordered merge ports and unobstructed paths (10.546449ms)
✔ vertical Concat named input projections never collapse a/b producer identities (8.940593ms)
✔ an independent intervening body forces a safe detour without node movement or false blocked success (1.828248ms)
✔ a covering body blocking the target stays explicit and does not move user anchors (0.833227ms)
✔ reverse-positioned vertical DAG selects facing sides and routes outside its own bodies (3.210895ms)
✔ flow and geometry are insensitive to authored array ordering and equivariant under whole-draft translation (1.18498ms)
✔ four directional visual moves retain graph, one-command history, undo/redo geometry and JSON persistence (4.938204ms)
✔ an independent horizontal graph cannot rotate the frozen vertical graph's public ports or three straight routes (1.457596ms)
✔ the actual blank authoring component exposes visible steps, a static-check entry and the draft count (12.537386ms)
✔ the inspector assertion rejects the same compilable component with only that visible panel removed (73.022409ms)
✔ unavailable activation searches name their missing operation and disclose differences in available options (0.179777ms)
✔ unavailable tensor module searches explain the current dimensional or pooling limits (0.094793ms)
✔ attention and recurrent searches expose the missing behavior without promising an equivalent network (0.099243ms)
✔ ordinary and empty searches retain the generic palette message (0.053905ms)
✔ the actual palette visibly exposes classification and alias/parameter discovery (6.396513ms)
✔ actual palette rendering uses the runtime inventory, alias search and the selected module category (208.718242ms)
✔ independent four-direction authored moves preserve exact graph and one-command undo/redo (26.743579ms)
✔ merge ports stay distinct, fan-out is retained, malformed direction/foreign port and duplicate producers fail atomically (18.990044ms)
✔ a new binding that closes a directed cycle leaves history and every prior edge unchanged (0.34671ms)
✔ deleting a branch removes only its incident bindings and undo restores both merge ports (0.709983ms)
✔ explicit DAG arrange handles merge longest-path dependencies without overlaps or semantic changes (13.621785ms)
✔ manual covering overlaps keep anchors and report every retained routing obstruction (0.778025ms)
✔ no-op changes and unavailable history travel preserve identity; a new edit after undo clears redo (0.265035ms)
✔ public draft transport binds save CAS revision and reopens an independent exact draft while a conflict retains local edits (1.511717ms)
✔ click additions find free space past the original five-node overlap counterexample without moving prior modules (2.120473ms)
✔ cache boundary rejects crash-causing node shapes, impossible revisions and unsafe coordinates while returning detached valid edits (0.722273ms)
✔ public authoring pan primitive uses final endpoint in all four directions, ignores foreign pointer and preserves model history (0.4361ms)
✔ a transparent network is one history step and redo restores its stable nodes, edges and edits (6.012212ms)
✔ repeat insertion avoids occupied cards, preserves prior identities and bindings, and never connects old networks (13.467828ms)
✔ IDs collide or fail safely before any draft mutation; retry uses fresh identities for every node and edge (0.733369ms)
✔ catalog compatibility, node/edge budgets and extreme coordinates refuse atomically (2.648356ms)
✔ CNN starting layout is legible at the observed viewport with one clear exterior row return (2.922928ms)
✔ actual inserted graphs pass the formal nonexecuting backend source pipeline; a disconnected old node still fails generation (136.282638ms)
✔ pointerup endpoint is available without an intervening move or RAF (0.212876ms)
✔ terminal endpoint includes movement beyond the last sampled preview (0.097117ms)
✔ pan displacement is measured in CSS pixels and never divided by zoom (0.096891ms)
✔ returning to start restores exact initial camera without cumulative drift (0.151681ms)
✔ viewport-origin shift alone does not masquerade as a pointer delta (0.066014ms)
✔ a second pointer cannot update or finish the original pan (0.052669ms)
✔ initial camera snapshot and caller input remain untouched (0.080414ms)
✔ invalid start coordinates, zoom and pointer identity are rejected (0.212713ms)
✔ world camera keeps the sealed Transformer scene continuous across negative bounds (156.641864ms)
✔ fit, focus, pointer-centered zoom and pan use world coordinates (0.24242ms)
✔ same-viewport reload preserves exact camera and independently calculated world centre (0.410603ms)
✔ a resized reopened viewport preserves world centre and zoom through new pixel translation (0.093017ms)
✔ source/IR/document identities and visual revisions prevent stale or cross-model reuse (0.105641ms)
✔ per-document source/IR keys isolate values without adding revision to the key (0.130151ms)
✔ invalid stored versions, centres, scales, viewport and identity are refused rather than coerced (0.198934ms)
✔ fit scales below .15 remain valid while unsafe captures are rejected (0.115898ms)
✔ malformed, absent, oversized, disabled and quota-failed storage leave a graceful fallback (0.176746ms)
✔ delayed restore cannot supersede explicit fit, zoom, focus, pan or a newer document load (0.104424ms)
✔ terminal pan is saved and cancellation can restore the prior camera without retaining the preview (0.11697ms)
✔ capture/restore/tickets mutate no input and store revisions without touching Canvas/history (0.483922ms)
✔ a deliberately adopted reconciled identity can retain view while old source state remains isolated (0.115362ms)
✔ actual App initialization callbacks read the owned saved view before any initial write (30.763456ms)
✔ actual App persistence callback refuses previews then writes terminal camera and rollback (13.386485ms)
✔ actual App delayed callback rejects later intent/load/revision and handles deferred viewport (101.915384ms)
✔ the observed large-to-small live resize keeps world centre 350,405 in its first coordinated result (0.209271ms)
✔ fractional, negative and small-fit cameras preserve centre and zoom across anisotropic size chains (0.185868ms)
✔ same-size deliveries are no-ops and invalid or hidden dimensions cannot establish a frame (0.125738ms)
✔ actual App idle resize commits the latest centre synchronously without a new intent or history entry (19.052597ms)
✔ actual persistence before observer delivery uses the camera anchor instead of a newly resized DOM (18.081426ms)
✔ actual pan, move, box and port ownership defer resize until their mapping is released (73.590294ms)
✔ actual terminal pan includes the unsampled pointerup delta then applies the queued resize exactly once (17.231146ms)
✔ actual cancel after a resized pan preview restores the original world centre and never retains that preview (23.966789ms)
✔ actual resized object drag keeps its typed delta and one undo entry independent of transient camera coordination (18.541073ms)
✔ actual box terminal selection uses the old frozen camera before viewport coordination (16.59681ms)
✔ an explicit current-size camera commit wins without a second old-size correction (18.203828ms)
✔ initialization ignores unowned resize and restores at its latest viewport; active drag defers it (17.205532ms)
✔ an early actual spatial gesture owns its displayed mapping and invalidates a delayed restore even after document commit (41.666029ms)
✔ an early actual pan establishes its own viewport anchor before a resized terminal sample (16.896609ms)
✔ a later document, revision, load or explicit intent rejects pending initialization and old ownership (89.591046ms)
✔ the actual observer effect commits in its delivery and rejects disconnected or replaced elements (22.634344ms)
✔ the real window fallback follows the same mapping and unregisters after cleanup (16.120668ms)
✔ the actual observer remount resumes a bounded exhausted hidden initialization at the now-visible dimensions (15.890876ms)
✔ the actual observer revives an exhausted tiny viewport only when dimensions become usable (16.262208ms)
✔ a stale load/intent/revision cannot revive after hidden exhaustion, and an owned remount keeps explicit intent (69.281034ms)
✔ hidden dimensions are ignored; a tiny visible viewport can return without contaminating stored centre (22.21145ms)
✔ canvas save deduplicates source facts without changing current/history or hiding a foreign binding (1.437161ms)
✔ source-grounded distant memory caption has an owned-route guide instead of silently floating beside mask routes (32.960132ms)
✔ a safe close caption keeps its coordinates and creates no decorative guide (0.269487ms)
✔ general translated CJK captions use short collision-free guides without model-name or ID dependencies (1.529035ms)
✔ crowded and shared-route attachments preserve captions and give explicit diagnostics instead of unsafe guide connections (30.410317ms)
✔ notes, other caption envelopes, crossing routes and reserved guides remain obstacles in a general multi-label batch (2.650199ms)
✔ whole/detail, aliases, monochrome, save/reopen and undo/redo keep caption decoration outside canonical metadata (175.510215ms)
✔ a general stress batch preserves every canonical edge and produces deterministic nonintersecting decorations (93.55385ms)
✔ a dense batch above the deterministic association limit keeps every label and emits diagnostics (0.690794ms)
✔ geometry-check exhaustion in a still-supported batch preserves remaining captions with explicit budget evidence (239.161354ms)
✔ a later moved caption clears the visible stroke of an earlier reserved guide (28.357714ms)
✔ a narrow guide cannot visually overlap or touch a parallel foreign tensor stroke (3.889841ms)
✔ uncertifiable foreign stroke widths preserve text with a diagnostic instead of emitting guides (0.234341ms)
✔ direct ancestor collapse restores compact visible frontier and retains hidden expanded children (97.445795ms)
✔ reopen ancestor resurrects hidden expansion and exact independently supplied deep geometry (303.054013ms)
✔ changing hidden descendant expansion memory cannot replay a stale geometry into visible siblings (1.618232ms)
✔ manual container and downstream moves survive compact restoration and deep reopening; unrelated pin remains exact (476.903574ms)
✔ pinned downstream position and pinned hidden leaf are protected rather than rolled back to a compact cache (191.6988ms)
✔ undo and redo restore compact/deep states, hidden memory and exact positions independently of revision (100.727597ms)
✔ JSON save/reload of collapsed canvas retains nested expansion memory and exact deep reopening (195.30273ms)
✔ manual hidden-leaf memory remains exact through direct ancestor collapse, JSON reload and reopen (344.038503ms)
✔ literal node identities containing delimiter characters do not discard latent expansion memory or visible geometry (191.028359ms)
✔ two different valid expanded sets with the same legacy delimiter string cannot share frontier geometry (2.558146ms)
✔ existing composite legacy cache ambiguous between a delimiter identity and two parallel branches cannot inject tall geometry (2.253523ms)
✔ actual frozen CNN deep canvas collapses repeat directly to literal compact root positions while retaining both block memories (585.307976ms)
✔ actual already-bad collapsed CNN cannot overwrite its earlier compact cache before reopening and recollapsing (592.899645ms)
✔ historical M4: independent residual baseline freezes all nine authored frontiers and actual public route bytes (7.98111ms)
✔ historical M4: independent route parser and protected pair oracle expose split-vertex crossings and interval union (0.536998ms)
✔ historical M4: independent oracle rejects coherent branch, role/style, port, body/header and backplate corruptions (9.328906ms)
✔ historical M4: CNN collapsed proxy residual becomes the independent 38-unit straight route without merging its data lane (5.682809ms)
✔ historical M4: all protected branches/cards/ports and pair-local safety survive: residual_cnn-level0-paper-180 (11.311334ms)
✔ historical M4: all protected branches/cards/ports and pair-local safety survive: residual_cnn-level1-paper-180 (20.097808ms)
✔ historical M4: all protected branches/cards/ports and pair-local safety survive: residual_cnn-level2-paper-180 (43.602002ms)
✔ historical M4: all protected branches/cards/ports and pair-local safety survive: mlp-level0-paper-180 (3.815582ms)
✔ historical M4: all protected branches/cards/ports and pair-local safety survive: mlp-level1-paper-180 (8.712796ms)
✔ historical M4: all protected branches/cards/ports and pair-local safety survive: transformer-level0-paper-180 (45.069725ms)
✔ historical M4: all protected branches/cards/ports and pair-local safety survive: transformer-level1-paper-180 (81.337775ms)
✔ historical M4: all protected branches/cards/ports and pair-local safety survive: transformer-level2-paper-180 (157.729477ms)
✔ historical M4: all protected branches/cards/ports and pair-local safety survive: transformer-level3-paper-180 (159.729389ms)
✔ historical M4: renamed generic graphs shorten collapsed module and repeat proxies while preserving manual pins and exposed repeat ports (4.047382ms)
✔ historical M4: single-route collapsed proxy optimization works without pressure or model-name assumptions (0.770922ms)
✔ historical M4: clear manually misaligned proxy endpoints attain the independent Manhattan minimum with two turns (0.730787ms)
✔ historical M4: expanded or actual visible targets and other roles can shorten only when their geometry remains protected (2.913614ms)
✔ historical M4: geometry shortcuts do not depend on, merge or rewrite missing or inconsistent canonical/proxy-port evidence (2.610427ms)
✔ historical M4: unrelated body, ancestor header and repeat backplate blocking all retain safe old route and immutable anchors (2.787872ms)
✔ historical M4: every other edge is protected even when sharing tensor but differing in role/style: crossing and overlap (20.465335ms)
✔ historical M4: misaligned short staircases cannot conceal crossings on another edge intermediate vertex, including same-tensor different styles (10.778573ms)
✔ historical M4: retraced protected segments cannot inflate old pair overlap and license a larger same-tensor residual overlap (1.738322ms)
✔ historical M4: effective style overrides retain separate canonical residual branches and never merge them with the same-tensor data lane (2.049272ms)
✔ historical M4: bounded-work fallback preserves the old route instead of advertising an unchecked shortcut (82.631705ms)
✔ collapsed frontier retains canonical tensors, named port direction and hidden edges (1.385765ms)
✔ expansion preserves anchor, unrelated pins, repeat sharing and re-expanded local edits (108.052103ms)
✔ batch rejects semantic field injection and stale revision without mutating input (1.375506ms)
✔ history restores a whole batch with monotonic revision and invalidates redo after new edit (1.146517ms)
✔ publication serializes the edited scene, escapes every user string and excludes editor controls (1.956268ms)
✔ document loader rejects port mismatch, parent cycle and non-finite imported geometry (0.930189ms)
✔ selected parent plus child moves once, pinned descendants protect their subtree (138.356481ms)
✔ repeated toggles restore neighbor geometry without drifting or losing a collapsed user move (247.821251ms)
✔ long Chinese aliases and annotations retain text while their geometry grows (3.727614ms)
✔ source refresh preserves unique identity presentation and resets source undo boundary (99.874447ms)
✔ a rebound edge cannot inherit a style from its previous tensor binding (156.615507ms)
✔ projected parallel edges retain differing canonical styles instead of discarding them (13.664115ms)
✔ DenseStress300 component routing keeps bounded crossings, overlap and endpoint ownership (474.40562ms)
✔ four directional moves preserve architecture, preview/commit, history and endpoints (12282.751777ms)
✔ down move retains the five atomic intrusions and matching blocked diagnostics (754.741737ms)
✔ narrow-gap centerline proposal is geometrically better but fixed target arrow remains inside the upper card (826.769553ms)
✔ component routing budgets are frozen and over-cap batches keep deterministic per-route fallback (366.754253ms)
✔ a right Add input from a strict ancestor is the only residual edge (0.672034ms)
✔ Add left/right order is symmetric; branch age is proved by bindings (0.216172ms)
✔ transitive ancestry marks the direct skip, never any trunk edge or Add output (0.232519ms)
✔ nested Adds retain distinct local skip roles without styling all ancestors (0.210577ms)
✔ two independent producers remain ordinary even when labels say residual (0.186827ms)
✔ a shared ancestor does not make either sibling input residual (0.167209ms)
✔ the same tensor producer bound to both Add slots is x+x, not a skip (0.138417ms)
✔ Concat stays ordinary even when its first producer is an ancestor of the second (0.129404ms)
✔ ancestry through a registered merge is structural, not a unary-only heuristic (0.149733ms)
✔ rename, geometry, and node/edge array order cannot manufacture or remove a role (0.551747ms)
✔ a missing Add input has no complete pair from which to infer a residual role (0.152481ms)
✔ ambiguous or invalid Add bindings stay ordinary without throwing (0.251283ms)
✔ missing producers and incorrect source/output direction cannot prove ancestry (0.248334ms)
✔ opaque, unknown, and removed catalog contracts do not imply a known path (0.39326ms)
✔ catalog direction and tensor-type contradictions disable affected role inference (0.276912ms)
✔ a directed cycle in the relevant component cannot create a strict-ancestor proof (0.138936ms)
✔ unrelated unknown and cyclic components do not alter an independently known skip (0.171595ms)
✔ parallel known components keep their local roles and ordinary branches (0.181786ms)
✔ 128th node is accepted and cacheable; 129th fails before any byte changes (0.74822ms)
✔ 384th connection is accepted and cacheable; 385th fails before any byte changes (1.305851ms)
✔ deleting a module or connection releases capacity for another edit (1.429997ms)
✔ failed limit edits preserve history, revision, past and redo bytes (3.173821ms)
✔ independent sensor rejects interior/vertex crossings and positive overlaps, while separated or point-only collinear contacts differ (0.7143ms)
✔ actual five-binding merge keeps every endpoint, outward/inward normal, and card body clear (15.335497ms)
✔ actual merge removes the different-producer crossing and Concat inlet overlay without changing the five bindings (9.904843ms)
✔ same-source fanout keeps two complete branch IDs and separately ordered destination ports (7.302157ms)
✔ four-direction merge moves, undo/redo and JSON reopen reproduce stable routes and preserve semantic facts (208.584429ms)
✔ aligned horizontal and vertical chains retain their minimum straight paths (0.716838ms)
✔ an unrelated intervening card is avoided without moving it or hiding either independently produced route (1.223121ms)
✔ reverse-directed independent bindings route outside their own cards and an intervening body with correct normals (6.152214ms)
✔ a vertical multi-input merge preserves left/right and a/b slot ordering while avoiding every different-producer contact (11.165142ms)
✔ a real forward multi-input merge with an extra obstacle retains full facts and clear branch geometry (7.987734ms)
✔ an older manual obstacle position reports its newly overlapping lower band without moving saved objects (8.143252ms)
✔ a larger draft keeps all bindings, card positions and ordered anchors when global crossing removal is best effort (8.788194ms)
✔ category browser inventories every actual runtime module once, and never invents absent categories (1.376947ms)
✔ novice aliases and common framework spelling resolve to the registered operator contract (1.830245ms)
✔ parameter search and multiword searches intersect the selected actual category (0.733614ms)
✔ exact operator names never silently resolve a different primitive or unrelated starting graph (0.819774ms)
✔ transparent starters are searchable by their real editable components and declared I/O (1.259183ms)
✔ search and filtering preserve all catalog bytes and starter graph identities/parameters (2.98352ms)
✔ all17 actual kinds keep unary cards stable and give two-input cards their independent140world body (1.781965ms)
✔ 53percent side labels reach8.1CSSpx while both names and dot hits remain separate (0.374123ms)
✔ vertical labels stay fully exterior to every card, clearing the kind caption and preserving dot hits (0.95296ms)
✔ every registered outlet-to-inlet28world vertical gap keeps offset labels disjoint with a clickable dot and owning text (13.425094ms)
✔ dimensions and ordered anchors follow declared ports rather than an Add name shortcut (0.347018ms)
✔ fit includes the complete taller body and exterior routes without changing draft or camera-independent facts (0.178503ms)
✔ single insertion and explicit arrange avoid the newly occupied lower40world band (0.380474ms)
✔ transparent preset bounds and old-card collisions include taller merge modules atomically (14.182324ms)
✔ router treats the new lower band as a real obstacle and preserves bindings through history (10.686464ms)
✔ independent compensation supports a 58percent overview without claiming readable minimum zoom (0.145938ms)
✔ independent CJK title fitting prevents the original234world-wide truncated title (0.256428ms)
✔ independent fitting retains a short label, empty string and Unicode code points (0.148275ms)
✔ independent mono samples fit150world using equal ASCII columns rather than narrow punctuation (0.136368ms)
✔ independent wide-Latin title fitting stays inside134world even for repeated W (0.061794ms)
✔ independent scaled single-port hits contain both label endpoints and the dot (0.141941ms)
✔ independent custom cramped ports retain their12world fallback without claiming overview legibility (0.099352ms)
✔ independent vertical registered merge labels do not paint into the later port hit (0.056277ms)
✔ independent tooltip avoids the downstream card instead of covering its label (0.330057ms)
✔ independent58percent chain tooltip does not cover any of four scaled cards (0.166712ms)
✔ independent vertical input tooltip avoids an upstream card with a free side (0.108766ms)
✔ independent edge clamp uses a visible free side without intruding into its owner (0.115624ms)
✔ independent no-clear-region fallback remains bounded and does not alter obstacles (0.068786ms)
✔ overview text compensation is bounded and leaves normal zoom unchanged (0.062367ms)
✔ horizontal input and output hints prefer opposite sides of their node (0.125375ms)
✔ vertical hints fall back to a visible, non-overlapping side near viewport edges (0.084236ms)
✔ equal revision and labels never allow one draft identity or node identity/kind/set to inherit another draft check (0.428011ms)
✔ parameters, array contents and every binding identity/endpoint invalidate checked shapes even before a revision increment (0.393915ms)
✔ four-direction placement, display aliases, title and revision retain the same checked static graph without mutation (0.953229ms)
✔ parameter field order is irrelevant while graph-array order remains significant for backend topological/output ordering (0.149006ms)
✔ complete static response preserves tensor declarations and identities while isolating them from mutable response data (0.225277ms)
✔ an incomplete graph may retain upstream declared tensors, but never reports complete or invents a missing downstream shape (0.428177ms)
✔ execution claims, generated-source receipts and inconsistent complete/issue or missing-tensor claims are rejected (0.358318ms)
✔ malformed tensor shapes, dtype, extra runtime flags and oversized declarations cannot reach a displayed shape label (0.543528ms)
✔ unregistered tensor/node references, repeated or nontopological order and malformed diagnostics are rejected without target inference (0.474376ms)
✔ sealed Transformer mask edge inspector reflects the actual displayed style (1233.967256ms)
✔ formal Transformer memory caption clears both repeat plates and target card with all model facts fixed (17.508717ms)
✔ general placement leaves a safe caption unchanged in expanded content and ignores empty captions (0.287736ms)
✔ independent repeat/header/note blockers relocate captions without changing paths or card coordinates (0.592532ms)
✔ two distinct captions keep separate nominal envelopes and avoid an unrelated route (2.625569ms)
✔ bounded local placement reports an impossible caption instead of hiding it or moving model objects (0.763788ms)
✔ whole and detail export use the same caption safety after projection while visual history retains canonical facts (42.371043ms)
✔ long source-declared captions remain complete and inside overview/detail bounds even when local placement is blocked (1.266434ms)
✔ editor omits only root furniture for current mlp-level1-base, retaining every canonical route and publication object (34.823279ms)
✔ editor omits only root furniture for current residual_cnn-level2-base, retaining every canonical route and publication object (588.297722ms)
✔ editor omits only root furniture for current transformer-level3-base, retaining every canonical route and publication object (1120.589227ms)
✔ unrelated custom root identity stays implicit only while expanded, and conceptual hierarchy keeps collapse/layout/cache/history (159.285979ms)
✔ fit measures edited world objects and routes, excluding publication title, legends and implicit root padding (1.032279ms)
✔ floating legend content keeps authored order and every actual edge style in color and monochrome (78.920603ms)
✔ independent parentless leaves and explicit detail boundary cards never become hidden roots (0.145592ms)
✔ editor paints an exact tensor fan-out prefix once with its real junction while preserving complete selectable bindings and export paths (2.913664ms)
✔ actual new-blank entry always starts empty despite a cached source draft, and keeps previous workspaces intact (16.116114ms)
✔ new-blank from the editor hands off the exact unsaved draft and history before creating a separate session (8.203397ms)
✔ actual App opens generated work, resumes the original semantic history on repeated returns, and recovers it after reload (34.334065ms)
✔ actual edit→view with an unchanged baseline reuses the current view and preserves both stacks and the camera (8.569131ms)
✔ actual edit→view generates the latest modified snapshot and retains its workspace before opening it (8.105767ms)
✔ real normalized generation response accepts a separate JSON-roundtripped authored presentation, but refuses stale values (52.249955ms)
✔ actual failed generation or opening preserves edited bytes/history and reports that the editor was retained (18.168048ms)
✔ actual stale async generation cannot open a newer draft, and synchronous repeated mode clicks generate once (7.913233ms)
✔ view baseline equivalence ignores only revision and detects connections, presentation and custom definitions (0.426083ms)
✔ generated workspace resumes exact draft/history, maps selection and reflects subsequent view movement without source mutation (4.548278ms)
✔ generated workspace rejects a changed document/source/IR binding before modifying retained authoring history (1.77871ms)
✔ blank-authored visual styles persist through view→edit, browser recovery and a fresh static generation (47.667003ms)
✔ generated view cache roundtrips both authoring history stacks and accepts only this exact saved model binding (4.977074ms)
✔ generated source view translates changed generated geometry back to the original source frontier before edit resumes (147.300045ms)
✔ real custom-module preview retains named keyword input and three distinct nested output boundaries in the frontend reader (0.485211ms)
✔ malformed custom source/class/constructor/port/output contracts cannot enter restored draft state (0.789734ms)
✔ actual custom-module insertion registers once, supports repeated instances and persists definitions plus undo (9.296858ms)
✔ actual custom preview callback rejects malformed JSON, preserves a bounded static result, and prevents parallel requests (3.546373ms)
✔ actual editor top actions expose edit/view mode and custom-source launcher, with floating legend outside world SVG (131.72923ms)
✔ actual source-view top actions expose the same mode switch and keep root/title/legend out of the editor world (156.56026ms)
✔ actual custom-source modal renders class/source/constructor fields and named multi-output preview without a shape claim (9.195582ms)
✔ parallel growth fitting below an existing taller branch does not shift output again (569.052433ms)
✔ horizontal free space absorbs width growth; adjacent sibling spacing and authored gap are preserved (366.052959ms)
✔ manual distant output absorbs growth; downstream relative offsets and explicit user movement survive frontier restore (490.081085ms)
✔ pinned output and pinned descendant protect anchors while the existing warning reports unresolved overlap (442.106841ms)
✔ exact collapse/reexpand frontier snapshots and undo/redo remain stable after repeated parallel expansion (929.648796ms)
✔ real Transformer depth-two UI frontier uses existing space without cumulative independent branch height (12499.811951ms)
✔ real Transformer depth-three and cached frontiers retain manual feedforward positions and no sibling intersections (18073.848372ms)
✔ real Residual CNN grows both repeats and keeps downstream pool/flatten/classifier clear (5519.218082ms)
✔ renderer changes invalidate an old export even when canvas revision and source digests match (0.346957ms)
✔ a restored artifact must describe the default document, width, revision, source and PNG resolution (0.191705ms)
✔ detail export partitions every canonical edge and visibly retains every crossing binding (439.173478ms)
✔ detail keeps edited geometry, aliases, styles, legend and contained annotations, and declares omissions (601.681797ms)
✔ distinct external node/port tuples cannot collide when their identities contain delimiters (141.714771ms)
✔ detail metadata and projected objects are detached from the input CanvasDocument (434.917199ms)
✔ detail rejects leaf, collapsed or hidden containers and invalid options; whole keeps the ordinary scene (178.764794ms)
✔ detail bounds retain manually offset descendants instead of clipping negative coordinates (547.337921ms)
✔ long boundary text and provenance fit their boxes and 85/180 mm preflight measures actual scale (447.710739ms)
✔ real source-derived MLP network detail accounts for adapters and exposes model input/output (109.061348ms)
✔ physical advice accounts for tall pages and rounds the required width upward (45.102722ms)
✔ detail choices distinguish equal labels by identity/path and preserve the current frontier and edits (2495.432882ms)
✔ ordinary large output move retains the existing all-frontier arithmetic (92.997838ms)
✔ omitted and explicit all-frontiers scopes produce identical complete documents (28.71253ms)
✔ current deep output compaction preserves compact view and repeated toggles restore distinct exact positions (144.460587ms)
✔ four current-frontier directions and duplicate IDs change only the literal current object/cache (57.45889ms)
✔ a later ordinary move still applies one delta to both differently edited saved frontiers (28.837643ms)
✔ missing or legacy-only current cache establishes canonical visible cache without altering old bytes (57.761943ms)
✔ effective compact frontier ignores retained hidden layer flags and preserves deep cache (94.342851ms)
✔ ambiguous delimiter cache remains intact while explicit current edit creates its literal canonical key (15.133788ms)
✔ selected parent and child translate once; selected pins and pinned descendants retain protection (70.686324ms)
✔ current hidden selection is rejected atomically while default established-hidden-layout behavior survives (1.359028ms)
✔ intentional negative manual positions are neither clamped nor migrated to other frontiers (333.722667ms)
✔ one scoped history entry supports exact cache undo/redo and rejects stale revisions (15.234781ms)
✔ JSON reload preserves distinct current-edited and compact positions with full model/source facts (57.378723ms)
✔ preview scope is frozen and complete scene/SVG equals corresponding real commit without document mutation (383.065125ms)
✔ unknown scopes are rejected by move and preview before any document mutation (0.49772ms)
✔ editing already malformed revision5 with current scope does not silently migrate its other cache (14.672119ms)
✔ scoped recovery preserves the other frontier and proposed scene equals committed active scene (143.198102ms)
✔ recovery validates unknown scope even on unneeded or unavailable early return paths (0.409429ms)
✔ actual edit→view rejects an unconnected Attention before source expansion, preserving draft history and a responsive event loop (283.40673ms)
✔ generated source view retains absolute draft anchors through real nested containers and faithful SVG export (1.628545ms)
✔ source presentation, pin, annotations and edge style follow exact generated identities without changing source facts (1.338366ms)
✔ ambiguous mappings are refused and unmapped presentation objects are explicitly reported (0.688498ms)
✔ a real backend generated model reopens with edited draft positions and labels while retaining its complete binding facts (42.882315ms)
✔ actual generate callback keeps the collapsed Transformer frontier and anchors when complete source generation is reopened (1053.74319ms)
✔ hierarchy order and depth follow authored roots and child lists, independent of flat node order (18.666792ms)
✔ empty aliases, escaped labels, repeat badges, pins and leaf/toggle ARIA stay exact (16.558515ms)
✔ collapsed ancestors hide latent descendants without erasing their expansion or selection (23.015284ms)
✔ a replacement architecture with the same IDs displays new labels, categories and topology (30.339058ms)
✔ an empty architecture renders no rows and non-hierarchy visual changes leave row HTML exact (11.924798ms)
✔ the actual formal source-backed 304-node model keeps precise old/new hierarchy HTML before and after expansion (1047.861692ms)
✔ historical caption compatibility rejects route/port/binding corruption and explicit or nonmemory text changes (65.983802ms)
✔ Transformer overview no longer reports its hidden root boundary or title while preserving publication checks (191.729491ms)
✔ hidden root headers cease to be routing obstacles, while physical frames retain their headers (1.218738ms)
✔ negative world positions survive nested and root collapse, undo, redo and JSON reopen (360.464383ms)
✔ visible nested containers still report escaped children and header intrusion (267.37044ms)
✔ editor drag preview matches commit and recovery does not clamp objects into the hidden root (5.377325ms)
✔ dot lattice follows the world origin through all pan quadrants and zoom levels (0.38784ms)
✔ navigation is unbounded in position and zoom retains the pointer world point (0.248577ms)
✔ transparent editor surface retains exact figure geometry and publication background (0.446884ms)
✔ retained route pair cannot grow actual collinear length after selected body clearance (22.030512ms)
✔ a different overlap peer is new damage even when primary edge and length agree (15.239986ms)
✔ unchanged ambiguous lane may remain after genuine selected-body clearance (12.231314ms)
✔ a route-only warning incident through the second edge needs genuine reduction (21.661626ms)
✔ unchanged unrelated caption warning cannot conceal growing penetration into the same body (11.94365ms)
✔ original unrelated caption obstruction may stay unchanged during selected-body repair (10.073239ms)
✔ a blocked route may not transfer penetration from one retained body to another (11.755677ms)
✔ an unrelated caption association warning may not move farther from its owned route (11.041837ms)
✔ actual upward header conflict produces understandable guidance using display aliases (46.330345ms)
✔ actual overlapping leaves expose both overlap and blocked connection guidance (45.829089ms)
✔ source-analysis warnings stay in their own panel and missing object references do not leak identifiers (16.246643ms)
✔ historical M4: source memory captions survive vertical threshold boundaries and all four movement directions in whole/detail and both presets (1152.858702ms)
✔ historical M4: the actual +24 encoder counterexample keeps its routed endpoints and visible memory after undo/redo and JSON reopening (29.771871ms)
✔ historical M4: source expansion and collapse retain every visible memory caption without adding hidden bindings or facts (186.044991ms)
✔ historical M4: default memory naming is generic while explicit empty/authored labels and other roles retain their contracts (34.104016ms)
✔ historical M4: a genuinely blocked moved memory retains its text and reports association failure instead of disappearing (19.859183ms)
✔ historical M4: source and target signed14/15 thresholds retain endpoint continuity and exact peers across caption preset size and detail combinations (14793.332613ms)
✔ historical M4: horizontal gap guards retain complete baseline when two six-unit leads are unavailable (115.4863ms)
✔ historical M4: continuity is detached and one typed move survives undo redo and JSON reopen (15.001156ms)
✔ historical M4: literal guards reject joint and same-tensor peers close strokes invalid widths gap bodies and exhausted checks (0.79878ms)
✔ historical M4: version adapter rejects coherent geometry canonical nonmemory and consumer-coverage corruptions (28.693926ms)
✔ historical M4: detail mixed consumers keep retained port coverage and architecture-order bindings after memory projection (7.883043ms)
✔ historical M4: independent frozen baseline contains all twelve actual CNN configurations with immutable narrow copies (8.123467ms)
✔ historical M4: actual CNN baseline preserves canonical facts, ports and routes: cnn-level0-paper-85 (10.499988ms)
✔ historical M4: actual CNN baseline preserves canonical facts, ports and routes: cnn-level0-paper-180 (8.041712ms)
✔ historical M4: actual CNN baseline preserves canonical facts, ports and routes: cnn-level0-monochrome-85 (11.017968ms)
✔ historical M4: actual CNN baseline preserves canonical facts, ports and routes: cnn-level0-monochrome-180 (9.839695ms)
✔ historical M4: actual CNN baseline preserves canonical facts, ports and routes: cnn-level1-paper-85 (13.22983ms)
✔ historical M4: actual CNN baseline preserves canonical facts, ports and routes: cnn-level1-paper-180 (12.059961ms)
✔ historical M4: actual CNN baseline preserves canonical facts, ports and routes: cnn-level1-monochrome-85 (14.485774ms)
✔ historical M4: actual CNN baseline preserves canonical facts, ports and routes: cnn-level1-monochrome-180 (15.168663ms)
✔ historical M4: actual CNN baseline preserves canonical facts, ports and routes: cnn-level2-paper-85 (29.403777ms)
✔ historical M4: actual CNN baseline preserves canonical facts, ports and routes: cnn-level2-paper-180 (29.754219ms)
✔ historical M4: actual CNN baseline preserves canonical facts, ports and routes: cnn-level2-monochrome-85 (37.912983ms)
✔ historical M4: actual CNN baseline preserves canonical facts, ports and routes: cnn-level2-monochrome-180 (36.949744ms)
✔ historical M4: actual Transformer frontier 0 retains source/ports while all four mono roles differ (34.597735ms)
✔ historical M4: actual Transformer frontier 1 retains source/ports while all four mono roles differ (75.330697ms)
✔ historical M4: actual Transformer frontier 2 retains source/ports while all four mono roles differ (164.630748ms)
✔ historical M4: actual Transformer frontier 3 retains source/ports while all four mono roles differ (186.053067ms)
✔ historical M4: effective line identity distinguishes role defaults from explicit solid/dashed local overrides (0.257967ms)
✔ historical M4: derived pattern validation rejects sparse holes and unsafe arrays while retaining explicit legacy styles (0.330759ms)
✔ historical M4: same-tensor role and style branches stay separate, with truthful actual variant membership (7.729055ms)
✔ historical M4: actual Transformer collapsed mask bundle splits solid/default/generic dashed with complete canonical membership (16.445217ms)
✔ historical M4: memory trunk style identity rejects equal-dashed different patterns while preserving source facts (43.000547ms)
✔ historical M4: equal-dashed different-pattern memory cannot acquire the independently known shared-family corridor (45.033354ms)
✔ historical M4: hidden inspector fallback uses the same effective pattern and exposes no hidden-only role legend (4.098969ms)
✔ historical M4: expanded detail boundary paths inherit actual role signatures and citation clears the footer (14.404105ms)
✔ historical M4: line legend clears edited annotations and manual symbols without deleting user objects (3.756682ms)
✔ historical M4: real SVG marker and stroke sample extents fit their boxes at every supported line-width boundary (18.06642ms)
✔ historical M4: empty visible graph has no fabricated line roles or samples (0.750739ms)
✔ historical M4: placing a note below objects does not make its own derived footer chase it downward (4.308023ms)
✔ historical M4: preset and override history preserves source/layout and real patterns through JSON roundtrip (5.336891ms)
✔ historical M4: independent oracle rejects coherent role/line/legend corruption rather than accepting changed expected output (4.359591ms)
✔ independent command directions use signed world distances and retain input selection (0.443973ms)
✔ decimal distances, bounded target wording, punctuation and whitespace have literal results (0.121468ms)
✔ explicit scope prefixes override either default and an omitted prefix uses the selected default (0.170046ms)
✔ empty selection, zero and nonfinite distances never emit a partial operation (0.127377ms)
✔ malformed attempted moves reject signed/exponent/partial/compound/CSS distances completely (0.208366ms)
✔ alias/color text and an empty command are not inferred as a movement (0.105457ms)
✔ actual App drag captures scope at down and commits that scope after a different render scope (45.879544ms)
✔ actual App ignores unrelated pointer-up and stale-document move without committing history (19.230025ms)
✔ actual App scope selection cancels gesture, frame and recovery before a late terminal input (20.063545ms)
✔ actual App alignment uses the selected scope and preserves the unrelated compact cache for current scope (35.171389ms)
✔ actual App language dispatch applies exact local world delta and preserves alias source facts (16.868413ms)
✔ actual App refuses partial compound movement and leaves alias/color dispatch intact (35.745172ms)
✔ actual App recovery forwards current scope and applies the exact proposed operation (17.140772ms)
✔ scope-specific caches retain the operated-container, ancestor and pinned-subtree toggle rules (1.060981ms)
✔ preview equals complete guarded scene/SVG for container resizing, negative/manual geometry and repeated frames (3260.86516ms)
✔ selected parent and child move exactly once; pinned descendants protect ancestor subtree (1080.496201ms)
✔ sparse visible layout materializes once and hidden layout uses the established source contract (289.224156ms)
✔ preview leaves history/frontiers/source untouched, commit updates snapshots and supports one undo/redo (732.004725ms)
✔ prepared snapshot isolates later caller mutation and returned scene cannot corrupt frozen semantic references (325.661806ms)
✔ preview rejects forged sessions, invalid selection/coordinates and corrupted document before showing geometry (146.830038ms)
✔ independent oracle detects polluted body/header and route geometry (64.149909ms)
✔ four directions preserve exact manual coordinates, shared endpoints and expose left/header/sibling conflicts (1008.909366ms)
✔ explicit recovery preview is obstacle-safe and commit is one reversible visual operation (1327.079075ms)
✔ recovery respects pins and keeps an unchanged route-only warning distinct from an unneeded body-clear object (325.120131ms)
✔ a partial overlap reduction cannot be offered as selected-object position recovery (1.136248ms)
✔ touching the true parent border is contained while even a one-unit left escape is diagnosed (387.172824ms)
✔ selected expanded subtree moves as one root and recovery preserves child locals and outside pins (233.803651ms)
✔ an invariant internal conflict is unavailable even with many nearby candidate obstacles (628.507243ms)
✔ ready recovery preserves an existing unrelated collision rather than presenting it as globally resolved (312.454227ms)
✔ unknown or hidden objects do not produce phantom recovery scenes (120.717664ms)
✔ same-pair ancestor collision growth rejects an otherwise clear nearby candidate (4181.775517ms)
✔ two trusted trials competing for one raw event both remain unmatched (1.436349ms)
✔ a fully overlapping 2 by 2 candidate graph has no unique pair under either array order (0.424907ms)
✔ a one-candidate trial cannot steal an event from a competing two-candidate trial (0.346846ms)
✔ the matching window includes both exact 8 ms endpoints and excludes points beyond them (0.427615ms)
✔ different target identities separate otherwise identical timing windows (0.27338ms)
✔ different event names separate otherwise identical target and timing windows (0.18275ms)
✔ an untrusted competitor does not consume or make a trusted event ambiguous (0.125251ms)
✔ ambiguity in one target component does not erase a separate unique component (0.141656ms)
✔ duplicate raw records remain separate candidates and cannot fabricate uniqueness (0.177346ms)
✔ native timing remains independent of geometry and handler proxy; pin spaces differ (0.211684ms)
✔ untrusted, unmatched, ambiguous and reused native entries cannot yield passing zero latency (0.225142ms)
✔ stale source or concurrent revisions invalidate spatial and summary evidence; missing pins stay unmeasured (0.128584ms)
✔ independent native receipt checker rejects forged zero latency, anchor drift and stale source (0.609006ms)
✔ bilateral uniqueness keeps both competing trials null and is order independent (0.127565ms)
✔ overlapping candidate sets cannot be resolved by entry or trial order (0.104193ms)
✔ distinct target and event identities retain unique matches regardless of order (0.13779ms)
✔ independent verifier rejects first-trial ownership of a shared entry (0.345084ms)
✔ independent verifier rejects greedy ownership in an overlapping candidate chain (0.257936ms)
✔ clear preferred orthogonal paths remain byte-identical and endpoint data stays immutable (0.216813ms)
✔ independent broken-path counterexample detects unrelated intrusion and repaired route keeps endpoints (0.494821ms)
✔ ancestor frame passage is valid; unrelated frame interiors remain obstacles (0.122794ms)
✔ preferred route re-entry into an endpoint body is repaired, not mistaken for a clear unrelated-body path (0.192632ms)
✔ overlap covering an endpoint is reported explicitly rather than invented as a clear route (0.110191ms)
✔ blocked ancestor headers retain arbitrary canonical IDs without synthetic suffix decoding (0.110836ms)
✔ all nine historical source-bound golden frontiers rerender without unrelated-body intrusions (1482.622224ms)
✔ detail boundary stubs reuse obstacle routing across all visible expanded golden containers (14409.233745ms)
✔ four-direction moves preserve semantic identity, history, exact preview/guarded Scene and routed SVG (244.412264ms)
✔ intentional overlapping manual objects keep anchors and publish explicit overlap/routing diagnostics (46.563612ms)
✔ manual upward move into expanded ancestor header keeps the coordinate and reports the conflict (18.964853ms)
✔ sealed generated architecture uses the actual Output alias while exact return evidence survives in scene and SVG (1.575628ms)
✔ a legitimate n_ user return key without a display alias is never classified as machine-generated (0.894415ms)
✔ nested slots, scalar keys, a UUID-looking user key and whole return retain handwritten unaliased captions (0.577363ms)
✔ different long aliases on multiple outputs retain distinct labels and their independent actual nested paths (0.548542ms)
✔ non-output aliases, an Output without a declared path and opaque evidence preserve their existing meaning (0.371651ms)
✔ explicit alias uses existing visual history and undo restores the real return caption without touching canonical facts (3.223675ms)
✔ formal LSTM nested output slots retain handwritten key/index evidence in documents (107.333951ms)
✔ import validation rejects malformed output paths and slots on non-output nodes (42.072372ms)
✔ a renamed return slot cannot borrow presentation from the prior ordinal output (84.955085ms)
✔ snapshot includes queued native timing and longtask exactly once without waiting for callback delivery (0.745582ms)
✔ reset discards already queued entries before the new measurement window (0.167653ms)
✔ late callbacks retain only entries that started in the current reset window (0.204926ms)
✔ queued and callback ingestion share the same last-200 retention boundary (0.319722ms)
✔ receipt verifier recomputes percentiles and rejects unchanged or root frontiers (1.794594ms)
✔ performance probe never reports paint before its second animation-frame boundary (0.51918ms)
✔ frame sampler reports a bounded fps sample and reset removes prior samples (115.507552ms)
✔ automatic candidates replace a reverse vertical detour with a straight facing-side route, without editing bindings (1.471969ms)
✔ all four manual sides keep route endpoints on the public circle and obey source/target normals (5.417661ms)
✔ manual offset, automatic reset, undo/redo and JSON reopen retain an independent draft (3.585329ms)
✔ canvas manual proxy attachment survives collapse/reexpand, export, validation and history (24.709977ms)
✔ source diagram auto mode is opt-in and canonical bindings and node coordinates stay exact (6.234202ms)
✔ generated view port edits return to the authored endpoint and preserve an explicit automatic reset (21.194552ms)
✔ invalid offsets, sides and unknown canonical ports are rejected before a visual history change (1.083065ms)
✔ layer ordering removes a reversed downstream crossing without rewriting ranks (0.133841ms)
✔ every catalog module and every inserted preset keeps English module text while user aliases remain untouched (3.448472ms)
✔ real backend normalization and response reader preserve manual ports, with identical generated model source (42.609537ms)
✔ current residual frontier reserves an outside ancestor corridor after right move (3228.056965ms)
✔ current readable routes keep ports and peer geometry under translation and horizontal mirror (3123.797507ms)
✔ source-grounded overview mask gains eight-unit body clearance without changing any peer pair or port (70.438234ms)
✔ historical M4: independent final-SVG oracle detects all six sealed ChS stack intrusions and three buried frontier outputs (17.954288ms)
✔ historical M4: source-bound final SVG stack/endpoint/Canvas invariants: mlp-level0-paper-180 (6.369724ms)
✔ historical M4: source-bound final SVG stack/endpoint/Canvas invariants: mlp-level1-paper-180 (5.981678ms)
✔ historical M4: source-bound final SVG stack/endpoint/Canvas invariants: residual_cnn-level0-paper-180 (10.308823ms)
✔ historical M4: source-bound final SVG stack/endpoint/Canvas invariants: residual_cnn-level1-paper-180 (9.819116ms)
✔ historical M4: source-bound final SVG stack/endpoint/Canvas invariants: residual_cnn-level2-paper-180 (25.667309ms)
✔ historical M4: source-bound final SVG stack/endpoint/Canvas invariants: transformer-level0-paper-180 (41.808169ms)
✔ historical M4: source-bound final SVG stack/endpoint/Canvas invariants: transformer-level1-paper-180 (71.940918ms)
✔ historical M4: source-bound final SVG stack/endpoint/Canvas invariants: transformer-level2-paper-180 (114.248371ms)
✔ historical M4: source-bound final SVG stack/endpoint/Canvas invariants: transformer-level3-paper-180 (113.259557ms)
✔ historical M4: reported CNN bottom and Transformer memory examples attach to exposed card union (8.330228ms)
✔ historical M4: near-left bottom outputs follow actual +0/+3.5/+7 cards instead of empty envelope corners (10.064281ms)
✔ historical M4: same canonical memory output has coherent bottom and right display ports for multiple consumers (2.85581ms)
✔ historical M4: unrelated backplate-only obstacle and source own-stack reentry are independently rejected and rerouted (1.735871ms)
✔ historical M4: overlapping Repeat ownership is reported once and an endpoint covered by another body remains honestly blocked (0.202326ms)
✔ historical M4: detail fallback ports and translated stacks retain canonical boundary coverage and exposed endpoints (1.966836ms)
✔ historical M4: expanded/nonrepeat ports, in-place expansion, pins and move preview/history preserve presentation contracts (9.672959ms)
✔ a genuine source/style fan-out is drawn once with a literal junction and complete canonical paths retained (0.456103ms)
✔ tensor labels alone, distinct canonical ports, role/style changes and later rejoining never hide an ambiguous lane (0.21764ms)
✔ the image failure has genuine differently typed overlays; all 41 saved hierarchical/movement scenes now separate them without rewriting facts or anchors (7769.113991ms)
✔ deep frontier four-direction movement, persistence and history retain the separated routes and stable visual slots (14380.71679ms)
✔ route work caps are deterministic and oversized batches retain complete canonical endpoint geometry (579.006007ms)
✔ shortcut source inputs are bound to previous router and evidence candidates, not model-name heuristics (0.648939ms)
✔ independent pair sensor rejects split-vertex and collinear contacts, changed positions and new same-tensor overlaps (1.022235ms)
✔ unconflicted arbitrary typed route shortens without source/canonical evidence, object mutation or nondeterminism (4.528608ms)
✔ historical M4: source-backed mlp-level0-paper-180 shortens only pairwise protected routes and preserves nodes/source facts (0.810988ms)
✔ historical M4: source-backed mlp-level1-paper-180 shortens only pairwise protected routes and preserves nodes/source facts (2.073518ms)
✔ historical M4: source-backed residual_cnn-level0-paper-180 shortens only pairwise protected routes and preserves nodes/source facts (1.098044ms)
✔ historical M4: source-backed residual_cnn-level1-paper-180 shortens only pairwise protected routes and preserves nodes/source facts (2.467005ms)
✔ historical M4: source-backed residual_cnn-level2-paper-180 shortens only pairwise protected routes and preserves nodes/source facts (7.46026ms)
✔ historical M4: source-backed transformer-level0-paper-180 shortens only pairwise protected routes and preserves nodes/source facts (11.470076ms)
✔ historical M4: source-backed transformer-level1-paper-180 shortens only pairwise protected routes and preserves nodes/source facts (21.021231ms)
✔ historical M4: source-backed transformer-level2-paper-180 shortens only pairwise protected routes and preserves nodes/source facts (31.248317ms)
✔ historical M4: source-backed transformer-level3-paper-180 shortens only pairwise protected routes and preserves nodes/source facts (29.860715ms)
✔ obstacles, Repeat backplates and expanded ancestor headers retain a safe route rather than take the Manhattan shortcut (30.908481ms)
✔ covered endpoint, invalid reversal and work-cap inputs preserve honest fallback routes (45.64445ms)
✔ same-tensor and different-tensor peer geometry cannot gain hidden crossings contacts or overlaps (6.409606ms)
✔ a 0.005-world-unit moved same-tensor crossing cannot masquerade as its old geometric point (3.308397ms)
✔ shortcut cannot make its source escape hit its own endpoint through a non-adjacent segment (2.264534ms)
✔ existing self contacts and crossings remain eligible for a checked shorter subset (0.497075ms)
✔ independent self sensor ignores adjacent bends but detects non-adjacent crossing, point contact and retracing (0.127232ms)
✔ historical M4: independent oracle rejects 15 corruptions including coherent graph displacement and tensor concealment (5.633857ms)
✔ historical M4: independent strict-interior oracle excludes point contact and same tensor trunks, merges collinear intervals (0.865539ms)
✔ historical M4: outline compatibility rejects eight coherent corruptions while preserving the frozen routing oracle (31.139823ms)
✔ historical M4: independent source-bound frontier/detail/four-direction history invariants: mlp-level0-paper-180 (36.410128ms)
✔ historical M4: independent source-bound frontier/detail/four-direction history invariants: mlp-level1-paper-180 (86.904976ms)
✔ historical M4: independent source-bound frontier/detail/four-direction history invariants: residual_cnn-level0-paper-180 (71.286594ms)
✔ historical M4: independent source-bound frontier/detail/four-direction history invariants: residual_cnn-level1-paper-180 (125.008779ms)
✔ historical M4: independent source-bound frontier/detail/four-direction history invariants: residual_cnn-level2-paper-180 (320.411188ms)
✔ historical M4: independent source-bound frontier/detail/four-direction history invariants: transformer-level0-paper-180 (327.095774ms)
✔ historical M4: independent source-bound frontier/detail/four-direction history invariants: transformer-level1-paper-180 (677.293955ms)
✔ historical M4: independent source-bound frontier/detail/four-direction history invariants: transformer-level2-paper-180 (1526.830056ms)
✔ historical M4: independent source-bound frontier/detail/four-direction history invariants: transformer-level3-paper-180 (1669.220186ms)
✔ historical M4: real public source-bound Transformer metrics improve while preserving unresolved complex crossings (42.042728ms)
✔ historical M4: public differing-tensor geometry reduces overlap length while shared tensor trunk remains byte-identical (3.884111ms)
✔ indexed projected ports retain non-adjacent canonical coverage and role order (17.355755ms)
✔ parallel style groups and cycle fallback survive expand/undo/redo without mutating source (643.845876ms)
✔ actual compact source-card markup retains dimensions, dot-only port hit and a topmost body drag target (9.769142ms)
✔ actual AuthoringStudio title clicks select two compact nodes and its pointer callbacks drag both as one undo action (15.323883ms)
✔ actual App callbacks retain draft undo/redo and follow same-revision camera, selection and tool on multiple returns (105.413864ms)
✔ real source rebase preserves parameters, added nodes and edges, deletion tombstones and both history stacks (317.651931ms)
✔ actual App visual-revision return reprojects complete history and preserves source history byte-for-byte (271.147076ms)
✔ changed source/IR or an invalid history rebase is rejected atomically before replacing a retained session (159.356869ms)
✔ saved/reopened draft retains view and undo, browser recovery restores both stacks and rejects cross-source history (91.242945ms)
✔ source→draft viewport change preserves world centre and close-up zoom without changing canvas geometry (0.171603ms)
✔ actual AuthoringStudio reopen callback keeps camera/selection and undo; save commits only matching current bytes (99.185174ms)
✔ unresolved regions expose both authored paths and nested source definitions in view and editor (235.681581ms)
✔ all recovered source compositions recursively expose their real primitives, including unnamed nested modules and repeats (1487.127046ms)
✔ decomposed Transformer edits generate a compact view and return with full structure, manual ports and undo intact (3570.072593ms)
✔ editing and view frontiers cannot be paired across document revisions (112.363498ms)
✔ unseen opaque models accept edits on the same source canvas with save/reopen, undo and export (399.7356ms)
✔ source frontier collapse retains opaque visual changes and hidden local placement without regenerating Python (266.255232ms)
✔ source dependency arrows restore after collapse and JSON reopen without changing tensor edges or ports (51.753702ms)
✔ source arrows and separate legend appear in publication/editor SVG and stay inside fit bounds (4.842176ms)
✔ detail export includes only dependencies inside its selected source subtree (3.864414ms)
✔ source relations reject tensor endpoints, self loops, extra bindings and duplicate identities (1.344525ms)
✔ editor derives source arrows from actual moved geometry and persists facts through source presentation edits (73.862709ms)
✔ missing expanded children and incomplete boundary recovery retain conservative tensor presentation (4.625772ms)
✔ real Temporal shared projection keeps two distinct calls and four authored paths after edits and reopen (95.562694ms)
✔ Skip repeat is independent; expanding and detail export retain identities and external boundaries (174.088045ms)
✔ GNN names and arbitrary visual aliases do not turn unknown regions into known attention (55.71577ms)
✔ same label and duplicated call identity cannot invent distinct shared calls; facts detach from Canvas (65.638516ms)
✔ long authored output keys stay exact in metadata while subtitles fit the existing node width (75.44966ms)
✔ source-backed 300-layer Sequential expansion exposes 300 canonical layer objects (1104.62757ms)
✔ the actual CNN sentence breaks before path instead of splitting a fitting word (0.140931ms)
✔ CJK characters and whole English tokens can share lines without inserted text (0.073753ms)
✔ explicit line breaks and blank lines remain while soft line boundaries discard whitespace (0.137314ms)
✔ oversized source identifiers have finite code-point fallback without dropping characters (2.912721ms)
✔ Unicode code points stay intact and an individually oversized point still makes progress (0.298795ms)
✔ Scene annotation height and both SVG modes use the independently expected CNN lines (0.786944ms)
✔ a valid annotation narrower than its text inset still builds and renders (0.466203ms)
✔ real residual CNN nested expansion keeps downstream pool clear and restores base frontier (4033.839685ms)
✔ real MLP pinned output conflict is explicit while both expansion anchors stay fixed (132.371517ms)
ℹ tests 597
ℹ suites 0
ℹ pass 597
ℹ fail 0
ℹ cancelled 0
ℹ skipped 0
ℹ todo 0
ℹ duration_ms 224568.297296
