
> archcanvas-studio@0.1.0 test
> node --experimental-strip-types --test --test-isolation=none tests/*.test.ts

✔ toolbar zoom preserves the viewed world centre at fit, reset and zoom limits (4.635459ms)
✔ new figure measures initial aliases before materializing and keeps its straight chain through reopen and re-expansion (19.764985ms)
✔ initial alias validation rejects foreign identities and keeps default creation compatible (6.649708ms)
✔ viewport arrangement folds an eight-module chain, preserves facts/history and avoids body intrusions (18.675909ms)
✔ viewport folding cannot turn a branch or merge into a unary chain (0.488892ms)
✔ historical M4: independent corridor parser rejects ignored bytes, diagonal, partial, nonfinite and multiple subpaths (1.329859ms)
✔ historical M4: independent corridor metrics preserve split crossings, point contacts and pair-local interval union (7.072277ms)
✔ historical M4: independent corridor frozen captures remain bound to exact archived source bytes (5.903065ms)
✔ historical M4: independent corridor family identity requires exact source, memory role, effective style, side and complete canonical membership (2.348077ms)
✔ historical M4: independent corridor rejects coherent semantic, branch, circle, style, body and same-tensor crossing corruptions (139.191402ms)
✔ historical M4: independent corridor literal shared-family improvement retains each branch and exposes crossing exchanges (22.64453ms)
✔ historical M4: independent corridor current nine frontiers and three details preserve source, cards, ports, canonical branches and protected geometry (569.037019ms)
✔ historical M4: independent corridor current L3 cannot trade overlap for crosses or lose named canonical fanout branches (79.240262ms)
✔ historical M4: independent corridor work caps remain their literal approved bounds (0.094067ms)
✔ suggestion is below every current body, including expanded frames, legends and other notes (0.449338ms)
✔ excluding the selected annotation ignores its old bounds and gives a stable repeated position (0.186004ms)
✔ body conflicts include frontier leaves, legend labels and other notes, with exact touching permitted (0.206303ms)
✔ body conflict result does not assert orthogonal edge clearance (0.11161ms)
✔ formal complex expansion keeps the existing absolute note and recommends a clear new note below the new frontier (10749.995195ms)
✔ explicit move below diagram is one annotation history operation and preserves save/export fields (13116.350238ms)
✔ deepest source relation index folds bottom-up and never confuses a tensor name with a binding (2056.341244ms)
✔ real MLP expanded network has one atomic input lane and no parent/child arrow ambiguity (16.826324ms)
✔ detail export keeps folded atomic coverage and does not resurrect coarse parent arrows (1566.929595ms)
✔ atomic frontier mlp-level0-paper-180 keeps source facts canonical ports exports and four-direction history (1.684124ms)
✔ atomic frontier mlp-level1-paper-180 keeps source facts canonical ports exports and four-direction history (208.846042ms)
✔ atomic frontier residual_cnn-level0-paper-180 keeps source facts canonical ports exports and four-direction history (20.340244ms)
✔ atomic frontier residual_cnn-level1-paper-180 keeps source facts canonical ports exports and four-direction history (478.381445ms)
✔ atomic frontier residual_cnn-level2-paper-180 keeps source facts canonical ports exports and four-direction history (4360.985982ms)
✔ atomic frontier transformer-level0-paper-180 keeps source facts canonical ports exports and four-direction history (419.065738ms)
✔ atomic frontier transformer-level1-paper-180 keeps source facts canonical ports exports and four-direction history (1835.801044ms)
✔ atomic frontier transformer-level2-paper-180 keeps source facts canonical ports exports and four-direction history (6013.198361ms)
✔ atomic frontier transformer-level3-paper-180 keeps source facts canonical ports exports and four-direction history (8121.450686ms)
✔ clear arbitrary route takes the local Manhattan corridor without touching nodes or endpoints (2.540587ms)
✔ route improvement cannot create a new peer crossing even for equal tensor identifiers (5.343423ms)
✔ independent from-zero chain arrangement can fit its previously offscreen output with all module boxes visible (0.535857ms)
✔ independent fit handles negative manual placements, merge branches, aspect ratios and the full128module contract (12.73566ms)
✔ empty and unmeasured viewports return finite camera state and keep the blank draft intact (0.152135ms)
✔ manual off-body route waypoints fit along with node rectangles without changing either model or route (0.273607ms)
✔ raw numerical field input rejects empty tokens, invalid dimensions, nonfinite values and out-of-contract lengths (0.303616ms)
✔ duplicate display labels never redirect a typed shape diagnostic to another module or infer a target from text (0.265783ms)
✔ unknown node identities and unregistered parameter/port names cannot produce an active field highlight (0.317236ms)
✔ unstructuredHTTP conflicts and malformed diagnostics keep useful message without fabricated node or field targets (0.169745ms)
✔ public JSON transport preserves structured diagnostics and HTTP status without changing legacy successful payloads (12.385061ms)
✔ deferred old-draft response cannot resolve a missing identity in a replacement draft with the same labels (0.54373ms)
✔ flow interface projects frozen vertical chain and no-edge/horizontal default without semantic state (0.189608ms)
✔ real frozen four-node vertical chain has three literal straight gap-only routes, preserving every source fact (1.474657ms)
✔ literal horizontal chain retains legacy side coordinates and zero-bend straight gaps (0.47155ms)
✔ vertical Add branch keeps shared fanout identity, distinct ordered merge ports and unobstructed paths (10.06339ms)
✔ vertical Concat named input projections never collapse a/b producer identities (9.642459ms)
✔ an independent intervening body forces a safe detour without node movement or false blocked success (1.835205ms)
✔ a covering body blocking the target stays explicit and does not move user anchors (0.881391ms)
✔ reverse-positioned vertical DAG selects facing sides and routes outside its own bodies (3.317309ms)
✔ flow and geometry are insensitive to authored array ordering and equivariant under whole-draft translation (1.241346ms)
✔ four directional visual moves retain graph, one-command history, undo/redo geometry and JSON persistence (5.071753ms)
✔ an independent horizontal graph cannot rotate the frozen vertical graph's public ports or three straight routes (1.312471ms)
✔ the actual blank authoring component exposes visible steps, a static-check entry and the draft count (12.683829ms)
✔ the inspector assertion rejects the same compilable component with only that visible panel removed (70.484224ms)
✔ unavailable activation searches name their missing operation and disclose differences in available options (0.169691ms)
✔ unavailable tensor module searches explain the current dimensional or pooling limits (0.084204ms)
✔ attention and recurrent searches expose the missing behavior without promising an equivalent network (0.096257ms)
✔ ordinary and empty searches retain the generic palette message (0.055201ms)
✔ the actual palette visibly exposes classification and alias/parameter discovery (6.452466ms)
✔ actual palette rendering uses the runtime inventory, alias search and the selected module category (208.857187ms)
✔ independent four-direction authored moves preserve exact graph and one-command undo/redo (27.542937ms)
✔ merge ports stay distinct, fan-out is retained, malformed direction/foreign port and duplicate producers fail atomically (19.238238ms)
✔ a new binding that closes a directed cycle leaves history and every prior edge unchanged (0.344865ms)
✔ deleting a branch removes only its incident bindings and undo restores both merge ports (0.702109ms)
✔ explicit DAG arrange handles merge longest-path dependencies without overlaps or semantic changes (14.135359ms)
✔ manual covering overlaps keep anchors and report every retained routing obstruction (0.791832ms)
✔ no-op changes and unavailable history travel preserve identity; a new edit after undo clears redo (0.274395ms)
✔ public draft transport binds save CAS revision and reopens an independent exact draft while a conflict retains local edits (1.539764ms)
✔ click additions find free space past the original five-node overlap counterexample without moving prior modules (1.908367ms)
✔ cache boundary rejects crash-causing node shapes, impossible revisions and unsafe coordinates while returning detached valid edits (0.669517ms)
✔ public authoring pan primitive uses final endpoint in all four directions, ignores foreign pointer and preserves model history (0.390773ms)
✔ a transparent network is one history step and redo restores its stable nodes, edges and edits (6.285711ms)
✔ repeat insertion avoids occupied cards, preserves prior identities and bindings, and never connects old networks (13.322427ms)
✔ IDs collide or fail safely before any draft mutation; retry uses fresh identities for every node and edge (0.73003ms)
✔ catalog compatibility, node/edge budgets and extreme coordinates refuse atomically (2.699ms)
✔ CNN starting layout is legible at the observed viewport with one clear exterior row return (2.969002ms)
✔ actual inserted graphs pass the formal nonexecuting backend source pipeline; a disconnected old node still fails generation (136.449234ms)
✔ pointerup endpoint is available without an intervening move or RAF (0.180302ms)
✔ terminal endpoint includes movement beyond the last sampled preview (0.094722ms)
✔ pan displacement is measured in CSS pixels and never divided by zoom (0.094507ms)
✔ returning to start restores exact initial camera without cumulative drift (0.147785ms)
✔ viewport-origin shift alone does not masquerade as a pointer delta (0.064369ms)
✔ a second pointer cannot update or finish the original pan (0.053597ms)
✔ initial camera snapshot and caller input remain untouched (0.074354ms)
✔ invalid start coordinates, zoom and pointer identity are rejected (0.210919ms)
✔ world camera keeps the sealed Transformer scene continuous across negative bounds (154.741786ms)
✔ fit, focus, pointer-centered zoom and pan use world coordinates (0.229213ms)
✔ same-viewport reload preserves exact camera and independently calculated world centre (0.431894ms)
✔ a resized reopened viewport preserves world centre and zoom through new pixel translation (0.10423ms)
✔ source/IR/document identities and visual revisions prevent stale or cross-model reuse (0.116376ms)
✔ per-document source/IR keys isolate values without adding revision to the key (0.129356ms)
✔ invalid stored versions, centres, scales, viewport and identity are refused rather than coerced (0.150086ms)
✔ fit scales below .15 remain valid while unsafe captures are rejected (0.147271ms)
✔ malformed, absent, oversized, disabled and quota-failed storage leave a graceful fallback (0.182263ms)
✔ delayed restore cannot supersede explicit fit, zoom, focus, pan or a newer document load (0.11462ms)
✔ terminal pan is saved and cancellation can restore the prior camera without retaining the preview (0.12166ms)
✔ capture/restore/tickets mutate no input and store revisions without touching Canvas/history (0.489753ms)
✔ a deliberately adopted reconciled identity can retain view while old source state remains isolated (0.112847ms)
✔ actual App initialization callbacks read the owned saved view before any initial write (30.184013ms)
✔ actual App persistence callback refuses previews then writes terminal camera and rollback (12.535382ms)
✔ actual App delayed callback rejects later intent/load/revision and handles deferred viewport (88.254575ms)
✔ the observed large-to-small live resize keeps world centre 350,405 in its first coordinated result (0.182892ms)
✔ fractional, negative and small-fit cameras preserve centre and zoom across anisotropic size chains (0.183079ms)
✔ same-size deliveries are no-ops and invalid or hidden dimensions cannot establish a frame (0.128836ms)
✔ actual App idle resize commits the latest centre synchronously without a new intent or history entry (18.904695ms)
✔ actual persistence before observer delivery uses the camera anchor instead of a newly resized DOM (17.714526ms)
✔ actual pan, move, box and port ownership defer resize until their mapping is released (72.230174ms)
✔ actual terminal pan includes the unsampled pointerup delta then applies the queued resize exactly once (17.156258ms)
✔ actual cancel after a resized pan preview restores the original world centre and never retains that preview (22.69778ms)
✔ actual resized object drag keeps its typed delta and one undo entry independent of transient camera coordination (17.102737ms)
✔ actual box terminal selection uses the old frozen camera before viewport coordination (16.332217ms)
✔ an explicit current-size camera commit wins without a second old-size correction (16.090763ms)
✔ initialization ignores unowned resize and restores at its latest viewport; active drag defers it (16.29955ms)
✔ an early actual spatial gesture owns its displayed mapping and invalidates a delayed restore even after document commit (39.739471ms)
✔ an early actual pan establishes its own viewport anchor before a resized terminal sample (16.211748ms)
✔ a later document, revision, load or explicit intent rejects pending initialization and old ownership (86.946143ms)
✔ the actual observer effect commits in its delivery and rejects disconnected or replaced elements (22.244033ms)
✔ the real window fallback follows the same mapping and unregisters after cleanup (15.93475ms)
✔ the actual observer remount resumes a bounded exhausted hidden initialization at the now-visible dimensions (15.909723ms)
✔ the actual observer revives an exhausted tiny viewport only when dimensions become usable (16.669899ms)
✔ a stale load/intent/revision cannot revive after hidden exhaustion, and an owned remount keeps explicit intent (69.758267ms)
✔ hidden dimensions are ignored; a tiny visible viewport can return without contaminating stored centre (21.899921ms)
✔ canvas save deduplicates source facts without changing current/history or hiding a foreign binding (1.431453ms)
✔ source-grounded distant memory caption has an owned-route guide instead of silently floating beside mask routes (32.459488ms)
✔ a safe close caption keeps its coordinates and creates no decorative guide (0.277819ms)
✔ general translated CJK captions use short collision-free guides without model-name or ID dependencies (1.535518ms)
✔ crowded and shared-route attachments preserve captions and give explicit diagnostics instead of unsafe guide connections (30.251425ms)
✔ notes, other caption envelopes, crossing routes and reserved guides remain obstacles in a general multi-label batch (2.591725ms)
✔ whole/detail, aliases, monochrome, save/reopen and undo/redo keep caption decoration outside canonical metadata (174.88462ms)
✔ a general stress batch preserves every canonical edge and produces deterministic nonintersecting decorations (91.771593ms)
✔ a dense batch above the deterministic association limit keeps every label and emits diagnostics (0.669537ms)
✔ geometry-check exhaustion in a still-supported batch preserves remaining captions with explicit budget evidence (233.052081ms)
✔ a later moved caption clears the visible stroke of an earlier reserved guide (28.028708ms)
✔ a narrow guide cannot visually overlap or touch a parallel foreign tensor stroke (3.783376ms)
✔ uncertifiable foreign stroke widths preserve text with a diagnostic instead of emitting guides (0.195129ms)
✔ direct ancestor collapse restores compact visible frontier and retains hidden expanded children (101.107038ms)
✔ reopen ancestor resurrects hidden expansion and exact independently supplied deep geometry (307.905462ms)
✔ changing hidden descendant expansion memory cannot replay a stale geometry into visible siblings (1.589262ms)
✔ manual container and downstream moves survive compact restoration and deep reopening; unrelated pin remains exact (483.391853ms)
✔ pinned downstream position and pinned hidden leaf are protected rather than rolled back to a compact cache (194.39712ms)
✔ undo and redo restore compact/deep states, hidden memory and exact positions independently of revision (98.692016ms)
✔ JSON save/reload of collapsed canvas retains nested expansion memory and exact deep reopening (196.489769ms)
✔ manual hidden-leaf memory remains exact through direct ancestor collapse, JSON reload and reopen (349.570097ms)
✔ literal node identities containing delimiter characters do not discard latent expansion memory or visible geometry (196.405981ms)
✔ two different valid expanded sets with the same legacy delimiter string cannot share frontier geometry (2.456939ms)
✔ existing composite legacy cache ambiguous between a delimiter identity and two parallel branches cannot inject tall geometry (2.198197ms)
✔ actual frozen CNN deep canvas collapses repeat directly to literal compact root positions while retaining both block memories (589.532343ms)
✔ actual already-bad collapsed CNN cannot overwrite its earlier compact cache before reopening and recollapsing (582.59663ms)
✔ historical M4: independent residual baseline freezes all nine authored frontiers and actual public route bytes (7.193836ms)
✔ historical M4: independent route parser and protected pair oracle expose split-vertex crossings and interval union (0.521986ms)
✔ historical M4: independent oracle rejects coherent branch, role/style, port, body/header and backplate corruptions (9.033057ms)
✔ historical M4: CNN collapsed proxy residual becomes the independent 38-unit straight route without merging its data lane (5.556052ms)
✔ historical M4: all protected branches/cards/ports and pair-local safety survive: residual_cnn-level0-paper-180 (11.115284ms)
✔ historical M4: all protected branches/cards/ports and pair-local safety survive: residual_cnn-level1-paper-180 (19.281317ms)
✔ historical M4: all protected branches/cards/ports and pair-local safety survive: residual_cnn-level2-paper-180 (41.817728ms)
✔ historical M4: all protected branches/cards/ports and pair-local safety survive: mlp-level0-paper-180 (3.720886ms)
✔ historical M4: all protected branches/cards/ports and pair-local safety survive: mlp-level1-paper-180 (7.82126ms)
✔ historical M4: all protected branches/cards/ports and pair-local safety survive: transformer-level0-paper-180 (40.321134ms)
✔ historical M4: all protected branches/cards/ports and pair-local safety survive: transformer-level1-paper-180 (74.980085ms)
✔ historical M4: all protected branches/cards/ports and pair-local safety survive: transformer-level2-paper-180 (143.299993ms)
✔ historical M4: all protected branches/cards/ports and pair-local safety survive: transformer-level3-paper-180 (151.508058ms)
✔ historical M4: renamed generic graphs shorten collapsed module and repeat proxies while preserving manual pins and exposed repeat ports (4.017741ms)
✔ historical M4: single-route collapsed proxy optimization works without pressure or model-name assumptions (0.751705ms)
✔ historical M4: clear manually misaligned proxy endpoints attain the independent Manhattan minimum with two turns (0.728448ms)
✔ historical M4: expanded or actual visible targets and other roles can shorten only when their geometry remains protected (2.755484ms)
✔ historical M4: geometry shortcuts do not depend on, merge or rewrite missing or inconsistent canonical/proxy-port evidence (2.577081ms)
✔ historical M4: unrelated body, ancestor header and repeat backplate blocking all retain safe old route and immutable anchors (2.809666ms)
✔ historical M4: every other edge is protected even when sharing tensor but differing in role/style: crossing and overlap (19.876981ms)
✔ historical M4: misaligned short staircases cannot conceal crossings on another edge intermediate vertex, including same-tensor different styles (10.550081ms)
✔ historical M4: retraced protected segments cannot inflate old pair overlap and license a larger same-tensor residual overlap (1.72061ms)
✔ historical M4: effective style overrides retain separate canonical residual branches and never merge them with the same-tensor data lane (1.846828ms)
✔ historical M4: bounded-work fallback preserves the old route instead of advertising an unchecked shortcut (81.540378ms)
✔ collapsed frontier retains canonical tensors, named port direction and hidden edges (1.226167ms)
✔ expansion preserves anchor, unrelated pins, repeat sharing and re-expanded local edits (105.080487ms)
✔ batch rejects semantic field injection and stale revision without mutating input (1.290115ms)
✔ history restores a whole batch with monotonic revision and invalidates redo after new edit (1.167402ms)
✔ publication serializes the edited scene, escapes every user string and excludes editor controls (1.958513ms)
✔ document loader rejects port mismatch, parent cycle and non-finite imported geometry (0.999656ms)
✔ selected parent plus child moves once, pinned descendants protect their subtree (138.057831ms)
✔ repeated toggles restore neighbor geometry without drifting or losing a collapsed user move (246.681059ms)
✔ long Chinese aliases and annotations retain text while their geometry grows (3.715097ms)
✔ source refresh preserves unique identity presentation and resets source undo boundary (95.712078ms)
✔ a rebound edge cannot inherit a style from its previous tensor binding (149.462375ms)
✔ projected parallel edges retain differing canonical styles instead of discarding them (13.644588ms)
✔ DenseStress300 component routing keeps bounded crossings, overlap and endpoint ownership (455.653562ms)
✔ four directional moves preserve architecture, preview/commit, history and endpoints (11799.211591ms)
✔ down move retains the five atomic intrusions and matching blocked diagnostics (723.106451ms)
✔ narrow-gap centerline proposal is geometrically better but fixed target arrow remains inside the upper card (799.009562ms)
✔ component routing budgets are frozen and over-cap batches keep deterministic per-route fallback (351.138534ms)
✔ a right Add input from a strict ancestor is the only residual edge (0.669457ms)
✔ Add left/right order is symmetric; branch age is proved by bindings (0.213963ms)
✔ transitive ancestry marks the direct skip, never any trunk edge or Add output (0.235351ms)
✔ nested Adds retain distinct local skip roles without styling all ancestors (0.219123ms)
✔ two independent producers remain ordinary even when labels say residual (0.164635ms)
✔ a shared ancestor does not make either sibling input residual (0.153805ms)
✔ the same tensor producer bound to both Add slots is x+x, not a skip (0.134979ms)
✔ Concat stays ordinary even when its first producer is an ancestor of the second (0.131176ms)
✔ ancestry through a registered merge is structural, not a unary-only heuristic (0.147693ms)
✔ rename, geometry, and node/edge array order cannot manufacture or remove a role (0.540931ms)
✔ a missing Add input has no complete pair from which to infer a residual role (0.134607ms)
✔ ambiguous or invalid Add bindings stay ordinary without throwing (0.246506ms)
✔ missing producers and incorrect source/output direction cannot prove ancestry (0.265527ms)
✔ opaque, unknown, and removed catalog contracts do not imply a known path (0.383771ms)
✔ catalog direction and tensor-type contradictions disable affected role inference (0.277294ms)
✔ a directed cycle in the relevant component cannot create a strict-ancestor proof (0.141658ms)
✔ unrelated unknown and cyclic components do not alter an independently known skip (0.175102ms)
✔ parallel known components keep their local roles and ordinary branches (0.188009ms)
✔ 128th node is accepted and cacheable; 129th fails before any byte changes (0.791901ms)
✔ 384th connection is accepted and cacheable; 385th fails before any byte changes (1.305977ms)
✔ deleting a module or connection releases capacity for another edit (1.402625ms)
✔ failed limit edits preserve history, revision, past and redo bytes (3.184779ms)
✔ independent sensor rejects interior/vertex crossings and positive overlaps, while separated or point-only collinear contacts differ (0.707357ms)
✔ actual five-binding merge keeps every endpoint, outward/inward normal, and card body clear (15.381911ms)
✔ actual merge removes the different-producer crossing and Concat inlet overlay without changing the five bindings (9.235347ms)
✔ same-source fanout keeps two complete branch IDs and separately ordered destination ports (7.322289ms)
✔ four-direction merge moves, undo/redo and JSON reopen reproduce stable routes and preserve semantic facts (204.767403ms)
✔ aligned horizontal and vertical chains retain their minimum straight paths (0.718879ms)
✔ an unrelated intervening card is avoided without moving it or hiding either independently produced route (1.242729ms)
✔ reverse-directed independent bindings route outside their own cards and an intervening body with correct normals (5.614421ms)
✔ a vertical multi-input merge preserves left/right and a/b slot ordering while avoiding every different-producer contact (11.396868ms)
✔ a real forward multi-input merge with an extra obstacle retains full facts and clear branch geometry (8.016587ms)
✔ an older manual obstacle position reports its newly overlapping lower band without moving saved objects (8.323606ms)
✔ a larger draft keeps all bindings, card positions and ordered anchors when global crossing removal is best effort (8.466264ms)
✔ category browser inventories every actual runtime module once, and never invents absent categories (1.46749ms)
✔ novice aliases and common framework spelling resolve to the registered operator contract (1.802909ms)
✔ parameter search and multiword searches intersect the selected actual category (0.711845ms)
✔ exact operator names never silently resolve a different primitive or unrelated starting graph (0.801954ms)
✔ transparent starters are searchable by their real editable components and declared I/O (1.260044ms)
✔ search and filtering preserve all catalog bytes and starter graph identities/parameters (2.844578ms)
✔ all17 actual kinds keep unary cards stable and give two-input cards their independent140world body (1.671178ms)
✔ 53percent side labels reach8.1CSSpx while both names and dot hits remain separate (0.340109ms)
✔ vertical labels stay fully exterior to every card, clearing the kind caption and preserving dot hits (0.895788ms)
✔ every registered outlet-to-inlet28world vertical gap keeps offset labels disjoint with a clickable dot and owning text (13.051605ms)
✔ dimensions and ordered anchors follow declared ports rather than an Add name shortcut (0.324227ms)
✔ fit includes the complete taller body and exterior routes without changing draft or camera-independent facts (0.176219ms)
✔ single insertion and explicit arrange avoid the newly occupied lower40world band (0.420445ms)
✔ transparent preset bounds and old-card collisions include taller merge modules atomically (13.918154ms)
✔ router treats the new lower band as a real obstacle and preserves bindings through history (10.388459ms)
✔ independent compensation supports a 58percent overview without claiming readable minimum zoom (0.150504ms)
✔ independent CJK title fitting prevents the original234world-wide truncated title (0.257795ms)
✔ independent fitting retains a short label, empty string and Unicode code points (0.148635ms)
✔ independent mono samples fit150world using equal ASCII columns rather than narrow punctuation (0.137955ms)
✔ independent wide-Latin title fitting stays inside134world even for repeated W (0.06226ms)
✔ independent scaled single-port hits contain both label endpoints and the dot (0.14619ms)
✔ independent custom cramped ports retain their12world fallback without claiming overview legibility (0.104823ms)
✔ independent vertical registered merge labels do not paint into the later port hit (0.058769ms)
✔ independent tooltip avoids the downstream card instead of covering its label (0.361051ms)
✔ independent58percent chain tooltip does not cover any of four scaled cards (0.160232ms)
✔ independent vertical input tooltip avoids an upstream card with a free side (0.108626ms)
✔ independent edge clamp uses a visible free side without intruding into its owner (0.12166ms)
✔ independent no-clear-region fallback remains bounded and does not alter obstacles (0.071278ms)
✔ overview text compensation is bounded and leaves normal zoom unchanged (0.056553ms)
✔ horizontal input and output hints prefer opposite sides of their node (0.119606ms)
✔ vertical hints fall back to a visible, non-overlapping side near viewport edges (0.085952ms)
✔ equal revision and labels never allow one draft identity or node identity/kind/set to inherit another draft check (0.421289ms)
✔ parameters, array contents and every binding identity/endpoint invalidate checked shapes even before a revision increment (0.397086ms)
✔ four-direction placement, display aliases, title and revision retain the same checked static graph without mutation (0.936442ms)
✔ parameter field order is irrelevant while graph-array order remains significant for backend topological/output ordering (0.150048ms)
✔ complete static response preserves tensor declarations and identities while isolating them from mutable response data (0.232036ms)
✔ an incomplete graph may retain upstream declared tensors, but never reports complete or invents a missing downstream shape (0.416084ms)
✔ execution claims, generated-source receipts and inconsistent complete/issue or missing-tensor claims are rejected (0.357488ms)
✔ malformed tensor shapes, dtype, extra runtime flags and oversized declarations cannot reach a displayed shape label (0.532138ms)
✔ unregistered tensor/node references, repeated or nontopological order and malformed diagnostics are rejected without target inference (0.46044ms)
✔ sealed Transformer mask edge inspector reflects the actual displayed style (1208.522332ms)
✔ formal Transformer memory caption clears both repeat plates and target card with all model facts fixed (16.518274ms)
✔ general placement leaves a safe caption unchanged in expanded content and ignores empty captions (0.294549ms)
✔ independent repeat/header/note blockers relocate captions without changing paths or card coordinates (0.620446ms)
✔ two distinct captions keep separate nominal envelopes and avoid an unrelated route (2.77994ms)
✔ bounded local placement reports an impossible caption instead of hiding it or moving model objects (0.815648ms)
✔ whole and detail export use the same caption safety after projection while visual history retains canonical facts (42.336269ms)
✔ long source-declared captions remain complete and inside overview/detail bounds even when local placement is blocked (1.378107ms)
✔ editor omits only root furniture for current mlp-level1-base, retaining every canonical route and publication object (36.351409ms)
✔ editor omits only root furniture for current residual_cnn-level2-base, retaining every canonical route and publication object (606.583847ms)
✔ editor omits only root furniture for current transformer-level3-base, retaining every canonical route and publication object (1124.030318ms)
✔ unrelated custom root identity stays implicit only while expanded, and conceptual hierarchy keeps collapse/layout/cache/history (153.785424ms)
✔ fit measures edited world objects and routes, excluding publication title, legends and implicit root padding (1.088961ms)
✔ floating legend content keeps authored order and every actual edge style in color and monochrome (76.777342ms)
✔ independent parentless leaves and explicit detail boundary cards never become hidden roots (0.135543ms)
✔ editor paints an exact tensor fan-out prefix once with its real junction while preserving complete selectable bindings and export paths (2.250308ms)
✔ actual new-blank entry always starts empty despite a cached source draft, and keeps previous workspaces intact (16.191651ms)
✔ new-blank from the editor hands off the exact unsaved draft and history before creating a separate session (7.526727ms)
✔ actual App opens generated work, resumes the original semantic history on repeated returns, and recovers it after reload (32.732713ms)
✔ actual edit→view with an unchanged baseline reuses the current view and preserves both stacks and the camera (7.998334ms)
✔ actual edit→view generates the latest modified snapshot and retains its workspace before opening it (7.920206ms)
✔ real normalized generation response accepts a separate JSON-roundtripped authored presentation, but refuses stale values (44.753423ms)
✔ actual failed generation or opening preserves edited bytes/history and reports that the editor was retained (15.533369ms)
✔ actual stale async generation cannot open a newer draft, and synchronous repeated mode clicks generate once (9.143847ms)
✔ view baseline equivalence ignores only revision and detects connections, presentation and custom definitions (0.3943ms)
✔ generated workspace resumes exact draft/history, maps selection and reflects subsequent view movement without source mutation (2.629646ms)
✔ generated workspace rejects a changed document/source/IR binding before modifying retained authoring history (1.198847ms)
✔ blank-authored visual styles persist through view→edit, browser recovery and a fresh static generation (45.20581ms)
✔ generated view cache roundtrips both authoring history stacks and accepts only this exact saved model binding (2.372163ms)
✔ generated source view translates changed generated geometry back to the original source frontier before edit resumes (161.853333ms)
✔ real custom-module preview retains named keyword input and three distinct nested output boundaries in the frontend reader (0.619943ms)
✔ malformed custom source/class/constructor/port/output contracts cannot enter restored draft state (0.84317ms)
✔ actual custom-module insertion registers once, supports repeated instances and persists definitions plus undo (9.71347ms)
✔ actual custom preview callback rejects malformed JSON, preserves a bounded static result, and prevents parallel requests (3.252254ms)
✔ actual editor top actions expose edit/view mode and custom-source launcher, with floating legend outside world SVG (122.266833ms)
✔ actual source-view top actions expose the same mode switch and keep root/title/legend out of the editor world (147.385314ms)
✔ actual custom-source modal renders class/source/constructor fields and named multi-output preview without a shape claim (9.021682ms)
✔ parallel growth fitting below an existing taller branch does not shift output again (513.346283ms)
✔ horizontal free space absorbs width growth; adjacent sibling spacing and authored gap are preserved (344.964213ms)
✔ manual distant output absorbs growth; downstream relative offsets and explicit user movement survive frontier restore (466.95101ms)
✔ pinned output and pinned descendant protect anchors while the existing warning reports unresolved overlap (423.770298ms)
✔ exact collapse/reexpand frontier snapshots and undo/redo remain stable after repeated parallel expansion (888.416911ms)
✔ real Transformer depth-two UI frontier uses existing space without cumulative independent branch height (12007.125185ms)
✔ real Transformer depth-three and cached frontiers retain manual feedforward positions and no sibling intersections (18262.155224ms)
✔ real Residual CNN grows both repeats and keeps downstream pool/flatten/classifier clear (5526.004794ms)
✔ renderer changes invalidate an old export even when canvas revision and source digests match (0.33275ms)
✔ a restored artifact must describe the default document, width, revision, source and PNG resolution (0.173042ms)
✔ detail export partitions every canonical edge and visibly retains every crossing binding (450.105898ms)
✔ detail keeps edited geometry, aliases, styles, legend and contained annotations, and declares omissions (608.819634ms)
✔ distinct external node/port tuples cannot collide when their identities contain delimiters (141.401239ms)
✔ detail metadata and projected objects are detached from the input CanvasDocument (450.801857ms)
✔ detail rejects leaf, collapsed or hidden containers and invalid options; whole keeps the ordinary scene (184.501278ms)
✔ detail bounds retain manually offset descendants instead of clipping negative coordinates (549.222097ms)
✔ long boundary text and provenance fit their boxes and 85/180 mm preflight measures actual scale (451.98809ms)
✔ real source-derived MLP network detail accounts for adapters and exposes model input/output (123.219216ms)
✔ physical advice accounts for tall pages and rounds the required width upward (54.915652ms)
✔ detail choices distinguish equal labels by identity/path and preserve the current frontier and edits (2453.434902ms)
✔ ordinary large output move retains the existing all-frontier arithmetic (95.53797ms)
✔ omitted and explicit all-frontiers scopes produce identical complete documents (29.337661ms)
✔ current deep output compaction preserves compact view and repeated toggles restore distinct exact positions (145.071749ms)
✔ four current-frontier directions and duplicate IDs change only the literal current object/cache (57.391489ms)
✔ a later ordinary move still applies one delta to both differently edited saved frontiers (28.849514ms)
✔ missing or legacy-only current cache establishes canonical visible cache without altering old bytes (57.498344ms)
✔ effective compact frontier ignores retained hidden layer flags and preserves deep cache (95.076945ms)
✔ ambiguous delimiter cache remains intact while explicit current edit creates its literal canonical key (14.61398ms)
✔ selected parent and child translate once; selected pins and pinned descendants retain protection (71.206921ms)
✔ current hidden selection is rejected atomically while default established-hidden-layout behavior survives (1.614769ms)
✔ intentional negative manual positions are neither clamped nor migrated to other frontiers (333.718139ms)
✔ one scoped history entry supports exact cache undo/redo and rejects stale revisions (14.978504ms)
✔ JSON reload preserves distinct current-edited and compact positions with full model/source facts (59.063429ms)
✔ preview scope is frozen and complete scene/SVG equals corresponding real commit without document mutation (383.237102ms)
✔ unknown scopes are rejected by move and preview before any document mutation (0.481477ms)
✔ editing already malformed revision5 with current scope does not silently migrate its other cache (14.610773ms)
✔ scoped recovery preserves the other frontier and proposed scene equals committed active scene (150.26376ms)
✔ recovery validates unknown scope even on unneeded or unavailable early return paths (0.433533ms)
✔ actual edit→view rejects an unconnected Attention before source expansion, preserving draft history and a responsive event loop (292.749635ms)
✔ generated source view retains absolute draft anchors through real nested containers and faithful SVG export (1.683532ms)
✔ source presentation, pin, annotations and edge style follow exact generated identities without changing source facts (1.405068ms)
✔ ambiguous mappings are refused and unmapped presentation objects are explicitly reported (0.687032ms)
✔ a real backend generated model reopens with edited draft positions and labels while retaining its complete binding facts (42.469827ms)
✔ actual generate callback keeps the collapsed Transformer frontier and anchors when complete source generation is reopened (1085.505898ms)
✔ hierarchy order and depth follow authored roots and child lists, independent of flat node order (18.843148ms)
✔ empty aliases, escaped labels, repeat badges, pins and leaf/toggle ARIA stay exact (16.640402ms)
✔ collapsed ancestors hide latent descendants without erasing their expansion or selection (22.746288ms)
✔ a replacement architecture with the same IDs displays new labels, categories and topology (29.644359ms)
✔ an empty architecture renders no rows and non-hierarchy visual changes leave row HTML exact (11.942162ms)
✔ the actual formal source-backed 304-node model keeps precise old/new hierarchy HTML before and after expansion (1062.420965ms)
✔ historical caption compatibility rejects route/port/binding corruption and explicit or nonmemory text changes (66.625493ms)
✔ Transformer overview no longer reports its hidden root boundary or title while preserving publication checks (207.1465ms)
✔ hidden root headers cease to be routing obstacles, while physical frames retain their headers (1.256318ms)
✔ negative world positions survive nested and root collapse, undo, redo and JSON reopen (357.715397ms)
✔ visible nested containers still report escaped children and header intrusion (264.908577ms)
✔ editor drag preview matches commit and recovery does not clamp objects into the hidden root (5.883862ms)
✔ dot lattice follows the world origin through all pan quadrants and zoom levels (0.370043ms)
✔ navigation is unbounded in position and zoom retains the pointer world point (0.242797ms)
✔ transparent editor surface retains exact figure geometry and publication background (0.447345ms)
✔ retained route pair cannot grow actual collinear length after selected body clearance (21.115241ms)
✔ a different overlap peer is new damage even when primary edge and length agree (15.361485ms)
✔ unchanged ambiguous lane may remain after genuine selected-body clearance (12.618392ms)
✔ a route-only warning incident through the second edge needs genuine reduction (24.584163ms)
✔ unchanged unrelated caption warning cannot conceal growing penetration into the same body (12.16359ms)
✔ original unrelated caption obstruction may stay unchanged during selected-body repair (10.43427ms)
✔ a blocked route may not transfer penetration from one retained body to another (12.026763ms)
✔ an unrelated caption association warning may not move farther from its owned route (10.47153ms)
✔ actual upward header conflict produces understandable guidance using display aliases (39.695513ms)
✔ actual overlapping leaves expose both overlap and blocked connection guidance (48.360495ms)
✔ source-analysis warnings stay in their own panel and missing object references do not leak identifiers (16.030517ms)
✔ historical M4: source memory captions survive vertical threshold boundaries and all four movement directions in whole/detail and both presets (1143.786899ms)
✔ historical M4: the actual +24 encoder counterexample keeps its routed endpoints and visible memory after undo/redo and JSON reopening (30.427536ms)
✔ historical M4: source expansion and collapse retain every visible memory caption without adding hidden bindings or facts (219.066099ms)
✔ historical M4: default memory naming is generic while explicit empty/authored labels and other roles retain their contracts (35.478041ms)
✔ historical M4: a genuinely blocked moved memory retains its text and reports association failure instead of disappearing (19.815445ms)
✔ historical M4: source and target signed14/15 thresholds retain endpoint continuity and exact peers across caption preset size and detail combinations (14277.869031ms)
✔ historical M4: horizontal gap guards retain complete baseline when two six-unit leads are unavailable (109.377141ms)
✔ historical M4: continuity is detached and one typed move survives undo redo and JSON reopen (14.106389ms)
✔ historical M4: literal guards reject joint and same-tensor peers close strokes invalid widths gap bodies and exhausted checks (0.787113ms)
✔ historical M4: version adapter rejects coherent geometry canonical nonmemory and consumer-coverage corruptions (28.944198ms)
✔ historical M4: detail mixed consumers keep retained port coverage and architecture-order bindings after memory projection (5.630753ms)
✔ historical M4: independent frozen baseline contains all twelve actual CNN configurations with immutable narrow copies (8.083299ms)
✔ historical M4: actual CNN baseline preserves canonical facts, ports and routes: cnn-level0-paper-85 (10.132995ms)
✔ historical M4: actual CNN baseline preserves canonical facts, ports and routes: cnn-level0-paper-180 (7.722241ms)
✔ historical M4: actual CNN baseline preserves canonical facts, ports and routes: cnn-level0-monochrome-85 (10.300497ms)
✔ historical M4: actual CNN baseline preserves canonical facts, ports and routes: cnn-level0-monochrome-180 (10.158073ms)
✔ historical M4: actual CNN baseline preserves canonical facts, ports and routes: cnn-level1-paper-85 (11.766839ms)
✔ historical M4: actual CNN baseline preserves canonical facts, ports and routes: cnn-level1-paper-180 (11.722634ms)
✔ historical M4: actual CNN baseline preserves canonical facts, ports and routes: cnn-level1-monochrome-85 (13.95279ms)
✔ historical M4: actual CNN baseline preserves canonical facts, ports and routes: cnn-level1-monochrome-180 (14.358671ms)
✔ historical M4: actual CNN baseline preserves canonical facts, ports and routes: cnn-level2-paper-85 (28.190449ms)
✔ historical M4: actual CNN baseline preserves canonical facts, ports and routes: cnn-level2-paper-180 (28.960733ms)
✔ historical M4: actual CNN baseline preserves canonical facts, ports and routes: cnn-level2-monochrome-85 (36.555259ms)
✔ historical M4: actual CNN baseline preserves canonical facts, ports and routes: cnn-level2-monochrome-180 (36.256945ms)
✔ historical M4: actual Transformer frontier 0 retains source/ports while all four mono roles differ (33.644201ms)
✔ historical M4: actual Transformer frontier 1 retains source/ports while all four mono roles differ (74.275893ms)
✔ historical M4: actual Transformer frontier 2 retains source/ports while all four mono roles differ (158.82658ms)
✔ historical M4: actual Transformer frontier 3 retains source/ports while all four mono roles differ (181.308753ms)
✔ historical M4: effective line identity distinguishes role defaults from explicit solid/dashed local overrides (0.28434ms)
✔ historical M4: derived pattern validation rejects sparse holes and unsafe arrays while retaining explicit legacy styles (0.328823ms)
✔ historical M4: same-tensor role and style branches stay separate, with truthful actual variant membership (8.196784ms)
✔ historical M4: actual Transformer collapsed mask bundle splits solid/default/generic dashed with complete canonical membership (15.285141ms)
✔ historical M4: memory trunk style identity rejects equal-dashed different patterns while preserving source facts (41.720971ms)
✔ historical M4: equal-dashed different-pattern memory cannot acquire the independently known shared-family corridor (42.452303ms)
✔ historical M4: hidden inspector fallback uses the same effective pattern and exposes no hidden-only role legend (3.751575ms)
✔ historical M4: expanded detail boundary paths inherit actual role signatures and citation clears the footer (13.747894ms)
✔ historical M4: line legend clears edited annotations and manual symbols without deleting user objects (3.461521ms)
✔ historical M4: real SVG marker and stroke sample extents fit their boxes at every supported line-width boundary (17.095268ms)
✔ historical M4: empty visible graph has no fabricated line roles or samples (0.713469ms)
✔ historical M4: placing a note below objects does not make its own derived footer chase it downward (4.113531ms)
✔ historical M4: preset and override history preserves source/layout and real patterns through JSON roundtrip (4.586804ms)
✔ historical M4: independent oracle rejects coherent role/line/legend corruption rather than accepting changed expected output (3.802729ms)
✔ independent command directions use signed world distances and retain input selection (0.391704ms)
✔ decimal distances, bounded target wording, punctuation and whitespace have literal results (0.122713ms)
✔ explicit scope prefixes override either default and an omitted prefix uses the selected default (0.158226ms)
✔ empty selection, zero and nonfinite distances never emit a partial operation (0.13268ms)
✔ malformed attempted moves reject signed/exponent/partial/compound/CSS distances completely (0.211309ms)
✔ alias/color text and an empty command are not inferred as a movement (0.104174ms)
✔ actual App drag captures scope at down and commits that scope after a different render scope (42.751776ms)
✔ actual App ignores unrelated pointer-up and stale-document move without committing history (20.033408ms)
✔ actual App scope selection cancels gesture, frame and recovery before a late terminal input (17.20786ms)
✔ actual App alignment uses the selected scope and preserves the unrelated compact cache for current scope (33.133858ms)
✔ actual App language dispatch applies exact local world delta and preserves alias source facts (16.193264ms)
✔ actual App refuses partial compound movement and leaves alias/color dispatch intact (33.994838ms)
✔ actual App recovery forwards current scope and applies the exact proposed operation (16.564372ms)
✔ scope-specific caches retain the operated-container, ancestor and pinned-subtree toggle rules (1.036745ms)
✔ preview equals complete guarded scene/SVG for container resizing, negative/manual geometry and repeated frames (3068.023805ms)
✔ selected parent and child move exactly once; pinned descendants protect ancestor subtree (1056.39007ms)
✔ sparse visible layout materializes once and hidden layout uses the established source contract (281.173154ms)
✔ preview leaves history/frontiers/source untouched, commit updates snapshots and supports one undo/redo (717.513082ms)
✔ prepared snapshot isolates later caller mutation and returned scene cannot corrupt frozen semantic references (318.309818ms)
✔ preview rejects forged sessions, invalid selection/coordinates and corrupted document before showing geometry (143.95805ms)
✔ independent oracle detects polluted body/header and route geometry (61.592576ms)
✔ four directions preserve exact manual coordinates, shared endpoints and expose left/header/sibling conflicts (981.115672ms)
✔ explicit recovery preview is obstacle-safe and commit is one reversible visual operation (1290.647697ms)
✔ recovery respects pins and keeps an unchanged route-only warning distinct from an unneeded body-clear object (311.499408ms)
✔ a partial overlap reduction cannot be offered as selected-object position recovery (1.07786ms)
✔ touching the true parent border is contained while even a one-unit left escape is diagnosed (377.871168ms)
✔ selected expanded subtree moves as one root and recovery preserves child locals and outside pins (228.713751ms)
✔ an invariant internal conflict is unavailable even with many nearby candidate obstacles (615.212295ms)
✔ ready recovery preserves an existing unrelated collision rather than presenting it as globally resolved (305.332212ms)
✔ unknown or hidden objects do not produce phantom recovery scenes (118.168887ms)
✔ same-pair ancestor collision growth rejects an otherwise clear nearby candidate (4041.576209ms)
✔ two trusted trials competing for one raw event both remain unmatched (1.236384ms)
✔ a fully overlapping 2 by 2 candidate graph has no unique pair under either array order (0.359919ms)
✔ a one-candidate trial cannot steal an event from a competing two-candidate trial (0.343444ms)
✔ the matching window includes both exact 8 ms endpoints and excludes points beyond them (0.413311ms)
✔ different target identities separate otherwise identical timing windows (0.267952ms)
✔ different event names separate otherwise identical target and timing windows (0.168825ms)
✔ an untrusted competitor does not consume or make a trusted event ambiguous (0.122849ms)
✔ ambiguity in one target component does not erase a separate unique component (0.13815ms)
✔ duplicate raw records remain separate candidates and cannot fabricate uniqueness (0.175977ms)
✔ native timing remains independent of geometry and handler proxy; pin spaces differ (0.194029ms)
✔ untrusted, unmatched, ambiguous and reused native entries cannot yield passing zero latency (0.22407ms)
✔ stale source or concurrent revisions invalidate spatial and summary evidence; missing pins stay unmeasured (0.128465ms)
✔ independent native receipt checker rejects forged zero latency, anchor drift and stale source (0.604055ms)
✔ bilateral uniqueness keeps both competing trials null and is order independent (0.126166ms)
✔ overlapping candidate sets cannot be resolved by entry or trial order (0.100484ms)
✔ distinct target and event identities retain unique matches regardless of order (0.137159ms)
✔ independent verifier rejects first-trial ownership of a shared entry (0.315941ms)
✔ independent verifier rejects greedy ownership in an overlapping candidate chain (0.258733ms)
✔ clear preferred orthogonal paths remain byte-identical and endpoint data stays immutable (0.210571ms)
✔ independent broken-path counterexample detects unrelated intrusion and repaired route keeps endpoints (0.462081ms)
✔ ancestor frame passage is valid; unrelated frame interiors remain obstacles (0.119636ms)
✔ preferred route re-entry into an endpoint body is repaired, not mistaken for a clear unrelated-body path (0.213137ms)
✔ overlap covering an endpoint is reported explicitly rather than invented as a clear route (0.105714ms)
✔ blocked ancestor headers retain arbitrary canonical IDs without synthetic suffix decoding (0.112934ms)
✔ all nine historical source-bound golden frontiers rerender without unrelated-body intrusions (1447.793625ms)
✔ detail boundary stubs reuse obstacle routing across all visible expanded golden containers (13936.091229ms)
✔ four-direction moves preserve semantic identity, history, exact preview/guarded Scene and routed SVG (236.97794ms)
✔ intentional overlapping manual objects keep anchors and publish explicit overlap/routing diagnostics (46.035753ms)
✔ manual upward move into expanded ancestor header keeps the coordinate and reports the conflict (18.07048ms)
✔ sealed generated architecture uses the actual Output alias while exact return evidence survives in scene and SVG (1.459972ms)
✔ a legitimate n_ user return key without a display alias is never classified as machine-generated (0.837363ms)
✔ nested slots, scalar keys, a UUID-looking user key and whole return retain handwritten unaliased captions (0.497442ms)
✔ different long aliases on multiple outputs retain distinct labels and their independent actual nested paths (0.517288ms)
✔ non-output aliases, an Output without a declared path and opaque evidence preserve their existing meaning (0.335962ms)
✔ explicit alias uses existing visual history and undo restores the real return caption without touching canonical facts (3.055763ms)
✔ formal LSTM nested output slots retain handwritten key/index evidence in documents (100.482097ms)
✔ import validation rejects malformed output paths and slots on non-output nodes (38.898257ms)
✔ a renamed return slot cannot borrow presentation from the prior ordinal output (86.206156ms)
✔ snapshot includes queued native timing and longtask exactly once without waiting for callback delivery (0.700875ms)
✔ reset discards already queued entries before the new measurement window (0.160147ms)
✔ late callbacks retain only entries that started in the current reset window (0.190146ms)
✔ queued and callback ingestion share the same last-200 retention boundary (0.30614ms)
✔ receipt verifier recomputes percentiles and rejects unchanged or root frontiers (1.08711ms)
✔ performance probe never reports paint before its second animation-frame boundary (0.319317ms)
✔ frame sampler reports a bounded fps sample and reset removes prior samples (112.283863ms)
✔ automatic candidates replace a reverse vertical detour with a straight facing-side route, without editing bindings (0.796549ms)
✔ all four manual sides keep route endpoints on the public circle and obey source/target normals (5.392322ms)
✔ manual offset, automatic reset, undo/redo and JSON reopen retain an independent draft (3.550777ms)
✔ canvas manual proxy attachment survives collapse/reexpand, export, validation and history (22.938523ms)
✔ source diagram auto mode is opt-in and canonical bindings and node coordinates stay exact (6.588254ms)
✔ generated view port edits return to the authored endpoint and preserve an explicit automatic reset (19.313205ms)
✔ invalid offsets, sides and unknown canonical ports are rejected before a visual history change (1.03772ms)
✔ layer ordering removes a reversed downstream crossing without rewriting ranks (0.133927ms)
✔ every catalog module and every inserted preset keeps English module text while user aliases remain untouched (3.262087ms)
✔ real backend normalization and response reader preserve manual ports, with identical generated model source (42.13133ms)
✔ current residual frontier reserves an outside ancestor corridor after right move (3142.141432ms)
✔ current readable routes keep ports and peer geometry under translation and horizontal mirror (2998.183677ms)
✔ source-grounded overview mask gains eight-unit body clearance without changing any peer pair or port (67.00373ms)
✔ historical M4: independent final-SVG oracle detects all six sealed ChS stack intrusions and three buried frontier outputs (16.979006ms)
✔ historical M4: source-bound final SVG stack/endpoint/Canvas invariants: mlp-level0-paper-180 (6.174212ms)
✔ historical M4: source-bound final SVG stack/endpoint/Canvas invariants: mlp-level1-paper-180 (5.26614ms)
✔ historical M4: source-bound final SVG stack/endpoint/Canvas invariants: residual_cnn-level0-paper-180 (10.210316ms)
✔ historical M4: source-bound final SVG stack/endpoint/Canvas invariants: residual_cnn-level1-paper-180 (9.607969ms)
✔ historical M4: source-bound final SVG stack/endpoint/Canvas invariants: residual_cnn-level2-paper-180 (24.411064ms)
✔ historical M4: source-bound final SVG stack/endpoint/Canvas invariants: transformer-level0-paper-180 (41.281491ms)
✔ historical M4: source-bound final SVG stack/endpoint/Canvas invariants: transformer-level1-paper-180 (66.741416ms)
✔ historical M4: source-bound final SVG stack/endpoint/Canvas invariants: transformer-level2-paper-180 (106.429249ms)
✔ historical M4: source-bound final SVG stack/endpoint/Canvas invariants: transformer-level3-paper-180 (109.677411ms)
✔ historical M4: reported CNN bottom and Transformer memory examples attach to exposed card union (8.204157ms)
✔ historical M4: near-left bottom outputs follow actual +0/+3.5/+7 cards instead of empty envelope corners (9.209795ms)
✔ historical M4: same canonical memory output has coherent bottom and right display ports for multiple consumers (2.220845ms)
✔ historical M4: unrelated backplate-only obstacle and source own-stack reentry are independently rejected and rerouted (1.471149ms)
✔ historical M4: overlapping Repeat ownership is reported once and an endpoint covered by another body remains honestly blocked (0.179267ms)
✔ historical M4: detail fallback ports and translated stacks retain canonical boundary coverage and exposed endpoints (1.779695ms)
✔ historical M4: expanded/nonrepeat ports, in-place expansion, pins and move preview/history preserve presentation contracts (8.693572ms)
✔ a genuine source/style fan-out is drawn once with a literal junction and complete canonical paths retained (0.445324ms)
✔ tensor labels alone, distinct canonical ports, role/style changes and later rejoining never hide an ambiguous lane (0.248593ms)
✔ the image failure has genuine differently typed overlays; all 41 saved hierarchical/movement scenes now separate them without rewriting facts or anchors (7515.7915ms)
✔ deep frontier four-direction movement, persistence and history retain the separated routes and stable visual slots (14332.607946ms)
✔ route work caps are deterministic and oversized batches retain complete canonical endpoint geometry (582.051522ms)
✔ shortcut source inputs are bound to previous router and evidence candidates, not model-name heuristics (0.673543ms)
✔ independent pair sensor rejects split-vertex and collinear contacts, changed positions and new same-tensor overlaps (1.143124ms)
✔ unconflicted arbitrary typed route shortens without source/canonical evidence, object mutation or nondeterminism (5.155355ms)
✔ historical M4: source-backed mlp-level0-paper-180 shortens only pairwise protected routes and preserves nodes/source facts (0.876241ms)
✔ historical M4: source-backed mlp-level1-paper-180 shortens only pairwise protected routes and preserves nodes/source facts (2.553084ms)
✔ historical M4: source-backed residual_cnn-level0-paper-180 shortens only pairwise protected routes and preserves nodes/source facts (1.530648ms)
✔ historical M4: source-backed residual_cnn-level1-paper-180 shortens only pairwise protected routes and preserves nodes/source facts (2.669456ms)
✔ historical M4: source-backed residual_cnn-level2-paper-180 shortens only pairwise protected routes and preserves nodes/source facts (8.496653ms)
✔ historical M4: source-backed transformer-level0-paper-180 shortens only pairwise protected routes and preserves nodes/source facts (11.941201ms)
✔ historical M4: source-backed transformer-level1-paper-180 shortens only pairwise protected routes and preserves nodes/source facts (22.134103ms)
✔ historical M4: source-backed transformer-level2-paper-180 shortens only pairwise protected routes and preserves nodes/source facts (32.436778ms)
✔ historical M4: source-backed transformer-level3-paper-180 shortens only pairwise protected routes and preserves nodes/source facts (29.8128ms)
✔ obstacles, Repeat backplates and expanded ancestor headers retain a safe route rather than take the Manhattan shortcut (31.874589ms)
✔ covered endpoint, invalid reversal and work-cap inputs preserve honest fallback routes (51.060328ms)
✔ same-tensor and different-tensor peer geometry cannot gain hidden crossings contacts or overlaps (5.806998ms)
✔ a 0.005-world-unit moved same-tensor crossing cannot masquerade as its old geometric point (3.165772ms)
✔ shortcut cannot make its source escape hit its own endpoint through a non-adjacent segment (2.206317ms)
✔ existing self contacts and crossings remain eligible for a checked shorter subset (0.494157ms)
✔ independent self sensor ignores adjacent bends but detects non-adjacent crossing, point contact and retracing (0.132147ms)
✔ historical M4: independent oracle rejects 15 corruptions including coherent graph displacement and tensor concealment (5.04908ms)
✔ historical M4: independent strict-interior oracle excludes point contact and same tensor trunks, merges collinear intervals (0.810809ms)
✔ historical M4: outline compatibility rejects eight coherent corruptions while preserving the frozen routing oracle (31.95081ms)
✔ historical M4: independent source-bound frontier/detail/four-direction history invariants: mlp-level0-paper-180 (36.557504ms)
✔ historical M4: independent source-bound frontier/detail/four-direction history invariants: mlp-level1-paper-180 (87.778194ms)
✔ historical M4: independent source-bound frontier/detail/four-direction history invariants: residual_cnn-level0-paper-180 (84.05248ms)
✔ historical M4: independent source-bound frontier/detail/four-direction history invariants: residual_cnn-level1-paper-180 (129.402463ms)
✔ historical M4: independent source-bound frontier/detail/four-direction history invariants: residual_cnn-level2-paper-180 (327.505101ms)
✔ historical M4: independent source-bound frontier/detail/four-direction history invariants: transformer-level0-paper-180 (327.082568ms)
✔ historical M4: independent source-bound frontier/detail/four-direction history invariants: transformer-level1-paper-180 (669.145377ms)
✔ historical M4: independent source-bound frontier/detail/four-direction history invariants: transformer-level2-paper-180 (1499.702712ms)
✔ historical M4: independent source-bound frontier/detail/four-direction history invariants: transformer-level3-paper-180 (1632.558129ms)
✔ historical M4: real public source-bound Transformer metrics improve while preserving unresolved complex crossings (41.096865ms)
✔ historical M4: public differing-tensor geometry reduces overlap length while shared tensor trunk remains byte-identical (3.742119ms)
✔ indexed projected ports retain non-adjacent canonical coverage and role order (21.752194ms)
✔ parallel style groups and cycle fallback survive expand/undo/redo without mutating source (658.39513ms)
✔ actual compact source-card markup retains dimensions, dot-only port hit and a topmost body drag target (10.066675ms)
✔ actual AuthoringStudio title clicks select two compact nodes and its pointer callbacks drag both as one undo action (14.396555ms)
✔ actual App callbacks retain draft undo/redo and follow same-revision camera, selection and tool on multiple returns (107.524944ms)
✔ real source rebase preserves parameters, added nodes and edges, deletion tombstones and both history stacks (311.137838ms)
✔ actual App visual-revision return reprojects complete history and preserves source history byte-for-byte (272.657487ms)
✔ changed source/IR or an invalid history rebase is rejected atomically before replacing a retained session (161.423715ms)
✔ saved/reopened draft retains view and undo, browser recovery restores both stacks and rejects cross-source history (94.545024ms)
✔ source→draft viewport change preserves world centre and close-up zoom without changing canvas geometry (0.162381ms)
✔ actual AuthoringStudio reopen callback keeps camera/selection and undo; save commits only matching current bytes (102.659814ms)
✔ unresolved regions expose both authored paths and nested source definitions in view and editor (243.549355ms)
✔ all recovered source compositions recursively expose their real primitives, including unnamed nested modules and repeats (1496.754914ms)
✔ decomposed Transformer edits generate a compact view and return with full structure, manual ports and undo intact (3495.43338ms)
✔ editing and view frontiers cannot be paired across document revisions (109.636475ms)
✔ unseen opaque models accept edits on the same source canvas with save/reopen, undo and export (387.697176ms)
✔ source frontier collapse retains opaque visual changes and hidden local placement without regenerating Python (277.80064ms)
✔ source dependency arrows restore after collapse and JSON reopen without changing tensor edges or ports (51.439081ms)
✔ source arrows and separate legend appear in publication/editor SVG and stay inside fit bounds (4.457814ms)
✔ detail export includes only dependencies inside its selected source subtree (3.950305ms)
✔ source relations reject tensor endpoints, self loops, extra bindings and duplicate identities (1.302084ms)
✔ editor derives source arrows from actual moved geometry and persists facts through source presentation edits (71.259069ms)
✔ real Temporal shared projection keeps two distinct calls and four authored paths after edits and reopen (97.560486ms)
✔ Skip repeat is independent; expanding and detail export retain identities and external boundaries (176.190483ms)
✔ GNN names and arbitrary visual aliases do not turn unknown regions into known attention (52.284397ms)
✔ same label and duplicated call identity cannot invent distinct shared calls; facts detach from Canvas (66.822605ms)
✔ long authored output keys stay exact in metadata while subtitles fit the existing node width (71.031387ms)
✔ source-backed 300-layer Sequential expansion exposes 300 canonical layer objects (1110.578064ms)
✔ the actual CNN sentence breaks before path instead of splitting a fitting word (0.142504ms)
✔ CJK characters and whole English tokens can share lines without inserted text (0.073725ms)
✔ explicit line breaks and blank lines remain while soft line boundaries discard whitespace (0.11131ms)
✔ oversized source identifiers have finite code-point fallback without dropping characters (3.051681ms)
✔ Unicode code points stay intact and an individually oversized point still makes progress (0.277697ms)
✔ Scene annotation height and both SVG modes use the independently expected CNN lines (0.703657ms)
✔ a valid annotation narrower than its text inset still builds and renders (0.475187ms)
✔ real residual CNN nested expansion keeps downstream pool clear and restores base frontier (4083.563507ms)
✔ real MLP pinned output conflict is explicit while both expansion anchors stay fixed (123.319627ms)
ℹ tests 596
ℹ suites 0
ℹ pass 596
ℹ fail 0
ℹ cancelled 0
ℹ skipped 0
ℹ todo 0
ℹ duration_ms 219824.004205
