test_current_manifest_is_valid_and_keeps_m4_partial (tests.test_m5_beta_release.M5BetaReleaseTests.test_current_manifest_is_valid_and_keeps_m4_partial) ... ok
test_false_host_certification_is_rejected (tests.test_m5_beta_release.M5BetaReleaseTests.test_false_host_certification_is_rejected) ... ok
test_false_release_claim_is_rejected (tests.test_m5_beta_release.M5BetaReleaseTests.test_false_release_claim_is_rejected) ... ok
test_hash_mismatch_is_rejected (tests.test_m5_beta_release.M5BetaReleaseTests.test_hash_mismatch_is_rejected) ... ok
test_invalid_role_is_rejected_by_schema (tests.test_m5_beta_release.M5BetaReleaseTests.test_invalid_role_is_rejected_by_schema) ... ok
test_m4_completion_cannot_be_claimed_by_scaffold (tests.test_m5_beta_release.M5BetaReleaseTests.test_m4_completion_cannot_be_claimed_by_scaffold) ... ok
test_missing_host_is_rejected (tests.test_m5_beta_release.M5BetaReleaseTests.test_missing_host_is_rejected) ... ok
test_outside_project_artifact_is_rejected (tests.test_m5_beta_release.M5BetaReleaseTests.test_outside_project_artifact_is_rejected) ... ok
test_prototype_runtime_is_rejected (tests.test_m5_beta_release.M5BetaReleaseTests.test_prototype_runtime_is_rejected) ... ok
test_activation_does_not_replace_user_current_directory (tests.test_m5_beta_bundle.M5BetaBundleTests.test_activation_does_not_replace_user_current_directory) ... ok
test_archive_symlink_is_rejected (tests.test_m5_beta_bundle.M5BetaBundleTests.test_archive_symlink_is_rejected) ... ok
test_archive_traversal_is_rejected (tests.test_m5_beta_bundle.M5BetaBundleTests.test_archive_traversal_is_rejected) ... ok
test_existing_bundle_is_never_overwritten (tests.test_m5_beta_bundle.M5BetaBundleTests.test_existing_bundle_is_never_overwritten) ... ok
test_failed_staging_keeps_other_files_and_leaves_no_version (tests.test_m5_beta_bundle.M5BetaBundleTests.test_failed_staging_keeps_other_files_and_leaves_no_version) ... ok
test_false_installed_host_claim_blocks_activation (tests.test_m5_beta_bundle.M5BetaBundleTests.test_false_installed_host_claim_blocks_activation) ... ok
test_file_directory_collision_is_rejected_before_installation (tests.test_m5_beta_bundle.M5BetaBundleTests.test_file_directory_collision_is_rejected_before_installation) ... ok
test_independent_extraction_analyzes_three_models_without_execution (tests.test_m5_beta_bundle.M5BetaBundleTests.test_independent_extraction_analyzes_three_models_without_execution) ... ok
test_install_upgrade_and_rollback_keep_version_bytes (tests.test_m5_beta_bundle.M5BetaBundleTests.test_install_upgrade_and_rollback_keep_version_bytes) ... ok
test_invalid_inner_metadata_is_rejected_before_installation (tests.test_m5_beta_bundle.M5BetaBundleTests.test_invalid_inner_metadata_is_rejected_before_installation) ... ok
test_inventory_covers_runtime_studio_skill_schema_and_locks (tests.test_m5_beta_bundle.M5BetaBundleTests.test_inventory_covers_runtime_studio_skill_schema_and_locks) ... ok
test_malformed_inner_schema_returns_a_validation_failure (tests.test_m5_beta_bundle.M5BetaBundleTests.test_malformed_inner_schema_returns_a_validation_failure) ... ok
test_modified_installed_file_blocks_activation (tests.test_m5_beta_bundle.M5BetaBundleTests.test_modified_installed_file_blocks_activation) ... ok
test_temporary_state_symlink_cannot_write_outside_prefix (tests.test_m5_beta_bundle.M5BetaBundleTests.test_temporary_state_symlink_cannot_write_outside_prefix) ... ok
test_unrecognized_activation_receipt_is_preserved (tests.test_m5_beta_bundle.M5BetaBundleTests.test_unrecognized_activation_receipt_is_preserved) ... ok
test_unregistered_current_symlink_is_preserved (tests.test_m5_beta_bundle.M5BetaBundleTests.test_unregistered_current_symlink_is_preserved) ... ok
test_version_override_cannot_relabel_release_metadata (tests.test_m5_beta_bundle.M5BetaBundleTests.test_version_override_cannot_relabel_release_metadata) ... ok
test_forged_digest_and_false_raster_font_claim_are_rejected (tests.test_m5_beta_preflight.M5PreflightTests.test_forged_digest_and_false_raster_font_claim_are_rejected) ... ok
test_forged_width_claim_is_rejected_using_actual_svg_bytes (tests.test_m5_beta_preflight.M5PreflightTests.test_forged_width_claim_is_rejected_using_actual_svg_bytes) ... ok
test_fresh_cli_uses_formal_source_and_preserves_text_svg_dimensions (tests.test_m5_beta_preflight.M5PreflightTests.test_fresh_cli_uses_formal_source_and_preserves_text_svg_dimensions) ... ok

----------------------------------------------------------------------
Ran 29 tests in 2.697s

OK
