
> archcanvas-studio@0.1.0 test
> node --experimental-strip-types --test --test-isolation=none tests/*.test.ts

✔ suggestion is below every current body, including expanded frames, legends and other notes (2.394883ms)
✔ excluding the selected annotation ignores its old bounds and gives a stable repeated position (0.220892ms)
✔ body conflicts include frontier leaves, legend labels and other notes, with exact touching permitted (0.32191ms)
✔ body conflict result does not assert orthogonal edge clearance (0.15918ms)
✔ formal complex expansion keeps the existing absolute note and recommends a clear new note below the new frontier (177.097926ms)
✔ explicit move below diagram is one annotation history operation and preserves save/export fields (110.471783ms)
✔ independent from-zero chain arrangement can fit its previously offscreen output with all module boxes visible (0.639286ms)
✔ independent fit handles negative manual placements, merge branches, aspect ratios and the full128module contract (9.576802ms)
✔ empty and unmeasured viewports return finite camera state and keep the blank draft intact (0.175384ms)
✔ manual off-body route waypoints fit along with node rectangles without changing either model or route (0.333081ms)
✔ raw numerical field input rejects empty tokens, invalid dimensions, nonfinite values and out-of-contract lengths (0.308714ms)
✔ duplicate display labels never redirect a typed shape diagnostic to another module or infer a target from text (0.274358ms)
✔ unknown node identities and unregistered parameter/port names cannot produce an active field highlight (0.327277ms)
✔ unstructuredHTTP conflicts and malformed diagnostics keep useful message without fabricated node or field targets (0.176277ms)
✔ public JSON transport preserves structured diagnostics and HTTP status without changing legacy successful payloads (12.32117ms)
✔ deferred old-draft response cannot resolve a missing identity in a replacement draft with the same labels (0.508075ms)
✔ independent four-direction authored moves preserve exact graph and one-command undo/redo (3.736931ms)
✔ merge ports stay distinct, fan-out is retained, malformed direction/foreign port and duplicate producers fail atomically (1.765749ms)
✔ a new binding that closes a directed cycle leaves history and every prior edge unchanged (0.265862ms)
✔ deleting a branch removes only its incident bindings and undo restores both merge ports (0.346466ms)
✔ explicit DAG arrange handles merge longest-path dependencies without overlaps or semantic changes (0.54711ms)
✔ manual covering overlaps keep anchors and report every retained routing obstruction (0.27955ms)
✔ no-op changes and unavailable history travel preserve identity; a new edit after undo clears redo (0.256251ms)
✔ public draft transport binds save CAS revision and reopens an independent exact draft while a conflict retains local edits (1.299296ms)
✔ click additions find free space past the original five-node overlap counterexample without moving prior modules (0.77646ms)
✔ cache boundary rejects crash-causing node shapes, impossible revisions and unsafe coordinates while returning detached valid edits (0.879803ms)
✔ public authoring pan primitive uses final endpoint in all four directions, ignores foreign pointer and preserves model history (0.363661ms)
✔ a transparent network is one history step and redo restores its stable nodes, edges and edits (1.403502ms)
✔ repeat insertion avoids occupied cards, preserves prior identities and bindings, and never connects old networks (1.185103ms)
✔ IDs collide or fail safely before any draft mutation; retry uses fresh identities for every node and edge (0.574206ms)
✔ catalog compatibility, node/edge budgets and extreme coordinates refuse atomically (1.480697ms)
✔ CNN starting layout is legible at the observed viewport with one clear exterior row return (0.85753ms)
✔ actual inserted graphs pass the formal nonexecuting backend source pipeline; a disconnected old node still fails generation (60.480873ms)
✔ pointerup endpoint is available without an intervening move or RAF (0.168831ms)
✔ terminal endpoint includes movement beyond the last sampled preview (0.091979ms)
✔ pan displacement is measured in CSS pixels and never divided by zoom (0.102234ms)
✔ returning to start restores exact initial camera without cumulative drift (0.144885ms)
✔ viewport-origin shift alone does not masquerade as a pointer delta (0.0663ms)
✔ a second pointer cannot update or finish the original pan (0.043615ms)
✔ initial camera snapshot and caller input remain untouched (0.063308ms)
✔ invalid start coordinates, zoom and pointer identity are rejected (0.220624ms)
✔ world camera keeps the sealed Transformer scene continuous across negative bounds (14.091513ms)
✔ fit, focus, pointer-centered zoom and pan use world coordinates (0.210097ms)
✔ collapsed frontier retains canonical tensors, named port direction and hidden edges (0.661841ms)
✔ expansion preserves anchor, unrelated pins, repeat sharing and re-expanded local edits (3.153353ms)
✔ batch rejects semantic field injection and stale revision without mutating input (0.88623ms)
✔ history restores a whole batch with monotonic revision and invalidates redo after new edit (0.933102ms)
✔ publication serializes the edited scene, escapes every user string and excludes editor controls (1.305134ms)
✔ document loader rejects port mismatch, parent cycle and non-finite imported geometry (1.088687ms)
✔ selected parent plus child moves once, pinned descendants protect their subtree (2.514075ms)
✔ repeated toggles restore neighbor geometry without drifting or losing a collapsed user move (4.939ms)
✔ long Chinese aliases and annotations retain text while their geometry grows (1.402913ms)
✔ source refresh preserves unique identity presentation and resets source undo boundary (3.625842ms)
✔ a rebound edge cannot inherit a style from its previous tensor binding (3.236621ms)
✔ projected parallel edges retain differing canonical styles instead of discarding them (0.850344ms)
✔ sealed Transformer mask edge inspector reflects the actual displayed style (21.593532ms)
✔ parallel growth fitting below an existing taller branch does not shift output again (13.863163ms)
✔ horizontal free space absorbs width growth; adjacent sibling spacing and authored gap are preserved (12.085084ms)
✔ manual distant output absorbs growth; downstream relative offsets and explicit user movement survive frontier restore (13.480414ms)
✔ pinned output and pinned descendant protect anchors while the existing warning reports unresolved overlap (12.288123ms)
✔ exact collapse/reexpand frontier snapshots and undo/redo remain stable after repeated parallel expansion (26.6627ms)
✔ real Transformer depth-two UI frontier uses existing space without cumulative independent branch height (188.220687ms)
✔ real Transformer depth-three and cached frontiers retain manual feedforward positions and no sibling intersections (220.971132ms)
✔ real Residual CNN grows both repeats and keeps downstream pool/flatten/classifier clear (56.67585ms)
✔ renderer changes invalidate an old export even when canvas revision and source digests match (0.260872ms)
✔ a restored artifact must describe the default document, width, revision, source and PNG resolution (0.171785ms)
✔ detail export partitions every canonical edge and visibly retains every crossing binding (8.101728ms)
✔ detail keeps edited geometry, aliases, styles, legend and contained annotations, and declares omissions (10.066195ms)
✔ distinct external node/port tuples cannot collide when their identities contain delimiters (3.504903ms)
✔ detail metadata and projected objects are detached from the input CanvasDocument (6.285966ms)
✔ detail rejects leaf, collapsed or hidden containers and invalid options; whole keeps the ordinary scene (7.10304ms)
✔ detail bounds retain manually offset descendants instead of clipping negative coordinates (7.14021ms)
✔ long boundary text and provenance fit their boxes and 85/180 mm preflight measures actual scale (10.859973ms)
✔ real source-derived MLP network detail accounts for adapters and exposes model input/output (33.834566ms)
✔ physical advice accounts for tall pages and rounds the required width upward (2.429773ms)
✔ detail choices distinguish equal labels by identity/path and preserve the current frontier and edits (23.576693ms)
✔ hierarchy order and depth follow authored roots and child lists, independent of flat node order (20.358467ms)
✔ empty aliases, escaped labels, repeat badges, pins and leaf/toggle ARIA stay exact (16.209786ms)
✔ collapsed ancestors hide latent descendants without erasing their expansion or selection (22.080616ms)
✔ a replacement architecture with the same IDs displays new labels, categories and topology (24.984967ms)
✔ an empty architecture renders no rows and non-hierarchy visual changes leave row HTML exact (11.286184ms)
✔ the actual formal source-backed 304-node model keeps precise old/new hierarchy HTML before and after expansion (662.401177ms)
✔ actual upward header conflict produces understandable guidance using display aliases (1.745259ms)
✔ actual overlapping leaves expose both overlap and blocked connection guidance (0.889008ms)
✔ source-analysis warnings stay in their own panel and missing object references do not leak identifiers (0.445777ms)
✔ preview equals complete guarded scene/SVG for container resizing, negative/manual geometry and repeated frames (38.286209ms)
✔ selected parent and child move exactly once; pinned descendants protect ancestor subtree (5.997029ms)
✔ sparse visible layout materializes once and hidden layout uses the established source contract (5.033769ms)
✔ preview leaves history/frontiers/source untouched, commit updates snapshots and supports one undo/redo (4.201991ms)
✔ prepared snapshot isolates later caller mutation and returned scene cannot corrupt frozen semantic references (1.901833ms)
✔ preview rejects forged sessions, invalid selection/coordinates and corrupted document before showing geometry (1.45336ms)
✔ independent oracle detects polluted body/header and route geometry (1.604757ms)
✔ four directions preserve exact manual coordinates, shared endpoints and expose left/header/sibling conflicts (14.158109ms)
✔ explicit recovery preview is obstacle-safe and commit is one reversible visual operation (19.043974ms)
✔ recovery respects selected pin, descendant pin and a clear right move without changing documents (4.880179ms)
✔ touching the true parent border is contained while even a one-unit left escape is diagnosed (4.484003ms)
✔ selected expanded subtree moves as one root and recovery preserves child locals and outside pins (5.446568ms)
✔ an invariant internal conflict is unavailable even with many nearby candidate obstacles (11.161561ms)
✔ ready recovery preserves an existing unrelated collision rather than presenting it as globally resolved (4.005555ms)
✔ unknown or hidden objects do not produce phantom recovery scenes (2.121315ms)
✔ same-pair ancestor collision growth rejects an otherwise clear nearby candidate (36.668382ms)
✔ native timing remains independent of geometry and handler proxy; pin spaces differ (0.53197ms)
✔ untrusted, unmatched, ambiguous and reused native entries cannot yield passing zero latency (0.381398ms)
✔ stale source or concurrent revisions invalidate spatial and summary evidence; missing pins stay unmeasured (0.180861ms)
✔ independent native receipt checker rejects forged zero latency, anchor drift and stale source (1.041313ms)
✔ clear preferred orthogonal paths remain byte-identical and endpoint data stays immutable (0.32916ms)
✔ independent broken-path counterexample detects unrelated intrusion and repaired route keeps endpoints (0.538082ms)
✔ ancestor frame passage is valid; unrelated frame interiors remain obstacles (0.1168ms)
✔ preferred route re-entry into an endpoint body is repaired, not mistaken for a clear unrelated-body path (0.194217ms)
✔ overlap covering an endpoint is reported explicitly rather than invented as a clear route (0.110664ms)
✔ blocked ancestor headers retain arbitrary canonical IDs without synthetic suffix decoding (0.132287ms)
✔ all nine historical source-bound golden frontiers rerender without unrelated-body intrusions (24.915857ms)
✔ detail boundary stubs reuse obstacle routing across all visible expanded golden containers (143.386765ms)
✔ four-direction moves preserve semantic identity, history, exact preview/guarded Scene and routed SVG (8.970814ms)
✔ intentional overlapping manual objects keep anchors and publish explicit overlap/routing diagnostics (1.026271ms)
✔ manual upward move into expanded ancestor header keeps the coordinate and reports the conflict (0.842268ms)
✔ formal LSTM nested output slots retain handwritten key/index evidence in documents (38.50592ms)
✔ import validation rejects malformed output paths and slots on non-output nodes (39.347361ms)
✔ a renamed return slot cannot borrow presentation from the prior ordinal output (41.792512ms)
✔ receipt verifier recomputes percentiles and rejects unchanged or root frontiers (1.166106ms)
✔ performance probe never reports paint before its second animation-frame boundary (0.441943ms)
✔ frame sampler reports a bounded fps sample and reset removes prior samples (114.033588ms)
✔ independent final-SVG oracle detects all six sealed ChS stack intrusions and three buried frontier outputs (18.404848ms)
✔ source-bound final SVG stack/endpoint/Canvas invariants: mlp-level0-paper-180 (6.626028ms)
✔ source-bound final SVG stack/endpoint/Canvas invariants: mlp-level1-paper-180 (3.850374ms)
✔ source-bound final SVG stack/endpoint/Canvas invariants: residual_cnn-level0-paper-180 (8.878511ms)
✔ source-bound final SVG stack/endpoint/Canvas invariants: residual_cnn-level1-paper-180 (5.357619ms)
✔ source-bound final SVG stack/endpoint/Canvas invariants: residual_cnn-level2-paper-180 (10.560826ms)
✔ source-bound final SVG stack/endpoint/Canvas invariants: transformer-level0-paper-180 (18.856973ms)
✔ source-bound final SVG stack/endpoint/Canvas invariants: transformer-level1-paper-180 (14.276196ms)
✔ source-bound final SVG stack/endpoint/Canvas invariants: transformer-level2-paper-180 (24.478224ms)
✔ source-bound final SVG stack/endpoint/Canvas invariants: transformer-level3-paper-180 (30.210965ms)
✔ reported CNN bottom and Transformer memory examples attach to exposed card union (6.003805ms)
✔ near-left bottom outputs follow actual +0/+3.5/+7 cards instead of empty envelope corners (8.176457ms)
✔ same canonical memory output has coherent bottom and right display ports for multiple consumers (1.262763ms)
✔ unrelated backplate-only obstacle and source own-stack reentry are independently rejected and rerouted (1.488603ms)
✔ overlapping Repeat ownership is reported once and an endpoint covered by another body remains honestly blocked (0.171847ms)
✔ detail fallback ports and translated stacks retain canonical boundary coverage and exposed endpoints (1.384339ms)
✔ expanded/nonrepeat ports, in-place expansion, pins and move preview/history preserve presentation contracts (5.476725ms)
✔ independent oracle rejects 15 corruptions including coherent graph displacement and tensor concealment (7.070116ms)
✔ independent strict-interior oracle excludes point contact and same tensor trunks, merges collinear intervals (0.819717ms)
✔ outline compatibility rejects eight coherent corruptions while preserving the frozen routing oracle (26.781374ms)
✔ independent source-bound frontier/detail/four-direction history invariants: mlp-level0-paper-180 (21.845733ms)
✔ independent source-bound frontier/detail/four-direction history invariants: mlp-level1-paper-180 (37.306631ms)
✔ independent source-bound frontier/detail/four-direction history invariants: residual_cnn-level0-paper-180 (43.728945ms)
✔ independent source-bound frontier/detail/four-direction history invariants: residual_cnn-level1-paper-180 (59.701392ms)
✔ independent source-bound frontier/detail/four-direction history invariants: residual_cnn-level2-paper-180 (139.631194ms)
✔ independent source-bound frontier/detail/four-direction history invariants: transformer-level0-paper-180 (112.777005ms)
✔ independent source-bound frontier/detail/four-direction history invariants: transformer-level1-paper-180 (201.892102ms)
✔ independent source-bound frontier/detail/four-direction history invariants: transformer-level2-paper-180 (419.370599ms)
✔ independent source-bound frontier/detail/four-direction history invariants: transformer-level3-paper-180 (553.076814ms)
✔ real public source-bound Transformer metrics improve while preserving unresolved complex crossings (17.68474ms)
✔ public differing-tensor geometry reduces overlap length while shared tensor trunk remains byte-identical (2.843736ms)
✔ indexed projected ports retain non-adjacent canonical coverage and role order (1.383147ms)
✔ parallel style groups and cycle fallback survive expand/undo/redo without mutating source (6.854755ms)
✔ real Temporal shared projection keeps two distinct calls and four authored paths after edits and reopen (41.752879ms)
✔ Skip repeat is independent; expanding and detail export retain identities and external boundaries (53.792307ms)
✔ GNN names and arbitrary visual aliases do not turn unknown regions into known attention (35.793073ms)
✔ same label and duplicated call identity cannot invent distinct shared calls; facts detach from Canvas (44.501121ms)
✔ long authored output keys stay exact in metadata while subtitles fit the existing node width (43.822307ms)
✔ source-backed 300-layer Sequential expansion exposes 300 canonical layer objects (625.81007ms)
✔ the actual CNN sentence breaks before path instead of splitting a fitting word (0.148123ms)
✔ CJK characters and whole English tokens can share lines without inserted text (0.084894ms)
✔ explicit line breaks and blank lines remain while soft line boundaries discard whitespace (0.108569ms)
✔ oversized source identifiers have finite code-point fallback without dropping characters (2.891293ms)
✔ Unicode code points stay intact and an individually oversized point still makes progress (0.275658ms)
✔ Scene annotation height and both SVG modes use the independently expected CNN lines (0.686507ms)
✔ a valid annotation narrower than its text inset still builds and renders (0.404342ms)
✔ real residual CNN nested expansion keeps downstream pool clear and restores base frontier (62.045181ms)
✔ real MLP pinned output conflict is explicit while both expansion anchors stay fixed (33.979582ms)
ℹ tests 170
ℹ suites 0
ℹ pass 170
ℹ fail 0
ℹ cancelled 0
ℹ skipped 0
ℹ todo 0
ℹ duration_ms 5619.727061
