AXES [
  209.33, 269.33,  212.7, 217.33, 261.33,
     229,    245, 201.33, 277.33,  196.7,
     282,    292,    302,    156, 152.67,
     146,    336,    138, 136.67,    342,
     136,    346,    132,    128,    352,
     356,    122,    360,    118,    362
] [
  316, 978, 322, 972, 324, 970,
  326, 968, 967, 330, 964, 334,
  960, 336, 958, 951, 344, 950,
  346, 948, 362, 932, 372, 382,
  388, 398, 408, 886, 424, 870
] CANDIDATES [
  'M 209.33 316 V 324 H 269.33 V 978',
  'M 209.33 316 V 970 H 269.33 V 978',
  'M 209.33 316 V 324 H 212.7 V 970 H 269.33 V 978',
  'M 209.33 316 V 324 H 217.33 V 970 H 269.33 V 978',
  'M 209.33 316 V 324 H 261.33 V 970 H 269.33 V 978',
  'M 209.33 316 V 324 H 229 V 970 H 269.33 V 978',
  'M 209.33 316 V 324 H 245 V 970 H 269.33 V 978',
  'M 209.33 316 V 324 H 201.33 V 970 H 269.33 V 978',
  'M 209.33 316 V 324 H 277.33 V 970 H 269.33 V 978',
  'M 209.33 316 V 324 H 196.7 V 970 H 269.33 V 978',
  'M 209.33 316 V 324 H 282 V 970 H 269.33 V 978',
  'M 209.33 316 V 324 H 292 V 970 H 269.33 V 978',
  'M 209.33 316 V 324 H 302 V 970 H 269.33 V 978',
  'M 209.33 316 V 324 H 156 V 970 H 269.33 V 978',
  'M 209.33 316 V 324 H 152.67 V 970 H 269.33 V 978',
  'M 209.33 316 V 324 H 146 V 970 H 269.33 V 978',
  'M 209.33 316 V 324 H 336 V 970 H 269.33 V 978',
  'M 209.33 316 V 324 H 138 V 970 H 269.33 V 978',
  'M 209.33 316 V 324 H 136.67 V 970 H 269.33 V 978',
  'M 209.33 316 V 324 H 342 V 970 H 269.33 V 978',
  'M 209.33 316 V 324 H 136 V 970 H 269.33 V 978',
  'M 209.33 316 V 324 H 346 V 970 H 269.33 V 978',
  'M 209.33 316 V 324 H 132 V 970 H 269.33 V 978',
  'M 209.33 316 V 324 H 128 V 970 H 269.33 V 978',
  'M 209.33 316 V 324 H 352 V 970 H 269.33 V 978',
  'M 209.33 316 V 324 H 356 V 970 H 269.33 V 978',
  'M 209.33 316 V 324 H 122 V 970 H 269.33 V 978',
  'M 209.33 316 V 324 H 360 V 970 H 269.33 V 978',
  'M 209.33 316 V 324 H 118 V 970 H 269.33 V 978',
  'M 209.33 316 V 324 H 362 V 970 H 269.33 V 978',
  'M 209.33 316 V 324 V 316 H 269.33 V 978',
  'M 209.33 316 V 978 H 269.33 V 970 V 978',
  'M 209.33 316 V 324 V 322 H 269.33 V 978',
  'M 209.33 316 V 972 H 269.33 V 970 V 978',
  'M 209.33 316 V 326 H 269.33 V 978',
  'M 209.33 316 V 968 H 269.33 V 978',
  'M 209.33 316 V 967 H 269.33 V 978',
  'M 209.33 316 V 330 H 269.33 V 978',
  'M 209.33 316 V 964 H 269.33 V 978',
  'M 209.33 316 V 334 H 269.33 V 978',
  'M 209.33 316 V 960 H 269.33 V 978',
  'M 209.33 316 V 336 H 269.33 V 978',
  'M 209.33 316 V 958 H 269.33 V 978',
  'M 209.33 316 V 951 H 269.33 V 978',
  'M 209.33 316 V 344 H 269.33 V 978',
  'M 209.33 316 V 950 H 269.33 V 978',
  'M 209.33 316 V 346 H 269.33 V 978',
  'M 209.33 316 V 948 H 269.33 V 978',
  'M 209.33 316 V 362 H 269.33 V 978',
  'M 209.33 316 V 932 H 269.33 V 978',
  'M 209.33 316 V 372 H 269.33 V 978',
  'M 209.33 316 V 382 H 269.33 V 978',
  'M 209.33 316 V 388 H 269.33 V 978',
  'M 209.33 316 V 398 H 269.33 V 978',
  'M 209.33 316 V 408 H 269.33 V 978',
  'M 209.33 316 V 886 H 269.33 V 978',
  'M 209.33 316 V 424 H 269.33 V 978',
  'M 209.33 316 V 870 H 269.33 V 978',
  'M 209.33 316 V 334 H 212.7 V 960 H 269.33 V 978',
  'M 209.33 316 V 334 H 217.33 V 960 H 269.33 V 978',
  'M 209.33 316 V 334 H 261.33 V 960 H 269.33 V 978',
  'M 209.33 316 V 334 H 229 V 960 H 269.33 V 978',
  'M 209.33 316 V 334 H 245 V 960 H 269.33 V 978',
  'M 209.33 316 V 334 H 201.33 V 960 H 269.33 V 978',
  'M 209.33 316 V 334 H 277.33 V 960 H 269.33 V 978',
  'M 209.33 316 V 334 H 196.7 V 960 H 269.33 V 978',
  'M 209.33 316 V 334 H 282 V 960 H 269.33 V 978',
  'M 209.33 316 V 334 H 292 V 960 H 269.33 V 978',
  'M 209.33 316 V 334 H 302 V 960 H 269.33 V 978',
  'M 209.33 316 V 334 H 156 V 960 H 269.33 V 978',
  'M 209.33 316 V 334 H 152.67 V 960 H 269.33 V 978',
  'M 209.33 316 V 334 H 146 V 960 H 269.33 V 978',
  'M 209.33 316 V 334 H 336 V 960 H 269.33 V 978',
  'M 209.33 316 V 334 H 138 V 960 H 269.33 V 978',
  'M 209.33 316 V 334 H 136.67 V 960 H 269.33 V 978',
  'M 209.33 316 V 334 H 342 V 960 H 269.33 V 978',
  'M 209.33 316 V 334 H 136 V 960 H 269.33 V 978',
  'M 209.33 316 V 334 H 346 V 960 H 269.33 V 978',
  'M 209.33 316 V 334 H 132 V 960 H 269.33 V 978',
  'M 209.33 316 V 334 H 128 V 960 H 269.33 V 978',
  'M 209.33 316 V 334 H 352 V 960 H 269.33 V 978',
  'M 209.33 316 V 334 H 356 V 960 H 269.33 V 978',
  'M 209.33 316 V 334 H 122 V 960 H 269.33 V 978',
  'M 209.33 316 V 334 H 360 V 960 H 269.33 V 978',
  'M 209.33 316 V 334 H 118 V 960 H 269.33 V 978',
  'M 209.33 316 V 334 H 362 V 960 H 269.33 V 978',
  'M 209.33 316 V 334 V 316 H 269.33 V 978',
  'M 209.33 316 V 978 H 269.33 V 960 V 978',
  'M 209.33 316 V 334 V 322 H 269.33 V 978',
  'M 209.33 316 V 972 H 269.33 V 960 V 978',
  'M 209.33 316 V 334 V 324 H 269.33 V 978',
  'M 209.33 316 V 970 H 269.33 V 960 V 978',
  'M 209.33 316 V 334 V 326 H 269.33 V 978',
  'M 209.33 316 V 968 H 269.33 V 960 V 978',
  'M 209.33 316 V 967 H 269.33 V 960 V 978',
  'M 209.33 316 V 334 V 330 H 269.33 V 978',
  'M 209.33 316 V 964 H 269.33 V 960 V 978',
  'M 209.33 316 V 344 H 212.7 V 950 H 269.33 V 978',
  'M 209.33 316 V 344 H 217.33 V 950 H 269.33 V 978',
  'M 209.33 316 V 344 H 261.33 V 950 H 269.33 V 978',
  ... 41 more items
]
CLEAR FAIL M 209.33 316 V 324 H 269.33 V 978
CLEAR FAIL M 209.33 316 V 326 H 269.33 V 978
CLEAR FAIL M 209.33 316 V 330 H 269.33 V 978
CLEAR FAIL M 209.33 316 V 334 H 269.33 V 978
CLEAR FAIL M 209.33 316 V 336 H 269.33 V 978
CLEAR FAIL M 209.33 316 V 344 H 269.33 V 978
CLEAR FAIL M 209.33 316 V 346 H 269.33 V 978
CLEAR FAIL M 209.33 316 V 362 H 269.33 V 978
CLEAR FAIL M 209.33 316 V 372 H 269.33 V 978
CLEAR FAIL M 209.33 316 V 382 H 269.33 V 978
CLEAR FAIL M 209.33 316 V 388 H 269.33 V 978
CLEAR FAIL M 209.33 316 V 398 H 269.33 V 978
CLEAR FAIL M 209.33 316 V 408 H 269.33 V 978
CLEAR FAIL M 209.33 316 V 424 H 269.33 V 978
CLEAR FAIL M 209.33 316 V 870 H 269.33 V 978
CLEAR FAIL M 209.33 316 V 886 H 269.33 V 978
CLEAR FAIL M 209.33 316 V 932 H 269.33 V 978
CLEAR FAIL M 209.33 316 V 948 H 269.33 V 978
CLEAR FAIL M 209.33 316 V 950 H 269.33 V 978
CLEAR FAIL M 209.33 316 V 951 H 269.33 V 978
CLEAR FAIL M 209.33 316 V 958 H 269.33 V 978
CLEAR FAIL M 209.33 316 V 960 H 269.33 V 978
CLEAR FAIL M 209.33 316 V 964 H 269.33 V 978
CLEAR FAIL M 209.33 316 V 967 H 269.33 V 978
CLEAR FAIL M 209.33 316 V 968 H 269.33 V 978
CLEAR FAIL M 209.33 316 V 970 H 269.33 V 978
CLEAR FAIL M 209.33 316 V 951 H 269.33 V 950 V 978
CLEAR FAIL M 209.33 316 V 324 V 322 H 269.33 V 978
CLEAR FAIL M 209.33 316 V 972 H 269.33 V 970 V 978
CLEAR FAIL M 209.33 316 V 334 V 330 H 269.33 V 978
CLEAR FAIL M 209.33 316 V 964 H 269.33 V 960 V 978
CLEAR FAIL M 209.33 316 V 967 H 269.33 V 960 V 978
CLEAR FAIL M 209.33 316 V 324 V 316 H 269.33 V 978
CLEAR FAIL M 209.33 316 V 334 V 326 H 269.33 V 978
CLEAR FAIL M 209.33 316 V 344 V 336 H 269.33 V 978
CLEAR FAIL M 209.33 316 V 958 H 269.33 V 950 V 978
CLEAR FAIL M 209.33 316 V 968 H 269.33 V 960 V 978
CLEAR FAIL M 209.33 316 V 978 H 269.33 V 970 V 978
CLEAR FAIL M 209.33 316 V 324 H 212.7 V 970 H 269.33 V 978
CLEAR FAIL M 209.33 316 V 324 H 217.33 V 970 H 269.33 V 978
CLEAR FAIL M 209.33 316 V 324 H 229 V 970 H 269.33 V 978
CLEAR FAIL M 209.33 316 V 324 H 245 V 970 H 269.33 V 978
CLEAR FAIL M 209.33 316 V 324 H 261.33 V 970 H 269.33 V 978
CLEAR FAIL M 209.33 316 V 334 H 212.7 V 960 H 269.33 V 978
CLEAR FAIL M 209.33 316 V 334 H 217.33 V 960 H 269.33 V 978
CLEAR FAIL M 209.33 316 V 334 H 229 V 960 H 269.33 V 978
CLEAR FAIL M 209.33 316 V 334 H 245 V 960 H 269.33 V 978
CLEAR FAIL M 209.33 316 V 334 H 261.33 V 960 H 269.33 V 978
CLEAR FAIL M 209.33 316 V 344 H 212.7 V 950 H 269.33 V 978
CLEAR FAIL M 209.33 316 V 344 H 217.33 V 950 H 269.33 V 978
CLEAR FAIL M 209.33 316 V 344 H 229 V 950 H 269.33 V 978
CLEAR FAIL M 209.33 316 V 344 H 245 V 950 H 269.33 V 978
CLEAR FAIL M 209.33 316 V 344 H 261.33 V 950 H 269.33 V 978
CLEAR FAIL M 209.33 316 V 334 V 324 H 269.33 V 978
CLEAR FAIL M 209.33 316 V 344 V 334 H 269.33 V 978
CLEAR FAIL M 209.33 316 V 960 H 269.33 V 950 V 978
CLEAR FAIL M 209.33 316 V 970 H 269.33 V 960 V 978
CLEAR FAIL M 209.33 316 V 334 V 322 H 269.33 V 978
CLEAR FAIL M 209.33 316 V 972 H 269.33 V 960 V 978
CLEAR FAIL M 209.33 316 V 344 V 330 H 269.33 V 978
CLEAR FAIL M 209.33 316 V 964 H 269.33 V 950 V 978
CLEAR FAIL M 209.33 316 V 324 H 201.33 V 970 H 269.33 V 978
CLEAR FAIL M 209.33 316 V 324 H 277.33 V 970 H 269.33 V 978
CLEAR FAIL M 209.33 316 V 334 H 201.33 V 960 H 269.33 V 978
WORK {
  candidates: 309,
  accepted: 0,
  pairs: 78,
  segments: 742,
  obstacles: 16615
}
