{
  "output": "/home/fzg/PycharmProjects/ArchCanvas/ArchCanvas_Model_Architecture_Studio/docs/evidence/m4-routing-refinement/performance/candidate-final-budget-audit.json",
  "publicPathCount": 180,
  "caps": {
    "maxNodes": 1024,
    "maxRoutes": 512,
    "maxRoutePoints": 4096,
    "maxPairChecks": 32768,
    "maxSegmentChecks": 150000,
    "maxObstacleChecks": 60000,
    "maxCandidates": 384,
    "maxCandidatesPerRoute": 80,
    "maxRefinedRoutes": 8,
    "passes": 2
  },
  "gateResults": [
    {
      "name": "maxRoutes-plus-one",
      "calls": [
        {
          "nodes": 9,
          "routes": 513,
          "routePoints": 2052
        }
      ],
      "wholeResultSha256": "5e0942da445454becbd9d32426affb04ad61a990e2591329385160ff953bd591"
    },
    {
      "name": "maxNodes-plus-one",
      "calls": [
        {
          "nodes": 1025,
          "routes": 2,
          "routePoints": 8
        }
      ],
      "wholeResultSha256": "d29b4eecc067373fc087a3d6768aff05e8f8e0ef7d39d3c1894b7fb76a985699"
    },
    {
      "name": "maxRoutePoints-plus-one",
      "calls": [
        {
          "nodes": 9,
          "routes": 2,
          "routePoints": 4103
        }
      ],
      "wholeResultSha256": "eaaa7490fbcc0f84d6c6804d415c2ba10577bc980ae959aa80440d4076680aed"
    },
    {
      "name": "maxRoutes-dense-pair-saturation",
      "calls": [
        {
          "nodes": 9,
          "routes": 512,
          "routePoints": 2048,
          "budget": {
            "segmentChecks": 32768,
            "obstacleChecks": 0,
            "pairChecks": 32768,
            "candidates": 0,
            "refinedRoutes": 0
          }
        }
      ],
      "wholeResultSha256": "b613dc28dcaf520dc4dd8e966429880541c29865d57f5920f96438695e651f9b"
    }
  ]
}
