{
  "output": "comparison.json",
  "rows": [
    {
      "input": "mlp-L0",
      "buildAndSvgBefore": 0.488514,
      "buildAndSvgAfter": 0.503434,
      "previewBefore": 0.503641,
      "previewAfter": 0.439623,
      "commitBefore": 0.889862,
      "commitAfter": 0.804065
    },
    {
      "input": "mlp-L1",
      "buildAndSvgBefore": 0.431977,
      "buildAndSvgAfter": 0.645825,
      "previewBefore": 0.668332,
      "previewAfter": 0.547721,
      "commitBefore": 1.245839,
      "commitAfter": 1.10418
    },
    {
      "input": "residual_cnn-L0",
      "buildAndSvgBefore": 0.793681,
      "buildAndSvgAfter": 0.688666,
      "previewBefore": 0.683561,
      "previewAfter": 0.710839,
      "commitBefore": 1.46704,
      "commitAfter": 1.483153
    },
    {
      "input": "residual_cnn-L1",
      "buildAndSvgBefore": 0.608498,
      "buildAndSvgAfter": 0.712157,
      "previewBefore": 0.64921,
      "previewAfter": 0.675673,
      "commitBefore": 1.777827,
      "commitAfter": 1.775248
    },
    {
      "input": "residual_cnn-L2",
      "buildAndSvgBefore": 1.589438,
      "buildAndSvgAfter": 1.622766,
      "previewBefore": 1.599245,
      "previewAfter": 1.581832,
      "commitBefore": 3.041685,
      "commitAfter": 3.164483
    },
    {
      "input": "transformer-L0",
      "buildAndSvgBefore": 0.87724,
      "buildAndSvgAfter": 1.960581,
      "previewBefore": 0.983311,
      "previewAfter": 2.094556,
      "commitBefore": 2.852571,
      "commitAfter": 4.986503
    },
    {
      "input": "transformer-L1",
      "buildAndSvgBefore": 1.426414,
      "buildAndSvgAfter": 2.804254,
      "previewBefore": 2.116961,
      "previewAfter": 2.897659,
      "commitBefore": 4.763789,
      "commitAfter": 6.358303
    },
    {
      "input": "transformer-L2",
      "buildAndSvgBefore": 4.24553,
      "buildAndSvgAfter": 5.582355,
      "previewBefore": 7.003714,
      "previewAfter": 7.860368,
      "commitBefore": 11.947834,
      "commitAfter": 13.637782
    },
    {
      "input": "transformer-L3",
      "buildAndSvgBefore": 5.974423,
      "buildAndSvgAfter": 6.611236,
      "previewBefore": 9.760437,
      "previewAfter": 10.206132,
      "commitBefore": 15.596009,
      "commitAfter": 16.766516
    },
    {
      "input": "stress300",
      "buildAndSvgBefore": 17.186847,
      "buildAndSvgAfter": 16.63115,
      "previewBefore": 16.492919,
      "previewAfter": 15.986132,
      "commitBefore": 34.572885,
      "commitAfter": 38.189192
    },
    {
      "input": "synthetic-density-4",
      "buildAndSvgBefore": 0.297124,
      "buildAndSvgAfter": 1.086923,
      "previewBefore": 0.325584,
      "previewAfter": 1.22377,
      "commitBefore": 0.778899,
      "commitAfter": 2.927992
    },
    {
      "input": "synthetic-density-8",
      "buildAndSvgBefore": 1.031785,
      "buildAndSvgAfter": 2.428481,
      "previewBefore": 1.411174,
      "previewAfter": 3.35394,
      "commitBefore": 2.618271,
      "commitAfter": 5.273902
    },
    {
      "input": "synthetic-density-16",
      "buildAndSvgBefore": 3.729215,
      "buildAndSvgAfter": 5.707412,
      "previewBefore": 3.063525,
      "previewAfter": 5.943179,
      "commitBefore": 6.796014,
      "commitAfter": 12.096373
    },
    {
      "input": "synthetic-density-32",
      "buildAndSvgBefore": 12.81186,
      "buildAndSvgAfter": 13.849875,
      "previewBefore": 15.738101,
      "previewAfter": 14.860147,
      "commitBefore": 33.197054,
      "commitAfter": 29.315028
    }
  ],
  "observedAddedCost": [
    {
      "id": "transformer-L0",
      "phase": "guardedCommitSceneAndSerialize",
      "deltaMs": 2.1339319999999997,
      "ratio": 1.748073229377989
    },
    {
      "id": "synthetic-density-4",
      "phase": "guardedCommitSceneAndSerialize",
      "deltaMs": 2.149093,
      "ratio": 3.759142071051574
    },
    {
      "id": "synthetic-density-8",
      "phase": "guardedCommitSceneAndSerialize",
      "deltaMs": 2.6556309999999996,
      "ratio": 2.0142689584080484
    },
    {
      "id": "synthetic-density-8",
      "phase": "detailExportSceneAndSerialize",
      "deltaMs": 2.3615,
      "ratio": 2.0601671216653443
    },
    {
      "id": "synthetic-density-16",
      "phase": "buildScene",
      "deltaMs": 2.7592320000000004,
      "ratio": 2.5077325587113823
    },
    {
      "id": "synthetic-density-16",
      "phase": "previewSceneAndSerialize",
      "deltaMs": 2.879654,
      "ratio": 1.9399805779290198
    },
    {
      "id": "synthetic-density-16",
      "phase": "guardedCommitSceneAndSerialize",
      "deltaMs": 5.300358999999999,
      "ratio": 1.779921730590902
    },
    {
      "id": "synthetic-density-16",
      "phase": "detailExportSceneAndSerialize",
      "deltaMs": 5.235193000000001,
      "ratio": 1.7297842915226727
    }
  ],
  "budgetAudit": {
    "path": "candidate-final-budget-audit.json",
    "sha256": "e258dc4d5e9becb4bda9b562f3b19b0ef908f28d548e06204fa1530ae9d81d4d",
    "publicPathCount": 180,
    "caps": {
      "maxNodes": 1024,
      "maxRoutes": 512,
      "maxRoutePoints": 4096,
      "maxPairChecks": 32768,
      "maxSegmentChecks": 150000,
      "maxObstacleChecks": 60000,
      "maxCandidates": 384,
      "maxCandidatesPerRoute": 80,
      "maxRefinedRoutes": 8,
      "passes": 2
    },
    "sourceRouterSha256": "4b73eaadb7331759c67478b29659f86c7211499f9ea1536ca787522571f55a3c"
  }
}
