{
  "sceneObjects": 304,
  "leaves": 300,
  "edges": 302,
  "bounds": {
    "x": 0,
    "y": 0,
    "width": 4588,
    "height": 30542
  },
  "coverages": [
    {
      "viewport": {
        "width": 672,
        "height": 641
      },
      "camera": {
        "x": 294.76478292187807,
        "y": 46,
        "zoom": 0.017975247200576257
      },
      "intersecting": 300,
      "fullyInside": 300,
      "minBodyWidthPx": 3.487197956911794,
      "minBodyHeightPx": 1.1144653264357278,
      "nominalNodeFontPx": 0.23367821360749133
    },
    {
      "viewport": {
        "width": 3400,
        "height": 1900
      },
      "camera": {
        "x": 1564.201689476786,
        "y": 46,
        "zoom": 0.059197171108637286
      },
      "intersecting": 300,
      "fullyInside": 300,
      "minBodyWidthPx": 11.484251195075634,
      "minBodyHeightPx": 3.670224608735512,
      "nominalNodeFontPx": 0.7695632244122848
    },
    {
      "viewport": {
        "width": 3800,
        "height": 2100
      },
      "camera": {
        "x": 1749.1797524720057,
        "y": 46,
        "zoom": 0.06574553074454849
      },
      "intersecting": 300,
      "fullyInside": 300,
      "minBodyWidthPx": 12.754632964442408,
      "minBodyHeightPx": 4.076222906162006,
      "nominalNodeFontPx": 0.8546918996791304
    }
  ],
  "warnings": 0
}
