{
  "schemaVersion": 1,
  "protocol": "archcanvas-browser-visual-capture/1",
  "caseId": "residual_cnn-level2-monochrome-180",
  "variantId": "residual_cnn-level2-monochrome-180",
  "state": "baseline",
  "capturedAt": "2026-10-05T19:23:51.559Z",
  "captureKind": "studio-browser",
  "documentBinding": {
    "documentId": "canvas-architecture-model.ResidualCNN-321c9de228e6-15e673da",
    "revision": 27,
    "sourceDigest": "321c9de228e64557a14c2f6e53e659daa6c4c88f45594b97632940a730e96624",
    "irDigest": "15e673daa52db933a56ffa707b88f3260e72ea211928da4b533bbed46884c137"
  },
  "pageSpec": {
    "widthMm": 180,
    "preset": "monochrome"
  },
  "expandedIds": [
    "call:instance:model.ResidualCNN",
    "repeat:instance:model.ResidualCNN.blocks",
    "call:instance:model.ResidualCNN.blocks.0",
    "call:instance:model.ResidualCNN.blocks.1"
  ],
  "environment": {
    "userAgent": "Mozilla/5.0 (X11; Linux x86_64) AppleWebKit/537.36 (KHTML, like Gecko) Chrome/154.0.0.0 Safari/537.36",
    "devicePixelRatio": 1,
    "viewport": {
      "height": 720,
      "width": 1280
    },
    "browserVersion": null,
    "hardware": null,
    "fontEvidence": [],
    "provenance": {
      "kind": "historical-same-browser-environment-observation",
      "source": {
        "path": "docs/evidence/input-observation/stress300-final-observer-raw.json",
        "bytes": 864153,
        "sha256": "0a47d0f209ee70eb16c714407c39255d461cab271d2445f7d3f2b034673ee5d4"
      },
      "userAgentJsonPointer": "/environment/userAgent",
      "devicePixelRatioJsonPointer": "/environment/viewport/devicePixelRatio",
      "historicalObserverUrl": "http://127.0.0.1:8773/",
      "historicalObserverLabel": "final-build-stress300-frozen-observer",
      "historicalTimeOriginEpochMs": 1791133659286,
      "historicalTimeOriginUtc": "2026-10-04T17:07:39.286000+00:00",
      "historicalStartedAtPerformanceMs": 153481.10000002384,
      "historicalStoppedAtPerformanceMs": 320478.60000002384,
      "browserAssociation": "Root identifies historical receipt and current CUA as same IAB browser2; not independently native-certified.",
      "currentNavigatorObserved": false,
      "currentNavigatorLimitation": "Root reported CUA navigator read unavailable (TypeError/undefined). UA/DPR values are historical, not read from this case.",
      "currentViewportSource": "This case public-observation.json /viewport",
      "scope": "No current browser-version, hardware, resolved-font or physical-pixel calibration certification."
    }
  },
  "environmentProvenance": {
    "kind": "historical-same-browser-environment-observation",
    "source": {
      "path": "docs/evidence/input-observation/stress300-final-observer-raw.json",
      "bytes": 864153,
      "sha256": "0a47d0f209ee70eb16c714407c39255d461cab271d2445f7d3f2b034673ee5d4"
    },
    "userAgentJsonPointer": "/environment/userAgent",
    "devicePixelRatioJsonPointer": "/environment/viewport/devicePixelRatio",
    "historicalObserverUrl": "http://127.0.0.1:8773/",
    "historicalObserverLabel": "final-build-stress300-frozen-observer",
    "historicalTimeOriginEpochMs": 1791133659286,
    "historicalTimeOriginUtc": "2026-10-04T17:07:39.286000+00:00",
    "historicalStartedAtPerformanceMs": 153481.10000002384,
    "historicalStoppedAtPerformanceMs": 320478.60000002384,
    "browserAssociation": "Root identifies historical receipt and current CUA as same IAB browser2; not independently native-certified.",
    "currentNavigatorObserved": false,
    "currentNavigatorLimitation": "Root reported CUA navigator read unavailable (TypeError/undefined). UA/DPR values are historical, not read from this case.",
    "currentViewportSource": "This case public-observation.json /viewport",
    "scope": "No current browser-version, hardware, resolved-font or physical-pixel calibration certification."
  },
  "camera": {
    "sceneScreenBounds": {
      "height": 434,
      "width": 102.228759765625,
      "x": 570.3856201171875,
      "y": 161
    },
    "transform": "matrix(0.171813, 0, 0, 0.171813, 340.386, 46)"
  },
  "loadedBuildAssets": [
    {
      "path": "assets/index-au3IB_0Q.js",
      "url": "http://127.0.0.1:43355/assets/index-au3IB_0Q.js",
      "sha256": "dca15460bc9ed8def5ff80c9da5dfcf16bb49f7a230986e0ffeef1a6b0e7548b"
    },
    {
      "path": "assets/index-B6WbMowt.css",
      "url": "http://127.0.0.1:43355/assets/index-B6WbMowt.css",
      "sha256": "172a09a8c147e53c3bef426cf76b59b8cc4893e891eb6e920aa7b25a0bb024e0"
    }
  ],
  "captureScope": "studio-viewport",
  "screenshotDigest": "fe05efc96fb0c71be33b45366894ecaeada23279575cc397babf5951f68baf9d",
  "browserSceneDigest": "5587bbc04dd967c0093a454b7bbcbfccab2bcf5def1117090553d2f057c7fcf1",
  "actualExport": {
    "observedUrl": "http://127.0.0.1:43355/api/exports/22ae1282656a425090e88e8ce7695493/figure.svg",
    "serviceArtifactId": "22ae1282656a425090e88e8ce7695493"
  },
  "screenshotFormatObservation": {
    "method": "stdlib image magic/header dimensions and JPEG EOI check",
    "actualFormat": "jpg",
    "dimensions": [
      1280,
      720
    ],
    "fullPixelDecodeVerified": false
  },
  "publicSvgMetadataComparison": {
    "exact": true,
    "numericToleranceApplied": false,
    "scope": "Public parsed metadata versus metadata parsed from exact captured SVG text."
  },
  "actualStoredEnvelope": {
    "observedSourcePath": "/home/fzg/PycharmProjects/ArchCanvas/ArchCanvas_Model_Architecture_Studio/.archcanvas/m4-au3-visual-matrix-session/documents/canvas-architecture-model.ResidualCNN-321c9de228e6-15e673da.json",
    "snapshotPath": "/home/fzg/PycharmProjects/ArchCanvas/ArchCanvas_Model_Architecture_Studio/docs/evidence/m4-au3-visual-matrix-work/raw/residual_cnn-level2-monochrome-180/saved-envelope.json",
    "copiedAt": "2026-10-05T19:23:51.570Z",
    "bytes": 37347,
    "sha256": "e8650c675f5f8bc4e83d7396de9d23bd5adc780d56423fc501fad1c60560b847"
  },
  "storedEnvelopeReadback": {
    "kind": "operator-frozen-document-store-snapshot",
    "captured": true,
    "savedExportCanvasExact": true
  },
  "limitations": [
    "Image/DOM/store/export are exact operator observations, not native provenance or screenshot pixel certification.",
    "UA/DPR are historical same-IAB values with file/time/JSON-pointer provenance, not current navigator reads.",
    "Current viewport/camera/asset URLs come from this case public DOM; local build hashes are not browser-response-byte captures.",
    "Font evidence is empty; host font candidates do not certify resolved font faces.",
    "No rendered comparison, model execution, performance, physical readability, human review or formal collection was performed."
  ]
}
