
> archcanvas-studio@0.1.0 test
> node --experimental-strip-types --test --test-isolation=none tests/*.test.ts

✔ toolbar zoom preserves the viewed world centre at fit, reset and zoom limits (4.248708ms)
✔ new figure measures initial aliases before materializing and keeps its straight chain through reopen and re-expansion (19.360578ms)
✔ initial alias validation rejects foreign identities and keeps default creation compatible (4.047418ms)
✔ viewport arrangement folds an eight-module chain, preserves facts/history and avoids body intrusions (19.006564ms)
✔ viewport folding cannot turn a branch or merge into a unary chain (0.45667ms)
✔ historical M4: independent corridor parser rejects ignored bytes, diagonal, partial, nonfinite and multiple subpaths (1.282667ms)
✔ historical M4: independent corridor metrics preserve split crossings, point contacts and pair-local interval union (6.466361ms)
✔ historical M4: independent corridor frozen captures remain bound to exact archived source bytes (5.8438ms)
✔ historical M4: independent corridor family identity requires exact source, memory role, effective style, side and complete canonical membership (2.088071ms)
✔ historical M4: independent corridor rejects coherent semantic, branch, circle, style, body and same-tensor crossing corruptions (144.48209ms)
✔ historical M4: independent corridor literal shared-family improvement retains each branch and exposes crossing exchanges (25.475329ms)
✔ historical M4: independent corridor current nine frontiers and three details preserve source, cards, ports, canonical branches and protected geometry (556.887969ms)
✔ historical M4: independent corridor current L3 cannot trade overlap for crosses or lose named canonical fanout branches (76.446555ms)
✔ historical M4: independent corridor work caps remain their literal approved bounds (0.099498ms)
✔ suggestion is below every current body, including expanded frames, legends and other notes (0.408597ms)
✔ excluding the selected annotation ignores its old bounds and gives a stable repeated position (0.179711ms)
✔ body conflicts include frontier leaves, legend labels and other notes, with exact touching permitted (0.203851ms)
✔ body conflict result does not assert orthogonal edge clearance (0.099878ms)
✔ formal complex expansion keeps the existing absolute note and recommends a clear new note below the new frontier (10682.273552ms)
✔ explicit move below diagram is one annotation history operation and preserves save/export fields (13148.135129ms)
✔ deepest source relation index folds bottom-up and never confuses a tensor name with a binding (2045.076275ms)
✔ real MLP expanded network has one atomic input lane and no parent/child arrow ambiguity (16.634507ms)
✔ detail export keeps folded atomic coverage and does not resurrect coarse parent arrows (1536.166959ms)
✔ atomic frontier mlp-level0-paper-180 keeps source facts canonical ports exports and four-direction history (1.660387ms)
✔ atomic frontier mlp-level1-paper-180 keeps source facts canonical ports exports and four-direction history (200.938137ms)
✔ atomic frontier residual_cnn-level0-paper-180 keeps source facts canonical ports exports and four-direction history (19.913544ms)
✔ atomic frontier residual_cnn-level1-paper-180 keeps source facts canonical ports exports and four-direction history (468.898531ms)
✔ atomic frontier residual_cnn-level2-paper-180 keeps source facts canonical ports exports and four-direction history (4365.370741ms)
✔ atomic frontier transformer-level0-paper-180 keeps source facts canonical ports exports and four-direction history (408.862404ms)
✔ atomic frontier transformer-level1-paper-180 keeps source facts canonical ports exports and four-direction history (1858.304318ms)
✔ atomic frontier transformer-level2-paper-180 keeps source facts canonical ports exports and four-direction history (6190.128356ms)
✔ atomic frontier transformer-level3-paper-180 keeps source facts canonical ports exports and four-direction history (8155.447429ms)
✔ clear arbitrary route takes the local Manhattan corridor without touching nodes or endpoints (2.394045ms)
✔ route improvement cannot create a new peer crossing even for equal tensor identifiers (5.193814ms)
✔ independent from-zero chain arrangement can fit its previously offscreen output with all module boxes visible (0.494327ms)
✔ independent fit handles negative manual placements, merge branches, aspect ratios and the full128module contract (12.551267ms)
✔ empty and unmeasured viewports return finite camera state and keep the blank draft intact (0.178677ms)
✔ manual off-body route waypoints fit along with node rectangles without changing either model or route (0.285946ms)
✔ raw numerical field input rejects empty tokens, invalid dimensions, nonfinite values and out-of-contract lengths (0.309224ms)
✔ duplicate display labels never redirect a typed shape diagnostic to another module or infer a target from text (0.272806ms)
✔ unknown node identities and unregistered parameter/port names cannot produce an active field highlight (0.333058ms)
✔ unstructuredHTTP conflicts and malformed diagnostics keep useful message without fabricated node or field targets (0.177851ms)
✔ public JSON transport preserves structured diagnostics and HTTP status without changing legacy successful payloads (13.083584ms)
✔ deferred old-draft response cannot resolve a missing identity in a replacement draft with the same labels (0.574145ms)
✔ flow interface projects frozen vertical chain and no-edge/horizontal default without semantic state (0.196151ms)
✔ real frozen four-node vertical chain has three literal straight gap-only routes, preserving every source fact (1.61036ms)
✔ literal horizontal chain retains legacy side coordinates and zero-bend straight gaps (0.478012ms)
✔ vertical Add branch keeps shared fanout identity, distinct ordered merge ports and unobstructed paths (11.193745ms)
✔ vertical Concat named input projections never collapse a/b producer identities (9.055973ms)
✔ an independent intervening body forces a safe detour without node movement or false blocked success (2.009494ms)
✔ a covering body blocking the target stays explicit and does not move user anchors (0.953796ms)
✔ reverse-positioned vertical DAG selects facing sides and routes outside its own bodies (3.389741ms)
✔ flow and geometry are insensitive to authored array ordering and equivariant under whole-draft translation (1.315854ms)
✔ four directional visual moves retain graph, one-command history, undo/redo geometry and JSON persistence (5.073487ms)
✔ an independent horizontal graph cannot rotate the frozen vertical graph's public ports or three straight routes (1.315726ms)
✔ the actual blank authoring component exposes visible steps, a static-check entry and the draft count (14.518332ms)
✔ the inspector assertion rejects the same compilable component with only that visible panel removed (77.849975ms)
✔ unavailable activation searches name their missing operation and disclose differences in available options (0.174415ms)
✔ unavailable tensor module searches explain the current dimensional or pooling limits (0.084652ms)
✔ attention and recurrent searches expose the missing behavior without promising an equivalent network (0.096611ms)
✔ ordinary and empty searches retain the generic palette message (0.060449ms)
✔ the actual palette visibly exposes classification and alias/parameter discovery (6.406825ms)
✔ actual palette rendering uses the runtime inventory, alias search and the selected module category (199.705487ms)
✔ independent four-direction authored moves preserve exact graph and one-command undo/redo (26.937551ms)
✔ merge ports stay distinct, fan-out is retained, malformed direction/foreign port and duplicate producers fail atomically (18.931384ms)
✔ a new binding that closes a directed cycle leaves history and every prior edge unchanged (0.326718ms)
✔ deleting a branch removes only its incident bindings and undo restores both merge ports (0.745819ms)
✔ explicit DAG arrange handles merge longest-path dependencies without overlaps or semantic changes (13.758128ms)
✔ manual covering overlaps keep anchors and report every retained routing obstruction (0.788661ms)
✔ no-op changes and unavailable history travel preserve identity; a new edit after undo clears redo (0.274078ms)
✔ public draft transport binds save CAS revision and reopens an independent exact draft while a conflict retains local edits (1.515467ms)
✔ click additions find free space past the original five-node overlap counterexample without moving prior modules (1.880637ms)
✔ cache boundary rejects crash-causing node shapes, impossible revisions and unsafe coordinates while returning detached valid edits (0.670252ms)
✔ public authoring pan primitive uses final endpoint in all four directions, ignores foreign pointer and preserves model history (0.39046ms)
✔ a transparent network is one history step and redo restores its stable nodes, edges and edits (6.074482ms)
✔ repeat insertion avoids occupied cards, preserves prior identities and bindings, and never connects old networks (13.641486ms)
✔ IDs collide or fail safely before any draft mutation; retry uses fresh identities for every node and edge (0.745342ms)
✔ catalog compatibility, node/edge budgets and extreme coordinates refuse atomically (2.696852ms)
✔ CNN starting layout is legible at the observed viewport with one clear exterior row return (3.010096ms)
✔ actual inserted graphs pass the formal nonexecuting backend source pipeline; a disconnected old node still fails generation (135.985824ms)
✔ pointerup endpoint is available without an intervening move or RAF (0.200092ms)
✔ terminal endpoint includes movement beyond the last sampled preview (0.094987ms)
✔ pan displacement is measured in CSS pixels and never divided by zoom (0.104178ms)
✔ returning to start restores exact initial camera without cumulative drift (0.148015ms)
✔ viewport-origin shift alone does not masquerade as a pointer delta (0.069862ms)
✔ a second pointer cannot update or finish the original pan (0.059873ms)
✔ initial camera snapshot and caller input remain untouched (0.076364ms)
✔ invalid start coordinates, zoom and pointer identity are rejected (0.21584ms)
✔ world camera keeps the sealed Transformer scene continuous across negative bounds (156.345472ms)
✔ fit, focus, pointer-centered zoom and pan use world coordinates (0.256809ms)
✔ same-viewport reload preserves exact camera and independently calculated world centre (0.425226ms)
✔ a resized reopened viewport preserves world centre and zoom through new pixel translation (0.097298ms)
✔ source/IR/document identities and visual revisions prevent stale or cross-model reuse (0.108209ms)
✔ per-document source/IR keys isolate values without adding revision to the key (0.129847ms)
✔ invalid stored versions, centres, scales, viewport and identity are refused rather than coerced (0.158608ms)
✔ fit scales below .15 remain valid while unsafe captures are rejected (0.159811ms)
✔ malformed, absent, oversized, disabled and quota-failed storage leave a graceful fallback (0.187898ms)
✔ delayed restore cannot supersede explicit fit, zoom, focus, pan or a newer document load (0.112495ms)
✔ terminal pan is saved and cancellation can restore the prior camera without retaining the preview (0.122105ms)
✔ capture/restore/tickets mutate no input and store revisions without touching Canvas/history (0.495786ms)
✔ a deliberately adopted reconciled identity can retain view while old source state remains isolated (0.110821ms)
✔ actual App initialization callbacks read the owned saved view before any initial write (29.670316ms)
✔ actual App persistence callback refuses previews then writes terminal camera and rollback (12.855108ms)
✔ actual App delayed callback rejects later intent/load/revision and handles deferred viewport (87.891867ms)
✔ the observed large-to-small live resize keeps world centre 350,405 in its first coordinated result (0.208675ms)
✔ fractional, negative and small-fit cameras preserve centre and zoom across anisotropic size chains (0.179149ms)
✔ same-size deliveries are no-ops and invalid or hidden dimensions cannot establish a frame (0.122169ms)
✔ actual App idle resize commits the latest centre synchronously without a new intent or history entry (18.67799ms)
✔ actual persistence before observer delivery uses the camera anchor instead of a newly resized DOM (17.778648ms)
✔ actual pan, move, box and port ownership defer resize until their mapping is released (73.214668ms)
✔ actual terminal pan includes the unsampled pointerup delta then applies the queued resize exactly once (17.180588ms)
✔ actual cancel after a resized pan preview restores the original world centre and never retains that preview (16.67756ms)
✔ actual resized object drag keeps its typed delta and one undo entry independent of transient camera coordination (25.0609ms)
✔ actual box terminal selection uses the old frozen camera before viewport coordination (16.398181ms)
✔ an explicit current-size camera commit wins without a second old-size correction (16.578195ms)
✔ initialization ignores unowned resize and restores at its latest viewport; active drag defers it (16.285461ms)
✔ an early actual spatial gesture owns its displayed mapping and invalidates a delayed restore even after document commit (39.970199ms)
✔ an early actual pan establishes its own viewport anchor before a resized terminal sample (16.110386ms)
✔ a later document, revision, load or explicit intent rejects pending initialization and old ownership (88.310492ms)
✔ the actual observer effect commits in its delivery and rejects disconnected or replaced elements (22.826795ms)
✔ the real window fallback follows the same mapping and unregisters after cleanup (16.060954ms)
✔ the actual observer remount resumes a bounded exhausted hidden initialization at the now-visible dimensions (15.886826ms)
✔ the actual observer revives an exhausted tiny viewport only when dimensions become usable (16.299448ms)
✔ a stale load/intent/revision cannot revive after hidden exhaustion, and an owned remount keeps explicit intent (71.605341ms)
✔ hidden dimensions are ignored; a tiny visible viewport can return without contaminating stored centre (22.778317ms)
✔ canvas save deduplicates source facts without changing current/history or hiding a foreign binding (1.533215ms)
✔ source-grounded distant memory caption has an owned-route guide instead of silently floating beside mask routes (42.402929ms)
✔ a safe close caption keeps its coordinates and creates no decorative guide (0.240645ms)
✔ general translated CJK captions use short collision-free guides without model-name or ID dependencies (1.787516ms)
✔ crowded and shared-route attachments preserve captions and give explicit diagnostics instead of unsafe guide connections (32.333929ms)
✔ notes, other caption envelopes, crossing routes and reserved guides remain obstacles in a general multi-label batch (3.066384ms)
✔ whole/detail, aliases, monochrome, save/reopen and undo/redo keep caption decoration outside canonical metadata (181.175951ms)
✔ a general stress batch preserves every canonical edge and produces deterministic nonintersecting decorations (94.618761ms)
✔ a dense batch above the deterministic association limit keeps every label and emits diagnostics (0.689828ms)
✔ geometry-check exhaustion in a still-supported batch preserves remaining captions with explicit budget evidence (234.528036ms)
✔ a later moved caption clears the visible stroke of an earlier reserved guide (28.915255ms)
✔ a narrow guide cannot visually overlap or touch a parallel foreign tensor stroke (3.835151ms)
✔ uncertifiable foreign stroke widths preserve text with a diagnostic instead of emitting guides (0.185491ms)
✔ direct ancestor collapse restores compact visible frontier and retains hidden expanded children (100.097155ms)
✔ reopen ancestor resurrects hidden expansion and exact independently supplied deep geometry (292.060146ms)
✔ changing hidden descendant expansion memory cannot replay a stale geometry into visible siblings (1.539839ms)
✔ manual container and downstream moves survive compact restoration and deep reopening; unrelated pin remains exact (488.267282ms)
✔ pinned downstream position and pinned hidden leaf are protected rather than rolled back to a compact cache (195.306995ms)
✔ undo and redo restore compact/deep states, hidden memory and exact positions independently of revision (99.320045ms)
✔ JSON save/reload of collapsed canvas retains nested expansion memory and exact deep reopening (195.163339ms)
✔ manual hidden-leaf memory remains exact through direct ancestor collapse, JSON reload and reopen (355.351588ms)
✔ literal node identities containing delimiter characters do not discard latent expansion memory or visible geometry (202.872442ms)
✔ two different valid expanded sets with the same legacy delimiter string cannot share frontier geometry (2.452846ms)
✔ existing composite legacy cache ambiguous between a delimiter identity and two parallel branches cannot inject tall geometry (2.231433ms)
✔ actual frozen CNN deep canvas collapses repeat directly to literal compact root positions while retaining both block memories (608.899203ms)
✔ actual already-bad collapsed CNN cannot overwrite its earlier compact cache before reopening and recollapsing (590.606642ms)
✔ historical M4: independent residual baseline freezes all nine authored frontiers and actual public route bytes (7.441069ms)
✔ historical M4: independent route parser and protected pair oracle expose split-vertex crossings and interval union (0.518002ms)
✔ historical M4: independent oracle rejects coherent branch, role/style, port, body/header and backplate corruptions (9.058878ms)
✔ historical M4: CNN collapsed proxy residual becomes the independent 38-unit straight route without merging its data lane (5.068966ms)
✔ historical M4: all protected branches/cards/ports and pair-local safety survive: residual_cnn-level0-paper-180 (10.595708ms)
✔ historical M4: all protected branches/cards/ports and pair-local safety survive: residual_cnn-level1-paper-180 (18.625655ms)
✔ historical M4: all protected branches/cards/ports and pair-local safety survive: residual_cnn-level2-paper-180 (44.260553ms)
✔ historical M4: all protected branches/cards/ports and pair-local safety survive: mlp-level0-paper-180 (3.802762ms)
✔ historical M4: all protected branches/cards/ports and pair-local safety survive: mlp-level1-paper-180 (8.503877ms)
✔ historical M4: all protected branches/cards/ports and pair-local safety survive: transformer-level0-paper-180 (46.644887ms)
✔ historical M4: all protected branches/cards/ports and pair-local safety survive: transformer-level1-paper-180 (84.803223ms)
✔ historical M4: all protected branches/cards/ports and pair-local safety survive: transformer-level2-paper-180 (156.748126ms)
✔ historical M4: all protected branches/cards/ports and pair-local safety survive: transformer-level3-paper-180 (163.820293ms)
✔ historical M4: renamed generic graphs shorten collapsed module and repeat proxies while preserving manual pins and exposed repeat ports (4.177751ms)
✔ historical M4: single-route collapsed proxy optimization works without pressure or model-name assumptions (0.730646ms)
✔ historical M4: clear manually misaligned proxy endpoints attain the independent Manhattan minimum with two turns (0.727069ms)
✔ historical M4: expanded or actual visible targets and other roles can shorten only when their geometry remains protected (2.789845ms)
✔ historical M4: geometry shortcuts do not depend on, merge or rewrite missing or inconsistent canonical/proxy-port evidence (2.610625ms)
✔ historical M4: unrelated body, ancestor header and repeat backplate blocking all retain safe old route and immutable anchors (2.801739ms)
✔ historical M4: every other edge is protected even when sharing tensor but differing in role/style: crossing and overlap (20.043505ms)
✔ historical M4: misaligned short staircases cannot conceal crossings on another edge intermediate vertex, including same-tensor different styles (10.722293ms)
✔ historical M4: retraced protected segments cannot inflate old pair overlap and license a larger same-tensor residual overlap (1.772382ms)
✔ historical M4: effective style overrides retain separate canonical residual branches and never merge them with the same-tensor data lane (1.843798ms)
✔ historical M4: bounded-work fallback preserves the old route instead of advertising an unchecked shortcut (79.864624ms)
✔ collapsed frontier retains canonical tensors, named port direction and hidden edges (1.313404ms)
✔ expansion preserves anchor, unrelated pins, repeat sharing and re-expanded local edits (111.917071ms)
✔ batch rejects semantic field injection and stale revision without mutating input (1.340573ms)
✔ history restores a whole batch with monotonic revision and invalidates redo after new edit (1.166477ms)
✔ publication serializes the edited scene, escapes every user string and excludes editor controls (2.142936ms)
✔ document loader rejects port mismatch, parent cycle and non-finite imported geometry (1.06322ms)
✔ selected parent plus child moves once, pinned descendants protect their subtree (142.983202ms)
✔ repeated toggles restore neighbor geometry without drifting or losing a collapsed user move (253.922261ms)
✔ long Chinese aliases and annotations retain text while their geometry grows (3.712046ms)
✔ source refresh preserves unique identity presentation and resets source undo boundary (97.892503ms)
✔ a rebound edge cannot inherit a style from its previous tensor binding (150.677297ms)
✔ projected parallel edges retain differing canonical styles instead of discarding them (12.693093ms)
✔ DenseStress300 component routing keeps bounded crossings, overlap and endpoint ownership (455.028432ms)
✔ four directional moves preserve architecture, preview/commit, history and endpoints (12091.570703ms)
✔ down move retains the five atomic intrusions and matching blocked diagnostics (737.648453ms)
✔ narrow-gap centerline proposal is geometrically better but fixed target arrow remains inside the upper card (808.932588ms)
✔ component routing budgets are frozen and over-cap batches keep deterministic per-route fallback (358.718903ms)
✔ a right Add input from a strict ancestor is the only residual edge (0.626598ms)
✔ Add left/right order is symmetric; branch age is proved by bindings (0.225223ms)
✔ transitive ancestry marks the direct skip, never any trunk edge or Add output (0.239912ms)
✔ nested Adds retain distinct local skip roles without styling all ancestors (0.197093ms)
✔ two independent producers remain ordinary even when labels say residual (0.159178ms)
✔ a shared ancestor does not make either sibling input residual (0.155011ms)
✔ the same tensor producer bound to both Add slots is x+x, not a skip (0.128507ms)
✔ Concat stays ordinary even when its first producer is an ancestor of the second (0.134077ms)
✔ ancestry through a registered merge is structural, not a unary-only heuristic (0.157095ms)
✔ rename, geometry, and node/edge array order cannot manufacture or remove a role (0.526619ms)
✔ a missing Add input has no complete pair from which to infer a residual role (0.142557ms)
✔ ambiguous or invalid Add bindings stay ordinary without throwing (0.25127ms)
✔ missing producers and incorrect source/output direction cannot prove ancestry (0.237935ms)
✔ opaque, unknown, and removed catalog contracts do not imply a known path (0.36151ms)
✔ catalog direction and tensor-type contradictions disable affected role inference (0.27988ms)
✔ a directed cycle in the relevant component cannot create a strict-ancestor proof (0.141993ms)
✔ unrelated unknown and cyclic components do not alter an independently known skip (0.176801ms)
✔ parallel known components keep their local roles and ordinary branches (0.1804ms)
✔ 128th node is accepted and cacheable; 129th fails before any byte changes (0.780965ms)
✔ 384th connection is accepted and cacheable; 385th fails before any byte changes (1.343715ms)
✔ deleting a module or connection releases capacity for another edit (1.420636ms)
✔ failed limit edits preserve history, revision, past and redo bytes (3.145371ms)
✔ independent sensor rejects interior/vertex crossings and positive overlaps, while separated or point-only collinear contacts differ (0.661399ms)
✔ actual five-binding merge keeps every endpoint, outward/inward normal, and card body clear (14.376837ms)
✔ actual merge removes the different-producer crossing and Concat inlet overlay without changing the five bindings (10.084148ms)
✔ same-source fanout keeps two complete branch IDs and separately ordered destination ports (7.214913ms)
✔ four-direction merge moves, undo/redo and JSON reopen reproduce stable routes and preserve semantic facts (209.321224ms)
✔ aligned horizontal and vertical chains retain their minimum straight paths (0.739311ms)
✔ an unrelated intervening card is avoided without moving it or hiding either independently produced route (1.261469ms)
✔ reverse-directed independent bindings route outside their own cards and an intervening body with correct normals (5.598291ms)
✔ a vertical multi-input merge preserves left/right and a/b slot ordering while avoiding every different-producer contact (11.713122ms)
✔ a real forward multi-input merge with an extra obstacle retains full facts and clear branch geometry (9.837694ms)
✔ an older manual obstacle position reports its newly overlapping lower band without moving saved objects (8.393523ms)
✔ a larger draft keeps all bindings, card positions and ordered anchors when global crossing removal is best effort (7.969356ms)
✔ category browser inventories every actual runtime module once, and never invents absent categories (1.387752ms)
✔ novice aliases and common framework spelling resolve to the registered operator contract (1.755397ms)
✔ parameter search and multiword searches intersect the selected actual category (0.704441ms)
✔ exact operator names never silently resolve a different primitive or unrelated starting graph (0.827069ms)
✔ transparent starters are searchable by their real editable components and declared I/O (1.257518ms)
✔ search and filtering preserve all catalog bytes and starter graph identities/parameters (3.489042ms)
✔ all17 actual kinds keep unary cards stable and give two-input cards their independent140world body (1.743212ms)
✔ 53percent side labels reach8.1CSSpx while both names and dot hits remain separate (0.358246ms)
✔ vertical labels stay fully exterior to every card, clearing the kind caption and preserving dot hits (0.908171ms)
✔ every registered outlet-to-inlet28world vertical gap keeps offset labels disjoint with a clickable dot and owning text (12.940549ms)
✔ dimensions and ordered anchors follow declared ports rather than an Add name shortcut (0.352283ms)
✔ fit includes the complete taller body and exterior routes without changing draft or camera-independent facts (0.178689ms)
✔ single insertion and explicit arrange avoid the newly occupied lower40world band (0.421398ms)
✔ transparent preset bounds and old-card collisions include taller merge modules atomically (14.705649ms)
✔ router treats the new lower band as a real obstacle and preserves bindings through history (10.775877ms)
✔ independent compensation supports a 58percent overview without claiming readable minimum zoom (0.149941ms)
✔ independent CJK title fitting prevents the original234world-wide truncated title (0.251903ms)
✔ independent fitting retains a short label, empty string and Unicode code points (0.165123ms)
✔ independent mono samples fit150world using equal ASCII columns rather than narrow punctuation (0.138999ms)
✔ independent wide-Latin title fitting stays inside134world even for repeated W (0.067377ms)
✔ independent scaled single-port hits contain both label endpoints and the dot (0.149754ms)
✔ independent custom cramped ports retain their12world fallback without claiming overview legibility (0.106224ms)
✔ independent vertical registered merge labels do not paint into the later port hit (0.05796ms)
✔ independent tooltip avoids the downstream card instead of covering its label (0.361587ms)
✔ independent58percent chain tooltip does not cover any of four scaled cards (0.176993ms)
✔ independent vertical input tooltip avoids an upstream card with a free side (0.116879ms)
✔ independent edge clamp uses a visible free side without intruding into its owner (0.125436ms)
✔ independent no-clear-region fallback remains bounded and does not alter obstacles (0.078317ms)
✔ overview text compensation is bounded and leaves normal zoom unchanged (0.055287ms)
✔ horizontal input and output hints prefer opposite sides of their node (0.124985ms)
✔ vertical hints fall back to a visible, non-overlapping side near viewport edges (0.083691ms)
✔ equal revision and labels never allow one draft identity or node identity/kind/set to inherit another draft check (0.434723ms)
✔ parameters, array contents and every binding identity/endpoint invalidate checked shapes even before a revision increment (0.398366ms)
✔ four-direction placement, display aliases, title and revision retain the same checked static graph without mutation (0.958089ms)
✔ parameter field order is irrelevant while graph-array order remains significant for backend topological/output ordering (0.156733ms)
✔ complete static response preserves tensor declarations and identities while isolating them from mutable response data (0.249654ms)
✔ an incomplete graph may retain upstream declared tensors, but never reports complete or invents a missing downstream shape (0.429207ms)
✔ execution claims, generated-source receipts and inconsistent complete/issue or missing-tensor claims are rejected (0.369752ms)
✔ malformed tensor shapes, dtype, extra runtime flags and oversized declarations cannot reach a displayed shape label (0.534663ms)
✔ unregistered tensor/node references, repeated or nontopological order and malformed diagnostics are rejected without target inference (0.469198ms)
✔ sealed Transformer mask edge inspector reflects the actual displayed style (1246.096735ms)
✔ formal Transformer memory caption clears both repeat plates and target card with all model facts fixed (19.677647ms)
✔ general placement leaves a safe caption unchanged in expanded content and ignores empty captions (0.279531ms)
✔ independent repeat/header/note blockers relocate captions without changing paths or card coordinates (0.645994ms)
✔ two distinct captions keep separate nominal envelopes and avoid an unrelated route (2.568886ms)
✔ bounded local placement reports an impossible caption instead of hiding it or moving model objects (0.659254ms)
✔ whole and detail export use the same caption safety after projection while visual history retains canonical facts (45.72123ms)
✔ long source-declared captions remain complete and inside overview/detail bounds even when local placement is blocked (1.295755ms)
✔ editor omits only root furniture for current mlp-level1-base, retaining every canonical route and publication object (35.52587ms)
✔ editor omits only root furniture for current residual_cnn-level2-base, retaining every canonical route and publication object (601.468ms)
✔ editor omits only root furniture for current transformer-level3-base, retaining every canonical route and publication object (1170.474443ms)
✔ unrelated custom root identity stays implicit only while expanded, and conceptual hierarchy keeps collapse/layout/cache/history (164.344219ms)
✔ fit measures edited world objects and routes, excluding publication title, legends and implicit root padding (1.222992ms)
✔ floating legend content keeps authored order and every actual edge style in color and monochrome (83.770307ms)
✔ independent parentless leaves and explicit detail boundary cards never become hidden roots (0.144514ms)
✔ editor paints an exact tensor fan-out prefix once with its real junction while preserving complete selectable bindings and export paths (2.308661ms)
✔ actual new-blank entry always starts empty despite a cached source draft, and keeps previous workspaces intact (17.597126ms)
✔ new-blank from the editor hands off the exact unsaved draft and history before creating a separate session (7.941647ms)
✔ actual App opens generated work, resumes the original semantic history on repeated returns, and recovers it after reload (34.520677ms)
✔ actual edit→view with an unchanged baseline reuses the current view and preserves both stacks and the camera (8.234476ms)
✔ actual edit→view generates the latest modified snapshot and retains its workspace before opening it (8.09439ms)
✔ real normalized generation response accepts a separate JSON-roundtripped authored presentation, but refuses stale values (42.90785ms)
✔ actual failed generation or opening preserves edited bytes/history and reports that the editor was retained (15.386242ms)
✔ actual stale async generation cannot open a newer draft, and synchronous repeated mode clicks generate once (7.637439ms)
✔ view baseline equivalence ignores only revision and detects connections, presentation and custom definitions (0.427751ms)
✔ generated workspace resumes exact draft/history, maps selection and reflects subsequent view movement without source mutation (2.863196ms)
✔ generated workspace rejects a changed document/source/IR binding before modifying retained authoring history (1.23192ms)
✔ blank-authored visual styles persist through view→edit, browser recovery and a fresh static generation (43.10808ms)
✔ generated view cache roundtrips both authoring history stacks and accepts only this exact saved model binding (2.345178ms)
✔ generated source view translates changed generated geometry back to the original source frontier before edit resumes (133.135954ms)
✔ real custom-module preview retains named keyword input and three distinct nested output boundaries in the frontend reader (0.512417ms)
✔ malformed custom source/class/constructor/port/output contracts cannot enter restored draft state (0.800273ms)
✔ actual custom-module insertion registers once, supports repeated instances and persists definitions plus undo (9.008271ms)
✔ actual custom preview callback rejects malformed JSON, preserves a bounded static result, and prevents parallel requests (3.090084ms)
✔ actual editor top actions expose edit/view mode and custom-source launcher, with floating legend outside world SVG (116.345006ms)
✔ actual source-view top actions expose the same mode switch and keep root/title/legend out of the editor world (144.507855ms)
✔ actual custom-source modal renders class/source/constructor fields and named multi-output preview without a shape claim (15.15689ms)
✔ parallel growth fitting below an existing taller branch does not shift output again (529.487052ms)
✔ horizontal free space absorbs width growth; adjacent sibling spacing and authored gap are preserved (355.074961ms)
✔ manual distant output absorbs growth; downstream relative offsets and explicit user movement survive frontier restore (475.443086ms)
✔ pinned output and pinned descendant protect anchors while the existing warning reports unresolved overlap (436.311869ms)
✔ exact collapse/reexpand frontier snapshots and undo/redo remain stable after repeated parallel expansion (914.098967ms)
✔ real Transformer depth-two UI frontier uses existing space without cumulative independent branch height (12178.385437ms)
✔ real Transformer depth-three and cached frontiers retain manual feedforward positions and no sibling intersections (18115.770764ms)
✔ real Residual CNN grows both repeats and keeps downstream pool/flatten/classifier clear (5491.351754ms)
✔ renderer changes invalidate an old export even when canvas revision and source digests match (0.361718ms)
✔ a restored artifact must describe the default document, width, revision, source and PNG resolution (0.177936ms)
✔ detail export partitions every canonical edge and visibly retains every crossing binding (443.156873ms)
✔ detail keeps edited geometry, aliases, styles, legend and contained annotations, and declares omissions (604.118241ms)
✔ distinct external node/port tuples cannot collide when their identities contain delimiters (134.244239ms)
✔ detail metadata and projected objects are detached from the input CanvasDocument (432.12849ms)
✔ detail rejects leaf, collapsed or hidden containers and invalid options; whole keeps the ordinary scene (179.661652ms)
✔ detail bounds retain manually offset descendants instead of clipping negative coordinates (535.259534ms)
✔ long boundary text and provenance fit their boxes and 85/180 mm preflight measures actual scale (444.208798ms)
✔ real source-derived MLP network detail accounts for adapters and exposes model input/output (109.951055ms)
✔ physical advice accounts for tall pages and rounds the required width upward (49.499685ms)
✔ detail choices distinguish equal labels by identity/path and preserve the current frontier and edits (2421.858941ms)
✔ ordinary large output move retains the existing all-frontier arithmetic (93.024413ms)
✔ omitted and explicit all-frontiers scopes produce identical complete documents (28.66944ms)
✔ current deep output compaction preserves compact view and repeated toggles restore distinct exact positions (143.983521ms)
✔ four current-frontier directions and duplicate IDs change only the literal current object/cache (57.697495ms)
✔ a later ordinary move still applies one delta to both differently edited saved frontiers (28.169085ms)
✔ missing or legacy-only current cache establishes canonical visible cache without altering old bytes (57.36976ms)
✔ effective compact frontier ignores retained hidden layer flags and preserves deep cache (95.427044ms)
✔ ambiguous delimiter cache remains intact while explicit current edit creates its literal canonical key (15.012699ms)
✔ selected parent and child translate once; selected pins and pinned descendants retain protection (71.390335ms)
✔ current hidden selection is rejected atomically while default established-hidden-layout behavior survives (1.406572ms)
✔ intentional negative manual positions are neither clamped nor migrated to other frontiers (338.59237ms)
✔ one scoped history entry supports exact cache undo/redo and rejects stale revisions (14.880417ms)
✔ JSON reload preserves distinct current-edited and compact positions with full model/source facts (57.767879ms)
✔ preview scope is frozen and complete scene/SVG equals corresponding real commit without document mutation (381.68025ms)
✔ unknown scopes are rejected by move and preview before any document mutation (0.536333ms)
✔ editing already malformed revision5 with current scope does not silently migrate its other cache (14.442092ms)
✔ scoped recovery preserves the other frontier and proposed scene equals committed active scene (141.957753ms)
✔ recovery validates unknown scope even on unneeded or unavailable early return paths (0.420371ms)
✔ actual edit→view rejects an unconnected Attention before source expansion, preserving draft history and a responsive event loop (285.27741ms)
✔ generated source view retains absolute draft anchors through real nested containers and faithful SVG export (1.721554ms)
✔ source presentation, pin, annotations and edge style follow exact generated identities without changing source facts (1.44922ms)
✔ ambiguous mappings are refused and unmapped presentation objects are explicitly reported (0.7333ms)
✔ a real backend generated model reopens with edited draft positions and labels while retaining its complete binding facts (41.398289ms)
✔ actual generate callback keeps the collapsed Transformer frontier and anchors when complete source generation is reopened (1067.06316ms)
✔ hierarchy order and depth follow authored roots and child lists, independent of flat node order (18.929576ms)
✔ empty aliases, escaped labels, repeat badges, pins and leaf/toggle ARIA stay exact (16.720067ms)
✔ collapsed ancestors hide latent descendants without erasing their expansion or selection (22.602804ms)
✔ a replacement architecture with the same IDs displays new labels, categories and topology (29.130376ms)
✔ an empty architecture renders no rows and non-hierarchy visual changes leave row HTML exact (11.617329ms)
✔ the actual formal source-backed 304-node model keeps precise old/new hierarchy HTML before and after expansion (1066.620786ms)
✔ historical caption compatibility rejects route/port/binding corruption and explicit or nonmemory text changes (65.914478ms)
✔ Transformer overview no longer reports its hidden root boundary or title while preserving publication checks (207.581303ms)
✔ hidden root headers cease to be routing obstacles, while physical frames retain their headers (1.253464ms)
✔ negative world positions survive nested and root collapse, undo, redo and JSON reopen (360.04821ms)
✔ visible nested containers still report escaped children and header intrusion (267.780953ms)
✔ editor drag preview matches commit and recovery does not clamp objects into the hidden root (5.792727ms)
✔ dot lattice follows the world origin through all pan quadrants and zoom levels (0.371831ms)
✔ navigation is unbounded in position and zoom retains the pointer world point (0.226572ms)
✔ transparent editor surface retains exact figure geometry and publication background (0.437843ms)
✔ retained route pair cannot grow actual collinear length after selected body clearance (21.701112ms)
✔ a different overlap peer is new damage even when primary edge and length agree (15.735476ms)
✔ unchanged ambiguous lane may remain after genuine selected-body clearance (12.44803ms)
✔ a route-only warning incident through the second edge needs genuine reduction (25.685054ms)
✔ unchanged unrelated caption warning cannot conceal growing penetration into the same body (12.249189ms)
✔ original unrelated caption obstruction may stay unchanged during selected-body repair (10.350304ms)
✔ a blocked route may not transfer penetration from one retained body to another (12.331069ms)
✔ an unrelated caption association warning may not move farther from its owned route (11.049524ms)
✔ actual upward header conflict produces understandable guidance using display aliases (39.8586ms)
✔ actual overlapping leaves expose both overlap and blocked connection guidance (48.576036ms)
✔ source-analysis warnings stay in their own panel and missing object references do not leak identifiers (16.153659ms)
✔ historical M4: source memory captions survive vertical threshold boundaries and all four movement directions in whole/detail and both presets (1142.236788ms)
✔ historical M4: the actual +24 encoder counterexample keeps its routed endpoints and visible memory after undo/redo and JSON reopening (29.413104ms)
✔ historical M4: source expansion and collapse retain every visible memory caption without adding hidden bindings or facts (179.438712ms)
✔ historical M4: default memory naming is generic while explicit empty/authored labels and other roles retain their contracts (34.293069ms)
✔ historical M4: a genuinely blocked moved memory retains its text and reports association failure instead of disappearing (18.814378ms)
✔ historical M4: source and target signed14/15 thresholds retain endpoint continuity and exact peers across caption preset size and detail combinations (14517.253962ms)
✔ historical M4: horizontal gap guards retain complete baseline when two six-unit leads are unavailable (110.640038ms)
✔ historical M4: continuity is detached and one typed move survives undo redo and JSON reopen (14.3899ms)
✔ historical M4: literal guards reject joint and same-tensor peers close strokes invalid widths gap bodies and exhausted checks (0.753886ms)
✔ historical M4: version adapter rejects coherent geometry canonical nonmemory and consumer-coverage corruptions (28.373236ms)
✔ historical M4: detail mixed consumers keep retained port coverage and architecture-order bindings after memory projection (5.773511ms)
✔ historical M4: independent frozen baseline contains all twelve actual CNN configurations with immutable narrow copies (8.151038ms)
✔ historical M4: actual CNN baseline preserves canonical facts, ports and routes: cnn-level0-paper-85 (10.361306ms)
✔ historical M4: actual CNN baseline preserves canonical facts, ports and routes: cnn-level0-paper-180 (8.096956ms)
✔ historical M4: actual CNN baseline preserves canonical facts, ports and routes: cnn-level0-monochrome-85 (10.577584ms)
✔ historical M4: actual CNN baseline preserves canonical facts, ports and routes: cnn-level0-monochrome-180 (9.519786ms)
✔ historical M4: actual CNN baseline preserves canonical facts, ports and routes: cnn-level1-paper-85 (12.361336ms)
✔ historical M4: actual CNN baseline preserves canonical facts, ports and routes: cnn-level1-paper-180 (11.442465ms)
✔ historical M4: actual CNN baseline preserves canonical facts, ports and routes: cnn-level1-monochrome-85 (14.028737ms)
✔ historical M4: actual CNN baseline preserves canonical facts, ports and routes: cnn-level1-monochrome-180 (14.416507ms)
✔ historical M4: actual CNN baseline preserves canonical facts, ports and routes: cnn-level2-paper-85 (28.444071ms)
✔ historical M4: actual CNN baseline preserves canonical facts, ports and routes: cnn-level2-paper-180 (28.698033ms)
✔ historical M4: actual CNN baseline preserves canonical facts, ports and routes: cnn-level2-monochrome-85 (36.218345ms)
✔ historical M4: actual CNN baseline preserves canonical facts, ports and routes: cnn-level2-monochrome-180 (36.723753ms)
✔ historical M4: actual Transformer frontier 0 retains source/ports while all four mono roles differ (33.467031ms)
✔ historical M4: actual Transformer frontier 1 retains source/ports while all four mono roles differ (72.754237ms)
✔ historical M4: actual Transformer frontier 2 retains source/ports while all four mono roles differ (159.745024ms)
✔ historical M4: actual Transformer frontier 3 retains source/ports while all four mono roles differ (180.917553ms)
✔ historical M4: effective line identity distinguishes role defaults from explicit solid/dashed local overrides (0.315777ms)
✔ historical M4: derived pattern validation rejects sparse holes and unsafe arrays while retaining explicit legacy styles (0.331212ms)
✔ historical M4: same-tensor role and style branches stay separate, with truthful actual variant membership (7.910617ms)
✔ historical M4: actual Transformer collapsed mask bundle splits solid/default/generic dashed with complete canonical membership (16.348596ms)
✔ historical M4: memory trunk style identity rejects equal-dashed different patterns while preserving source facts (42.440656ms)
✔ historical M4: equal-dashed different-pattern memory cannot acquire the independently known shared-family corridor (43.877357ms)
✔ historical M4: hidden inspector fallback uses the same effective pattern and exposes no hidden-only role legend (3.957467ms)
✔ historical M4: expanded detail boundary paths inherit actual role signatures and citation clears the footer (13.601539ms)
✔ historical M4: line legend clears edited annotations and manual symbols without deleting user objects (3.56325ms)
✔ historical M4: real SVG marker and stroke sample extents fit their boxes at every supported line-width boundary (16.96815ms)
✔ historical M4: empty visible graph has no fabricated line roles or samples (0.757513ms)
✔ historical M4: placing a note below objects does not make its own derived footer chase it downward (4.249593ms)
✔ historical M4: preset and override history preserves source/layout and real patterns through JSON roundtrip (4.720627ms)
✔ historical M4: independent oracle rejects coherent role/line/legend corruption rather than accepting changed expected output (3.932856ms)
✔ independent command directions use signed world distances and retain input selection (0.411503ms)
✔ decimal distances, bounded target wording, punctuation and whitespace have literal results (0.122282ms)
✔ explicit scope prefixes override either default and an omitted prefix uses the selected default (0.164067ms)
✔ empty selection, zero and nonfinite distances never emit a partial operation (0.129731ms)
✔ malformed attempted moves reject signed/exponent/partial/compound/CSS distances completely (0.210006ms)
✔ alias/color text and an empty command are not inferred as a movement (0.110984ms)
✔ actual App drag captures scope at down and commits that scope after a different render scope (44.667035ms)
✔ actual App ignores unrelated pointer-up and stale-document move without committing history (18.424775ms)
✔ actual App scope selection cancels gesture, frame and recovery before a late terminal input (19.4255ms)
✔ actual App alignment uses the selected scope and preserves the unrelated compact cache for current scope (33.852357ms)
✔ actual App language dispatch applies exact local world delta and preserves alias source facts (16.471732ms)
✔ actual App refuses partial compound movement and leaves alias/color dispatch intact (34.995153ms)
✔ actual App recovery forwards current scope and applies the exact proposed operation (17.104072ms)
✔ scope-specific caches retain the operated-container, ancestor and pinned-subtree toggle rules (1.072365ms)
✔ preview equals complete guarded scene/SVG for container resizing, negative/manual geometry and repeated frames (3138.898331ms)
✔ selected parent and child move exactly once; pinned descendants protect ancestor subtree (1071.698092ms)
✔ sparse visible layout materializes once and hidden layout uses the established source contract (288.026965ms)
✔ preview leaves history/frontiers/source untouched, commit updates snapshots and supports one undo/redo (742.606223ms)
✔ prepared snapshot isolates later caller mutation and returned scene cannot corrupt frozen semantic references (322.234539ms)
✔ preview rejects forged sessions, invalid selection/coordinates and corrupted document before showing geometry (145.532673ms)
✔ independent oracle detects polluted body/header and route geometry (62.995816ms)
✔ four directions preserve exact manual coordinates, shared endpoints and expose left/header/sibling conflicts (971.769281ms)
✔ explicit recovery preview is obstacle-safe and commit is one reversible visual operation (1311.694902ms)
✔ recovery respects pins and keeps an unchanged route-only warning distinct from an unneeded body-clear object (316.804439ms)
✔ a partial overlap reduction cannot be offered as selected-object position recovery (1.053618ms)
✔ touching the true parent border is contained while even a one-unit left escape is diagnosed (383.445747ms)
✔ selected expanded subtree moves as one root and recovery preserves child locals and outside pins (241.593502ms)
✔ an invariant internal conflict is unavailable even with many nearby candidate obstacles (637.049159ms)
✔ ready recovery preserves an existing unrelated collision rather than presenting it as globally resolved (314.565669ms)
✔ unknown or hidden objects do not produce phantom recovery scenes (124.925971ms)
✔ same-pair ancestor collision growth rejects an otherwise clear nearby candidate (4036.255116ms)
✔ two trusted trials competing for one raw event both remain unmatched (1.278466ms)
✔ a fully overlapping 2 by 2 candidate graph has no unique pair under either array order (0.379815ms)
✔ a one-candidate trial cannot steal an event from a competing two-candidate trial (0.338192ms)
✔ the matching window includes both exact 8 ms endpoints and excludes points beyond them (0.408674ms)
✔ different target identities separate otherwise identical timing windows (0.279111ms)
✔ different event names separate otherwise identical target and timing windows (0.171618ms)
✔ an untrusted competitor does not consume or make a trusted event ambiguous (0.11977ms)
✔ ambiguity in one target component does not erase a separate unique component (0.131126ms)
✔ duplicate raw records remain separate candidates and cannot fabricate uniqueness (0.178288ms)
✔ native timing remains independent of geometry and handler proxy; pin spaces differ (0.205725ms)
✔ untrusted, unmatched, ambiguous and reused native entries cannot yield passing zero latency (0.222343ms)
✔ stale source or concurrent revisions invalidate spatial and summary evidence; missing pins stay unmeasured (0.132711ms)
✔ independent native receipt checker rejects forged zero latency, anchor drift and stale source (0.596428ms)
✔ bilateral uniqueness keeps both competing trials null and is order independent (0.120006ms)
✔ overlapping candidate sets cannot be resolved by entry or trial order (0.102988ms)
✔ distinct target and event identities retain unique matches regardless of order (0.136832ms)
✔ independent verifier rejects first-trial ownership of a shared entry (0.322621ms)
✔ independent verifier rejects greedy ownership in an overlapping candidate chain (0.264422ms)
✔ clear preferred orthogonal paths remain byte-identical and endpoint data stays immutable (0.21095ms)
✔ independent broken-path counterexample detects unrelated intrusion and repaired route keeps endpoints (0.46395ms)
✔ ancestor frame passage is valid; unrelated frame interiors remain obstacles (0.117473ms)
✔ preferred route re-entry into an endpoint body is repaired, not mistaken for a clear unrelated-body path (0.215568ms)
✔ overlap covering an endpoint is reported explicitly rather than invented as a clear route (0.106084ms)
✔ blocked ancestor headers retain arbitrary canonical IDs without synthetic suffix decoding (0.113559ms)
✔ all nine historical source-bound golden frontiers rerender without unrelated-body intrusions (1446.410486ms)
✔ detail boundary stubs reuse obstacle routing across all visible expanded golden containers (14011.448184ms)
✔ four-direction moves preserve semantic identity, history, exact preview/guarded Scene and routed SVG (238.571264ms)
✔ intentional overlapping manual objects keep anchors and publish explicit overlap/routing diagnostics (46.542852ms)
✔ manual upward move into expanded ancestor header keeps the coordinate and reports the conflict (18.168711ms)
✔ sealed generated architecture uses the actual Output alias while exact return evidence survives in scene and SVG (1.498786ms)
✔ a legitimate n_ user return key without a display alias is never classified as machine-generated (0.867522ms)
✔ nested slots, scalar keys, a UUID-looking user key and whole return retain handwritten unaliased captions (0.524611ms)
✔ different long aliases on multiple outputs retain distinct labels and their independent actual nested paths (0.509567ms)
✔ non-output aliases, an Output without a declared path and opaque evidence preserve their existing meaning (0.330576ms)
✔ explicit alias uses existing visual history and undo restores the real return caption without touching canonical facts (3.178659ms)
✔ formal LSTM nested output slots retain handwritten key/index evidence in documents (101.800896ms)
✔ import validation rejects malformed output paths and slots on non-output nodes (38.674918ms)
✔ a renamed return slot cannot borrow presentation from the prior ordinal output (79.611824ms)
✔ snapshot includes queued native timing and longtask exactly once without waiting for callback delivery (0.705801ms)
✔ reset discards already queued entries before the new measurement window (0.164865ms)
✔ late callbacks retain only entries that started in the current reset window (0.194117ms)
✔ queued and callback ingestion share the same last-200 retention boundary (0.294872ms)
✔ receipt verifier recomputes percentiles and rejects unchanged or root frontiers (1.094117ms)
✔ performance probe never reports paint before its second animation-frame boundary (0.334664ms)
✔ frame sampler reports a bounded fps sample and reset removes prior samples (113.349452ms)
✔ automatic candidates replace a reverse vertical detour with a straight facing-side route, without editing bindings (0.817283ms)
✔ all four manual sides keep route endpoints on the public circle and obey source/target normals (5.11521ms)
✔ manual offset, automatic reset, undo/redo and JSON reopen retain an independent draft (3.364237ms)
✔ canvas manual proxy attachment survives collapse/reexpand, export, validation and history (22.522762ms)
✔ source diagram auto mode is opt-in and canonical bindings and node coordinates stay exact (6.213173ms)
✔ generated view port edits return to the authored endpoint and preserve an explicit automatic reset (18.849397ms)
✔ invalid offsets, sides and unknown canonical ports are rejected before a visual history change (1.082484ms)
✔ layer ordering removes a reversed downstream crossing without rewriting ranks (0.133794ms)
✔ every catalog module and every inserted preset keeps English module text while user aliases remain untouched (3.353075ms)
✔ real backend normalization and response reader preserve manual ports, with identical generated model source (39.446557ms)
✔ current residual frontier reserves an outside ancestor corridor after right move (3132.548523ms)
✔ current readable routes keep ports and peer geometry under translation and horizontal mirror (3033.036285ms)
✔ source-grounded overview mask gains eight-unit body clearance without changing any peer pair or port (66.981358ms)
✔ historical M4: independent final-SVG oracle detects all six sealed ChS stack intrusions and three buried frontier outputs (17.234899ms)
✔ historical M4: source-bound final SVG stack/endpoint/Canvas invariants: mlp-level0-paper-180 (6.406401ms)
✔ historical M4: source-bound final SVG stack/endpoint/Canvas invariants: mlp-level1-paper-180 (5.774698ms)
✔ historical M4: source-bound final SVG stack/endpoint/Canvas invariants: residual_cnn-level0-paper-180 (9.694566ms)
✔ historical M4: source-bound final SVG stack/endpoint/Canvas invariants: residual_cnn-level1-paper-180 (9.403648ms)
✔ historical M4: source-bound final SVG stack/endpoint/Canvas invariants: residual_cnn-level2-paper-180 (24.821274ms)
✔ historical M4: source-bound final SVG stack/endpoint/Canvas invariants: transformer-level0-paper-180 (40.999846ms)
✔ historical M4: source-bound final SVG stack/endpoint/Canvas invariants: transformer-level1-paper-180 (68.308664ms)
✔ historical M4: source-bound final SVG stack/endpoint/Canvas invariants: transformer-level2-paper-180 (108.972758ms)
✔ historical M4: source-bound final SVG stack/endpoint/Canvas invariants: transformer-level3-paper-180 (112.072426ms)
✔ historical M4: reported CNN bottom and Transformer memory examples attach to exposed card union (8.571335ms)
✔ historical M4: near-left bottom outputs follow actual +0/+3.5/+7 cards instead of empty envelope corners (10.105362ms)
✔ historical M4: same canonical memory output has coherent bottom and right display ports for multiple consumers (2.317731ms)
✔ historical M4: unrelated backplate-only obstacle and source own-stack reentry are independently rejected and rerouted (1.516548ms)
✔ historical M4: overlapping Repeat ownership is reported once and an endpoint covered by another body remains honestly blocked (0.172959ms)
✔ historical M4: detail fallback ports and translated stacks retain canonical boundary coverage and exposed endpoints (1.948482ms)
✔ historical M4: expanded/nonrepeat ports, in-place expansion, pins and move preview/history preserve presentation contracts (9.418354ms)
✔ a genuine source/style fan-out is drawn once with a literal junction and complete canonical paths retained (0.44516ms)
✔ tensor labels alone, distinct canonical ports, role/style changes and later rejoining never hide an ambiguous lane (0.238574ms)
✔ the image failure has genuine differently typed overlays; all 41 saved hierarchical/movement scenes now separate them without rewriting facts or anchors (7506.65702ms)
✔ deep frontier four-direction movement, persistence and history retain the separated routes and stable visual slots (13916.731709ms)
✔ route work caps are deterministic and oversized batches retain complete canonical endpoint geometry (561.905466ms)
✔ shortcut source inputs are bound to previous router and evidence candidates, not model-name heuristics (0.630266ms)
✔ independent pair sensor rejects split-vertex and collinear contacts, changed positions and new same-tensor overlaps (1.007919ms)
✔ unconflicted arbitrary typed route shortens without source/canonical evidence, object mutation or nondeterminism (4.412565ms)
✔ historical M4: source-backed mlp-level0-paper-180 shortens only pairwise protected routes and preserves nodes/source facts (0.80109ms)
✔ historical M4: source-backed mlp-level1-paper-180 shortens only pairwise protected routes and preserves nodes/source facts (2.088674ms)
✔ historical M4: source-backed residual_cnn-level0-paper-180 shortens only pairwise protected routes and preserves nodes/source facts (1.172305ms)
✔ historical M4: source-backed residual_cnn-level1-paper-180 shortens only pairwise protected routes and preserves nodes/source facts (2.680536ms)
✔ historical M4: source-backed residual_cnn-level2-paper-180 shortens only pairwise protected routes and preserves nodes/source facts (7.296796ms)
✔ historical M4: source-backed transformer-level0-paper-180 shortens only pairwise protected routes and preserves nodes/source facts (10.919446ms)
✔ historical M4: source-backed transformer-level1-paper-180 shortens only pairwise protected routes and preserves nodes/source facts (22.289262ms)
✔ historical M4: source-backed transformer-level2-paper-180 shortens only pairwise protected routes and preserves nodes/source facts (31.995332ms)
✔ historical M4: source-backed transformer-level3-paper-180 shortens only pairwise protected routes and preserves nodes/source facts (32.656486ms)
✔ obstacles, Repeat backplates and expanded ancestor headers retain a safe route rather than take the Manhattan shortcut (34.562596ms)
✔ covered endpoint, invalid reversal and work-cap inputs preserve honest fallback routes (49.71167ms)
✔ same-tensor and different-tensor peer geometry cannot gain hidden crossings contacts or overlaps (6.106948ms)
✔ a 0.005-world-unit moved same-tensor crossing cannot masquerade as its old geometric point (3.088392ms)
✔ shortcut cannot make its source escape hit its own endpoint through a non-adjacent segment (2.153563ms)
✔ existing self contacts and crossings remain eligible for a checked shorter subset (0.461126ms)
✔ independent self sensor ignores adjacent bends but detects non-adjacent crossing, point contact and retracing (0.124055ms)
✔ historical M4: independent oracle rejects 15 corruptions including coherent graph displacement and tensor concealment (5.375267ms)
✔ historical M4: independent strict-interior oracle excludes point contact and same tensor trunks, merges collinear intervals (0.863919ms)
✔ historical M4: outline compatibility rejects eight coherent corruptions while preserving the frozen routing oracle (31.190456ms)
✔ historical M4: independent source-bound frontier/detail/four-direction history invariants: mlp-level0-paper-180 (38.559775ms)
✔ historical M4: independent source-bound frontier/detail/four-direction history invariants: mlp-level1-paper-180 (85.082675ms)
✔ historical M4: independent source-bound frontier/detail/four-direction history invariants: residual_cnn-level0-paper-180 (72.533909ms)
✔ historical M4: independent source-bound frontier/detail/four-direction history invariants: residual_cnn-level1-paper-180 (124.308201ms)
✔ historical M4: independent source-bound frontier/detail/four-direction history invariants: residual_cnn-level2-paper-180 (311.875282ms)
✔ historical M4: independent source-bound frontier/detail/four-direction history invariants: transformer-level0-paper-180 (317.693047ms)
✔ historical M4: independent source-bound frontier/detail/four-direction history invariants: transformer-level1-paper-180 (668.198932ms)
✔ historical M4: independent source-bound frontier/detail/four-direction history invariants: transformer-level2-paper-180 (1489.651701ms)
✔ historical M4: independent source-bound frontier/detail/four-direction history invariants: transformer-level3-paper-180 (1620.61506ms)
✔ historical M4: real public source-bound Transformer metrics improve while preserving unresolved complex crossings (40.719532ms)
✔ historical M4: public differing-tensor geometry reduces overlap length while shared tensor trunk remains byte-identical (3.770647ms)
✔ indexed projected ports retain non-adjacent canonical coverage and role order (16.858835ms)
✔ parallel style groups and cycle fallback survive expand/undo/redo without mutating source (602.907196ms)
✔ actual compact source-card markup retains dimensions, dot-only port hit and a topmost body drag target (9.287986ms)
✔ actual AuthoringStudio title clicks select two compact nodes and its pointer callbacks drag both as one undo action (14.016146ms)
✔ actual App callbacks retain draft undo/redo and follow same-revision camera, selection and tool on multiple returns (103.526037ms)
✔ real source rebase preserves parameters, added nodes and edges, deletion tombstones and both history stacks (300.949442ms)
✔ actual App visual-revision return reprojects complete history and preserves source history byte-for-byte (263.881054ms)
✔ changed source/IR or an invalid history rebase is rejected atomically before replacing a retained session (152.182562ms)
✔ saved/reopened draft retains view and undo, browser recovery restores both stacks and rejects cross-source history (86.179738ms)
✔ source→draft viewport change preserves world centre and close-up zoom without changing canvas geometry (0.174083ms)
✔ actual AuthoringStudio reopen callback keeps camera/selection and undo; save commits only matching current bytes (97.718009ms)
✔ all recovered source compositions recursively expose their real primitives, including unnamed nested modules and repeats (1422.503789ms)
✔ decomposed Transformer edits generate a compact view and return with full structure, manual ports and undo intact (3450.231935ms)
✔ editing and view frontiers cannot be paired across document revisions (110.518885ms)
✔ unseen opaque models accept edits on the same source canvas with save/reopen, undo and export (397.775226ms)
✔ source frontier collapse retains opaque visual changes and hidden local placement without regenerating Python (262.91204ms)
✔ real Temporal shared projection keeps two distinct calls and four authored paths after edits and reopen (90.915235ms)
✔ Skip repeat is independent; expanding and detail export retain identities and external boundaries (178.156918ms)
✔ GNN names and arbitrary visual aliases do not turn unknown regions into known attention (51.510768ms)
✔ same label and duplicated call identity cannot invent distinct shared calls; facts detach from Canvas (68.279388ms)
✔ long authored output keys stay exact in metadata while subtitles fit the existing node width (69.546988ms)
✔ source-backed 300-layer Sequential expansion exposes 300 canonical layer objects (1106.47751ms)
✔ the actual CNN sentence breaks before path instead of splitting a fitting word (0.155951ms)
✔ CJK characters and whole English tokens can share lines without inserted text (0.084941ms)
✔ explicit line breaks and blank lines remain while soft line boundaries discard whitespace (0.105393ms)
✔ oversized source identifiers have finite code-point fallback without dropping characters (2.961225ms)
✔ Unicode code points stay intact and an individually oversized point still makes progress (0.317431ms)
✔ Scene annotation height and both SVG modes use the independently expected CNN lines (0.836167ms)
✔ a valid annotation narrower than its text inset still builds and renders (0.447886ms)
✔ real residual CNN nested expansion keeps downstream pool clear and restores base frontier (3950.296642ms)
✔ real MLP pinned output conflict is explicit while both expansion anchors stay fixed (109.618154ms)
ℹ tests 590
ℹ suites 0
ℹ pass 590
ℹ fail 0
ℹ cancelled 0
ℹ skipped 0
ℹ todo 0
ℹ duration_ms 219614.468939
