
> archcanvas-studio@0.1.0 test
> node --experimental-strip-types --test --test-isolation=none tests/*.test.ts

✔ suggestion is below every current body, including expanded frames, legends and other notes (3.575256ms)
✔ excluding the selected annotation ignores its old bounds and gives a stable repeated position (0.226296ms)
✔ body conflicts include frontier leaves, legend labels and other notes, with exact touching permitted (0.315527ms)
✔ body conflict result does not assert orthogonal edge clearance (0.155519ms)
✔ formal complex expansion keeps the existing absolute note and recommends a clear new note below the new frontier (169.936521ms)
✔ explicit move below diagram is one annotation history operation and preserves save/export fields (110.879582ms)
✔ independent from-zero chain arrangement can fit its previously offscreen output with all module boxes visible (0.636539ms)
✔ independent fit handles negative manual placements, merge branches, aspect ratios and the full128module contract (9.46316ms)
✔ empty and unmeasured viewports return finite camera state and keep the blank draft intact (0.233946ms)
✔ manual off-body route waypoints fit along with node rectangles without changing either model or route (0.338065ms)
✔ raw numerical field input rejects empty tokens, invalid dimensions, nonfinite values and out-of-contract lengths (0.552211ms)
✔ duplicate display labels never redirect a typed shape diagnostic to another module or infer a target from text (0.30048ms)
✔ unknown node identities and unregistered parameter/port names cannot produce an active field highlight (0.328361ms)
✔ unstructuredHTTP conflicts and malformed diagnostics keep useful message without fabricated node or field targets (0.170558ms)
✔ public JSON transport preserves structured diagnostics and HTTP status without changing legacy successful payloads (12.163928ms)
✔ deferred old-draft response cannot resolve a missing identity in a replacement draft with the same labels (0.501898ms)
✔ independent four-direction authored moves preserve exact graph and one-command undo/redo (3.259761ms)
✔ merge ports stay distinct, fan-out is retained, malformed direction/foreign port and duplicate producers fail atomically (1.753802ms)
✔ a new binding that closes a directed cycle leaves history and every prior edge unchanged (0.248908ms)
✔ deleting a branch removes only its incident bindings and undo restores both merge ports (0.348307ms)
✔ explicit DAG arrange handles merge longest-path dependencies without overlaps or semantic changes (0.541754ms)
✔ manual covering overlaps keep anchors and report every retained routing obstruction (0.292242ms)
✔ no-op changes and unavailable history travel preserve identity; a new edit after undo clears redo (0.256762ms)
✔ public draft transport binds save CAS revision and reopens an independent exact draft while a conflict retains local edits (1.264178ms)
✔ click additions find free space past the original five-node overlap counterexample without moving prior modules (0.781031ms)
✔ cache boundary rejects crash-causing node shapes, impossible revisions and unsafe coordinates while returning detached valid edits (0.885434ms)
✔ public authoring pan primitive uses final endpoint in all four directions, ignores foreign pointer and preserves model history (0.371437ms)
✔ a transparent network is one history step and redo restores its stable nodes, edges and edits (1.409818ms)
✔ repeat insertion avoids occupied cards, preserves prior identities and bindings, and never connects old networks (1.241755ms)
✔ IDs collide or fail safely before any draft mutation; retry uses fresh identities for every node and edge (0.606697ms)
✔ catalog compatibility, node/edge budgets and extreme coordinates refuse atomically (1.520102ms)
✔ CNN starting layout is legible at the observed viewport with one clear exterior row return (0.878401ms)
✔ actual inserted graphs pass the formal nonexecuting backend source pipeline; a disconnected old node still fails generation (60.005451ms)
✔ pointerup endpoint is available without an intervening move or RAF (0.1649ms)
✔ terminal endpoint includes movement beyond the last sampled preview (0.085837ms)
✔ pan displacement is measured in CSS pixels and never divided by zoom (0.103748ms)
✔ returning to start restores exact initial camera without cumulative drift (0.142755ms)
✔ viewport-origin shift alone does not masquerade as a pointer delta (0.054019ms)
✔ a second pointer cannot update or finish the original pan (0.048368ms)
✔ initial camera snapshot and caller input remain untouched (0.069415ms)
✔ invalid start coordinates, zoom and pointer identity are rejected (0.222199ms)
✔ world camera keeps the sealed Transformer scene continuous across negative bounds (14.125502ms)
✔ fit, focus, pointer-centered zoom and pan use world coordinates (0.220169ms)
✔ collapsed frontier retains canonical tensors, named port direction and hidden edges (0.668188ms)
✔ expansion preserves anchor, unrelated pins, repeat sharing and re-expanded local edits (3.568275ms)
✔ batch rejects semantic field injection and stale revision without mutating input (0.948305ms)
✔ history restores a whole batch with monotonic revision and invalidates redo after new edit (0.936414ms)
✔ publication serializes the edited scene, escapes every user string and excludes editor controls (1.309849ms)
✔ document loader rejects port mismatch, parent cycle and non-finite imported geometry (0.799128ms)
✔ selected parent plus child moves once, pinned descendants protect their subtree (2.515299ms)
✔ repeated toggles restore neighbor geometry without drifting or losing a collapsed user move (5.007933ms)
✔ long Chinese aliases and annotations retain text while their geometry grows (1.403489ms)
✔ source refresh preserves unique identity presentation and resets source undo boundary (3.581542ms)
✔ a rebound edge cannot inherit a style from its previous tensor binding (3.141343ms)
✔ projected parallel edges retain differing canonical styles instead of discarding them (0.911083ms)
✔ sealed Transformer mask edge inspector reflects the actual displayed style (21.348923ms)
✔ parallel growth fitting below an existing taller branch does not shift output again (13.987135ms)
✔ horizontal free space absorbs width growth; adjacent sibling spacing and authored gap are preserved (12.066122ms)
✔ manual distant output absorbs growth; downstream relative offsets and explicit user movement survive frontier restore (12.843264ms)
✔ pinned output and pinned descendant protect anchors while the existing warning reports unresolved overlap (12.74875ms)
✔ exact collapse/reexpand frontier snapshots and undo/redo remain stable after repeated parallel expansion (34.252431ms)
✔ real Transformer depth-two UI frontier uses existing space without cumulative independent branch height (195.466921ms)
✔ real Transformer depth-three and cached frontiers retain manual feedforward positions and no sibling intersections (235.248396ms)
✔ real Residual CNN grows both repeats and keeps downstream pool/flatten/classifier clear (60.368214ms)
✔ renderer changes invalidate an old export even when canvas revision and source digests match (0.276061ms)
✔ a restored artifact must describe the default document, width, revision, source and PNG resolution (0.191862ms)
✔ detail export partitions every canonical edge and visibly retains every crossing binding (9.92564ms)
✔ detail keeps edited geometry, aliases, styles, legend and contained annotations, and declares omissions (11.093711ms)
✔ distinct external node/port tuples cannot collide when their identities contain delimiters (4.413063ms)
✔ detail metadata and projected objects are detached from the input CanvasDocument (8.106552ms)
✔ detail rejects leaf, collapsed or hidden containers and invalid options; whole keeps the ordinary scene (7.810181ms)
✔ detail bounds retain manually offset descendants instead of clipping negative coordinates (7.275441ms)
✔ long boundary text and provenance fit their boxes and 85/180 mm preflight measures actual scale (10.86376ms)
✔ real source-derived MLP network detail accounts for adapters and exposes model input/output (32.609931ms)
✔ physical advice accounts for tall pages and rounds the required width upward (2.167489ms)
✔ detail choices distinguish equal labels by identity/path and preserve the current frontier and edits (22.863567ms)
✔ hierarchy order and depth follow authored roots and child lists, independent of flat node order (20.54352ms)
✔ empty aliases, escaped labels, repeat badges, pins and leaf/toggle ARIA stay exact (16.573356ms)
✔ collapsed ancestors hide latent descendants without erasing their expansion or selection (22.784998ms)
✔ a replacement architecture with the same IDs displays new labels, categories and topology (25.190092ms)
✔ an empty architecture renders no rows and non-hierarchy visual changes leave row HTML exact (11.267324ms)
✔ the actual formal source-backed 304-node model keeps precise old/new hierarchy HTML before and after expansion (665.246523ms)
✔ actual upward header conflict produces understandable guidance using display aliases (1.951484ms)
✔ actual overlapping leaves expose both overlap and blocked connection guidance (0.979982ms)
✔ source-analysis warnings stay in their own panel and missing object references do not leak identifiers (0.520563ms)
✔ preview equals complete guarded scene/SVG for container resizing, negative/manual geometry and repeated frames (39.711473ms)
✔ selected parent and child move exactly once; pinned descendants protect ancestor subtree (6.512806ms)
✔ sparse visible layout materializes once and hidden layout uses the established source contract (4.92905ms)
✔ preview leaves history/frontiers/source untouched, commit updates snapshots and supports one undo/redo (4.911994ms)
✔ prepared snapshot isolates later caller mutation and returned scene cannot corrupt frozen semantic references (2.114311ms)
✔ preview rejects forged sessions, invalid selection/coordinates and corrupted document before showing geometry (1.582063ms)
✔ independent oracle detects polluted body/header and route geometry (1.622089ms)
✔ four directions preserve exact manual coordinates, shared endpoints and expose left/header/sibling conflicts (12.982674ms)
✔ explicit recovery preview is obstacle-safe and commit is one reversible visual operation (19.983605ms)
✔ recovery respects selected pin, descendant pin and a clear right move without changing documents (5.188394ms)
✔ touching the true parent border is contained while even a one-unit left escape is diagnosed (4.460459ms)
✔ selected expanded subtree moves as one root and recovery preserves child locals and outside pins (6.057151ms)
✔ an invariant internal conflict is unavailable even with many nearby candidate obstacles (11.982994ms)
✔ ready recovery preserves an existing unrelated collision rather than presenting it as globally resolved (4.2229ms)
✔ unknown or hidden objects do not produce phantom recovery scenes (2.256623ms)
✔ same-pair ancestor collision growth rejects an otherwise clear nearby candidate (39.37965ms)
✔ native timing remains independent of geometry and handler proxy; pin spaces differ (0.522175ms)
✔ untrusted, unmatched, ambiguous and reused native entries cannot yield passing zero latency (0.322535ms)
✔ stale source or concurrent revisions invalidate spatial and summary evidence; missing pins stay unmeasured (0.164177ms)
✔ independent native receipt checker rejects forged zero latency, anchor drift and stale source (1.028664ms)
✔ clear preferred orthogonal paths remain byte-identical and endpoint data stays immutable (0.265481ms)
✔ independent broken-path counterexample detects unrelated intrusion and repaired route keeps endpoints (0.497162ms)
✔ ancestor frame passage is valid; unrelated frame interiors remain obstacles (0.117788ms)
✔ preferred route re-entry into an endpoint body is repaired, not mistaken for a clear unrelated-body path (0.19093ms)
✔ overlap covering an endpoint is reported explicitly rather than invented as a clear route (0.103915ms)
✔ blocked ancestor headers retain arbitrary canonical IDs without synthetic suffix decoding (0.119627ms)
✔ all nine historical source-bound golden frontiers rerender without unrelated-body intrusions (25.300361ms)
✔ detail boundary stubs reuse obstacle routing across all visible expanded golden containers (147.031432ms)
✔ four-direction moves preserve semantic identity, history, exact preview/guarded Scene and routed SVG (9.549396ms)
✔ intentional overlapping manual objects keep anchors and publish explicit overlap/routing diagnostics (1.151701ms)
✔ manual upward move into expanded ancestor header keeps the coordinate and reports the conflict (0.928087ms)
✔ formal LSTM nested output slots retain handwritten key/index evidence in documents (38.018129ms)
✔ import validation rejects malformed output paths and slots on non-output nodes (36.477537ms)
✔ a renamed return slot cannot borrow presentation from the prior ordinal output (39.084835ms)
✔ receipt verifier recomputes percentiles and rejects unchanged or root frontiers (1.146289ms)
✔ performance probe never reports paint before its second animation-frame boundary (0.431102ms)
✔ frame sampler reports a bounded fps sample and reset removes prior samples (112.89642ms)
✔ independent final-SVG oracle detects all six sealed ChS stack intrusions and three buried frontier outputs (18.162047ms)
✔ source-bound final SVG stack/endpoint/Canvas invariants: mlp-level0-paper-180 (6.07145ms)
✔ source-bound final SVG stack/endpoint/Canvas invariants: mlp-level1-paper-180 (3.676387ms)
✔ source-bound final SVG stack/endpoint/Canvas invariants: residual_cnn-level0-paper-180 (8.444522ms)
✔ source-bound final SVG stack/endpoint/Canvas invariants: residual_cnn-level1-paper-180 (5.286388ms)
✔ source-bound final SVG stack/endpoint/Canvas invariants: residual_cnn-level2-paper-180 (10.302597ms)
✔ source-bound final SVG stack/endpoint/Canvas invariants: transformer-level0-paper-180 (18.96971ms)
✔ source-bound final SVG stack/endpoint/Canvas invariants: transformer-level1-paper-180 (14.46166ms)
✔ source-bound final SVG stack/endpoint/Canvas invariants: transformer-level2-paper-180 (24.511761ms)
✔ source-bound final SVG stack/endpoint/Canvas invariants: transformer-level3-paper-180 (30.290255ms)
✔ reported CNN bottom and Transformer memory examples attach to exposed card union (6.032252ms)
✔ near-left bottom outputs follow actual +0/+3.5/+7 cards instead of empty envelope corners (8.28815ms)
✔ same canonical memory output has coherent bottom and right display ports for multiple consumers (1.24299ms)
✔ unrelated backplate-only obstacle and source own-stack reentry are independently rejected and rerouted (1.490923ms)
✔ overlapping Repeat ownership is reported once and an endpoint covered by another body remains honestly blocked (0.17361ms)
✔ detail fallback ports and translated stacks retain canonical boundary coverage and exposed endpoints (1.422291ms)
✔ expanded/nonrepeat ports, in-place expansion, pins and move preview/history preserve presentation contracts (5.694921ms)
✔ independent oracle rejects 15 corruptions including coherent graph displacement and tensor concealment (6.683654ms)
✔ independent strict-interior oracle excludes point contact and same tensor trunks, merges collinear intervals (0.787135ms)
✖ independent source-bound frontier/detail/four-direction history invariants: mlp-level0-paper-180 (1.349932ms)
✔ independent source-bound frontier/detail/four-direction history invariants: mlp-level1-paper-180 (28.685248ms)
✖ independent source-bound frontier/detail/four-direction history invariants: residual_cnn-level0-paper-180 (2.043592ms)
✔ independent source-bound frontier/detail/four-direction history invariants: residual_cnn-level1-paper-180 (44.445885ms)
✔ independent source-bound frontier/detail/four-direction history invariants: residual_cnn-level2-paper-180 (110.191867ms)
✖ independent source-bound frontier/detail/four-direction history invariants: transformer-level0-paper-180 (4.341301ms)
✔ independent source-bound frontier/detail/four-direction history invariants: transformer-level1-paper-180 (166.0126ms)
✔ independent source-bound frontier/detail/four-direction history invariants: transformer-level2-paper-180 (353.963525ms)
✔ independent source-bound frontier/detail/four-direction history invariants: transformer-level3-paper-180 (470.443135ms)
✔ real public source-bound Transformer metrics improve while preserving unresolved complex crossings (17.28888ms)
✔ public differing-tensor geometry reduces overlap length while shared tensor trunk remains byte-identical (2.879419ms)
✔ indexed projected ports retain non-adjacent canonical coverage and role order (1.432672ms)
✔ parallel style groups and cycle fallback survive expand/undo/redo without mutating source (7.202029ms)
✔ real Temporal shared projection keeps two distinct calls and four authored paths after edits and reopen (38.625372ms)
✔ Skip repeat is independent; expanding and detail export retain identities and external boundaries (47.265798ms)
✔ GNN names and arbitrary visual aliases do not turn unknown regions into known attention (36.48036ms)
✔ same label and duplicated call identity cannot invent distinct shared calls; facts detach from Canvas (35.756144ms)
✔ long authored output keys stay exact in metadata while subtitles fit the existing node width (40.426887ms)
✔ source-backed 300-layer Sequential expansion exposes 300 canonical layer objects (630.274702ms)
✔ the actual CNN sentence breaks before path instead of splitting a fitting word (0.149111ms)
✔ CJK characters and whole English tokens can share lines without inserted text (0.088143ms)
✔ explicit line breaks and blank lines remain while soft line boundaries discard whitespace (0.127432ms)
✔ oversized source identifiers have finite code-point fallback without dropping characters (2.873447ms)
✔ Unicode code points stay intact and an individually oversized point still makes progress (0.277139ms)
✔ Scene annotation height and both SVG modes use the independently expected CNN lines (0.742659ms)
✔ a valid annotation narrower than its text inset still builds and renders (0.403904ms)
✔ real residual CNN nested expansion keeps downstream pool clear and restores base frontier (52.801331ms)
✔ real MLP pinned output conflict is explicit while both expansion anchors stay fixed (33.526333ms)
ℹ tests 169
ℹ suites 0
ℹ pass 166
ℹ fail 3
ℹ cancelled 0
ℹ skipped 0
ℹ todo 0
ℹ duration_ms 5194.006011

✖ failing tests:

test at tests/routing-readability-independent.test.ts:39:3
✖ independent source-bound frontier/detail/four-direction history invariants: mlp-level0-paper-180 (1.349932ms)
  AssertionError [ERR_ASSERTION]: routing moved/resized/relabeled an owner or canonical port
  + actual - expected
  ... Skipped lines
  
    [
      {
        category: 'container',
        evidence: 'source',
        expandable: true,
  ...
            x: 177,
  +         y: 323
  -         y: 316
          }
        ],
        repeat: {
          count: 4,
          sharing: 'independent'
  
      at verifyRefinement (file:///home/fzg/PycharmProjects/ArchCanvas/ArchCanvas_Model_Architecture_Studio/docs/evidence/m4-routing-refinement/independent/oracle.ts:134:10)
      at TestContext.<anonymous> (file:///home/fzg/PycharmProjects/ArchCanvas/ArchCanvas_Model_Architecture_Studio/studio/tests/routing-readability-independent.test.ts:43:5)
      at Test.runInAsyncScope (node:async_hooks:227:14)
      at Test.run (node:internal/test_runner/test:1382:25)
      at Test.processPendingSubtests (node:internal/test_runner/test:960:18)
      at Test.postRun (node:internal/test_runner/test:1522:19)
      at Test.run (node:internal/test_runner/test:1447:12)
      at async Test.processPendingSubtests (node:internal/test_runner/test:960:7) {
    generatedMessage: false,
    code: 'ERR_ASSERTION',
    actual: [Array],
    expected: [Array],
    operator: 'deepStrictEqual',
    diff: 'simple'
  }

test at tests/routing-readability-independent.test.ts:39:3
✖ independent source-bound frontier/detail/four-direction history invariants: residual_cnn-level0-paper-180 (2.043592ms)
  AssertionError [ERR_ASSERTION]: routing moved/resized/relabeled an owner or canonical port
  + actual - expected
  ... Skipped lines
  
    [
      {
        category: 'container',
        evidence: 'source',
        expandable: true,
  ...
            x: 177,
  +         y: 423
  -         y: 416
          }
        ],
        repeat: {
          count: 2,
          sharing: 'independent'
  
      at verifyRefinement (file:///home/fzg/PycharmProjects/ArchCanvas/ArchCanvas_Model_Architecture_Studio/docs/evidence/m4-routing-refinement/independent/oracle.ts:134:10)
      at TestContext.<anonymous> (file:///home/fzg/PycharmProjects/ArchCanvas/ArchCanvas_Model_Architecture_Studio/studio/tests/routing-readability-independent.test.ts:43:5)
      at Test.runInAsyncScope (node:async_hooks:227:14)
      at Test.run (node:internal/test_runner/test:1382:25)
      at Test.processPendingSubtests (node:internal/test_runner/test:960:18)
      at Test.postRun (node:internal/test_runner/test:1522:19)
      at Test.run (node:internal/test_runner/test:1447:12)
      at async Test.processPendingSubtests (node:internal/test_runner/test:960:7) {
    generatedMessage: false,
    code: 'ERR_ASSERTION',
    actual: [Array],
    expected: [Array],
    operator: 'deepStrictEqual',
    diff: 'simple'
  }

test at tests/routing-readability-independent.test.ts:39:3
✖ independent source-bound frontier/detail/four-direction history invariants: transformer-level0-paper-180 (4.341301ms)
  AssertionError [ERR_ASSERTION]: routing moved/resized/relabeled an owner or canonical port
  + actual - expected
  ... Skipped lines
  
    [
      {
        category: 'container',
        evidence: 'source',
        expandable: true,
  ...
            direction: 'out',
  +         id: 'call:instance:model.Transformer.encoder.1.feedforward_norm:call:instance:model.Transformer.encoder.1.feedforward_norm:out:output:memory:right',
  -         id: 'call:instance:model.Transformer.encoder.1.feedforward_norm:call:instance:model.Transformer.encoder.1.feedforward_norm:out:output:memory',
            name: 'output',
            proxy: true,
            role: 'data',
  +         x: 281,
  -         x: 274,
            y: 444.1
          }
        ],
        repeat: {
          count: 2,
  ...
            direction: 'in',
  +         id: 'call:instance:model.Transformer.decoder:call:instance:model.Transformer.decoder:in:memory:memory:left',
  -         id: 'call:instance:model.Transformer.decoder:call:instance:model.Transformer.decoder:in:memory:memory',
            name: 'memory',
            proxy: false,
            role: 'memory',
            x: 316,
            y: 444.1
  
      at verifyRefinement (file:///home/fzg/PycharmProjects/ArchCanvas/ArchCanvas_Model_Architecture_Studio/docs/evidence/m4-routing-refinement/independent/oracle.ts:134:10)
      at TestContext.<anonymous> (file:///home/fzg/PycharmProjects/ArchCanvas/ArchCanvas_Model_Architecture_Studio/studio/tests/routing-readability-independent.test.ts:43:5)
      at Test.runInAsyncScope (node:async_hooks:227:14)
      at Test.run (node:internal/test_runner/test:1382:25)
      at Test.processPendingSubtests (node:internal/test_runner/test:960:18)
      at Test.postRun (node:internal/test_runner/test:1522:19)
      at Test.run (node:internal/test_runner/test:1447:12)
      at async Test.processPendingSubtests (node:internal/test_runner/test:960:7) {
    generatedMessage: false,
    code: 'ERR_ASSERTION',
    actual: [Array],
    expected: [Array],
    operator: 'deepStrictEqual',
    diff: 'simple'
  }
