✔ independent oracle detects polluted body/header and route geometry (11.212197ms)
✔ four directions preserve exact manual coordinates, shared endpoints and expose left/header/sibling conflicts (26.99394ms)
✔ explicit recovery preview is obstacle-safe and commit is one reversible visual operation (26.435433ms)
✔ recovery respects selected pin, descendant pin and a clear right move without changing documents (5.826687ms)
✔ touching the true parent border is contained while even a one-unit left escape is diagnosed (4.708437ms)
✔ selected expanded subtree moves as one root and recovery preserves child locals and outside pins (6.37262ms)
✔ an invariant internal conflict is unavailable even with many nearby candidate obstacles (15.451987ms)
✔ ready recovery preserves an existing unrelated collision rather than presenting it as globally resolved (4.458457ms)
✔ unknown or hidden objects do not produce phantom recovery scenes (2.776158ms)
✖ same-pair ancestor collision growth rejects an otherwise clear nearby candidate (7.265816ms)
ℹ tests 10
ℹ suites 0
ℹ pass 9
ℹ fail 1
ℹ cancelled 0
ℹ skipped 0
ℹ todo 0
ℹ duration_ms 169.302173

✖ failing tests:

test at tests/move-recovery-independent.test.ts:286:1
✖ same-pair ancestor collision growth rejects an otherwise clear nearby candidate (7.265816ms)
  AssertionError [ERR_ASSERTION]: Expected values to be strictly deep-equal:
  + actual - expected
  
    [
      80,
      254,
  +   511.68,
      254,
  -   254
    ]
  
      at TestContext.<anonymous> (file:///home/fzg/PycharmProjects/ArchCanvas/ArchCanvas_Model_Architecture_Studio/studio/tests/move-recovery-independent.test.ts:300:10)
      at Test.runInAsyncScope (node:async_hooks:227:14)
      at Test.run (node:internal/test_runner/test:1382:25)
      at Test.processPendingSubtests (node:internal/test_runner/test:960:18)
      at Test.postRun (node:internal/test_runner/test:1522:19)
      at Test.run (node:internal/test_runner/test:1447:12)
      at async Test.processPendingSubtests (node:internal/test_runner/test:960:7) {
    generatedMessage: true,
    code: 'ERR_ASSERTION',
    actual: [Array],
    expected: [Array],
    operator: 'deepStrictEqual',
    diff: 'simple'
  }
