{
  "output": "/home/fzg/PycharmProjects/ArchCanvas/ArchCanvas_Model_Architecture_Studio/docs/evidence/m4-architecture-index-cache-work/core-before.json",
  "coreSnapshotDirectory": "/tmp/archcanvas-core-benchmark-9G0HAw/core",
  "phases": {
    "reduceHistoryExpand": {
      "p50Ms": 16.096562,
      "p95Ms": 22.896329
    },
    "buildExpandedScene": {
      "p50Ms": 3.171572,
      "p95Ms": 3.895962
    },
    "renderExpandedSvg": {
      "p50Ms": 3.961545,
      "p95Ms": 5.205699
    },
    "reduceHistoryCollapse": {
      "p50Ms": 9.536942,
      "p95Ms": 12.866094
    },
    "buildCollapsedScene": {
      "p50Ms": 0.345798,
      "p95Ms": 0.518659
    },
    "renderCollapsedSvg": {
      "p50Ms": 0.94418,
      "p95Ms": 1.151251
    },
    "cloneExpandedDocument": {
      "p50Ms": 1.834592,
      "p95Ms": 2.172877
    },
    "validateExpandedDocument": {
      "p50Ms": 0.697793,
      "p95Ms": 1.141278
    },
    "undo": {
      "p50Ms": 3.723736,
      "p95Ms": 3.885526
    },
    "redo": {
      "p50Ms": 3.720125,
      "p95Ms": 5.357108
    }
  }
}
