{
  "output": "/home/fzg/PycharmProjects/ArchCanvas/ArchCanvas_Model_Architecture_Studio/docs/evidence/m4-architecture-index-cache-work/core-after.json",
  "coreSnapshotDirectory": "/tmp/archcanvas-core-benchmark-sKyPzI/core",
  "phases": {
    "reduceHistoryExpand": {
      "p50Ms": 15.937004,
      "p95Ms": 17.626405
    },
    "buildExpandedScene": {
      "p50Ms": 3.131218,
      "p95Ms": 4.421484
    },
    "renderExpandedSvg": {
      "p50Ms": 4.005637,
      "p95Ms": 5.295289
    },
    "reduceHistoryCollapse": {
      "p50Ms": 9.611815,
      "p95Ms": 11.261137
    },
    "buildCollapsedScene": {
      "p50Ms": 0.291743,
      "p95Ms": 0.349501
    },
    "renderCollapsedSvg": {
      "p50Ms": 0.949884,
      "p95Ms": 1.023793
    },
    "cloneExpandedDocument": {
      "p50Ms": 1.829387,
      "p95Ms": 2.209775
    },
    "validateExpandedDocument": {
      "p50Ms": 0.689157,
      "p95Ms": 2.345221
    },
    "undo": {
      "p50Ms": 3.755139,
      "p95Ms": 3.972423
    },
    "redo": {
      "p50Ms": 3.730502,
      "p95Ms": 5.439616
    }
  }
}
