
> archcanvas-studio@0.1.0 test
> node --experimental-strip-types --test --test-isolation=none tests/*.test.ts

✔ suggestion is below every current body, including expanded frames, legends and other notes (2.299054ms)
✔ excluding the selected annotation ignores its old bounds and gives a stable repeated position (0.218984ms)
✔ body conflicts include frontier leaves, legend labels and other notes, with exact touching permitted (0.319945ms)
✔ body conflict result does not assert orthogonal edge clearance (0.145345ms)
✔ formal complex expansion keeps the existing absolute note and recommends a clear new note below the new frontier (175.908316ms)
✔ explicit move below diagram is one annotation history operation and preserves save/export fields (109.127468ms)
✔ independent from-zero chain arrangement can fit its previously offscreen output with all module boxes visible (0.638371ms)
✔ independent fit handles negative manual placements, merge branches, aspect ratios and the full128module contract (9.503533ms)
✔ empty and unmeasured viewports return finite camera state and keep the blank draft intact (0.1923ms)
✔ manual off-body route waypoints fit along with node rectangles without changing either model or route (0.340058ms)
✔ raw numerical field input rejects empty tokens, invalid dimensions, nonfinite values and out-of-contract lengths (0.315649ms)
✔ duplicate display labels never redirect a typed shape diagnostic to another module or infer a target from text (0.281117ms)
✔ unknown node identities and unregistered parameter/port names cannot produce an active field highlight (0.338305ms)
✔ unstructuredHTTP conflicts and malformed diagnostics keep useful message without fabricated node or field targets (0.176684ms)
✔ public JSON transport preserves structured diagnostics and HTTP status without changing legacy successful payloads (12.350919ms)
✔ deferred old-draft response cannot resolve a missing identity in a replacement draft with the same labels (0.532315ms)
✔ independent four-direction authored moves preserve exact graph and one-command undo/redo (3.144652ms)
✔ merge ports stay distinct, fan-out is retained, malformed direction/foreign port and duplicate producers fail atomically (1.767153ms)
✔ a new binding that closes a directed cycle leaves history and every prior edge unchanged (0.257142ms)
✔ deleting a branch removes only its incident bindings and undo restores both merge ports (0.349165ms)
✔ explicit DAG arrange handles merge longest-path dependencies without overlaps or semantic changes (0.539714ms)
✔ manual covering overlaps keep anchors and report every retained routing obstruction (0.254312ms)
✔ no-op changes and unavailable history travel preserve identity; a new edit after undo clears redo (0.264553ms)
✔ public draft transport binds save CAS revision and reopens an independent exact draft while a conflict retains local edits (1.299495ms)
✔ click additions find free space past the original five-node overlap counterexample without moving prior modules (0.720698ms)
✔ cache boundary rejects crash-causing node shapes, impossible revisions and unsafe coordinates while returning detached valid edits (0.893193ms)
✔ public authoring pan primitive uses final endpoint in all four directions, ignores foreign pointer and preserves model history (0.364138ms)
✔ a transparent network is one history step and redo restores its stable nodes, edges and edits (1.4141ms)
✔ repeat insertion avoids occupied cards, preserves prior identities and bindings, and never connects old networks (1.060117ms)
✔ IDs collide or fail safely before any draft mutation; retry uses fresh identities for every node and edge (1.094022ms)
✔ catalog compatibility, node/edge budgets and extreme coordinates refuse atomically (1.513883ms)
✔ actual inserted graphs pass the formal nonexecuting backend source pipeline; a disconnected old node still fails generation (61.176746ms)
✔ pointerup endpoint is available without an intervening move or RAF (0.169452ms)
✔ terminal endpoint includes movement beyond the last sampled preview (0.075168ms)
✔ pan displacement is measured in CSS pixels and never divided by zoom (0.112005ms)
✔ returning to start restores exact initial camera without cumulative drift (0.160927ms)
✔ viewport-origin shift alone does not masquerade as a pointer delta (0.062208ms)
✔ a second pointer cannot update or finish the original pan (0.042409ms)
✔ initial camera snapshot and caller input remain untouched (0.06301ms)
✔ invalid start coordinates, zoom and pointer identity are rejected (0.199842ms)
✔ world camera keeps the sealed Transformer scene continuous across negative bounds (13.737593ms)
✔ fit, focus, pointer-centered zoom and pan use world coordinates (0.233487ms)
✔ collapsed frontier retains canonical tensors, named port direction and hidden edges (0.625939ms)
✔ expansion preserves anchor, unrelated pins, repeat sharing and re-expanded local edits (2.89242ms)
✔ batch rejects semantic field injection and stale revision without mutating input (0.903466ms)
✔ history restores a whole batch with monotonic revision and invalidates redo after new edit (0.919936ms)
✔ publication serializes the edited scene, escapes every user string and excludes editor controls (1.203879ms)
✔ document loader rejects port mismatch, parent cycle and non-finite imported geometry (0.775097ms)
✔ selected parent plus child moves once, pinned descendants protect their subtree (2.270711ms)
✔ repeated toggles restore neighbor geometry without drifting or losing a collapsed user move (4.930031ms)
✔ long Chinese aliases and annotations retain text while their geometry grows (1.396952ms)
✔ source refresh preserves unique identity presentation and resets source undo boundary (3.411263ms)
✔ a rebound edge cannot inherit a style from its previous tensor binding (2.34612ms)
✔ projected parallel edges retain differing canonical styles instead of discarding them (0.797268ms)
✔ sealed Transformer mask edge inspector reflects the actual displayed style (21.046355ms)
✔ parallel growth fitting below an existing taller branch does not shift output again (13.846607ms)
✔ horizontal free space absorbs width growth; adjacent sibling spacing and authored gap are preserved (11.805633ms)
✔ manual distant output absorbs growth; downstream relative offsets and explicit user movement survive frontier restore (13.370917ms)
✔ pinned output and pinned descendant protect anchors while the existing warning reports unresolved overlap (13.354765ms)
✔ exact collapse/reexpand frontier snapshots and undo/redo remain stable after repeated parallel expansion (31.490385ms)
✔ real Transformer depth-two UI frontier uses existing space without cumulative independent branch height (225.063796ms)
✔ real Transformer depth-three and cached frontiers retain manual feedforward positions and no sibling intersections (234.116279ms)
✔ real Residual CNN grows both repeats and keeps downstream pool/flatten/classifier clear (62.12205ms)
✔ renderer changes invalidate an old export even when canvas revision and source digests match (0.272589ms)
✔ a restored artifact must describe the default document, width, revision, source and PNG resolution (0.194346ms)
✔ detail export partitions every canonical edge and visibly retains every crossing binding (9.498269ms)
✔ detail keeps edited geometry, aliases, styles, legend and contained annotations, and declares omissions (10.34411ms)
✔ distinct external node/port tuples cannot collide when their identities contain delimiters (4.240865ms)
✔ detail metadata and projected objects are detached from the input CanvasDocument (7.350712ms)
✔ detail rejects leaf, collapsed or hidden containers and invalid options; whole keeps the ordinary scene (6.913139ms)
✔ detail bounds retain manually offset descendants instead of clipping negative coordinates (7.249772ms)
✔ long boundary text and provenance fit their boxes and 85/180 mm preflight measures actual scale (10.423824ms)
✔ real source-derived MLP network detail accounts for adapters and exposes model input/output (35.12291ms)
✔ physical advice accounts for tall pages and rounds the required width upward (2.136774ms)
✔ detail choices distinguish equal labels by identity/path and preserve the current frontier and edits (22.476133ms)
✔ hierarchy order and depth follow authored roots and child lists, independent of flat node order (20.980883ms)
✔ empty aliases, escaped labels, repeat badges, pins and leaf/toggle ARIA stay exact (16.030183ms)
✔ collapsed ancestors hide latent descendants without erasing their expansion or selection (22.955591ms)
✔ a replacement architecture with the same IDs displays new labels, categories and topology (26.411491ms)
✔ an empty architecture renders no rows and non-hierarchy visual changes leave row HTML exact (11.308357ms)
✔ the actual formal source-backed 304-node model keeps precise old/new hierarchy HTML before and after expansion (677.410922ms)
✔ actual upward header conflict produces understandable guidance using display aliases (1.901012ms)
✔ actual overlapping leaves expose both overlap and blocked connection guidance (0.912983ms)
✔ source-analysis warnings stay in their own panel and missing object references do not leak identifiers (0.499367ms)
✔ preview equals complete guarded scene/SVG for container resizing, negative/manual geometry and repeated frames (39.394456ms)
✔ selected parent and child move exactly once; pinned descendants protect ancestor subtree (6.737436ms)
✔ sparse visible layout materializes once and hidden layout uses the established source contract (4.676677ms)
✔ preview leaves history/frontiers/source untouched, commit updates snapshots and supports one undo/redo (4.501542ms)
✔ prepared snapshot isolates later caller mutation and returned scene cannot corrupt frozen semantic references (2.232636ms)
✔ preview rejects forged sessions, invalid selection/coordinates and corrupted document before showing geometry (1.592893ms)
✔ independent oracle detects polluted body/header and route geometry (2.055627ms)
✔ four directions preserve exact manual coordinates, shared endpoints and expose left/header/sibling conflicts (14.354179ms)
✔ explicit recovery preview is obstacle-safe and commit is one reversible visual operation (24.130351ms)
✔ recovery respects selected pin, descendant pin and a clear right move without changing documents (5.656448ms)
✔ touching the true parent border is contained while even a one-unit left escape is diagnosed (4.479406ms)
✔ selected expanded subtree moves as one root and recovery preserves child locals and outside pins (5.909285ms)
✔ an invariant internal conflict is unavailable even with many nearby candidate obstacles (11.578041ms)
✔ ready recovery preserves an existing unrelated collision rather than presenting it as globally resolved (4.551259ms)
✔ unknown or hidden objects do not produce phantom recovery scenes (2.535434ms)
✔ same-pair ancestor collision growth rejects an otherwise clear nearby candidate (37.577863ms)
✔ native timing remains independent of geometry and handler proxy; pin spaces differ (0.497337ms)
✔ untrusted, unmatched, ambiguous and reused native entries cannot yield passing zero latency (0.347489ms)
✔ stale source or concurrent revisions invalidate spatial and summary evidence; missing pins stay unmeasured (0.179642ms)
✔ independent native receipt checker rejects forged zero latency, anchor drift and stale source (1.016932ms)
✔ clear preferred orthogonal paths remain byte-identical and endpoint data stays immutable (0.235939ms)
✔ independent broken-path counterexample detects unrelated intrusion and repaired route keeps endpoints (0.510607ms)
✔ ancestor frame passage is valid; unrelated frame interiors remain obstacles (0.10823ms)
✔ preferred route re-entry into an endpoint body is repaired, not mistaken for a clear unrelated-body path (0.181844ms)
✔ overlap covering an endpoint is reported explicitly rather than invented as a clear route (0.096864ms)
✔ blocked ancestor headers retain arbitrary canonical IDs without synthetic suffix decoding (0.123808ms)
✔ all nine historical source-bound golden frontiers rerender without unrelated-body intrusions (25.753255ms)
✔ detail boundary stubs reuse obstacle routing across all visible expanded golden containers (141.076983ms)
✔ four-direction moves preserve semantic identity, history, exact preview/guarded Scene and routed SVG (8.426247ms)
✔ intentional overlapping manual objects keep anchors and publish explicit overlap/routing diagnostics (1.063539ms)
✔ manual upward move into expanded ancestor header keeps the coordinate and reports the conflict (0.815028ms)
✔ formal LSTM nested output slots retain handwritten key/index evidence in documents (38.483654ms)
✔ import validation rejects malformed output paths and slots on non-output nodes (40.29179ms)
✔ a renamed return slot cannot borrow presentation from the prior ordinal output (37.772736ms)
✔ receipt verifier recomputes percentiles and rejects unchanged or root frontiers (1.155024ms)
✔ performance probe never reports paint before its second animation-frame boundary (0.44426ms)
✔ frame sampler reports a bounded fps sample and reset removes prior samples (113.172697ms)
✔ independent oracle rejects 15 corruptions including coherent graph displacement and tensor concealment (8.026733ms)
✔ independent strict-interior oracle excludes point contact and same tensor trunks, merges collinear intervals (0.872263ms)
✔ independent source-bound frontier/detail/four-direction history invariants: mlp-level0-paper-180 (15.185321ms)
✔ independent source-bound frontier/detail/four-direction history invariants: mlp-level1-paper-180 (26.581504ms)
✔ independent source-bound frontier/detail/four-direction history invariants: residual_cnn-level0-paper-180 (31.51777ms)
✔ independent source-bound frontier/detail/four-direction history invariants: residual_cnn-level1-paper-180 (39.853738ms)
✔ independent source-bound frontier/detail/four-direction history invariants: residual_cnn-level2-paper-180 (91.570024ms)
✔ independent source-bound frontier/detail/four-direction history invariants: transformer-level0-paper-180 (106.410574ms)
✔ independent source-bound frontier/detail/four-direction history invariants: transformer-level1-paper-180 (172.663909ms)
✔ independent source-bound frontier/detail/four-direction history invariants: transformer-level2-paper-180 (379.888643ms)
✔ independent source-bound frontier/detail/four-direction history invariants: transformer-level3-paper-180 (542.826285ms)
✔ real public source-bound Transformer metrics improve while preserving unresolved complex crossings (20.505995ms)
✔ public differing-tensor geometry reduces overlap length while shared tensor trunk remains byte-identical (3.849731ms)
✔ indexed projected ports retain non-adjacent canonical coverage and role order (1.483575ms)
✔ parallel style groups and cycle fallback survive expand/undo/redo without mutating source (7.209748ms)
✔ real Temporal shared projection keeps two distinct calls and four authored paths after edits and reopen (48.53768ms)
✔ Skip repeat is independent; expanding and detail export retain identities and external boundaries (48.149382ms)
✔ GNN names and arbitrary visual aliases do not turn unknown regions into known attention (43.866328ms)
✔ same label and duplicated call identity cannot invent distinct shared calls; facts detach from Canvas (37.97947ms)
✔ long authored output keys stay exact in metadata while subtitles fit the existing node width (43.605888ms)
✔ source-backed 300-layer Sequential expansion exposes 300 canonical layer objects (628.575234ms)
✔ the actual CNN sentence breaks before path instead of splitting a fitting word (0.14989ms)
✔ CJK characters and whole English tokens can share lines without inserted text (0.107223ms)
✔ explicit line breaks and blank lines remain while soft line boundaries discard whitespace (0.136511ms)
✔ oversized source identifiers have finite code-point fallback without dropping characters (3.183889ms)
✔ Unicode code points stay intact and an individually oversized point still makes progress (0.419675ms)
✔ Scene annotation height and both SVG modes use the independently expected CNN lines (0.827325ms)
✔ a valid annotation narrower than its text inset still builds and renders (0.384415ms)
✔ real residual CNN nested expansion keeps downstream pool clear and restores base frontier (64.640041ms)
✔ real MLP pinned output conflict is explicit while both expansion anchors stay fixed (34.631725ms)
ℹ tests 151
ℹ suites 0
ℹ pass 151
ℹ fail 0
ℹ cancelled 0
ℹ skipped 0
ℹ todo 0
ℹ duration_ms 5337.306812
