✔ a transparent network is one history step and redo restores its stable nodes, edges and edits (9.429279ms)
✔ repeat insertion avoids occupied cards, preserves prior identities and bindings, and never connects old networks (20.867178ms)
✔ IDs collide or fail safely before any draft mutation; retry uses fresh identities for every node and edge (0.965967ms)
✔ catalog compatibility, node/edge budgets and extreme coordinates refuse atomically (2.681733ms)
✔ CNN starting layout is legible at the observed viewport with one clear exterior row return (3.987178ms)
✔ actual inserted graphs pass the formal nonexecuting backend source pipeline; a disconnected old node still fails generation (129.139028ms)
✔ category browser inventories every actual runtime module once, and never invents absent categories (1.652377ms)
✔ novice aliases and common framework spelling resolve to the registered operator contract (1.91129ms)
✔ parameter search and multiword searches intersect the selected actual category (0.78772ms)
✔ exact operator names never silently resolve a different primitive or unrelated starting graph (1.189494ms)
✔ transparent starters are searchable by their real editable components and declared I/O (1.260627ms)
✔ search and filtering preserve all catalog bytes and starter graph identities/parameters (3.222224ms)
ℹ tests 12
ℹ suites 0
ℹ pass 12
ℹ fail 0
ℹ cancelled 0
ℹ skipped 0
ℹ todo 0
ℹ duration_ms 307.329414
