✔ generated source view retains absolute draft anchors through real nested containers and faithful SVG export (14.265038ms)
✔ source presentation, pin, annotations and edge style follow exact generated identities without changing source facts (2.580731ms)
✔ ambiguous mappings are refused and unmapped presentation objects are explicitly reported (1.13125ms)
✔ a real backend generated model reopens with edited draft positions and labels while retaining its complete binding facts (43.757817ms)
✔ actual generate callback keeps the collapsed Transformer frontier and anchors when complete source generation is reopened (1401.574241ms)
✔ actual compact source-card markup retains dimensions, dot-only port hit and a topmost body drag target (14.741528ms)
✔ actual AuthoringStudio title clicks select two compact nodes and its pointer callbacks drag both as one undo action (15.417861ms)
✔ actual App callbacks retain draft undo/redo and follow same-revision camera, selection and tool on multiple returns (93.234759ms)
✔ real source rebase preserves parameters, added nodes and edges, deletion tombstones and both history stacks (272.654576ms)
✔ actual App visual-revision return reprojects complete history and preserves source history byte-for-byte (185.974689ms)
✔ changed source/IR or an invalid history rebase is rejected atomically before replacing a retained session (143.298693ms)
✔ saved/reopened draft retains view and undo, browser recovery restores both stacks and rejects cross-source history (85.203528ms)
✔ source→draft viewport change preserves world centre and close-up zoom without changing canvas geometry (0.17987ms)
✔ actual AuthoringStudio reopen callback keeps camera/selection and undo; save commits only matching current bytes (86.266195ms)
ℹ tests 14
ℹ suites 0
ℹ pass 14
ℹ fail 0
ℹ cancelled 0
ℹ skipped 0
ℹ todo 0
ℹ duration_ms 2734.604108
