{
  "beforeBounds": {
    "x": 0,
    "y": 0,
    "width": 4588,
    "height": 30542
  },
  "bounds": {
    "x": 0,
    "y": 0,
    "width": 4588,
    "height": 1952
  },
  "rootHeight": 1756,
  "output": {
    "x": 80,
    "y": 1756
  },
  "changedRoutes": 1,
  "diagnostics": [
    {
      "level": "info",
      "message": "Static AST subset only. User code was not imported or executed; no inferred shapes or runtime verification. Source editing uses separately reviewed registered transactions."
    }
  ],
  "coverages": [
    {
      "viewport": {
        "width": 672,
        "height": 711
      },
      "camera": {
        "x": 48,
        "y": 232.96817785527463,
        "zoom": 0.12554489973844812
      },
      "intersecting": 300,
      "fullyInside": 300,
      "minBodyWidthPx": 24.355710549258937,
      "minBodyHeightPx": 7.783783783783783,
      "nominalNodeFontPx": 1.6320836965998256
    },
    {
      "viewport": {
        "width": 3400,
        "height": 1900
      },
      "camera": {
        "x": 48,
        "y": 247.1438535309503,
        "zoom": 0.7201394943330427
      },
      "intersecting": 300,
      "fullyInside": 300,
      "minBodyWidthPx": 139.70706190061028,
      "minBodyHeightPx": 44.648648648648646,
      "nominalNodeFontPx": 9.361813426329554
    },
    {
      "viewport": {
        "width": 3800,
        "height": 2100
      },
      "camera": {
        "x": 48,
        "y": 262.052310374891,
        "zoom": 0.8073234524847428
      },
      "intersecting": 300,
      "fullyInside": 300,
      "minBodyWidthPx": 156.6207497820401,
      "minBodyHeightPx": 50.054054054054056,
      "nominalNodeFontPx": 10.495204882301657
    }
  ]
}
