✔ a transparent network is one history step and redo restores its stable nodes, edges and edits (9.356317ms)
✔ repeat insertion avoids occupied cards, preserves prior identities and bindings, and never connects old networks (21.018267ms)
✔ IDs collide or fail safely before any draft mutation; retry uses fresh identities for every node and edge (0.976628ms)
✔ catalog compatibility, node/edge budgets and extreme coordinates refuse atomically (2.689617ms)
✔ CNN starting layout is legible at the observed viewport with one clear exterior row return (4.034004ms)
✔ actual inserted graphs pass the formal nonexecuting backend source pipeline; a disconnected old node still fails generation (129.922984ms)
✔ category browser inventories every actual runtime module once, and never invents absent categories (1.653405ms)
✔ novice aliases and common framework spelling resolve to the registered operator contract (1.92972ms)
✔ parameter search and multiword searches intersect the selected actual category (0.868649ms)
✔ exact operator names never silently resolve a different primitive or unrelated starting graph (1.222607ms)
✔ transparent starters are searchable by their real editable components and declared I/O (1.273998ms)
✔ search and filtering preserve all catalog bytes and starter graph identities/parameters (3.231195ms)
ℹ tests 12
ℹ suites 0
ℹ pass 12
ℹ fail 0
ℹ cancelled 0
ℹ skipped 0
ℹ todo 0
ℹ duration_ms 311.720398
