✔ a transparent network is one history step and redo restores its stable nodes, edges and edits (9.374734ms)
✔ repeat insertion avoids occupied cards, preserves prior identities and bindings, and never connects old networks (20.892528ms)
✔ IDs collide or fail safely before any draft mutation; retry uses fresh identities for every node and edge (0.993422ms)
✔ catalog compatibility, node/edge budgets and extreme coordinates refuse atomically (2.705514ms)
✔ CNN starting layout is legible at the observed viewport with one clear exterior row return (4.045976ms)
✔ actual inserted graphs pass the formal nonexecuting backend source pipeline; a disconnected old node still fails generation (128.448258ms)
✔ category browser inventories every actual runtime module once, and never invents absent categories (1.696181ms)
✔ novice aliases and common framework spelling resolve to the registered operator contract (2.018973ms)
✔ parameter search and multiword searches intersect the selected actual category (0.794147ms)
✔ exact operator names never silently resolve a different primitive or unrelated starting graph (1.232832ms)
✔ transparent starters are searchable by their real editable components and declared I/O (1.294811ms)
✔ search and filtering preserve all catalog bytes and starter graph identities/parameters (3.283672ms)
ℹ tests 12
ℹ suites 0
ℹ pass 12
ℹ fail 0
ℹ cancelled 0
ℹ skipped 0
ℹ todo 0
ℹ duration_ms 306.486702
