✔ generated source view retains absolute draft anchors through real nested containers and faithful SVG export (14.12706ms)
✔ source presentation, pin, annotations and edge style follow exact generated identities without changing source facts (2.552067ms)
✔ ambiguous mappings are refused and unmapped presentation objects are explicitly reported (1.137962ms)
✔ a real backend generated model reopens with edited draft positions and labels while retaining its complete binding facts (40.587009ms)
✔ actual generate callback keeps the collapsed Transformer frontier and anchors when complete source generation is reopened (1393.039045ms)
✔ actual compact source-card markup retains dimensions, dot-only port hit and a topmost body drag target (14.825433ms)
✔ actual AuthoringStudio title clicks select two compact nodes and its pointer callbacks drag both as one undo action (15.320493ms)
✔ actual App callbacks retain draft undo/redo and follow same-revision camera, selection and tool on multiple returns (95.348758ms)
✔ real source rebase preserves parameters, added nodes and edges, deletion tombstones and both history stacks (274.924846ms)
✔ actual App visual-revision return reprojects complete history and preserves source history byte-for-byte (183.976198ms)
✔ changed source/IR or an invalid history rebase is rejected atomically before replacing a retained session (141.776222ms)
✔ saved/reopened draft retains view and undo, browser recovery restores both stacks and rejects cross-source history (80.59409ms)
✔ source→draft viewport change preserves world centre and close-up zoom without changing canvas geometry (0.183514ms)
✔ actual AuthoringStudio reopen callback keeps camera/selection and undo; save commits only matching current bytes (84.628376ms)
ℹ tests 14
ℹ suites 0
ℹ pass 14
ℹ fail 0
ℹ cancelled 0
ℹ skipped 0
ℹ todo 0
ℹ duration_ms 2714.474108
