✔ independent from-zero chain arrangement can fit its previously offscreen output with all module boxes visible (2.200586ms)
✔ independent fit handles negative manual placements, merge branches, aspect ratios and the full128module contract (10.694775ms)
✔ empty and unmeasured viewports return finite camera state and keep the blank draft intact (0.172931ms)
✔ manual off-body route waypoints fit along with node rectangles without changing either model or route (0.295385ms)
✔ raw numerical field input rejects empty tokens, invalid dimensions, nonfinite values and out-of-contract lengths (0.311578ms)
✔ duplicate display labels never redirect a typed shape diagnostic to another module or infer a target from text (0.278617ms)
✔ unknown node identities and unregistered parameter/port names cannot produce an active field highlight (0.291578ms)
✔ unstructuredHTTP conflicts and malformed diagnostics keep useful message without fabricated node or field targets (0.161261ms)
✔ public JSON transport preserves structured diagnostics and HTTP status without changing legacy successful payloads (15.043003ms)
✔ deferred old-draft response cannot resolve a missing identity in a replacement draft with the same labels (0.881933ms)
✔ independent four-direction authored moves preserve exact graph and one-command undo/redo (9.52495ms)
✔ merge ports stay distinct, fan-out is retained, malformed direction/foreign port and duplicate producers fail atomically (9.370683ms)
✔ a new binding that closes a directed cycle leaves history and every prior edge unchanged (0.257228ms)
✔ deleting a branch removes only its incident bindings and undo restores both merge ports (0.401389ms)
✔ explicit DAG arrange handles merge longest-path dependencies without overlaps or semantic changes (0.723692ms)
✔ manual covering overlaps keep anchors and report every retained routing obstruction (0.307114ms)
✔ no-op changes and unavailable history travel preserve identity; a new edit after undo clears redo (0.301531ms)
✔ public draft transport binds save CAS revision and reopens an independent exact draft while a conflict retains local edits (1.382523ms)
✔ click additions find free space past the original five-node overlap counterexample without moving prior modules (1.598107ms)
✔ cache boundary rejects crash-causing node shapes, impossible revisions and unsafe coordinates while returning detached valid edits (0.899583ms)
✔ public authoring pan primitive uses final endpoint in all four directions, ignores foreign pointer and preserves model history (0.358429ms)
✔ a transparent network is one history step and redo restores its stable nodes, edges and edits (1.49554ms)
✔ repeat insertion avoids occupied cards, preserves prior identities and bindings, and never connects old networks (2.452089ms)
✔ IDs collide or fail safely before any draft mutation; retry uses fresh identities for every node and edge (0.716916ms)
✔ catalog compatibility, node/edge budgets and extreme coordinates refuse atomically (1.583251ms)
✔ CNN starting layout is legible at the observed viewport with one clear exterior row return (0.950889ms)
✔ actual inserted graphs pass the formal nonexecuting backend source pipeline; a disconnected old node still fails generation (60.872376ms)
✔ independent sensor rejects interior/vertex crossings and positive overlaps, while separated or point-only collinear contacts differ (0.6233ms)
✔ actual five-binding merge keeps every endpoint, outward/inward normal, and card body clear (7.73523ms)
✔ actual merge removes the different-producer crossing and Concat inlet overlay without changing the five bindings (3.349675ms)
✔ same-source fanout keeps two complete branch IDs and separately ordered destination ports (2.848708ms)
✔ four-direction merge moves, undo/redo and JSON reopen reproduce stable routes and preserve semantic facts (62.506352ms)
✔ aligned horizontal and vertical chains retain their minimum straight paths (0.465167ms)
✔ an unrelated intervening card is avoided without moving it or hiding either independently produced route (0.274506ms)
✔ reverse-directed independent bindings route outside their own cards and an intervening body with correct normals (0.325267ms)
✔ a vertical multi-input merge preserves left/right and a/b slot ordering while avoiding every different-producer contact (5.606465ms)
✖ a real forward multi-input merge with an extra obstacle retains full facts and clear branch geometry (6.39338ms)
✔ a larger draft keeps all bindings, card positions and ordered anchors when global crossing removal is best effort (1.89723ms)
✔ all17 actual kinds keep unary cards stable and give two-input cards their independent140world body (0.630552ms)
✔ 53percent side labels reach8.1CSSpx while both names and dot hits remain separate (0.442602ms)
✔ vertical labels stay fully exterior to every card, clearing the kind caption and preserving dot hits (0.444343ms)
✔ dimensions and ordered anchors follow declared ports rather than an Add name shortcut (0.238321ms)
✔ fit includes the complete taller body and exterior routes without changing draft or camera-independent facts (0.166065ms)
✔ single insertion and explicit arrange avoid the newly occupied lower40world band (0.274913ms)
✔ transparent preset bounds and old-card collisions include taller merge modules atomically (0.898674ms)
✔ router treats the new lower band as a real obstacle and preserves bindings through history (1.285003ms)
✔ independent compensation supports a 58percent overview without claiming readable minimum zoom (0.12149ms)
✔ independent CJK title fitting prevents the original234world-wide truncated title (0.257883ms)
✔ independent fitting retains a short label, empty string and Unicode code points (0.15537ms)
✔ independent mono samples fit150world using equal ASCII columns rather than narrow punctuation (0.153225ms)
✔ independent wide-Latin title fitting stays inside134world even for repeated W (0.067963ms)
✔ independent scaled single-port hits contain both label endpoints and the dot (0.144935ms)
✔ independent custom cramped ports retain their12world fallback without claiming overview legibility (0.12113ms)
✔ independent vertical registered merge labels do not paint into the later port hit (0.065096ms)
✔ independent tooltip avoids the downstream card instead of covering its label (0.37607ms)
✔ independent58percent chain tooltip does not cover any of four scaled cards (0.178761ms)
✔ independent vertical input tooltip avoids an upstream card with a free side (0.143266ms)
✔ independent edge clamp uses a visible free side without intruding into its owner (0.166008ms)
✔ independent no-clear-region fallback remains bounded and does not alter obstacles (0.091925ms)
✔ overview text compensation is bounded and leaves normal zoom unchanged (0.05239ms)
✔ horizontal input and output hints prefer opposite sides of their node (0.100371ms)
✔ vertical hints fall back to a visible, non-overlapping side near viewport edges (0.083686ms)
ℹ tests 62
ℹ suites 0
ℹ pass 61
ℹ fail 1
ℹ cancelled 0
ℹ skipped 0
ℹ todo 0
ℹ duration_ms 383.770629

✖ failing tests:

test at tests/draft-merge-routing-independent.test.ts:211:1
✖ a real forward multi-input merge with an extra obstacle retains full facts and clear branch geometry (6.39338ms)
  AssertionError [ERR_ASSERTION]: fixtures intentionally have nonoverlapping cards
  + actual - expected
  
  + [
  +   {
  +     first: 'add',
  +     second: 'lower-obstacle'
  +   }
  + ]
  - []
  
      at pureRoutes (file:///home/fzg/PycharmProjects/ArchCanvas/ArchCanvas_Model_Architecture_Studio/studio/tests/draft-merge-routing-independent.test.ts:105:10)
      at assertClear (file:///home/fzg/PycharmProjects/ArchCanvas/ArchCanvas_Model_Architecture_Studio/studio/tests/draft-merge-routing-independent.test.ts:120:17)
      at TestContext.<anonymous> (file:///home/fzg/PycharmProjects/ArchCanvas/ArchCanvas_Model_Architecture_Studio/studio/tests/draft-merge-routing-independent.test.ts:213:3)
      at Test.runInAsyncScope (node:async_hooks:227:14)
      at Test.run (node:internal/test_runner/test:1382:25)
      at Test.processPendingSubtests (node:internal/test_runner/test:960:18)
      at Test.postRun (node:internal/test_runner/test:1522:19)
      at Test.run (node:internal/test_runner/test:1447:12)
      at async Test.processPendingSubtests (node:internal/test_runner/test:960:7) {
    generatedMessage: false,
    code: 'ERR_ASSERTION',
    actual: [Array],
    expected: [],
    operator: 'deepStrictEqual',
    diff: 'simple'
  }
