✔ flow interface projects frozen vertical chain and no-edge/horizontal default without semantic state (1.701475ms)
✔ real frozen four-node vertical chain has three literal straight gap-only routes, preserving every source fact (13.424492ms)
✔ literal horizontal chain retains legacy side coordinates and zero-bend straight gaps (0.905653ms)
✔ vertical Add branch keeps shared fanout identity, distinct ordered merge ports and unobstructed paths (27.342503ms)
✔ vertical Concat named input projections never collapse a/b producer identities (14.49872ms)
✔ an independent intervening body forces a safe detour without node movement or false blocked success (3.408331ms)
✔ a covering body blocking the target stays explicit and does not move user anchors (1.001437ms)
✔ reverse-positioned vertical DAG selects facing sides and routes outside its own bodies (5.449462ms)
✔ flow and geometry are insensitive to authored array ordering and equivariant under whole-draft translation (1.416203ms)
✔ four directional visual moves retain graph, one-command history, undo/redo geometry and JSON persistence (7.923603ms)
✔ an independent horizontal graph cannot rotate the frozen vertical graph's public ports or three straight routes (1.810534ms)
✔ all17 actual kinds keep unary cards stable and give two-input cards their independent140world body (2.149843ms)
✔ 53percent side labels reach8.1CSSpx while both names and dot hits remain separate (0.502195ms)
✔ vertical labels stay fully exterior to every card, clearing the kind caption and preserving dot hits (1.044632ms)
✔ every registered outlet-to-inlet28world vertical gap keeps offset labels disjoint with a clickable dot and owning text (15.62674ms)
✔ dimensions and ordered anchors follow declared ports rather than an Add name shortcut (0.525639ms)
✔ fit includes the complete taller body and exterior routes without changing draft or camera-independent facts (0.304257ms)
✔ single insertion and explicit arrange avoid the newly occupied lower40world band (0.998499ms)
✔ transparent preset bounds and old-card collisions include taller merge modules atomically (28.572924ms)
✔ router treats the new lower band as a real obstacle and preserves bindings through history (17.62601ms)
✔ unresolved regions expose both authored paths and nested source definitions in view and editor (228.709868ms)
✔ all recovered source compositions recursively expose their real primitives, including unnamed nested modules and repeats (1608.912787ms)
✔ decomposed Transformer edits generate a compact view and return with full structure, manual ports and undo intact (3720.039083ms)
✔ editing and view frontiers cannot be paired across document revisions (104.356908ms)
✔ unseen opaque models accept edits on the same source canvas with save/reopen, undo and export (373.642637ms)
✔ source frontier collapse retains opaque visual changes and hidden local placement without regenerating Python (258.138934ms)
✔ source dependency arrows restore after collapse and JSON reopen without changing tensor edges or ports (50.116126ms)
✔ source arrows and separate legend appear in publication/editor SVG and stay inside fit bounds (6.693354ms)
✔ detail export includes only dependencies inside its selected source subtree (6.719986ms)
✔ source relations reject tensor endpoints, self loops, extra bindings and duplicate identities (0.87686ms)
✔ editor derives source arrows from actual moved geometry and persists facts through source presentation edits (69.53601ms)
ℹ tests 31
ℹ suites 0
ℹ pass 31
ℹ fail 0
ℹ cancelled 0
ℹ skipped 0
ℹ todo 0
ℹ duration_ms 6717.872102
