✔ toolbar zoom preserves the viewed world centre at fit, reset and zoom limits (4.366871ms)
✔ new figure measures initial aliases before materializing and keeps its straight chain through reopen and re-expansion (19.213892ms)
✔ initial alias validation rejects foreign identities and keeps default creation compatible (3.884353ms)
✔ viewport arrangement folds an eight-module chain, preserves facts/history and avoids body intrusions (19.692343ms)
✔ viewport folding cannot turn a branch or merge into a unary chain (0.455306ms)
✔ historical M4: independent corridor parser rejects ignored bytes, diagonal, partial, nonfinite and multiple subpaths (1.31464ms)
✔ historical M4: independent corridor metrics preserve split crossings, point contacts and pair-local interval union (6.650967ms)
✔ historical M4: independent corridor frozen captures remain bound to exact archived source bytes (5.712667ms)
✔ historical M4: independent corridor family identity requires exact source, memory role, effective style, side and complete canonical membership (2.308947ms)
✔ historical M4: independent corridor rejects coherent semantic, branch, circle, style, body and same-tensor crossing corruptions (141.736833ms)
✔ historical M4: independent corridor literal shared-family improvement retains each branch and exposes crossing exchanges (25.162859ms)
✔ historical M4: independent corridor current nine frontiers and three details preserve source, cards, ports, canonical branches and protected geometry (562.183672ms)
✔ historical M4: independent corridor current L3 cannot trade overlap for crosses or lose named canonical fanout branches (77.750187ms)
✔ historical M4: independent corridor work caps remain their literal approved bounds (0.095321ms)
✔ suggestion is below every current body, including expanded frames, legends and other notes (0.411846ms)
✔ excluding the selected annotation ignores its old bounds and gives a stable repeated position (0.173363ms)
✔ body conflicts include frontier leaves, legend labels and other notes, with exact touching permitted (0.200073ms)
✔ body conflict result does not assert orthogonal edge clearance (0.091429ms)
✔ formal complex expansion keeps the existing absolute note and recommends a clear new note below the new frontier (11009.212634ms)
✔ explicit move below diagram is one annotation history operation and preserves save/export fields (14054.276788ms)
✔ deepest source relation index folds bottom-up and never confuses a tensor name with a binding (2052.232687ms)
✔ real MLP expanded network has one atomic input lane and no parent/child arrow ambiguity (16.920445ms)
✔ detail export keeps folded atomic coverage and does not resurrect coarse parent arrows (1624.641768ms)
✔ atomic frontier mlp-level0-paper-180 keeps source facts canonical ports exports and four-direction history (2.3357ms)
✔ atomic frontier mlp-level1-paper-180 keeps source facts canonical ports exports and four-direction history (228.157253ms)
✔ atomic frontier residual_cnn-level0-paper-180 keeps source facts canonical ports exports and four-direction history (25.92269ms)
✔ atomic frontier residual_cnn-level1-paper-180 keeps source facts canonical ports exports and four-direction history (506.450256ms)
✔ atomic frontier residual_cnn-level2-paper-180 keeps source facts canonical ports exports and four-direction history (4493.687032ms)
✔ atomic frontier transformer-level0-paper-180 keeps source facts canonical ports exports and four-direction history (408.307784ms)
✔ atomic frontier transformer-level1-paper-180 keeps source facts canonical ports exports and four-direction history (1862.709813ms)
✔ atomic frontier transformer-level2-paper-180 keeps source facts canonical ports exports and four-direction history (6169.652553ms)
✔ atomic frontier transformer-level3-paper-180 keeps source facts canonical ports exports and four-direction history (8292.416433ms)
✔ clear arbitrary route takes the local Manhattan corridor without touching nodes or endpoints (2.35845ms)
✔ route improvement cannot create a new peer crossing even for equal tensor identifiers (6.142904ms)
✔ independent from-zero chain arrangement can fit its previously offscreen output with all module boxes visible (0.617443ms)
✔ independent fit handles negative manual placements, merge branches, aspect ratios and the full128module contract (12.804363ms)
✔ empty and unmeasured viewports return finite camera state and keep the blank draft intact (0.176195ms)
✔ manual off-body route waypoints fit along with node rectangles without changing either model or route (0.303416ms)
✔ raw numerical field input rejects empty tokens, invalid dimensions, nonfinite values and out-of-contract lengths (0.3208ms)
✔ duplicate display labels never redirect a typed shape diagnostic to another module or infer a target from text (0.294982ms)
✔ unknown node identities and unregistered parameter/port names cannot produce an active field highlight (0.352934ms)
✔ unstructuredHTTP conflicts and malformed diagnostics keep useful message without fabricated node or field targets (0.188891ms)
✔ public JSON transport preserves structured diagnostics and HTTP status without changing legacy successful payloads (13.109ms)
✔ deferred old-draft response cannot resolve a missing identity in a replacement draft with the same labels (0.603648ms)
✔ flow interface projects frozen vertical chain and no-edge/horizontal default without semantic state (0.194966ms)
✔ real frozen four-node vertical chain has three literal straight gap-only routes, preserving every source fact (1.507283ms)
✔ literal horizontal chain retains legacy side coordinates and zero-bend straight gaps (0.476935ms)
✔ vertical Add branch keeps shared fanout identity, distinct ordered merge ports and unobstructed paths (11.428216ms)
✔ vertical Concat named input projections never collapse a/b producer identities (9.683109ms)
✔ an independent intervening body forces a safe detour without node movement or false blocked success (1.998748ms)
✔ a covering body blocking the target stays explicit and does not move user anchors (1.010742ms)
✔ reverse-positioned vertical DAG selects facing sides and routes outside its own bodies (4.42693ms)
✔ flow and geometry are insensitive to authored array ordering and equivariant under whole-draft translation (1.434536ms)
✔ four directional visual moves retain graph, one-command history, undo/redo geometry and JSON persistence (5.468564ms)
✔ an independent horizontal graph cannot rotate the frozen vertical graph's public ports or three straight routes (1.435316ms)
✔ the actual blank authoring component exposes visible steps, a static-check entry and the draft count (13.446963ms)
✔ the inspector assertion rejects the same compilable component with only that visible panel removed (76.867534ms)
✔ unavailable activation searches name their missing operation and disclose differences in available options (0.189424ms)
✔ unavailable tensor module searches explain the current dimensional or pooling limits (0.085749ms)
✔ attention and recurrent searches expose the missing behavior without promising an equivalent network (0.096542ms)
✔ ordinary and empty searches retain the generic palette message (0.055097ms)
✔ the actual palette visibly exposes classification and alias/parameter discovery (6.721853ms)
✔ actual palette rendering uses the runtime inventory, alias search and the selected module category (198.052441ms)
✔ independent four-direction authored moves preserve exact graph and one-command undo/redo (24.660391ms)
✔ merge ports stay distinct, fan-out is retained, malformed direction/foreign port and duplicate producers fail atomically (13.958772ms)
✔ a new binding that closes a directed cycle leaves history and every prior edge unchanged (0.375983ms)
✔ deleting a branch removes only its incident bindings and undo restores both merge ports (0.788104ms)
✔ explicit DAG arrange handles merge longest-path dependencies without overlaps or semantic changes (12.85562ms)
✔ manual covering overlaps keep anchors and report every retained routing obstruction (0.839882ms)
✔ no-op changes and unavailable history travel preserve identity; a new edit after undo clears redo (0.289823ms)
✔ public draft transport binds save CAS revision and reopens an independent exact draft while a conflict retains local edits (1.546147ms)
✔ click additions find free space past the original five-node overlap counterexample without moving prior modules (1.962658ms)
✔ cache boundary rejects crash-causing node shapes, impossible revisions and unsafe coordinates while returning detached valid edits (0.699532ms)
✔ public authoring pan primitive uses final endpoint in all four directions, ignores foreign pointer and preserves model history (0.409469ms)
✔ a transparent network is one history step and redo restores its stable nodes, edges and edits (6.608092ms)
✔ repeat insertion avoids occupied cards, preserves prior identities and bindings, and never connects old networks (12.536221ms)
✔ IDs collide or fail safely before any draft mutation; retry uses fresh identities for every node and edge (0.775768ms)
✔ catalog compatibility, node/edge budgets and extreme coordinates refuse atomically (2.695997ms)
✔ CNN starting layout is legible at the observed viewport with one clear exterior row return (2.185547ms)
✔ actual inserted graphs pass the formal nonexecuting backend source pipeline; a disconnected old node still fails generation (137.629718ms)
✔ pointerup endpoint is available without an intervening move or RAF (0.253121ms)
✔ terminal endpoint includes movement beyond the last sampled preview (0.107656ms)
✔ pan displacement is measured in CSS pixels and never divided by zoom (0.095428ms)
✔ returning to start restores exact initial camera without cumulative drift (0.150525ms)
✔ viewport-origin shift alone does not masquerade as a pointer delta (0.056667ms)
✔ a second pointer cannot update or finish the original pan (0.052759ms)
✔ initial camera snapshot and caller input remain untouched (0.07443ms)
✔ invalid start coordinates, zoom and pointer identity are rejected (0.225833ms)
✔ world camera keeps the sealed Transformer scene continuous across negative bounds (153.301154ms)
✔ fit, focus, pointer-centered zoom and pan use world coordinates (0.303557ms)
✔ same-viewport reload preserves exact camera and independently calculated world centre (0.447409ms)
✔ a resized reopened viewport preserves world centre and zoom through new pixel translation (0.099476ms)
✔ source/IR/document identities and visual revisions prevent stale or cross-model reuse (0.104697ms)
✔ per-document source/IR keys isolate values without adding revision to the key (0.126995ms)
✔ invalid stored versions, centres, scales, viewport and identity are refused rather than coerced (0.160856ms)
✔ fit scales below .15 remain valid while unsafe captures are rejected (0.125515ms)
✔ malformed, absent, oversized, disabled and quota-failed storage leave a graceful fallback (0.182509ms)
✔ delayed restore cannot supersede explicit fit, zoom, focus, pan or a newer document load (0.106356ms)
✔ terminal pan is saved and cancellation can restore the prior camera without retaining the preview (0.11389ms)
✔ capture/restore/tickets mutate no input and store revisions without touching Canvas/history (0.513713ms)
✔ a deliberately adopted reconciled identity can retain view while old source state remains isolated (0.117025ms)
✔ actual App initialization callbacks read the owned saved view before any initial write (31.387196ms)
✔ actual App persistence callback refuses previews then writes terminal camera and rollback (12.101831ms)
✔ actual App delayed callback rejects later intent/load/revision and handles deferred viewport (92.776202ms)
✔ the observed large-to-small live resize keeps world centre 350,405 in its first coordinated result (0.224551ms)
✔ fractional, negative and small-fit cameras preserve centre and zoom across anisotropic size chains (0.180854ms)
✔ same-size deliveries are no-ops and invalid or hidden dimensions cannot establish a frame (0.123654ms)
✔ actual App idle resize commits the latest centre synchronously without a new intent or history entry (19.830862ms)
✔ actual persistence before observer delivery uses the camera anchor instead of a newly resized DOM (23.145141ms)
✔ actual pan, move, box and port ownership defer resize until their mapping is released (73.604887ms)
✔ actual terminal pan includes the unsampled pointerup delta then applies the queued resize exactly once (26.095525ms)
✔ actual cancel after a resized pan preview restores the original world centre and never retains that preview (17.565058ms)
✔ actual resized object drag keeps its typed delta and one undo entry independent of transient camera coordination (18.732446ms)
✔ actual box terminal selection uses the old frozen camera before viewport coordination (17.446082ms)
✔ an explicit current-size camera commit wins without a second old-size correction (25.078741ms)
✔ initialization ignores unowned resize and restores at its latest viewport; active drag defers it (21.383827ms)
✔ an early actual spatial gesture owns its displayed mapping and invalidates a delayed restore even after document commit (34.261463ms)
✔ an early actual pan establishes its own viewport anchor before a resized terminal sample (25.151339ms)
✔ a later document, revision, load or explicit intent rejects pending initialization and old ownership (89.375076ms)
✔ the actual observer effect commits in its delivery and rejects disconnected or replaced elements (16.499799ms)
✔ the real window fallback follows the same mapping and unregisters after cleanup (16.861191ms)
✔ the actual observer remount resumes a bounded exhausted hidden initialization at the now-visible dimensions (23.07176ms)
✔ the actual observer revives an exhausted tiny viewport only when dimensions become usable (17.387128ms)
✔ a stale load/intent/revision cannot revive after hidden exhaustion, and an owned remount keeps explicit intent (73.369445ms)
✔ hidden dimensions are ignored; a tiny visible viewport can return without contaminating stored centre (16.585972ms)
✔ canvas save deduplicates source facts without changing current/history or hiding a foreign binding (1.751292ms)
✔ source-grounded distant memory caption has an owned-route guide instead of silently floating beside mask routes (52.125141ms)
✔ a safe close caption keeps its coordinates and creates no decorative guide (0.254077ms)
✔ general translated CJK captions use short collision-free guides without model-name or ID dependencies (1.828755ms)
✔ crowded and shared-route attachments preserve captions and give explicit diagnostics instead of unsafe guide connections (34.637826ms)
✔ notes, other caption envelopes, crossing routes and reserved guides remain obstacles in a general multi-label batch (5.369661ms)
✔ whole/detail, aliases, monochrome, save/reopen and undo/redo keep caption decoration outside canonical metadata (186.616339ms)
✔ a general stress batch preserves every canonical edge and produces deterministic nonintersecting decorations (99.72864ms)
✔ a dense batch above the deterministic association limit keeps every label and emits diagnostics (0.71828ms)
✔ geometry-check exhaustion in a still-supported batch preserves remaining captions with explicit budget evidence (247.841284ms)
✔ a later moved caption clears the visible stroke of an earlier reserved guide (29.68253ms)
✔ a narrow guide cannot visually overlap or touch a parallel foreign tensor stroke (3.956054ms)
✔ uncertifiable foreign stroke widths preserve text with a diagnostic instead of emitting guides (0.198185ms)
✔ direct ancestor collapse restores compact visible frontier and retains hidden expanded children (100.827701ms)
✔ reopen ancestor resurrects hidden expansion and exact independently supplied deep geometry (298.907434ms)
✔ changing hidden descendant expansion memory cannot replay a stale geometry into visible siblings (1.653451ms)
✔ manual container and downstream moves survive compact restoration and deep reopening; unrelated pin remains exact (574.193128ms)
✔ pinned downstream position and pinned hidden leaf are protected rather than rolled back to a compact cache (192.177394ms)
✔ undo and redo restore compact/deep states, hidden memory and exact positions independently of revision (97.655262ms)
✔ JSON save/reload of collapsed canvas retains nested expansion memory and exact deep reopening (195.619072ms)
✔ manual hidden-leaf memory remains exact through direct ancestor collapse, JSON reload and reopen (343.28954ms)
✔ literal node identities containing delimiter characters do not discard latent expansion memory or visible geometry (197.789023ms)
✔ two different valid expanded sets with the same legacy delimiter string cannot share frontier geometry (2.397582ms)
✔ existing composite legacy cache ambiguous between a delimiter identity and two parallel branches cannot inject tall geometry (2.439997ms)
✔ actual frozen CNN deep canvas collapses repeat directly to literal compact root positions while retaining both block memories (591.368419ms)
✔ actual already-bad collapsed CNN cannot overwrite its earlier compact cache before reopening and recollapsing (591.608507ms)
✔ historical M4: independent residual baseline freezes all nine authored frontiers and actual public route bytes (7.624042ms)
✔ historical M4: independent route parser and protected pair oracle expose split-vertex crossings and interval union (0.54069ms)
✔ historical M4: independent oracle rejects coherent branch, role/style, port, body/header and backplate corruptions (9.907407ms)
✔ historical M4: CNN collapsed proxy residual becomes the independent 38-unit straight route without merging its data lane (5.987959ms)
✔ historical M4: all protected branches/cards/ports and pair-local safety survive: residual_cnn-level0-paper-180 (11.144159ms)
✔ historical M4: all protected branches/cards/ports and pair-local safety survive: residual_cnn-level1-paper-180 (18.357848ms)
✔ historical M4: all protected branches/cards/ports and pair-local safety survive: residual_cnn-level2-paper-180 (44.555369ms)
✔ historical M4: all protected branches/cards/ports and pair-local safety survive: mlp-level0-paper-180 (3.808164ms)
✔ historical M4: all protected branches/cards/ports and pair-local safety survive: mlp-level1-paper-180 (8.583723ms)
✔ historical M4: all protected branches/cards/ports and pair-local safety survive: transformer-level0-paper-180 (48.453729ms)
✔ historical M4: all protected branches/cards/ports and pair-local safety survive: transformer-level1-paper-180 (85.738819ms)
✔ historical M4: all protected branches/cards/ports and pair-local safety survive: transformer-level2-paper-180 (158.872574ms)
✔ historical M4: all protected branches/cards/ports and pair-local safety survive: transformer-level3-paper-180 (165.494387ms)
✔ historical M4: renamed generic graphs shorten collapsed module and repeat proxies while preserving manual pins and exposed repeat ports (4.274638ms)
✔ historical M4: single-route collapsed proxy optimization works without pressure or model-name assumptions (0.749244ms)
✔ historical M4: clear manually misaligned proxy endpoints attain the independent Manhattan minimum with two turns (0.742062ms)
✔ historical M4: expanded or actual visible targets and other roles can shorten only when their geometry remains protected (2.792077ms)
✔ historical M4: geometry shortcuts do not depend on, merge or rewrite missing or inconsistent canonical/proxy-port evidence (2.599045ms)
✔ historical M4: unrelated body, ancestor header and repeat backplate blocking all retain safe old route and immutable anchors (2.765838ms)
✔ historical M4: every other edge is protected even when sharing tensor but differing in role/style: crossing and overlap (19.964685ms)
✔ historical M4: misaligned short staircases cannot conceal crossings on another edge intermediate vertex, including same-tensor different styles (10.730234ms)
✔ historical M4: retraced protected segments cannot inflate old pair overlap and license a larger same-tensor residual overlap (1.723448ms)
✔ historical M4: effective style overrides retain separate canonical residual branches and never merge them with the same-tensor data lane (1.966672ms)
✔ historical M4: bounded-work fallback preserves the old route instead of advertising an unchecked shortcut (83.172626ms)
✔ collapsed frontier retains canonical tensors, named port direction and hidden edges (1.298327ms)
✔ expansion preserves anchor, unrelated pins, repeat sharing and re-expanded local edits (104.977439ms)
✔ batch rejects semantic field injection and stale revision without mutating input (1.331281ms)
✔ history restores a whole batch with monotonic revision and invalidates redo after new edit (1.591294ms)
✔ publication serializes the edited scene, escapes every user string and excludes editor controls (2.036297ms)
✔ document loader rejects port mismatch, parent cycle and non-finite imported geometry (0.91158ms)
✔ selected parent plus child moves once, pinned descendants protect their subtree (139.402557ms)
✔ repeated toggles restore neighbor geometry without drifting or losing a collapsed user move (248.879894ms)
✔ long Chinese aliases and annotations retain text while their geometry grows (3.893012ms)
✔ source refresh preserves unique identity presentation and resets source undo boundary (97.790662ms)
✔ a rebound edge cannot inherit a style from its previous tensor binding (150.973553ms)
✔ projected parallel edges retain differing canonical styles instead of discarding them (12.830375ms)
✔ DenseStress300 component routing keeps bounded crossings, overlap and endpoint ownership (471.474598ms)
✔ four directional moves preserve architecture, preview/commit, history and endpoints (13254.747714ms)
✔ down move retains the five atomic intrusions and matching blocked diagnostics (834.878341ms)
✔ narrow-gap centerline proposal is geometrically better but fixed target arrow remains inside the upper card (900.595962ms)
✔ component routing budgets are frozen and over-cap batches keep deterministic per-route fallback (380.264446ms)
✔ a right Add input from a strict ancestor is the only residual edge (0.659443ms)
✔ Add left/right order is symmetric; branch age is proved by bindings (0.221658ms)
✔ transitive ancestry marks the direct skip, never any trunk edge or Add output (0.238391ms)
✔ nested Adds retain distinct local skip roles without styling all ancestors (0.209195ms)
✔ two independent producers remain ordinary even when labels say residual (0.161288ms)
✔ a shared ancestor does not make either sibling input residual (0.152854ms)
✔ the same tensor producer bound to both Add slots is x+x, not a skip (0.142988ms)
✔ Concat stays ordinary even when its first producer is an ancestor of the second (0.127395ms)
✔ ancestry through a registered merge is structural, not a unary-only heuristic (0.158127ms)
✔ rename, geometry, and node/edge array order cannot manufacture or remove a role (0.53146ms)
✔ a missing Add input has no complete pair from which to infer a residual role (0.134521ms)
✔ ambiguous or invalid Add bindings stay ordinary without throwing (0.251569ms)
✔ missing producers and incorrect source/output direction cannot prove ancestry (0.268505ms)
✔ opaque, unknown, and removed catalog contracts do not imply a known path (0.435497ms)
✔ catalog direction and tensor-type contradictions disable affected role inference (0.290599ms)
✔ a directed cycle in the relevant component cannot create a strict-ancestor proof (0.141785ms)
✔ unrelated unknown and cyclic components do not alter an independently known skip (0.183006ms)
✔ parallel known components keep their local roles and ordinary branches (0.194806ms)
✔ 128th node is accepted and cacheable; 129th fails before any byte changes (0.868302ms)
✔ 384th connection is accepted and cacheable; 385th fails before any byte changes (1.373192ms)
✔ deleting a module or connection releases capacity for another edit (1.482975ms)
✔ failed limit edits preserve history, revision, past and redo bytes (3.185986ms)
✔ independent sensor rejects interior/vertex crossings and positive overlaps, while separated or point-only collinear contacts differ (0.698341ms)
✔ actual five-binding merge keeps every endpoint, outward/inward normal, and card body clear (16.480574ms)
✔ actual merge removes the different-producer crossing and Concat inlet overlay without changing the five bindings (10.761031ms)
✔ same-source fanout keeps two complete branch IDs and separately ordered destination ports (7.851485ms)
✔ four-direction merge moves, undo/redo and JSON reopen reproduce stable routes and preserve semantic facts (216.40634ms)
✔ aligned horizontal and vertical chains retain their minimum straight paths (1.283573ms)
✔ an unrelated intervening card is avoided without moving it or hiding either independently produced route (1.282002ms)
✔ reverse-directed independent bindings route outside their own cards and an intervening body with correct normals (5.820558ms)
✔ a vertical multi-input merge preserves left/right and a/b slot ordering while avoiding every different-producer contact (10.809182ms)
✔ a real forward multi-input merge with an extra obstacle retains full facts and clear branch geometry (11.119421ms)
✔ an older manual obstacle position reports its newly overlapping lower band without moving saved objects (9.012996ms)
✔ a larger draft keeps all bindings, card positions and ordered anchors when global crossing removal is best effort (8.451634ms)
✔ category browser inventories every actual runtime module once, and never invents absent categories (1.39572ms)
✔ novice aliases and common framework spelling resolve to the registered operator contract (1.753266ms)
✔ parameter search and multiword searches intersect the selected actual category (0.699233ms)
✔ exact operator names never silently resolve a different primitive or unrelated starting graph (0.895608ms)
✔ transparent starters are searchable by their real editable components and declared I/O (1.386944ms)
✔ search and filtering preserve all catalog bytes and starter graph identities/parameters (2.921198ms)
✔ all17 actual kinds keep unary cards stable and give two-input cards their independent140world body (1.704262ms)
✔ 53percent side labels reach8.1CSSpx while both names and dot hits remain separate (0.354778ms)
✔ vertical labels stay fully exterior to every card, clearing the kind caption and preserving dot hits (0.896607ms)
✔ every registered outlet-to-inlet28world vertical gap keeps offset labels disjoint with a clickable dot and owning text (14.18074ms)
✔ dimensions and ordered anchors follow declared ports rather than an Add name shortcut (0.415643ms)
✔ fit includes the complete taller body and exterior routes without changing draft or camera-independent facts (0.180605ms)
✔ single insertion and explicit arrange avoid the newly occupied lower40world band (0.433127ms)
✔ transparent preset bounds and old-card collisions include taller merge modules atomically (13.69627ms)
✔ router treats the new lower band as a real obstacle and preserves bindings through history (11.429783ms)
✔ independent compensation supports a 58percent overview without claiming readable minimum zoom (0.144083ms)
✔ independent CJK title fitting prevents the original234world-wide truncated title (0.2458ms)
✔ independent fitting retains a short label, empty string and Unicode code points (0.146938ms)
✔ independent mono samples fit150world using equal ASCII columns rather than narrow punctuation (0.134902ms)
✔ independent wide-Latin title fitting stays inside134world even for repeated W (0.059311ms)
✔ independent scaled single-port hits contain both label endpoints and the dot (0.149039ms)
✔ independent custom cramped ports retain their12world fallback without claiming overview legibility (0.10741ms)
✔ independent vertical registered merge labels do not paint into the later port hit (0.06192ms)
✔ independent tooltip avoids the downstream card instead of covering its label (0.356922ms)
✔ independent58percent chain tooltip does not cover any of four scaled cards (0.165339ms)
✔ independent vertical input tooltip avoids an upstream card with a free side (0.104892ms)
✔ independent edge clamp uses a visible free side without intruding into its owner (0.1197ms)
✔ independent no-clear-region fallback remains bounded and does not alter obstacles (0.071219ms)
✔ overview text compensation is bounded and leaves normal zoom unchanged (0.053703ms)
✔ horizontal input and output hints prefer opposite sides of their node (0.123704ms)
✔ vertical hints fall back to a visible, non-overlapping side near viewport edges (0.082304ms)
✔ equal revision and labels never allow one draft identity or node identity/kind/set to inherit another draft check (0.417389ms)
✔ parameters, array contents and every binding identity/endpoint invalidate checked shapes even before a revision increment (0.387552ms)
✔ four-direction placement, display aliases, title and revision retain the same checked static graph without mutation (0.988643ms)
✔ parameter field order is irrelevant while graph-array order remains significant for backend topological/output ordering (0.157829ms)
✔ complete static response preserves tensor declarations and identities while isolating them from mutable response data (0.231118ms)
✔ an incomplete graph may retain upstream declared tensors, but never reports complete or invents a missing downstream shape (0.455646ms)
✔ execution claims, generated-source receipts and inconsistent complete/issue or missing-tensor claims are rejected (0.38174ms)
✔ malformed tensor shapes, dtype, extra runtime flags and oversized declarations cannot reach a displayed shape label (0.582833ms)
✔ unregistered tensor/node references, repeated or nontopological order and malformed diagnostics are rejected without target inference (0.505497ms)
✔ sealed Transformer mask edge inspector reflects the actual displayed style (1242.287738ms)
✔ formal Transformer memory caption clears both repeat plates and target card with all model facts fixed (15.91895ms)
✔ general placement leaves a safe caption unchanged in expanded content and ignores empty captions (0.266745ms)
✔ independent repeat/header/note blockers relocate captions without changing paths or card coordinates (0.601701ms)
✔ two distinct captions keep separate nominal envelopes and avoid an unrelated route (2.518717ms)
✔ bounded local placement reports an impossible caption instead of hiding it or moving model objects (0.652985ms)
✔ whole and detail export use the same caption safety after projection while visual history retains canonical facts (40.155274ms)
✔ long source-declared captions remain complete and inside overview/detail bounds even when local placement is blocked (1.288516ms)
✔ editor omits only root furniture for current mlp-level1-base, retaining every canonical route and publication object (33.924109ms)
✔ editor omits only root furniture for current residual_cnn-level2-base, retaining every canonical route and publication object (595.399655ms)
✔ editor omits only root furniture for current transformer-level3-base, retaining every canonical route and publication object (1169.114003ms)
✔ unrelated custom root identity stays implicit only while expanded, and conceptual hierarchy keeps collapse/layout/cache/history (158.799442ms)
✔ fit measures edited world objects and routes, excluding publication title, legends and implicit root padding (1.118975ms)
✔ floating legend content keeps authored order and every actual edge style in color and monochrome (78.765392ms)
✔ independent parentless leaves and explicit detail boundary cards never become hidden roots (0.136537ms)
✔ editor paints an exact tensor fan-out prefix once with its real junction while preserving complete selectable bindings and export paths (2.321619ms)
✔ actual new-blank entry always starts empty despite a cached source draft, and keeps previous workspaces intact (16.727397ms)
✔ new-blank from the editor hands off the exact unsaved draft and history before creating a separate session (8.283625ms)
✔ actual App opens generated work, resumes the original semantic history on repeated returns, and recovers it after reload (35.007795ms)
✔ actual edit→view with an unchanged baseline reuses the current view and preserves both stacks and the camera (10.069175ms)
✔ actual edit→view generates the latest modified snapshot and retains its workspace before opening it (8.319446ms)
✔ real normalized generation response accepts a separate JSON-roundtripped authored presentation, but refuses stale values (41.314936ms)
✔ actual failed generation or opening preserves edited bytes/history and reports that the editor was retained (16.980045ms)
✔ actual stale async generation cannot open a newer draft, and synchronous repeated mode clicks generate once (7.925822ms)
✔ view baseline equivalence ignores only revision and detects connections, presentation and custom definitions (0.393912ms)
✔ generated workspace resumes exact draft/history, maps selection and reflects subsequent view movement without source mutation (2.774189ms)
✔ generated workspace rejects a changed document/source/IR binding before modifying retained authoring history (1.209068ms)
✔ blank-authored visual styles persist through view→edit, browser recovery and a fresh static generation (41.903624ms)
✔ generated view cache roundtrips both authoring history stacks and accepts only this exact saved model binding (2.567813ms)
✔ generated source view translates changed generated geometry back to the original source frontier before edit resumes (143.085567ms)
✔ real custom-module preview retains named keyword input and three distinct nested output boundaries in the frontend reader (0.51284ms)
✔ malformed custom source/class/constructor/port/output contracts cannot enter restored draft state (0.872977ms)
✔ actual custom-module insertion registers once, supports repeated instances and persists definitions plus undo (9.105436ms)
✔ actual custom preview callback rejects malformed JSON, preserves a bounded static result, and prevents parallel requests (3.294918ms)
✔ actual editor top actions expose edit/view mode and custom-source launcher, with floating legend outside world SVG (125.03768ms)
✔ actual source-view top actions expose the same mode switch and keep root/title/legend out of the editor world (150.854753ms)
✔ actual custom-source modal renders class/source/constructor fields and named multi-output preview without a shape claim (9.531941ms)
✔ parallel growth fitting below an existing taller branch does not shift output again (542.535646ms)
✔ horizontal free space absorbs width growth; adjacent sibling spacing and authored gap are preserved (353.176102ms)
✔ manual distant output absorbs growth; downstream relative offsets and explicit user movement survive frontier restore (476.870885ms)
✔ pinned output and pinned descendant protect anchors while the existing warning reports unresolved overlap (433.77625ms)
✔ exact collapse/reexpand frontier snapshots and undo/redo remain stable after repeated parallel expansion (914.717594ms)
✔ real Transformer depth-two UI frontier uses existing space without cumulative independent branch height (12216.224891ms)
✔ real Transformer depth-three and cached frontiers retain manual feedforward positions and no sibling intersections (18372.719594ms)
✔ real Residual CNN grows both repeats and keeps downstream pool/flatten/classifier clear (5637.164821ms)
✔ renderer changes invalidate an old export even when canvas revision and source digests match (0.334536ms)
✔ a restored artifact must describe the default document, width, revision, source and PNG resolution (0.172823ms)
✔ detail export partitions every canonical edge and visibly retains every crossing binding (442.571342ms)
✔ detail keeps edited geometry, aliases, styles, legend and contained annotations, and declares omissions (618.656019ms)
✔ distinct external node/port tuples cannot collide when their identities contain delimiters (141.51972ms)
✔ detail metadata and projected objects are detached from the input CanvasDocument (453.119378ms)
✔ detail rejects leaf, collapsed or hidden containers and invalid options; whole keeps the ordinary scene (233.07621ms)
✔ detail bounds retain manually offset descendants instead of clipping negative coordinates (563.344426ms)
✔ long boundary text and provenance fit their boxes and 85/180 mm preflight measures actual scale (458.516675ms)
✔ real source-derived MLP network detail accounts for adapters and exposes model input/output (122.54894ms)
✔ physical advice accounts for tall pages and rounds the required width upward (56.456561ms)
✔ detail choices distinguish equal labels by identity/path and preserve the current frontier and edits (2514.964037ms)
✔ ordinary large output move retains the existing all-frontier arithmetic (102.559865ms)
✔ omitted and explicit all-frontiers scopes produce identical complete documents (30.32471ms)
✔ current deep output compaction preserves compact view and repeated toggles restore distinct exact positions (148.216052ms)
✔ four current-frontier directions and duplicate IDs change only the literal current object/cache (58.8017ms)
✔ a later ordinary move still applies one delta to both differently edited saved frontiers (29.72725ms)
✔ missing or legacy-only current cache establishes canonical visible cache without altering old bytes (60.013617ms)
✔ effective compact frontier ignores retained hidden layer flags and preserves deep cache (96.889223ms)
✔ ambiguous delimiter cache remains intact while explicit current edit creates its literal canonical key (14.808406ms)
✔ selected parent and child translate once; selected pins and pinned descendants retain protection (74.467907ms)
✔ current hidden selection is rejected atomically while default established-hidden-layout behavior survives (1.830041ms)
✔ intentional negative manual positions are neither clamped nor migrated to other frontiers (339.619261ms)
✔ one scoped history entry supports exact cache undo/redo and rejects stale revisions (15.366719ms)
✔ JSON reload preserves distinct current-edited and compact positions with full model/source facts (59.133189ms)
✔ preview scope is frozen and complete scene/SVG equals corresponding real commit without document mutation (390.029511ms)
✔ unknown scopes are rejected by move and preview before any document mutation (0.500758ms)
✔ editing already malformed revision5 with current scope does not silently migrate its other cache (14.235076ms)
✔ scoped recovery preserves the other frontier and proposed scene equals committed active scene (144.760888ms)
✔ recovery validates unknown scope even on unneeded or unavailable early return paths (0.408856ms)
✔ actual edit→view rejects an unconnected Attention before source expansion, preserving draft history and a responsive event loop (291.385163ms)
✔ generated source view retains absolute draft anchors through real nested containers and faithful SVG export (1.712017ms)
✔ source presentation, pin, annotations and edge style follow exact generated identities without changing source facts (1.62668ms)
✔ ambiguous mappings are refused and unmapped presentation objects are explicitly reported (0.858786ms)
✔ a real backend generated model reopens with edited draft positions and labels while retaining its complete binding facts (44.751569ms)
✔ actual generate callback keeps the collapsed Transformer frontier and anchors when complete source generation is reopened (1069.924071ms)
✔ hierarchy order and depth follow authored roots and child lists, independent of flat node order (18.537737ms)
✔ empty aliases, escaped labels, repeat badges, pins and leaf/toggle ARIA stay exact (16.869192ms)
✔ collapsed ancestors hide latent descendants without erasing their expansion or selection (23.645032ms)
✔ a replacement architecture with the same IDs displays new labels, categories and topology (30.142807ms)
✔ an empty architecture renders no rows and non-hierarchy visual changes leave row HTML exact (11.89796ms)
✔ the actual formal source-backed 304-node model keeps precise old/new hierarchy HTML before and after expansion (1104.222394ms)
✔ historical caption compatibility rejects route/port/binding corruption and explicit or nonmemory text changes (68.153269ms)
✔ Transformer overview no longer reports its hidden root boundary or title while preserving publication checks (212.154992ms)
✔ hidden root headers cease to be routing obstacles, while physical frames retain their headers (1.401826ms)
✔ negative world positions survive nested and root collapse, undo, redo and JSON reopen (373.918002ms)
✔ visible nested containers still report escaped children and header intrusion (272.504044ms)
✔ editor drag preview matches commit and recovery does not clamp objects into the hidden root (6.104527ms)
✔ dot lattice follows the world origin through all pan quadrants and zoom levels (0.375017ms)
✔ navigation is unbounded in position and zoom retains the pointer world point (0.24267ms)
✔ transparent editor surface retains exact figure geometry and publication background (0.463262ms)
✔ retained route pair cannot grow actual collinear length after selected body clearance (21.711259ms)
✔ a different overlap peer is new damage even when primary edge and length agree (15.800576ms)
✔ unchanged ambiguous lane may remain after genuine selected-body clearance (12.725859ms)
✔ a route-only warning incident through the second edge needs genuine reduction (26.505222ms)
✔ unchanged unrelated caption warning cannot conceal growing penetration into the same body (12.598133ms)
✔ original unrelated caption obstruction may stay unchanged during selected-body repair (10.908303ms)
✔ a blocked route may not transfer penetration from one retained body to another (12.926513ms)
✔ an unrelated caption association warning may not move farther from its owned route (11.196976ms)
✔ actual upward header conflict produces understandable guidance using display aliases (39.789688ms)
✔ actual overlapping leaves expose both overlap and blocked connection guidance (48.354932ms)
✔ source-analysis warnings stay in their own panel and missing object references do not leak identifiers (16.331488ms)
✔ historical M4: source memory captions survive vertical threshold boundaries and all four movement directions in whole/detail and both presets (1185.954523ms)
✔ historical M4: the actual +24 encoder counterexample keeps its routed endpoints and visible memory after undo/redo and JSON reopening (30.323447ms)
✔ historical M4: source expansion and collapse retain every visible memory caption without adding hidden bindings or facts (192.691572ms)
✔ historical M4: default memory naming is generic while explicit empty/authored labels and other roles retain their contracts (35.4627ms)
✔ historical M4: a genuinely blocked moved memory retains its text and reports association failure instead of disappearing (20.791883ms)
✔ historical M4: source and target signed14/15 thresholds retain endpoint continuity and exact peers across caption preset size and detail combinations (15269.557975ms)
✔ historical M4: horizontal gap guards retain complete baseline when two six-unit leads are unavailable (112.574635ms)
✔ historical M4: continuity is detached and one typed move survives undo redo and JSON reopen (15.088725ms)
✔ historical M4: literal guards reject joint and same-tensor peers close strokes invalid widths gap bodies and exhausted checks (0.813977ms)
✔ historical M4: version adapter rejects coherent geometry canonical nonmemory and consumer-coverage corruptions (29.178839ms)
✔ historical M4: detail mixed consumers keep retained port coverage and architecture-order bindings after memory projection (6.652294ms)
✔ historical M4: independent frozen baseline contains all twelve actual CNN configurations with immutable narrow copies (7.921101ms)
✔ historical M4: actual CNN baseline preserves canonical facts, ports and routes: cnn-level0-paper-85 (10.140813ms)
✔ historical M4: actual CNN baseline preserves canonical facts, ports and routes: cnn-level0-paper-180 (7.746727ms)
✔ historical M4: actual CNN baseline preserves canonical facts, ports and routes: cnn-level0-monochrome-85 (10.787393ms)
✔ historical M4: actual CNN baseline preserves canonical facts, ports and routes: cnn-level0-monochrome-180 (9.643249ms)
✔ historical M4: actual CNN baseline preserves canonical facts, ports and routes: cnn-level1-paper-85 (12.479163ms)
✔ historical M4: actual CNN baseline preserves canonical facts, ports and routes: cnn-level1-paper-180 (12.204265ms)
✔ historical M4: actual CNN baseline preserves canonical facts, ports and routes: cnn-level1-monochrome-85 (14.170764ms)
✔ historical M4: actual CNN baseline preserves canonical facts, ports and routes: cnn-level1-monochrome-180 (14.95814ms)
✔ historical M4: actual CNN baseline preserves canonical facts, ports and routes: cnn-level2-paper-85 (29.647882ms)
✔ historical M4: actual CNN baseline preserves canonical facts, ports and routes: cnn-level2-paper-180 (29.28992ms)
✔ historical M4: actual CNN baseline preserves canonical facts, ports and routes: cnn-level2-monochrome-85 (39.080481ms)
✔ historical M4: actual CNN baseline preserves canonical facts, ports and routes: cnn-level2-monochrome-180 (37.012839ms)
✔ historical M4: actual Transformer frontier 0 retains source/ports while all four mono roles differ (35.78154ms)
✔ historical M4: actual Transformer frontier 1 retains source/ports while all four mono roles differ (76.739002ms)
✔ historical M4: actual Transformer frontier 2 retains source/ports while all four mono roles differ (162.531597ms)
✔ historical M4: actual Transformer frontier 3 retains source/ports while all four mono roles differ (187.426966ms)
✔ historical M4: effective line identity distinguishes role defaults from explicit solid/dashed local overrides (0.31906ms)
✔ historical M4: derived pattern validation rejects sparse holes and unsafe arrays while retaining explicit legacy styles (0.340971ms)
✔ historical M4: same-tensor role and style branches stay separate, with truthful actual variant membership (7.739778ms)
✔ historical M4: actual Transformer collapsed mask bundle splits solid/default/generic dashed with complete canonical membership (16.420983ms)
✔ historical M4: memory trunk style identity rejects equal-dashed different patterns while preserving source facts (43.266308ms)
✔ historical M4: equal-dashed different-pattern memory cannot acquire the independently known shared-family corridor (45.43809ms)
✔ historical M4: hidden inspector fallback uses the same effective pattern and exposes no hidden-only role legend (3.899459ms)
✔ historical M4: expanded detail boundary paths inherit actual role signatures and citation clears the footer (14.420032ms)
✔ historical M4: line legend clears edited annotations and manual symbols without deleting user objects (3.751127ms)
✔ historical M4: real SVG marker and stroke sample extents fit their boxes at every supported line-width boundary (16.841401ms)
✔ historical M4: empty visible graph has no fabricated line roles or samples (0.738609ms)
✔ historical M4: placing a note below objects does not make its own derived footer chase it downward (4.122499ms)
✔ historical M4: preset and override history preserves source/layout and real patterns through JSON roundtrip (5.011632ms)
✔ historical M4: independent oracle rejects coherent role/line/legend corruption rather than accepting changed expected output (4.32862ms)
✔ independent command directions use signed world distances and retain input selection (0.441377ms)
✔ decimal distances, bounded target wording, punctuation and whitespace have literal results (0.128915ms)
✔ explicit scope prefixes override either default and an omitted prefix uses the selected default (0.156543ms)
✔ empty selection, zero and nonfinite distances never emit a partial operation (0.133796ms)
✔ malformed attempted moves reject signed/exponent/partial/compound/CSS distances completely (0.218369ms)
✔ alias/color text and an empty command are not inferred as a movement (0.105846ms)
✔ actual App drag captures scope at down and commits that scope after a different render scope (44.819336ms)
✔ actual App ignores unrelated pointer-up and stale-document move without committing history (18.69134ms)
✔ actual App scope selection cancels gesture, frame and recovery before a late terminal input (19.580869ms)
✔ actual App alignment uses the selected scope and preserves the unrelated compact cache for current scope (34.126965ms)
✔ actual App language dispatch applies exact local world delta and preserves alias source facts (17.228838ms)
✔ actual App refuses partial compound movement and leaves alias/color dispatch intact (36.160195ms)
✔ actual App recovery forwards current scope and applies the exact proposed operation (16.986349ms)
✔ scope-specific caches retain the operated-container, ancestor and pinned-subtree toggle rules (1.02581ms)
✔ preview equals complete guarded scene/SVG for container resizing, negative/manual geometry and repeated frames (3198.834853ms)
✔ selected parent and child move exactly once; pinned descendants protect ancestor subtree (1081.293317ms)
✔ sparse visible layout materializes once and hidden layout uses the established source contract (286.491427ms)
✔ preview leaves history/frontiers/source untouched, commit updates snapshots and supports one undo/redo (799.085691ms)
✔ prepared snapshot isolates later caller mutation and returned scene cannot corrupt frozen semantic references (324.424499ms)
✔ preview rejects forged sessions, invalid selection/coordinates and corrupted document before showing geometry (149.691095ms)
✔ independent oracle detects polluted body/header and route geometry (63.977446ms)
✔ four directions preserve exact manual coordinates, shared endpoints and expose left/header/sibling conflicts (995.974557ms)
✔ explicit recovery preview is obstacle-safe and commit is one reversible visual operation (1368.733923ms)
✔ recovery respects pins and keeps an unchanged route-only warning distinct from an unneeded body-clear object (324.111389ms)
✔ a partial overlap reduction cannot be offered as selected-object position recovery (1.183079ms)
✔ touching the true parent border is contained while even a one-unit left escape is diagnosed (390.261098ms)
✔ selected expanded subtree moves as one root and recovery preserves child locals and outside pins (236.238974ms)
✔ an invariant internal conflict is unavailable even with many nearby candidate obstacles (639.668619ms)
✔ ready recovery preserves an existing unrelated collision rather than presenting it as globally resolved (315.421374ms)
✔ unknown or hidden objects do not produce phantom recovery scenes (123.285283ms)
✔ same-pair ancestor collision growth rejects an otherwise clear nearby candidate (4199.12365ms)
✔ two trusted trials competing for one raw event both remain unmatched (1.250994ms)
✔ a fully overlapping 2 by 2 candidate graph has no unique pair under either array order (0.369013ms)
✔ a one-candidate trial cannot steal an event from a competing two-candidate trial (0.323299ms)
✔ the matching window includes both exact 8 ms endpoints and excludes points beyond them (0.412447ms)
✔ different target identities separate otherwise identical timing windows (0.261622ms)
✔ different event names separate otherwise identical target and timing windows (0.579835ms)
✔ an untrusted competitor does not consume or make a trusted event ambiguous (0.145882ms)
✔ ambiguity in one target component does not erase a separate unique component (0.142359ms)
✔ duplicate raw records remain separate candidates and cannot fabricate uniqueness (0.191226ms)
✔ native timing remains independent of geometry and handler proxy; pin spaces differ (0.205646ms)
✔ untrusted, unmatched, ambiguous and reused native entries cannot yield passing zero latency (0.222238ms)
✔ stale source or concurrent revisions invalidate spatial and summary evidence; missing pins stay unmeasured (0.126691ms)
✔ independent native receipt checker rejects forged zero latency, anchor drift and stale source (0.600988ms)
✔ bilateral uniqueness keeps both competing trials null and is order independent (0.128847ms)
✔ overlapping candidate sets cannot be resolved by entry or trial order (0.096518ms)
✔ distinct target and event identities retain unique matches regardless of order (0.141215ms)
✔ independent verifier rejects first-trial ownership of a shared entry (0.329498ms)
✔ independent verifier rejects greedy ownership in an overlapping candidate chain (0.260678ms)
✔ clear preferred orthogonal paths remain byte-identical and endpoint data stays immutable (0.213626ms)
✔ independent broken-path counterexample detects unrelated intrusion and repaired route keeps endpoints (0.487602ms)
✔ ancestor frame passage is valid; unrelated frame interiors remain obstacles (0.115867ms)
✔ preferred route re-entry into an endpoint body is repaired, not mistaken for a clear unrelated-body path (0.22208ms)
✔ overlap covering an endpoint is reported explicitly rather than invented as a clear route (0.114726ms)
✔ blocked ancestor headers retain arbitrary canonical IDs without synthetic suffix decoding (0.123801ms)
✔ all nine historical source-bound golden frontiers rerender without unrelated-body intrusions (1504.528701ms)
✔ detail boundary stubs reuse obstacle routing across all visible expanded golden containers (14430.883291ms)
✔ four-direction moves preserve semantic identity, history, exact preview/guarded Scene and routed SVG (247.066902ms)
✔ intentional overlapping manual objects keep anchors and publish explicit overlap/routing diagnostics (47.183025ms)
✔ manual upward move into expanded ancestor header keeps the coordinate and reports the conflict (18.816809ms)
✔ sealed generated architecture uses the actual Output alias while exact return evidence survives in scene and SVG (1.497815ms)
✔ a legitimate n_ user return key without a display alias is never classified as machine-generated (0.850216ms)
✔ nested slots, scalar keys, a UUID-looking user key and whole return retain handwritten unaliased captions (0.574737ms)
✔ different long aliases on multiple outputs retain distinct labels and their independent actual nested paths (0.589688ms)
✔ non-output aliases, an Output without a declared path and opaque evidence preserve their existing meaning (0.355197ms)
✔ explicit alias uses existing visual history and undo restores the real return caption without touching canonical facts (3.18235ms)
✔ formal LSTM nested output slots retain handwritten key/index evidence in documents (107.452723ms)
✔ import validation rejects malformed output paths and slots on non-output nodes (42.374333ms)
✔ a renamed return slot cannot borrow presentation from the prior ordinal output (82.111097ms)
✔ snapshot includes queued native timing and longtask exactly once without waiting for callback delivery (0.705413ms)
✔ reset discards already queued entries before the new measurement window (0.157451ms)
✔ late callbacks retain only entries that started in the current reset window (0.186581ms)
✔ queued and callback ingestion share the same last-200 retention boundary (0.305116ms)
✔ receipt verifier recomputes percentiles and rejects unchanged or root frontiers (1.158136ms)
✔ performance probe never reports paint before its second animation-frame boundary (0.336971ms)
✔ frame sampler reports a bounded fps sample and reset removes prior samples (114.374548ms)
✔ automatic candidates replace a reverse vertical detour with a straight facing-side route, without editing bindings (0.818397ms)
✔ all four manual sides keep route endpoints on the public circle and obey source/target normals (5.453146ms)
✔ manual offset, automatic reset, undo/redo and JSON reopen retain an independent draft (3.608226ms)
✔ canvas manual proxy attachment survives collapse/reexpand, export, validation and history (24.730683ms)
✔ source diagram auto mode is opt-in and canonical bindings and node coordinates stay exact (7.183837ms)
✔ generated view port edits return to the authored endpoint and preserve an explicit automatic reset (19.918931ms)
✔ invalid offsets, sides and unknown canonical ports are rejected before a visual history change (1.048134ms)
✔ layer ordering removes a reversed downstream crossing without rewriting ranks (0.134173ms)
✔ every catalog module and every inserted preset keeps English module text while user aliases remain untouched (3.290109ms)
✔ real backend normalization and response reader preserve manual ports, with identical generated model source (39.844453ms)
✔ current residual frontier reserves an outside ancestor corridor after right move (3264.137284ms)
✔ current readable routes keep ports and peer geometry under translation and horizontal mirror (3109.241091ms)
✔ source-grounded overview mask gains eight-unit body clearance without changing any peer pair or port (70.40232ms)
✔ historical M4: independent final-SVG oracle detects all six sealed ChS stack intrusions and three buried frontier outputs (18.011845ms)
✔ historical M4: source-bound final SVG stack/endpoint/Canvas invariants: mlp-level0-paper-180 (6.350148ms)
✔ historical M4: source-bound final SVG stack/endpoint/Canvas invariants: mlp-level1-paper-180 (5.395364ms)
✔ historical M4: source-bound final SVG stack/endpoint/Canvas invariants: residual_cnn-level0-paper-180 (9.670303ms)
✔ historical M4: source-bound final SVG stack/endpoint/Canvas invariants: residual_cnn-level1-paper-180 (10.220732ms)
✔ historical M4: source-bound final SVG stack/endpoint/Canvas invariants: residual_cnn-level2-paper-180 (26.209383ms)
✔ historical M4: source-bound final SVG stack/endpoint/Canvas invariants: transformer-level0-paper-180 (42.853573ms)
✔ historical M4: source-bound final SVG stack/endpoint/Canvas invariants: transformer-level1-paper-180 (69.215756ms)
✔ historical M4: source-bound final SVG stack/endpoint/Canvas invariants: transformer-level2-paper-180 (110.147706ms)
✔ historical M4: source-bound final SVG stack/endpoint/Canvas invariants: transformer-level3-paper-180 (116.312671ms)
✔ historical M4: reported CNN bottom and Transformer memory examples attach to exposed card union (9.450361ms)
✔ historical M4: near-left bottom outputs follow actual +0/+3.5/+7 cards instead of empty envelope corners (10.244983ms)
✔ historical M4: same canonical memory output has coherent bottom and right display ports for multiple consumers (2.388459ms)
✔ historical M4: unrelated backplate-only obstacle and source own-stack reentry are independently rejected and rerouted (1.584528ms)
✔ historical M4: overlapping Repeat ownership is reported once and an endpoint covered by another body remains honestly blocked (0.1922ms)
✔ historical M4: detail fallback ports and translated stacks retain canonical boundary coverage and exposed endpoints (2.625874ms)
✔ historical M4: expanded/nonrepeat ports, in-place expansion, pins and move preview/history preserve presentation contracts (11.077826ms)
✔ a genuine source/style fan-out is drawn once with a literal junction and complete canonical paths retained (0.595516ms)
✔ tensor labels alone, distinct canonical ports, role/style changes and later rejoining never hide an ambiguous lane (0.236414ms)
✔ the image failure has genuine differently typed overlays; all 41 saved hierarchical/movement scenes now separate them without rewriting facts or anchors (7731.465384ms)
✔ deep frontier four-direction movement, persistence and history retain the separated routes and stable visual slots (14516.359119ms)
✔ route work caps are deterministic and oversized batches retain complete canonical endpoint geometry (617.371611ms)
✔ shortcut source inputs are bound to previous router and evidence candidates, not model-name heuristics (0.661231ms)
✔ independent pair sensor rejects split-vertex and collinear contacts, changed positions and new same-tensor overlaps (1.031901ms)
✔ unconflicted arbitrary typed route shortens without source/canonical evidence, object mutation or nondeterminism (5.084708ms)
✔ historical M4: source-backed mlp-level0-paper-180 shortens only pairwise protected routes and preserves nodes/source facts (0.880473ms)
✔ historical M4: source-backed mlp-level1-paper-180 shortens only pairwise protected routes and preserves nodes/source facts (2.094536ms)
✔ historical M4: source-backed residual_cnn-level0-paper-180 shortens only pairwise protected routes and preserves nodes/source facts (1.204803ms)
✔ historical M4: source-backed residual_cnn-level1-paper-180 shortens only pairwise protected routes and preserves nodes/source facts (2.753619ms)
✔ historical M4: source-backed residual_cnn-level2-paper-180 shortens only pairwise protected routes and preserves nodes/source facts (9.013922ms)
✔ historical M4: source-backed transformer-level0-paper-180 shortens only pairwise protected routes and preserves nodes/source facts (12.144257ms)
✔ historical M4: source-backed transformer-level1-paper-180 shortens only pairwise protected routes and preserves nodes/source facts (22.583796ms)
✔ historical M4: source-backed transformer-level2-paper-180 shortens only pairwise protected routes and preserves nodes/source facts (35.072069ms)
✔ historical M4: source-backed transformer-level3-paper-180 shortens only pairwise protected routes and preserves nodes/source facts (31.293804ms)
✔ obstacles, Repeat backplates and expanded ancestor headers retain a safe route rather than take the Manhattan shortcut (37.028492ms)
✔ covered endpoint, invalid reversal and work-cap inputs preserve honest fallback routes (62.513898ms)
✔ same-tensor and different-tensor peer geometry cannot gain hidden crossings contacts or overlaps (8.079521ms)
✔ a 0.005-world-unit moved same-tensor crossing cannot masquerade as its old geometric point (3.726304ms)
✔ shortcut cannot make its source escape hit its own endpoint through a non-adjacent segment (2.632398ms)
✔ existing self contacts and crossings remain eligible for a checked shorter subset (0.65454ms)
✔ independent self sensor ignores adjacent bends but detects non-adjacent crossing, point contact and retracing (0.155731ms)
✔ historical M4: independent oracle rejects 15 corruptions including coherent graph displacement and tensor concealment (5.929513ms)
✔ historical M4: independent strict-interior oracle excludes point contact and same tensor trunks, merges collinear intervals (0.903185ms)
✔ historical M4: outline compatibility rejects eight coherent corruptions while preserving the frozen routing oracle (34.234188ms)
✔ historical M4: independent source-bound frontier/detail/four-direction history invariants: mlp-level0-paper-180 (42.219495ms)
✔ historical M4: independent source-bound frontier/detail/four-direction history invariants: mlp-level1-paper-180 (90.128852ms)
✔ historical M4: independent source-bound frontier/detail/four-direction history invariants: residual_cnn-level0-paper-180 (85.453744ms)
✔ historical M4: independent source-bound frontier/detail/four-direction history invariants: residual_cnn-level1-paper-180 (132.863252ms)
✔ historical M4: independent source-bound frontier/detail/four-direction history invariants: residual_cnn-level2-paper-180 (327.936439ms)
✔ historical M4: independent source-bound frontier/detail/four-direction history invariants: transformer-level0-paper-180 (334.130699ms)
✔ historical M4: independent source-bound frontier/detail/four-direction history invariants: transformer-level1-paper-180 (686.922065ms)
✔ historical M4: independent source-bound frontier/detail/four-direction history invariants: transformer-level2-paper-180 (1524.678984ms)
✔ historical M4: independent source-bound frontier/detail/four-direction history invariants: transformer-level3-paper-180 (1653.857917ms)
✔ historical M4: real public source-bound Transformer metrics improve while preserving unresolved complex crossings (40.981911ms)
✔ historical M4: public differing-tensor geometry reduces overlap length while shared tensor trunk remains byte-identical (3.8192ms)
✔ indexed projected ports retain non-adjacent canonical coverage and role order (17.866981ms)
✔ parallel style groups and cycle fallback survive expand/undo/redo without mutating source (615.306134ms)
✔ actual compact source-card markup retains dimensions, dot-only port hit and a topmost body drag target (10.262814ms)
✔ actual AuthoringStudio title clicks select two compact nodes and its pointer callbacks drag both as one undo action (14.743867ms)
✔ actual App callbacks retain draft undo/redo and follow same-revision camera, selection and tool on multiple returns (99.785578ms)
✔ real source rebase preserves parameters, added nodes and edges, deletion tombstones and both history stacks (295.300759ms)
✔ actual App visual-revision return reprojects complete history and preserves source history byte-for-byte (256.987609ms)
✔ changed source/IR or an invalid history rebase is rejected atomically before replacing a retained session (156.914747ms)
✔ saved/reopened draft retains view and undo, browser recovery restores both stacks and rejects cross-source history (89.358049ms)
✔ source→draft viewport change preserves world centre and close-up zoom without changing canvas geometry (0.144123ms)
✔ actual AuthoringStudio reopen callback keeps camera/selection and undo; save commits only matching current bytes (97.46802ms)
✔ unresolved regions expose both authored paths and nested source definitions in view and editor (214.938574ms)
✔ all recovered source compositions recursively expose their real primitives, including unnamed nested modules and repeats (1461.536033ms)
✔ decomposed Transformer edits generate a compact view and return with full structure, manual ports and undo intact (3600.345717ms)
✔ editing and view frontiers cannot be paired across document revisions (111.705537ms)
✔ unseen opaque models accept edits on the same source canvas with save/reopen, undo and export (386.083785ms)
✔ source frontier collapse retains opaque visual changes and hidden local placement without regenerating Python (260.448514ms)
✔ source dependency arrows restore after collapse and JSON reopen without changing tensor edges or ports (46.903657ms)
✔ source arrows and separate legend appear in publication/editor SVG and stay inside fit bounds (3.302964ms)
✔ detail export includes only dependencies inside its selected source subtree (3.02945ms)
✔ source relations reject tensor endpoints, self loops, extra bindings and duplicate identities (0.834246ms)
✔ editor derives source arrows from actual moved geometry and persists facts through source presentation edits (65.763049ms)
✔ real Temporal shared projection keeps two distinct calls and four authored paths after edits and reopen (90.030392ms)
✔ Skip repeat is independent; expanding and detail export retain identities and external boundaries (172.229271ms)
✔ GNN names and arbitrary visual aliases do not turn unknown regions into known attention (51.243639ms)
✔ same label and duplicated call identity cannot invent distinct shared calls; facts detach from Canvas (69.731485ms)
✔ long authored output keys stay exact in metadata while subtitles fit the existing node width (68.747213ms)
✔ source-backed 300-layer Sequential expansion exposes 300 canonical layer objects (1109.017528ms)
✔ the actual CNN sentence breaks before path instead of splitting a fitting word (0.138431ms)
✔ CJK characters and whole English tokens can share lines without inserted text (0.070338ms)
✔ explicit line breaks and blank lines remain while soft line boundaries discard whitespace (0.105067ms)
✔ oversized source identifiers have finite code-point fallback without dropping characters (3.059258ms)
✔ Unicode code points stay intact and an individually oversized point still makes progress (0.309781ms)
✔ Scene annotation height and both SVG modes use the independently expected CNN lines (0.868144ms)
✔ a valid annotation narrower than its text inset still builds and renders (0.510439ms)
✔ real residual CNN nested expansion keeps downstream pool clear and restores base frontier (4097.533409ms)
✔ real MLP pinned output conflict is explicit while both expansion anchors stay fixed (111.675517ms)
ℹ tests 596
ℹ suites 0
ℹ pass 596
ℹ fail 0
ℹ cancelled 0
ℹ skipped 0
ℹ todo 0
ℹ duration_ms 227275.082535
