✔ toolbar zoom preserves the viewed world centre at fit, reset and zoom limits (4.343252ms)
✔ new figure measures initial aliases before materializing and keeps its straight chain through reopen and re-expansion (19.353579ms)
✔ initial alias validation rejects foreign identities and keeps default creation compatible (3.964213ms)
✔ viewport arrangement folds an eight-module chain, preserves facts/history and avoids body intrusions (20.416224ms)
✔ viewport folding cannot turn a branch or merge into a unary chain (0.482831ms)
✔ historical M4: independent corridor parser rejects ignored bytes, diagonal, partial, nonfinite and multiple subpaths (1.339122ms)
✔ historical M4: independent corridor metrics preserve split crossings, point contacts and pair-local interval union (7.968246ms)
✔ historical M4: independent corridor frozen captures remain bound to exact archived source bytes (5.894585ms)
✔ historical M4: independent corridor family identity requires exact source, memory role, effective style, side and complete canonical membership (2.411657ms)
✔ historical M4: independent corridor rejects coherent semantic, branch, circle, style, body and same-tensor crossing corruptions (150.06607ms)
✔ historical M4: independent corridor literal shared-family improvement retains each branch and exposes crossing exchanges (31.651681ms)
✔ historical M4: independent corridor current nine frontiers and three details preserve source, cards, ports, canonical branches and protected geometry (596.797828ms)
✔ historical M4: independent corridor current L3 cannot trade overlap for crosses or lose named canonical fanout branches (80.253762ms)
✔ historical M4: independent corridor work caps remain their literal approved bounds (0.10212ms)
✔ suggestion is below every current body, including expanded frames, legends and other notes (0.435772ms)
✔ excluding the selected annotation ignores its old bounds and gives a stable repeated position (0.205575ms)
✔ body conflicts include frontier leaves, legend labels and other notes, with exact touching permitted (0.218939ms)
✔ body conflict result does not assert orthogonal edge clearance (0.106779ms)
✔ formal complex expansion keeps the existing absolute note and recommends a clear new note below the new frontier (11103.411505ms)
✔ explicit move below diagram is one annotation history operation and preserves save/export fields (13682.917702ms)
✔ deepest source relation index folds bottom-up and never confuses a tensor name with a binding (2091.057418ms)
✔ real MLP expanded network has one atomic input lane and no parent/child arrow ambiguity (16.433164ms)
✔ detail export keeps folded atomic coverage and does not resurrect coarse parent arrows (1568.890388ms)
✔ atomic frontier mlp-level0-paper-180 keeps source facts canonical ports exports and four-direction history (1.633359ms)
✔ atomic frontier mlp-level1-paper-180 keeps source facts canonical ports exports and four-direction history (231.343967ms)
✔ atomic frontier residual_cnn-level0-paper-180 keeps source facts canonical ports exports and four-direction history (20.268185ms)
✔ atomic frontier residual_cnn-level1-paper-180 keeps source facts canonical ports exports and four-direction history (478.030779ms)
✔ atomic frontier residual_cnn-level2-paper-180 keeps source facts canonical ports exports and four-direction history (4404.579408ms)
✔ atomic frontier transformer-level0-paper-180 keeps source facts canonical ports exports and four-direction history (399.814705ms)
✔ atomic frontier transformer-level1-paper-180 keeps source facts canonical ports exports and four-direction history (1854.073041ms)
✔ atomic frontier transformer-level2-paper-180 keeps source facts canonical ports exports and four-direction history (6279.718114ms)
✔ atomic frontier transformer-level3-paper-180 keeps source facts canonical ports exports and four-direction history (8189.802138ms)
✔ clear arbitrary route takes the local Manhattan corridor without touching nodes or endpoints (2.427175ms)
✔ route improvement cannot create a new peer crossing even for equal tensor identifiers (5.403179ms)
✔ independent from-zero chain arrangement can fit its previously offscreen output with all module boxes visible (0.533056ms)
✔ independent fit handles negative manual placements, merge branches, aspect ratios and the full128module contract (12.530262ms)
✔ empty and unmeasured viewports return finite camera state and keep the blank draft intact (0.179543ms)
✔ manual off-body route waypoints fit along with node rectangles without changing either model or route (0.297879ms)
✔ raw numerical field input rejects empty tokens, invalid dimensions, nonfinite values and out-of-contract lengths (0.312874ms)
✔ duplicate display labels never redirect a typed shape diagnostic to another module or infer a target from text (0.267747ms)
✔ unknown node identities and unregistered parameter/port names cannot produce an active field highlight (0.337802ms)
✔ unstructuredHTTP conflicts and malformed diagnostics keep useful message without fabricated node or field targets (0.172609ms)
✔ public JSON transport preserves structured diagnostics and HTTP status without changing legacy successful payloads (13.360419ms)
✔ deferred old-draft response cannot resolve a missing identity in a replacement draft with the same labels (0.575058ms)
✔ flow interface projects frozen vertical chain and no-edge/horizontal default without semantic state (0.200088ms)
✔ real frozen four-node vertical chain has three literal straight gap-only routes, preserving every source fact (1.562579ms)
✔ literal horizontal chain retains legacy side coordinates and zero-bend straight gaps (0.482637ms)
✔ vertical Add branch keeps shared fanout identity, distinct ordered merge ports and unobstructed paths (10.564634ms)
✔ vertical Concat named input projections never collapse a/b producer identities (10.452964ms)
✔ an independent intervening body forces a safe detour without node movement or false blocked success (1.845192ms)
✔ a covering body blocking the target stays explicit and does not move user anchors (0.976732ms)
✔ reverse-positioned vertical DAG selects facing sides and routes outside its own bodies (3.91986ms)
✔ flow and geometry are insensitive to authored array ordering and equivariant under whole-draft translation (1.300808ms)
✔ four directional visual moves retain graph, one-command history, undo/redo geometry and JSON persistence (5.196097ms)
✔ an independent horizontal graph cannot rotate the frozen vertical graph's public ports or three straight routes (1.340727ms)
✔ the actual blank authoring component exposes visible steps, a static-check entry and the draft count (13.476169ms)
✔ the inspector assertion rejects the same compilable component with only that visible panel removed (74.622376ms)
✔ unavailable activation searches name their missing operation and disclose differences in available options (0.237684ms)
✔ unavailable tensor module searches explain the current dimensional or pooling limits (0.097183ms)
✔ attention and recurrent searches expose the missing behavior without promising an equivalent network (0.121475ms)
✔ ordinary and empty searches retain the generic palette message (0.067606ms)
✔ the actual palette visibly exposes classification and alias/parameter discovery (6.86552ms)
✔ actual palette rendering uses the runtime inventory, alias search and the selected module category (194.404852ms)
✔ independent four-direction authored moves preserve exact graph and one-command undo/redo (25.154426ms)
✔ merge ports stay distinct, fan-out is retained, malformed direction/foreign port and duplicate producers fail atomically (14.495665ms)
✔ a new binding that closes a directed cycle leaves history and every prior edge unchanged (0.488034ms)
✔ deleting a branch removes only its incident bindings and undo restores both merge ports (0.705139ms)
✔ explicit DAG arrange handles merge longest-path dependencies without overlaps or semantic changes (12.547033ms)
✔ manual covering overlaps keep anchors and report every retained routing obstruction (0.728365ms)
✔ no-op changes and unavailable history travel preserve identity; a new edit after undo clears redo (0.274536ms)
✔ public draft transport binds save CAS revision and reopens an independent exact draft while a conflict retains local edits (1.505108ms)
✔ click additions find free space past the original five-node overlap counterexample without moving prior modules (1.852006ms)
✔ cache boundary rejects crash-causing node shapes, impossible revisions and unsafe coordinates while returning detached valid edits (0.629815ms)
✔ public authoring pan primitive uses final endpoint in all four directions, ignores foreign pointer and preserves model history (0.408822ms)
✔ a transparent network is one history step and redo restores its stable nodes, edges and edits (6.303986ms)
✔ repeat insertion avoids occupied cards, preserves prior identities and bindings, and never connects old networks (11.873559ms)
✔ IDs collide or fail safely before any draft mutation; retry uses fresh identities for every node and edge (0.759982ms)
✔ catalog compatibility, node/edge budgets and extreme coordinates refuse atomically (2.756918ms)
✔ CNN starting layout is legible at the observed viewport with one clear exterior row return (2.374497ms)
✔ actual inserted graphs pass the formal nonexecuting backend source pipeline; a disconnected old node still fails generation (140.873595ms)
✔ pointerup endpoint is available without an intervening move or RAF (0.176398ms)
✔ terminal endpoint includes movement beyond the last sampled preview (0.101204ms)
✔ pan displacement is measured in CSS pixels and never divided by zoom (0.089596ms)
✔ returning to start restores exact initial camera without cumulative drift (0.133013ms)
✔ viewport-origin shift alone does not masquerade as a pointer delta (0.053721ms)
✔ a second pointer cannot update or finish the original pan (0.053259ms)
✔ initial camera snapshot and caller input remain untouched (0.169233ms)
✔ invalid start coordinates, zoom and pointer identity are rejected (0.230243ms)
✔ world camera keeps the sealed Transformer scene continuous across negative bounds (153.426272ms)
✔ fit, focus, pointer-centered zoom and pan use world coordinates (0.246874ms)
✔ same-viewport reload preserves exact camera and independently calculated world centre (0.436873ms)
✔ a resized reopened viewport preserves world centre and zoom through new pixel translation (0.097573ms)
✔ source/IR/document identities and visual revisions prevent stale or cross-model reuse (0.108567ms)
✔ per-document source/IR keys isolate values without adding revision to the key (0.173193ms)
✔ invalid stored versions, centres, scales, viewport and identity are refused rather than coerced (0.168134ms)
✔ fit scales below .15 remain valid while unsafe captures are rejected (0.123672ms)
✔ malformed, absent, oversized, disabled and quota-failed storage leave a graceful fallback (0.186315ms)
✔ delayed restore cannot supersede explicit fit, zoom, focus, pan or a newer document load (0.109249ms)
✔ terminal pan is saved and cancellation can restore the prior camera without retaining the preview (0.11315ms)
✔ capture/restore/tickets mutate no input and store revisions without touching Canvas/history (0.537909ms)
✔ a deliberately adopted reconciled identity can retain view while old source state remains isolated (0.117335ms)
✔ actual App initialization callbacks read the owned saved view before any initial write (32.363122ms)
✔ actual App persistence callback refuses previews then writes terminal camera and rollback (12.143261ms)
✔ actual App delayed callback rejects later intent/load/revision and handles deferred viewport (94.941223ms)
✔ the observed large-to-small live resize keeps world centre 350,405 in its first coordinated result (0.199282ms)
✔ fractional, negative and small-fit cameras preserve centre and zoom across anisotropic size chains (0.183945ms)
✔ same-size deliveries are no-ops and invalid or hidden dimensions cannot establish a frame (0.122162ms)
✔ actual App idle resize commits the latest centre synchronously without a new intent or history entry (21.189135ms)
✔ actual persistence before observer delivery uses the camera anchor instead of a newly resized DOM (18.977622ms)
✔ actual pan, move, box and port ownership defer resize until their mapping is released (77.294069ms)
✔ actual terminal pan includes the unsampled pointerup delta then applies the queued resize exactly once (17.749365ms)
✔ actual cancel after a resized pan preview restores the original world centre and never retains that preview (17.368326ms)
✔ actual resized object drag keeps its typed delta and one undo entry independent of transient camera coordination (25.237282ms)
✔ actual box terminal selection uses the old frozen camera before viewport coordination (16.517168ms)
✔ an explicit current-size camera commit wins without a second old-size correction (16.328218ms)
✔ initialization ignores unowned resize and restores at its latest viewport; active drag defers it (16.532864ms)
✔ an early actual spatial gesture owns its displayed mapping and invalidates a delayed restore even after document commit (40.855725ms)
✔ an early actual pan establishes its own viewport anchor before a resized terminal sample (16.55645ms)
✔ a later document, revision, load or explicit intent rejects pending initialization and old ownership (94.244829ms)
✔ the actual observer effect commits in its delivery and rejects disconnected or replaced elements (22.873094ms)
✔ the real window fallback follows the same mapping and unregisters after cleanup (16.4354ms)
✔ the actual observer remount resumes a bounded exhausted hidden initialization at the now-visible dimensions (16.059915ms)
✔ the actual observer revives an exhausted tiny viewport only when dimensions become usable (16.853777ms)
✔ a stale load/intent/revision cannot revive after hidden exhaustion, and an owned remount keeps explicit intent (70.245106ms)
✔ hidden dimensions are ignored; a tiny visible viewport can return without contaminating stored centre (16.110761ms)
✔ canvas save deduplicates source facts without changing current/history or hiding a foreign binding (1.450262ms)
✔ source-grounded distant memory caption has an owned-route guide instead of silently floating beside mask routes (45.996812ms)
✔ a safe close caption keeps its coordinates and creates no decorative guide (0.302244ms)
✔ general translated CJK captions use short collision-free guides without model-name or ID dependencies (6.398749ms)
✔ crowded and shared-route attachments preserve captions and give explicit diagnostics instead of unsafe guide connections (37.555803ms)
✔ notes, other caption envelopes, crossing routes and reserved guides remain obstacles in a general multi-label batch (2.920982ms)
✔ whole/detail, aliases, monochrome, save/reopen and undo/redo keep caption decoration outside canonical metadata (191.661042ms)
✔ a general stress batch preserves every canonical edge and produces deterministic nonintersecting decorations (95.04271ms)
✔ a dense batch above the deterministic association limit keeps every label and emits diagnostics (0.675823ms)
✔ geometry-check exhaustion in a still-supported batch preserves remaining captions with explicit budget evidence (239.671785ms)
✔ a later moved caption clears the visible stroke of an earlier reserved guide (30.790034ms)
✔ a narrow guide cannot visually overlap or touch a parallel foreign tensor stroke (3.926169ms)
✔ uncertifiable foreign stroke widths preserve text with a diagnostic instead of emitting guides (0.213326ms)
✔ direct ancestor collapse restores compact visible frontier and retains hidden expanded children (99.349515ms)
✔ reopen ancestor resurrects hidden expansion and exact independently supplied deep geometry (292.210989ms)
✔ changing hidden descendant expansion memory cannot replay a stale geometry into visible siblings (1.520575ms)
✔ manual container and downstream moves survive compact restoration and deep reopening; unrelated pin remains exact (481.684459ms)
✔ pinned downstream position and pinned hidden leaf are protected rather than rolled back to a compact cache (199.66069ms)
✔ undo and redo restore compact/deep states, hidden memory and exact positions independently of revision (98.984224ms)
✔ JSON save/reload of collapsed canvas retains nested expansion memory and exact deep reopening (196.047275ms)
✔ manual hidden-leaf memory remains exact through direct ancestor collapse, JSON reload and reopen (350.879921ms)
✔ literal node identities containing delimiter characters do not discard latent expansion memory or visible geometry (195.30562ms)
✔ two different valid expanded sets with the same legacy delimiter string cannot share frontier geometry (2.774024ms)
✔ existing composite legacy cache ambiguous between a delimiter identity and two parallel branches cannot inject tall geometry (2.499067ms)
✔ actual frozen CNN deep canvas collapses repeat directly to literal compact root positions while retaining both block memories (605.938972ms)
✔ actual already-bad collapsed CNN cannot overwrite its earlier compact cache before reopening and recollapsing (602.247122ms)
✔ historical M4: independent residual baseline freezes all nine authored frontiers and actual public route bytes (7.34967ms)
✔ historical M4: independent route parser and protected pair oracle expose split-vertex crossings and interval union (0.527244ms)
✔ historical M4: independent oracle rejects coherent branch, role/style, port, body/header and backplate corruptions (9.048678ms)
✔ historical M4: CNN collapsed proxy residual becomes the independent 38-unit straight route without merging its data lane (5.427062ms)
✔ historical M4: all protected branches/cards/ports and pair-local safety survive: residual_cnn-level0-paper-180 (11.199178ms)
✔ historical M4: all protected branches/cards/ports and pair-local safety survive: residual_cnn-level1-paper-180 (18.516528ms)
✔ historical M4: all protected branches/cards/ports and pair-local safety survive: residual_cnn-level2-paper-180 (45.388496ms)
✔ historical M4: all protected branches/cards/ports and pair-local safety survive: mlp-level0-paper-180 (3.897361ms)
✔ historical M4: all protected branches/cards/ports and pair-local safety survive: mlp-level1-paper-180 (8.418338ms)
✔ historical M4: all protected branches/cards/ports and pair-local safety survive: transformer-level0-paper-180 (47.517291ms)
✔ historical M4: all protected branches/cards/ports and pair-local safety survive: transformer-level1-paper-180 (84.692842ms)
✔ historical M4: all protected branches/cards/ports and pair-local safety survive: transformer-level2-paper-180 (161.954983ms)
✔ historical M4: all protected branches/cards/ports and pair-local safety survive: transformer-level3-paper-180 (164.641661ms)
✔ historical M4: renamed generic graphs shorten collapsed module and repeat proxies while preserving manual pins and exposed repeat ports (4.233204ms)
✔ historical M4: single-route collapsed proxy optimization works without pressure or model-name assumptions (0.749572ms)
✔ historical M4: clear manually misaligned proxy endpoints attain the independent Manhattan minimum with two turns (0.741093ms)
✔ historical M4: expanded or actual visible targets and other roles can shorten only when their geometry remains protected (3.397412ms)
✔ historical M4: geometry shortcuts do not depend on, merge or rewrite missing or inconsistent canonical/proxy-port evidence (2.632888ms)
✔ historical M4: unrelated body, ancestor header and repeat backplate blocking all retain safe old route and immutable anchors (2.753372ms)
✔ historical M4: every other edge is protected even when sharing tensor but differing in role/style: crossing and overlap (20.770327ms)
✔ historical M4: misaligned short staircases cannot conceal crossings on another edge intermediate vertex, including same-tensor different styles (10.694917ms)
✔ historical M4: retraced protected segments cannot inflate old pair overlap and license a larger same-tensor residual overlap (1.728059ms)
✔ historical M4: effective style overrides retain separate canonical residual branches and never merge them with the same-tensor data lane (1.837124ms)
✔ historical M4: bounded-work fallback preserves the old route instead of advertising an unchecked shortcut (81.390074ms)
✔ collapsed frontier retains canonical tensors, named port direction and hidden edges (1.314807ms)
✔ expansion preserves anchor, unrelated pins, repeat sharing and re-expanded local edits (106.877015ms)
✔ batch rejects semantic field injection and stale revision without mutating input (1.356456ms)
✔ history restores a whole batch with monotonic revision and invalidates redo after new edit (1.14878ms)
✔ publication serializes the edited scene, escapes every user string and excludes editor controls (2.00098ms)
✔ document loader rejects port mismatch, parent cycle and non-finite imported geometry (0.921855ms)
✔ selected parent plus child moves once, pinned descendants protect their subtree (142.860541ms)
✔ repeated toggles restore neighbor geometry without drifting or losing a collapsed user move (250.917024ms)
✔ long Chinese aliases and annotations retain text while their geometry grows (3.722482ms)
✔ source refresh preserves unique identity presentation and resets source undo boundary (98.505279ms)
✔ a rebound edge cannot inherit a style from its previous tensor binding (152.41847ms)
✔ projected parallel edges retain differing canonical styles instead of discarding them (13.110669ms)
✔ DenseStress300 component routing keeps bounded crossings, overlap and endpoint ownership (465.913627ms)
✔ four directional moves preserve architecture, preview/commit, history and endpoints (12291.908268ms)
✔ down move retains the five atomic intrusions and matching blocked diagnostics (746.507677ms)
✔ narrow-gap centerline proposal is geometrically better but fixed target arrow remains inside the upper card (833.164ms)
✔ component routing budgets are frozen and over-cap batches keep deterministic per-route fallback (364.527695ms)
✔ a right Add input from a strict ancestor is the only residual edge (0.647115ms)
✔ Add left/right order is symmetric; branch age is proved by bindings (0.263174ms)
✔ transitive ancestry marks the direct skip, never any trunk edge or Add output (0.27397ms)
✔ nested Adds retain distinct local skip roles without styling all ancestors (0.208878ms)
✔ two independent producers remain ordinary even when labels say residual (0.169158ms)
✔ a shared ancestor does not make either sibling input residual (0.162951ms)
✔ the same tensor producer bound to both Add slots is x+x, not a skip (0.154531ms)
✔ Concat stays ordinary even when its first producer is an ancestor of the second (0.151535ms)
✔ ancestry through a registered merge is structural, not a unary-only heuristic (0.176573ms)
✔ rename, geometry, and node/edge array order cannot manufacture or remove a role (0.582065ms)
✔ a missing Add input has no complete pair from which to infer a residual role (0.146086ms)
✔ ambiguous or invalid Add bindings stay ordinary without throwing (0.256506ms)
✔ missing producers and incorrect source/output direction cannot prove ancestry (0.249494ms)
✔ opaque, unknown, and removed catalog contracts do not imply a known path (0.37617ms)
✔ catalog direction and tensor-type contradictions disable affected role inference (0.287157ms)
✔ a directed cycle in the relevant component cannot create a strict-ancestor proof (0.138038ms)
✔ unrelated unknown and cyclic components do not alter an independently known skip (0.178063ms)
✔ parallel known components keep their local roles and ordinary branches (0.194227ms)
✔ 128th node is accepted and cacheable; 129th fails before any byte changes (0.898849ms)
✔ 384th connection is accepted and cacheable; 385th fails before any byte changes (1.540508ms)
✔ deleting a module or connection releases capacity for another edit (2.472607ms)
✔ failed limit edits preserve history, revision, past and redo bytes (3.319873ms)
✔ independent sensor rejects interior/vertex crossings and positive overlaps, while separated or point-only collinear contacts differ (0.742227ms)
✔ actual five-binding merge keeps every endpoint, outward/inward normal, and card body clear (16.607816ms)
✔ actual merge removes the different-producer crossing and Concat inlet overlay without changing the five bindings (10.660517ms)
✔ same-source fanout keeps two complete branch IDs and separately ordered destination ports (7.730158ms)
✔ four-direction merge moves, undo/redo and JSON reopen reproduce stable routes and preserve semantic facts (214.930008ms)
✔ aligned horizontal and vertical chains retain their minimum straight paths (0.690932ms)
✔ an unrelated intervening card is avoided without moving it or hiding either independently produced route (1.241152ms)
✔ reverse-directed independent bindings route outside their own cards and an intervening body with correct normals (5.573689ms)
✔ a vertical multi-input merge preserves left/right and a/b slot ordering while avoiding every different-producer contact (11.026899ms)
✔ a real forward multi-input merge with an extra obstacle retains full facts and clear branch geometry (8.21313ms)
✔ an older manual obstacle position reports its newly overlapping lower band without moving saved objects (8.880652ms)
✔ a larger draft keeps all bindings, card positions and ordered anchors when global crossing removal is best effort (8.340965ms)
✔ category browser inventories every actual runtime module once, and never invents absent categories (1.393096ms)
✔ novice aliases and common framework spelling resolve to the registered operator contract (1.885289ms)
✔ parameter search and multiword searches intersect the selected actual category (0.730435ms)
✔ exact operator names never silently resolve a different primitive or unrelated starting graph (0.836616ms)
✔ transparent starters are searchable by their real editable components and declared I/O (1.243543ms)
✔ search and filtering preserve all catalog bytes and starter graph identities/parameters (2.882948ms)
✔ all17 actual kinds keep unary cards stable and give two-input cards their independent140world body (1.731553ms)
✔ 53percent side labels reach8.1CSSpx while both names and dot hits remain separate (0.346051ms)
✔ vertical labels stay fully exterior to every card, clearing the kind caption and preserving dot hits (0.910179ms)
✔ every registered outlet-to-inlet28world vertical gap keeps offset labels disjoint with a clickable dot and owning text (13.912483ms)
✔ dimensions and ordered anchors follow declared ports rather than an Add name shortcut (0.357262ms)
✔ fit includes the complete taller body and exterior routes without changing draft or camera-independent facts (0.188314ms)
✔ single insertion and explicit arrange avoid the newly occupied lower40world band (0.394137ms)
✔ transparent preset bounds and old-card collisions include taller merge modules atomically (15.295245ms)
✔ router treats the new lower band as a real obstacle and preserves bindings through history (11.531424ms)
✔ independent compensation supports a 58percent overview without claiming readable minimum zoom (0.154722ms)
✔ independent CJK title fitting prevents the original234world-wide truncated title (0.261995ms)
✔ independent fitting retains a short label, empty string and Unicode code points (0.150904ms)
✔ independent mono samples fit150world using equal ASCII columns rather than narrow punctuation (0.147627ms)
✔ independent wide-Latin title fitting stays inside134world even for repeated W (0.06351ms)
✔ independent scaled single-port hits contain both label endpoints and the dot (0.146347ms)
✔ independent custom cramped ports retain their12world fallback without claiming overview legibility (0.100444ms)
✔ independent vertical registered merge labels do not paint into the later port hit (0.0541ms)
✔ independent tooltip avoids the downstream card instead of covering its label (0.37619ms)
✔ independent58percent chain tooltip does not cover any of four scaled cards (0.192056ms)
✔ independent vertical input tooltip avoids an upstream card with a free side (0.118945ms)
✔ independent edge clamp uses a visible free side without intruding into its owner (0.121621ms)
✔ independent no-clear-region fallback remains bounded and does not alter obstacles (0.081187ms)
✔ overview text compensation is bounded and leaves normal zoom unchanged (0.058232ms)
✔ horizontal input and output hints prefer opposite sides of their node (0.13362ms)
✔ vertical hints fall back to a visible, non-overlapping side near viewport edges (0.156918ms)
✔ equal revision and labels never allow one draft identity or node identity/kind/set to inherit another draft check (0.650008ms)
✔ parameters, array contents and every binding identity/endpoint invalidate checked shapes even before a revision increment (0.406467ms)
✔ four-direction placement, display aliases, title and revision retain the same checked static graph without mutation (0.965235ms)
✔ parameter field order is irrelevant while graph-array order remains significant for backend topological/output ordering (0.151003ms)
✔ complete static response preserves tensor declarations and identities while isolating them from mutable response data (0.243122ms)
✔ an incomplete graph may retain upstream declared tensors, but never reports complete or invents a missing downstream shape (0.418313ms)
✔ execution claims, generated-source receipts and inconsistent complete/issue or missing-tensor claims are rejected (0.366022ms)
✔ malformed tensor shapes, dtype, extra runtime flags and oversized declarations cannot reach a displayed shape label (0.555059ms)
✔ unregistered tensor/node references, repeated or nontopological order and malformed diagnostics are rejected without target inference (0.47548ms)
✔ sealed Transformer mask edge inspector reflects the actual displayed style (1261.272685ms)
✔ formal Transformer memory caption clears both repeat plates and target card with all model facts fixed (17.28868ms)
✔ general placement leaves a safe caption unchanged in expanded content and ignores empty captions (0.307112ms)
✔ independent repeat/header/note blockers relocate captions without changing paths or card coordinates (0.62497ms)
✔ two distinct captions keep separate nominal envelopes and avoid an unrelated route (2.676818ms)
✔ bounded local placement reports an impossible caption instead of hiding it or moving model objects (0.722305ms)
✔ whole and detail export use the same caption safety after projection while visual history retains canonical facts (42.052376ms)
✔ long source-declared captions remain complete and inside overview/detail bounds even when local placement is blocked (1.29531ms)
✔ editor omits only root furniture for current mlp-level1-base, retaining every canonical route and publication object (35.527501ms)
✔ editor omits only root furniture for current residual_cnn-level2-base, retaining every canonical route and publication object (618.438687ms)
✔ editor omits only root furniture for current transformer-level3-base, retaining every canonical route and publication object (1173.385964ms)
✔ unrelated custom root identity stays implicit only while expanded, and conceptual hierarchy keeps collapse/layout/cache/history (163.510952ms)
✔ fit measures edited world objects and routes, excluding publication title, legends and implicit root padding (1.082553ms)
✔ floating legend content keeps authored order and every actual edge style in color and monochrome (85.296301ms)
✔ independent parentless leaves and explicit detail boundary cards never become hidden roots (0.152622ms)
✔ editor paints an exact tensor fan-out prefix once with its real junction while preserving complete selectable bindings and export paths (2.5175ms)
✔ actual new-blank entry always starts empty despite a cached source draft, and keeps previous workspaces intact (16.728688ms)
✔ new-blank from the editor hands off the exact unsaved draft and history before creating a separate session (7.804511ms)
✔ actual App opens generated work, resumes the original semantic history on repeated returns, and recovers it after reload (35.630787ms)
✔ actual edit→view with an unchanged baseline reuses the current view and preserves both stacks and the camera (8.572097ms)
✔ actual edit→view generates the latest modified snapshot and retains its workspace before opening it (8.399175ms)
✔ real normalized generation response accepts a separate JSON-roundtripped authored presentation, but refuses stale values (42.386475ms)
✔ actual failed generation or opening preserves edited bytes/history and reports that the editor was retained (16.254389ms)
✔ actual stale async generation cannot open a newer draft, and synchronous repeated mode clicks generate once (8.026143ms)
✔ view baseline equivalence ignores only revision and detects connections, presentation and custom definitions (0.417702ms)
✔ generated workspace resumes exact draft/history, maps selection and reflects subsequent view movement without source mutation (2.874762ms)
✔ generated workspace rejects a changed document/source/IR binding before modifying retained authoring history (1.223207ms)
✔ blank-authored visual styles persist through view→edit, browser recovery and a fresh static generation (44.84603ms)
✔ generated view cache roundtrips both authoring history stacks and accepts only this exact saved model binding (2.447527ms)
✔ generated source view translates changed generated geometry back to the original source frontier before edit resumes (134.58779ms)
✔ real custom-module preview retains named keyword input and three distinct nested output boundaries in the frontend reader (0.507534ms)
✔ malformed custom source/class/constructor/port/output contracts cannot enter restored draft state (0.801304ms)
✔ actual custom-module insertion registers once, supports repeated instances and persists definitions plus undo (9.664854ms)
✔ actual custom preview callback rejects malformed JSON, preserves a bounded static result, and prevents parallel requests (3.168109ms)
✔ actual editor top actions expose edit/view mode and custom-source launcher, with floating legend outside world SVG (120.284664ms)
✔ actual source-view top actions expose the same mode switch and keep root/title/legend out of the editor world (148.156716ms)
✔ actual custom-source modal renders class/source/constructor fields and named multi-output preview without a shape claim (8.957308ms)
✔ parallel growth fitting below an existing taller branch does not shift output again (550.761514ms)
✔ horizontal free space absorbs width growth; adjacent sibling spacing and authored gap are preserved (367.374369ms)
✔ manual distant output absorbs growth; downstream relative offsets and explicit user movement survive frontier restore (489.245721ms)
✔ pinned output and pinned descendant protect anchors while the existing warning reports unresolved overlap (449.354822ms)
✔ exact collapse/reexpand frontier snapshots and undo/redo remain stable after repeated parallel expansion (924.811363ms)
✔ real Transformer depth-two UI frontier uses existing space without cumulative independent branch height (12366.625868ms)
✔ real Transformer depth-three and cached frontiers retain manual feedforward positions and no sibling intersections (18386.343627ms)
✔ real Residual CNN grows both repeats and keeps downstream pool/flatten/classifier clear (5633.438931ms)
✔ renderer changes invalidate an old export even when canvas revision and source digests match (0.336005ms)
✔ a restored artifact must describe the default document, width, revision, source and PNG resolution (0.188957ms)
✔ detail export partitions every canonical edge and visibly retains every crossing binding (454.8891ms)
✔ detail keeps edited geometry, aliases, styles, legend and contained annotations, and declares omissions (613.836125ms)
✔ distinct external node/port tuples cannot collide when their identities contain delimiters (143.866417ms)
✔ detail metadata and projected objects are detached from the input CanvasDocument (444.827174ms)
✔ detail rejects leaf, collapsed or hidden containers and invalid options; whole keeps the ordinary scene (186.776351ms)
✔ detail bounds retain manually offset descendants instead of clipping negative coordinates (558.351194ms)
✔ long boundary text and provenance fit their boxes and 85/180 mm preflight measures actual scale (460.008842ms)
✔ real source-derived MLP network detail accounts for adapters and exposes model input/output (112.998749ms)
✔ physical advice accounts for tall pages and rounds the required width upward (46.894344ms)
✔ detail choices distinguish equal labels by identity/path and preserve the current frontier and edits (2516.571923ms)
✔ ordinary large output move retains the existing all-frontier arithmetic (96.6014ms)
✔ omitted and explicit all-frontiers scopes produce identical complete documents (29.900347ms)
✔ current deep output compaction preserves compact view and repeated toggles restore distinct exact positions (148.857759ms)
✔ four current-frontier directions and duplicate IDs change only the literal current object/cache (59.183087ms)
✔ a later ordinary move still applies one delta to both differently edited saved frontiers (29.75939ms)
✔ missing or legacy-only current cache establishes canonical visible cache without altering old bytes (59.705181ms)
✔ effective compact frontier ignores retained hidden layer flags and preserves deep cache (96.416403ms)
✔ ambiguous delimiter cache remains intact while explicit current edit creates its literal canonical key (15.177144ms)
✔ selected parent and child translate once; selected pins and pinned descendants retain protection (73.384796ms)
✔ current hidden selection is rejected atomically while default established-hidden-layout behavior survives (1.430879ms)
✔ intentional negative manual positions are neither clamped nor migrated to other frontiers (344.80518ms)
✔ one scoped history entry supports exact cache undo/redo and rejects stale revisions (15.596894ms)
✔ JSON reload preserves distinct current-edited and compact positions with full model/source facts (60.541032ms)
✔ preview scope is frozen and complete scene/SVG equals corresponding real commit without document mutation (400.975689ms)
✔ unknown scopes are rejected by move and preview before any document mutation (0.496808ms)
✔ editing already malformed revision5 with current scope does not silently migrate its other cache (14.6649ms)
✔ scoped recovery preserves the other frontier and proposed scene equals committed active scene (148.814551ms)
✔ recovery validates unknown scope even on unneeded or unavailable early return paths (0.419091ms)
✔ actual edit→view rejects an unconnected Attention before source expansion, preserving draft history and a responsive event loop (295.861163ms)
✔ generated source view retains absolute draft anchors through real nested containers and faithful SVG export (1.711521ms)
✔ source presentation, pin, annotations and edge style follow exact generated identities without changing source facts (1.437234ms)
✔ ambiguous mappings are refused and unmapped presentation objects are explicitly reported (0.825111ms)
✔ a real backend generated model reopens with edited draft positions and labels while retaining its complete binding facts (45.958206ms)
✔ actual generate callback keeps the collapsed Transformer frontier and anchors when complete source generation is reopened (1093.334024ms)
✔ hierarchy order and depth follow authored roots and child lists, independent of flat node order (19.065089ms)
✔ empty aliases, escaped labels, repeat badges, pins and leaf/toggle ARIA stay exact (18.126426ms)
✔ collapsed ancestors hide latent descendants without erasing their expansion or selection (24.020815ms)
✔ a replacement architecture with the same IDs displays new labels, categories and topology (29.605919ms)
✔ an empty architecture renders no rows and non-hierarchy visual changes leave row HTML exact (11.991237ms)
✔ the actual formal source-backed 304-node model keeps precise old/new hierarchy HTML before and after expansion (1070.78948ms)
✔ historical caption compatibility rejects route/port/binding corruption and explicit or nonmemory text changes (68.291993ms)
✔ Transformer overview no longer reports its hidden root boundary or title while preserving publication checks (209.976824ms)
✔ hidden root headers cease to be routing obstacles, while physical frames retain their headers (1.247686ms)
✔ negative world positions survive nested and root collapse, undo, redo and JSON reopen (354.332565ms)
✔ visible nested containers still report escaped children and header intrusion (261.684915ms)
✔ editor drag preview matches commit and recovery does not clamp objects into the hidden root (6.140859ms)
✔ dot lattice follows the world origin through all pan quadrants and zoom levels (0.387792ms)
✔ navigation is unbounded in position and zoom retains the pointer world point (0.245239ms)
✔ transparent editor surface retains exact figure geometry and publication background (0.443902ms)
✔ retained route pair cannot grow actual collinear length after selected body clearance (21.509401ms)
✔ a different overlap peer is new damage even when primary edge and length agree (15.40264ms)
✔ unchanged ambiguous lane may remain after genuine selected-body clearance (12.514046ms)
✔ a route-only warning incident through the second edge needs genuine reduction (25.143637ms)
✔ unchanged unrelated caption warning cannot conceal growing penetration into the same body (12.31432ms)
✔ original unrelated caption obstruction may stay unchanged during selected-body repair (10.134452ms)
✔ a blocked route may not transfer penetration from one retained body to another (12.350137ms)
✔ an unrelated caption association warning may not move farther from its owned route (10.692258ms)
✔ actual upward header conflict produces understandable guidance using display aliases (39.245343ms)
✔ actual overlapping leaves expose both overlap and blocked connection guidance (47.135003ms)
✔ source-analysis warnings stay in their own panel and missing object references do not leak identifiers (15.98591ms)
✔ historical M4: source memory captions survive vertical threshold boundaries and all four movement directions in whole/detail and both presets (1187.356744ms)
✔ historical M4: the actual +24 encoder counterexample keeps its routed endpoints and visible memory after undo/redo and JSON reopening (30.921632ms)
✔ historical M4: source expansion and collapse retain every visible memory caption without adding hidden bindings or facts (210.788824ms)
✔ historical M4: default memory naming is generic while explicit empty/authored labels and other roles retain their contracts (38.735698ms)
✔ historical M4: a genuinely blocked moved memory retains its text and reports association failure instead of disappearing (21.07393ms)
✔ historical M4: source and target signed14/15 thresholds retain endpoint continuity and exact peers across caption preset size and detail combinations (15067.647646ms)
✔ historical M4: horizontal gap guards retain complete baseline when two six-unit leads are unavailable (113.720256ms)
✔ historical M4: continuity is detached and one typed move survives undo redo and JSON reopen (14.553702ms)
✔ historical M4: literal guards reject joint and same-tensor peers close strokes invalid widths gap bodies and exhausted checks (0.902342ms)
✔ historical M4: version adapter rejects coherent geometry canonical nonmemory and consumer-coverage corruptions (28.540143ms)
✔ historical M4: detail mixed consumers keep retained port coverage and architecture-order bindings after memory projection (6.619487ms)
✔ historical M4: independent frozen baseline contains all twelve actual CNN configurations with immutable narrow copies (8.055409ms)
✔ historical M4: actual CNN baseline preserves canonical facts, ports and routes: cnn-level0-paper-85 (10.473548ms)
✔ historical M4: actual CNN baseline preserves canonical facts, ports and routes: cnn-level0-paper-180 (10.135069ms)
✔ historical M4: actual CNN baseline preserves canonical facts, ports and routes: cnn-level0-monochrome-85 (10.937096ms)
✔ historical M4: actual CNN baseline preserves canonical facts, ports and routes: cnn-level0-monochrome-180 (9.825309ms)
✔ historical M4: actual CNN baseline preserves canonical facts, ports and routes: cnn-level1-paper-85 (12.626128ms)
✔ historical M4: actual CNN baseline preserves canonical facts, ports and routes: cnn-level1-paper-180 (12.56373ms)
✔ historical M4: actual CNN baseline preserves canonical facts, ports and routes: cnn-level1-monochrome-85 (14.84794ms)
✔ historical M4: actual CNN baseline preserves canonical facts, ports and routes: cnn-level1-monochrome-180 (15.071215ms)
✔ historical M4: actual CNN baseline preserves canonical facts, ports and routes: cnn-level2-paper-85 (30.017574ms)
✔ historical M4: actual CNN baseline preserves canonical facts, ports and routes: cnn-level2-paper-180 (29.546479ms)
✔ historical M4: actual CNN baseline preserves canonical facts, ports and routes: cnn-level2-monochrome-85 (39.004136ms)
✔ historical M4: actual CNN baseline preserves canonical facts, ports and routes: cnn-level2-monochrome-180 (37.29492ms)
✔ historical M4: actual Transformer frontier 0 retains source/ports while all four mono roles differ (34.440962ms)
✔ historical M4: actual Transformer frontier 1 retains source/ports while all four mono roles differ (77.299909ms)
✔ historical M4: actual Transformer frontier 2 retains source/ports while all four mono roles differ (163.876311ms)
✔ historical M4: actual Transformer frontier 3 retains source/ports while all four mono roles differ (184.16895ms)
✔ historical M4: effective line identity distinguishes role defaults from explicit solid/dashed local overrides (0.306603ms)
✔ historical M4: derived pattern validation rejects sparse holes and unsafe arrays while retaining explicit legacy styles (0.341833ms)
✔ historical M4: same-tensor role and style branches stay separate, with truthful actual variant membership (7.701057ms)
✔ historical M4: actual Transformer collapsed mask bundle splits solid/default/generic dashed with complete canonical membership (16.124124ms)
✔ historical M4: memory trunk style identity rejects equal-dashed different patterns while preserving source facts (42.845577ms)
✔ historical M4: equal-dashed different-pattern memory cannot acquire the independently known shared-family corridor (44.549636ms)
✔ historical M4: hidden inspector fallback uses the same effective pattern and exposes no hidden-only role legend (3.823528ms)
✔ historical M4: expanded detail boundary paths inherit actual role signatures and citation clears the footer (13.780891ms)
✔ historical M4: line legend clears edited annotations and manual symbols without deleting user objects (3.78232ms)
✔ historical M4: real SVG marker and stroke sample extents fit their boxes at every supported line-width boundary (16.304865ms)
✔ historical M4: empty visible graph has no fabricated line roles or samples (0.72616ms)
✔ historical M4: placing a note below objects does not make its own derived footer chase it downward (4.655877ms)
✔ historical M4: preset and override history preserves source/layout and real patterns through JSON roundtrip (4.652647ms)
✔ historical M4: independent oracle rejects coherent role/line/legend corruption rather than accepting changed expected output (3.947308ms)
✔ independent command directions use signed world distances and retain input selection (0.444983ms)
✔ decimal distances, bounded target wording, punctuation and whitespace have literal results (0.137631ms)
✔ explicit scope prefixes override either default and an omitted prefix uses the selected default (0.177948ms)
✔ empty selection, zero and nonfinite distances never emit a partial operation (0.130981ms)
✔ malformed attempted moves reject signed/exponent/partial/compound/CSS distances completely (0.23664ms)
✔ alias/color text and an empty command are not inferred as a movement (0.120369ms)
✔ actual App drag captures scope at down and commits that scope after a different render scope (44.721691ms)
✔ actual App ignores unrelated pointer-up and stale-document move without committing history (18.336226ms)
✔ actual App scope selection cancels gesture, frame and recovery before a late terminal input (17.985677ms)
✔ actual App alignment uses the selected scope and preserves the unrelated compact cache for current scope (36.830552ms)
✔ actual App language dispatch applies exact local world delta and preserves alias source facts (16.939321ms)
✔ actual App refuses partial compound movement and leaves alias/color dispatch intact (31.934599ms)
✔ actual App recovery forwards current scope and applies the exact proposed operation (21.136017ms)
✔ scope-specific caches retain the operated-container, ancestor and pinned-subtree toggle rules (1.081259ms)
✔ preview equals complete guarded scene/SVG for container resizing, negative/manual geometry and repeated frames (3176.622034ms)
✔ selected parent and child move exactly once; pinned descendants protect ancestor subtree (1066.879926ms)
✔ sparse visible layout materializes once and hidden layout uses the established source contract (291.363206ms)
✔ preview leaves history/frontiers/source untouched, commit updates snapshots and supports one undo/redo (726.968299ms)
✔ prepared snapshot isolates later caller mutation and returned scene cannot corrupt frozen semantic references (321.864991ms)
✔ preview rejects forged sessions, invalid selection/coordinates and corrupted document before showing geometry (147.647252ms)
✔ independent oracle detects polluted body/header and route geometry (65.840927ms)
✔ four directions preserve exact manual coordinates, shared endpoints and expose left/header/sibling conflicts (1002.341698ms)
✔ explicit recovery preview is obstacle-safe and commit is one reversible visual operation (1309.111901ms)
✔ recovery respects pins and keeps an unchanged route-only warning distinct from an unneeded body-clear object (313.574116ms)
✔ a partial overlap reduction cannot be offered as selected-object position recovery (1.148048ms)
✔ touching the true parent border is contained while even a one-unit left escape is diagnosed (380.444427ms)
✔ selected expanded subtree moves as one root and recovery preserves child locals and outside pins (230.476791ms)
✔ an invariant internal conflict is unavailable even with many nearby candidate obstacles (619.360942ms)
✔ ready recovery preserves an existing unrelated collision rather than presenting it as globally resolved (305.939796ms)
✔ unknown or hidden objects do not produce phantom recovery scenes (119.838365ms)
✔ same-pair ancestor collision growth rejects an otherwise clear nearby candidate (4083.611925ms)
✔ two trusted trials competing for one raw event both remain unmatched (1.248076ms)
✔ a fully overlapping 2 by 2 candidate graph has no unique pair under either array order (0.367899ms)
✔ a one-candidate trial cannot steal an event from a competing two-candidate trial (0.36743ms)
✔ the matching window includes both exact 8 ms endpoints and excludes points beyond them (0.427117ms)
✔ different target identities separate otherwise identical timing windows (0.27354ms)
✔ different event names separate otherwise identical target and timing windows (0.181578ms)
✔ an untrusted competitor does not consume or make a trusted event ambiguous (0.143614ms)
✔ ambiguity in one target component does not erase a separate unique component (0.154975ms)
✔ duplicate raw records remain separate candidates and cannot fabricate uniqueness (0.185051ms)
✔ native timing remains independent of geometry and handler proxy; pin spaces differ (0.217584ms)
✔ untrusted, unmatched, ambiguous and reused native entries cannot yield passing zero latency (0.255597ms)
✔ stale source or concurrent revisions invalidate spatial and summary evidence; missing pins stay unmeasured (0.161933ms)
✔ independent native receipt checker rejects forged zero latency, anchor drift and stale source (0.646605ms)
✔ bilateral uniqueness keeps both competing trials null and is order independent (0.130865ms)
✔ overlapping candidate sets cannot be resolved by entry or trial order (0.105394ms)
✔ distinct target and event identities retain unique matches regardless of order (0.147773ms)
✔ independent verifier rejects first-trial ownership of a shared entry (0.362187ms)
✔ independent verifier rejects greedy ownership in an overlapping candidate chain (0.27ms)
✔ clear preferred orthogonal paths remain byte-identical and endpoint data stays immutable (0.21939ms)
✔ independent broken-path counterexample detects unrelated intrusion and repaired route keeps endpoints (0.486657ms)
✔ ancestor frame passage is valid; unrelated frame interiors remain obstacles (0.11618ms)
✔ preferred route re-entry into an endpoint body is repaired, not mistaken for a clear unrelated-body path (0.223411ms)
✔ overlap covering an endpoint is reported explicitly rather than invented as a clear route (0.126956ms)
✔ blocked ancestor headers retain arbitrary canonical IDs without synthetic suffix decoding (0.160846ms)
✔ all nine historical source-bound golden frontiers rerender without unrelated-body intrusions (1478.251286ms)
✔ detail boundary stubs reuse obstacle routing across all visible expanded golden containers (14239.148031ms)
✔ four-direction moves preserve semantic identity, history, exact preview/guarded Scene and routed SVG (237.269686ms)
✔ intentional overlapping manual objects keep anchors and publish explicit overlap/routing diagnostics (46.802951ms)
✔ manual upward move into expanded ancestor header keeps the coordinate and reports the conflict (18.1052ms)
✔ sealed generated architecture uses the actual Output alias while exact return evidence survives in scene and SVG (1.566735ms)
✔ a legitimate n_ user return key without a display alias is never classified as machine-generated (0.918336ms)
✔ nested slots, scalar keys, a UUID-looking user key and whole return retain handwritten unaliased captions (0.536482ms)
✔ different long aliases on multiple outputs retain distinct labels and their independent actual nested paths (0.533587ms)
✔ non-output aliases, an Output without a declared path and opaque evidence preserve their existing meaning (0.363101ms)
✔ explicit alias uses existing visual history and undo restores the real return caption without touching canonical facts (3.676988ms)
✔ formal LSTM nested output slots retain handwritten key/index evidence in documents (106.179185ms)
✔ import validation rejects malformed output paths and slots on non-output nodes (45.243118ms)
✔ a renamed return slot cannot borrow presentation from the prior ordinal output (81.213247ms)
✔ snapshot includes queued native timing and longtask exactly once without waiting for callback delivery (0.803025ms)
✔ reset discards already queued entries before the new measurement window (0.171997ms)
✔ late callbacks retain only entries that started in the current reset window (0.208293ms)
✔ queued and callback ingestion share the same last-200 retention boundary (0.303004ms)
✔ receipt verifier recomputes percentiles and rejects unchanged or root frontiers (1.11968ms)
✔ performance probe never reports paint before its second animation-frame boundary (0.329663ms)
✔ frame sampler reports a bounded fps sample and reset removes prior samples (113.222457ms)
✔ automatic candidates replace a reverse vertical detour with a straight facing-side route, without editing bindings (0.843839ms)
✔ all four manual sides keep route endpoints on the public circle and obey source/target normals (5.270589ms)
✔ manual offset, automatic reset, undo/redo and JSON reopen retain an independent draft (3.437703ms)
✔ canvas manual proxy attachment survives collapse/reexpand, export, validation and history (23.293981ms)
✔ source diagram auto mode is opt-in and canonical bindings and node coordinates stay exact (6.519776ms)
✔ generated view port edits return to the authored endpoint and preserve an explicit automatic reset (19.585882ms)
✔ invalid offsets, sides and unknown canonical ports are rejected before a visual history change (1.07705ms)
✔ layer ordering removes a reversed downstream crossing without rewriting ranks (0.133068ms)
✔ every catalog module and every inserted preset keeps English module text while user aliases remain untouched (3.26691ms)
✔ real backend normalization and response reader preserve manual ports, with identical generated model source (40.191636ms)
✔ current residual frontier reserves an outside ancestor corridor after right move (3153.12492ms)
✔ current readable routes keep ports and peer geometry under translation and horizontal mirror (3054.287666ms)
✔ source-grounded overview mask gains eight-unit body clearance without changing any peer pair or port (70.29454ms)
✔ historical M4: independent final-SVG oracle detects all six sealed ChS stack intrusions and three buried frontier outputs (18.510993ms)
✔ historical M4: source-bound final SVG stack/endpoint/Canvas invariants: mlp-level0-paper-180 (6.661909ms)
✔ historical M4: source-bound final SVG stack/endpoint/Canvas invariants: mlp-level1-paper-180 (5.967278ms)
✔ historical M4: source-bound final SVG stack/endpoint/Canvas invariants: residual_cnn-level0-paper-180 (9.809809ms)
✔ historical M4: source-bound final SVG stack/endpoint/Canvas invariants: residual_cnn-level1-paper-180 (10.269653ms)
✔ historical M4: source-bound final SVG stack/endpoint/Canvas invariants: residual_cnn-level2-paper-180 (25.308159ms)
✔ historical M4: source-bound final SVG stack/endpoint/Canvas invariants: transformer-level0-paper-180 (44.561503ms)
✔ historical M4: source-bound final SVG stack/endpoint/Canvas invariants: transformer-level1-paper-180 (68.880625ms)
✔ historical M4: source-bound final SVG stack/endpoint/Canvas invariants: transformer-level2-paper-180 (110.088399ms)
✔ historical M4: source-bound final SVG stack/endpoint/Canvas invariants: transformer-level3-paper-180 (113.701419ms)
✔ historical M4: reported CNN bottom and Transformer memory examples attach to exposed card union (8.724179ms)
✔ historical M4: near-left bottom outputs follow actual +0/+3.5/+7 cards instead of empty envelope corners (10.138956ms)
✔ historical M4: same canonical memory output has coherent bottom and right display ports for multiple consumers (2.327823ms)
✔ historical M4: unrelated backplate-only obstacle and source own-stack reentry are independently rejected and rerouted (1.512696ms)
✔ historical M4: overlapping Repeat ownership is reported once and an endpoint covered by another body remains honestly blocked (0.173403ms)
✔ historical M4: detail fallback ports and translated stacks retain canonical boundary coverage and exposed endpoints (1.768859ms)
✔ historical M4: expanded/nonrepeat ports, in-place expansion, pins and move preview/history preserve presentation contracts (9.494892ms)
✔ a genuine source/style fan-out is drawn once with a literal junction and complete canonical paths retained (0.452289ms)
✔ tensor labels alone, distinct canonical ports, role/style changes and later rejoining never hide an ambiguous lane (0.221637ms)
✔ the image failure has genuine differently typed overlays; all 41 saved hierarchical/movement scenes now separate them without rewriting facts or anchors (7542.300109ms)
✔ deep frontier four-direction movement, persistence and history retain the separated routes and stable visual slots (14235.477558ms)
✔ route work caps are deterministic and oversized batches retain complete canonical endpoint geometry (602.430373ms)
✔ shortcut source inputs are bound to previous router and evidence candidates, not model-name heuristics (0.677987ms)
✔ independent pair sensor rejects split-vertex and collinear contacts, changed positions and new same-tensor overlaps (1.003627ms)
✔ unconflicted arbitrary typed route shortens without source/canonical evidence, object mutation or nondeterminism (4.831065ms)
✔ historical M4: source-backed mlp-level0-paper-180 shortens only pairwise protected routes and preserves nodes/source facts (0.904096ms)
✔ historical M4: source-backed mlp-level1-paper-180 shortens only pairwise protected routes and preserves nodes/source facts (2.12146ms)
✔ historical M4: source-backed residual_cnn-level0-paper-180 shortens only pairwise protected routes and preserves nodes/source facts (1.173069ms)
✔ historical M4: source-backed residual_cnn-level1-paper-180 shortens only pairwise protected routes and preserves nodes/source facts (2.651764ms)
✔ historical M4: source-backed residual_cnn-level2-paper-180 shortens only pairwise protected routes and preserves nodes/source facts (7.68715ms)
✔ historical M4: source-backed transformer-level0-paper-180 shortens only pairwise protected routes and preserves nodes/source facts (11.663783ms)
✔ historical M4: source-backed transformer-level1-paper-180 shortens only pairwise protected routes and preserves nodes/source facts (21.961848ms)
✔ historical M4: source-backed transformer-level2-paper-180 shortens only pairwise protected routes and preserves nodes/source facts (32.906288ms)
✔ historical M4: source-backed transformer-level3-paper-180 shortens only pairwise protected routes and preserves nodes/source facts (30.530336ms)
✔ obstacles, Repeat backplates and expanded ancestor headers retain a safe route rather than take the Manhattan shortcut (30.457023ms)
✔ covered endpoint, invalid reversal and work-cap inputs preserve honest fallback routes (44.53632ms)
✔ same-tensor and different-tensor peer geometry cannot gain hidden crossings contacts or overlaps (6.57437ms)
✔ a 0.005-world-unit moved same-tensor crossing cannot masquerade as its old geometric point (3.17836ms)
✔ shortcut cannot make its source escape hit its own endpoint through a non-adjacent segment (2.358324ms)
✔ existing self contacts and crossings remain eligible for a checked shorter subset (0.59673ms)
✔ independent self sensor ignores adjacent bends but detects non-adjacent crossing, point contact and retracing (0.138515ms)
✔ historical M4: independent oracle rejects 15 corruptions including coherent graph displacement and tensor concealment (5.259266ms)
✔ historical M4: independent strict-interior oracle excludes point contact and same tensor trunks, merges collinear intervals (0.908359ms)
✔ historical M4: outline compatibility rejects eight coherent corruptions while preserving the frozen routing oracle (31.410497ms)
✔ historical M4: independent source-bound frontier/detail/four-direction history invariants: mlp-level0-paper-180 (37.403097ms)
✔ historical M4: independent source-bound frontier/detail/four-direction history invariants: mlp-level1-paper-180 (88.144316ms)
✔ historical M4: independent source-bound frontier/detail/four-direction history invariants: residual_cnn-level0-paper-180 (74.078263ms)
✔ historical M4: independent source-bound frontier/detail/four-direction history invariants: residual_cnn-level1-paper-180 (130.455316ms)
✔ historical M4: independent source-bound frontier/detail/four-direction history invariants: residual_cnn-level2-paper-180 (326.192975ms)
✔ historical M4: independent source-bound frontier/detail/four-direction history invariants: transformer-level0-paper-180 (333.467128ms)
✔ historical M4: independent source-bound frontier/detail/four-direction history invariants: transformer-level1-paper-180 (708.941795ms)
✔ historical M4: independent source-bound frontier/detail/four-direction history invariants: transformer-level2-paper-180 (1555.66248ms)
✔ historical M4: independent source-bound frontier/detail/four-direction history invariants: transformer-level3-paper-180 (1684.184999ms)
✔ historical M4: real public source-bound Transformer metrics improve while preserving unresolved complex crossings (42.562694ms)
✔ historical M4: public differing-tensor geometry reduces overlap length while shared tensor trunk remains byte-identical (3.793413ms)
✔ indexed projected ports retain non-adjacent canonical coverage and role order (17.87619ms)
✔ parallel style groups and cycle fallback survive expand/undo/redo without mutating source (613.934967ms)
✔ actual compact source-card markup retains dimensions, dot-only port hit and a topmost body drag target (10.296722ms)
✔ actual AuthoringStudio title clicks select two compact nodes and its pointer callbacks drag both as one undo action (14.623777ms)
✔ actual App callbacks retain draft undo/redo and follow same-revision camera, selection and tool on multiple returns (101.973826ms)
✔ real source rebase preserves parameters, added nodes and edges, deletion tombstones and both history stacks (309.874443ms)
✔ actual App visual-revision return reprojects complete history and preserves source history byte-for-byte (269.563183ms)
✔ changed source/IR or an invalid history rebase is rejected atomically before replacing a retained session (161.195841ms)
✔ saved/reopened draft retains view and undo, browser recovery restores both stacks and rejects cross-source history (91.101532ms)
✔ source→draft viewport change preserves world centre and close-up zoom without changing canvas geometry (0.161593ms)
✔ actual AuthoringStudio reopen callback keeps camera/selection and undo; save commits only matching current bytes (98.051741ms)
✔ unresolved regions expose both authored paths and nested source definitions in view and editor (211.674654ms)
✔ all recovered source compositions recursively expose their real primitives, including unnamed nested modules and repeats (1518.337114ms)
✔ decomposed Transformer edits generate a compact view and return with full structure, manual ports and undo intact (3615.770528ms)
✔ editing and view frontiers cannot be paired across document revisions (114.05501ms)
✔ unseen opaque models accept edits on the same source canvas with save/reopen, undo and export (405.177722ms)
✔ source frontier collapse retains opaque visual changes and hidden local placement without regenerating Python (275.619072ms)
✔ source dependency arrows restore after collapse and JSON reopen without changing tensor edges or ports (50.981648ms)
✔ source arrows and separate legend appear in publication/editor SVG and stay inside fit bounds (5.670298ms)
✔ detail export includes only dependencies inside its selected source subtree (3.547761ms)
✔ source relations reject tensor endpoints, self loops, extra bindings and duplicate identities (1.206017ms)
✔ editor derives source arrows from actual moved geometry and persists facts through source presentation edits (76.712726ms)
✔ real Temporal shared projection keeps two distinct calls and four authored paths after edits and reopen (89.398457ms)
✔ Skip repeat is independent; expanding and detail export retain identities and external boundaries (177.296236ms)
✔ GNN names and arbitrary visual aliases do not turn unknown regions into known attention (52.928675ms)
✔ same label and duplicated call identity cannot invent distinct shared calls; facts detach from Canvas (69.73729ms)
✔ long authored output keys stay exact in metadata while subtitles fit the existing node width (73.511323ms)
✔ source-backed 300-layer Sequential expansion exposes 300 canonical layer objects (1129.371166ms)
✔ the actual CNN sentence breaks before path instead of splitting a fitting word (0.149613ms)
✔ CJK characters and whole English tokens can share lines without inserted text (0.090643ms)
✔ explicit line breaks and blank lines remain while soft line boundaries discard whitespace (0.117329ms)
✔ oversized source identifiers have finite code-point fallback without dropping characters (3.087042ms)
✔ Unicode code points stay intact and an individually oversized point still makes progress (0.294743ms)
✔ Scene annotation height and both SVG modes use the independently expected CNN lines (0.943255ms)
✔ a valid annotation narrower than its text inset still builds and renders (0.528896ms)
✔ real residual CNN nested expansion keeps downstream pool clear and restores base frontier (4225.328946ms)
✔ real MLP pinned output conflict is explicit while both expansion anchors stay fixed (117.770556ms)
ℹ tests 596
ℹ suites 0
ℹ pass 596
ℹ fail 0
ℹ cancelled 0
ℹ skipped 0
ℹ todo 0
ℹ duration_ms 224851.86293
