analyzed 484
compact 4
expanded 484 0.704056821
imported 484
draft tensors routed 2 0.021420427000000016
{
  "nodes": 484,
  "tensorEdges": 3,
  "sourceRelations": 119,
  "sourceDigest": "6f658b2ea260e9b2ac61acba73a2c5b7d2036a3a160a7fddc769d8da800b9963",
  "irDigest": "ad1722f9cd0a1eb8039e206f1d1e3e17001fb0a6dc1714f2d49883fd32d8a3d7",
  "sceneSeconds": 0.704056821,
  "blockedSourceRoutes": 0,
  "draftNodes": 484,
  "draftTensorRoutes": 2,
  "draftSourceRelations": 119,
  "blockedDraftTensorRoutes": 0,
  "blockedDraftSourceRoutes": 0,
  "draftRoutingSeconds": 0.494089301,
  "sourceStructureTruncated": [
    {
      "level": "warning",
      "message": "Source structure inspection reached its 480-node/12-level budget; original source expressions remain available. No execution path or tensor contract was inferred from inspection nodes."
    }
  ]
}
