{
  "states": 14,
  "inputs": 48,
  "directions": [
    {
      "direction": "right",
      "apply": "02-right24-current7",
      "undo": "03-right-undo8",
      "expectedWorldDelta": [
        24,
        0
      ],
      "actualWorldDelta": [
        24.0,
        0.0
      ],
      "exactDelta": true,
      "changedBodies": [
        "call:instance:model.DenseStress300.network.0"
      ],
      "onlySelectedBodyChanged": true,
      "changedRouteIds": [
        "edge:2",
        "edge:3"
      ],
      "undoBodiesExactToBaseline": true,
      "undoRoutesExactToBaseline": true,
      "sourceAndIrStable": true
    },
    {
      "direction": "up",
      "apply": "04-up24-current",
      "undo": "05-up-undo",
      "expectedWorldDelta": [
        0,
        -24
      ],
      "actualWorldDelta": [
        0.0,
        -24.0
      ],
      "exactDelta": true,
      "changedBodies": [
        "call:instance:model.DenseStress300.network.0"
      ],
      "onlySelectedBodyChanged": true,
      "changedRouteIds": [
        "edge:2",
        "edge:3"
      ],
      "undoBodiesExactToBaseline": true,
      "undoRoutesExactToBaseline": true,
      "sourceAndIrStable": true
    },
    {
      "direction": "down",
      "apply": "06-down24-current",
      "undo": "07-down-undo",
      "expectedWorldDelta": [
        0,
        24
      ],
      "actualWorldDelta": [
        0.0,
        24.0
      ],
      "exactDelta": true,
      "changedBodies": [
        "call:instance:model.DenseStress300.network.0"
      ],
      "onlySelectedBodyChanged": true,
      "changedRouteIds": [
        "edge:2",
        "edge:3",
        "edge:4",
        "edge:40",
        "edge:41",
        "edge:97",
        "edge:100"
      ],
      "undoBodiesExactToBaseline": true,
      "undoRoutesExactToBaseline": true,
      "sourceAndIrStable": true
    },
    {
      "direction": "left",
      "apply": "08-left24-current",
      "undo": "09-left-undo",
      "expectedWorldDelta": [
        -24,
        0
      ],
      "actualWorldDelta": [
        -24.0,
        0.0
      ],
      "exactDelta": true,
      "changedBodies": [
        "call:instance:model.DenseStress300.network.0"
      ],
      "onlySelectedBodyChanged": true,
      "changedRouteIds": [
        "edge:2",
        "edge:3"
      ],
      "undoBodiesExactToBaseline": true,
      "undoRoutesExactToBaseline": true,
      "sourceAndIrStable": true
    }
  ],
  "expandedCrossingPairs": 71,
  "expandedOverlapGroups": 4,
  "saveReopenSvgByteExact": true
}
