TAP version 13
# Subtest: ordinary large output move retains the existing all-frontier arithmetic
ok 1 - ordinary large output move retains the existing all-frontier arithmetic
  ---
  duration_ms: 23.184775
  type: 'test'
  ...
# Subtest: omitted and explicit all-frontiers scopes produce identical complete documents
ok 2 - omitted and explicit all-frontiers scopes produce identical complete documents
  ---
  duration_ms: 2.44189
  type: 'test'
  ...
# Subtest: current deep output compaction preserves compact view and repeated toggles restore distinct exact positions
ok 3 - current deep output compaction preserves compact view and repeated toggles restore distinct exact positions
  ---
  duration_ms: 11.103365
  type: 'test'
  ...
# Subtest: four current-frontier directions and duplicate IDs change only the literal current object/cache
ok 4 - four current-frontier directions and duplicate IDs change only the literal current object/cache
  ---
  duration_ms: 4.044519
  type: 'test'
  ...
# Subtest: a later ordinary move still applies one delta to both differently edited saved frontiers
ok 5 - a later ordinary move still applies one delta to both differently edited saved frontiers
  ---
  duration_ms: 2.049212
  type: 'test'
  ...
# Subtest: missing or legacy-only current cache establishes canonical visible cache without altering old bytes
ok 6 - missing or legacy-only current cache establishes canonical visible cache without altering old bytes
  ---
  duration_ms: 6.937485
  type: 'test'
  ...
# Subtest: effective compact frontier ignores retained hidden layer flags and preserves deep cache
ok 7 - effective compact frontier ignores retained hidden layer flags and preserves deep cache
  ---
  duration_ms: 2.368107
  type: 'test'
  ...
# Subtest: ambiguous delimiter cache remains intact while explicit current edit creates its literal canonical key
ok 8 - ambiguous delimiter cache remains intact while explicit current edit creates its literal canonical key
  ---
  duration_ms: 3.013059
  type: 'test'
  ...
# Subtest: selected parent and child translate once; selected pins and pinned descendants retain protection
ok 9 - selected parent and child translate once; selected pins and pinned descendants retain protection
  ---
  duration_ms: 4.862638
  type: 'test'
  ...
# Subtest: current hidden selection is rejected atomically while default established-hidden-layout behavior survives
ok 10 - current hidden selection is rejected atomically while default established-hidden-layout behavior survives
  ---
  duration_ms: 1.523579
  type: 'test'
  ...
# Subtest: intentional negative manual positions are neither clamped nor migrated to other frontiers
ok 11 - intentional negative manual positions are neither clamped nor migrated to other frontiers
  ---
  duration_ms: 3.535791
  type: 'test'
  ...
# Subtest: one scoped history entry supports exact cache undo/redo and rejects stale revisions
ok 12 - one scoped history entry supports exact cache undo/redo and rejects stale revisions
  ---
  duration_ms: 1.679632
  type: 'test'
  ...
# Subtest: JSON reload preserves distinct current-edited and compact positions with full model/source facts
ok 13 - JSON reload preserves distinct current-edited and compact positions with full model/source facts
  ---
  duration_ms: 4.754886
  type: 'test'
  ...
# Subtest: preview scope is frozen and complete scene/SVG equals corresponding real commit without document mutation
ok 14 - preview scope is frozen and complete scene/SVG equals corresponding real commit without document mutation
  ---
  duration_ms: 27.786841
  type: 'test'
  ...
# Subtest: unknown scopes are rejected by move and preview before any document mutation
ok 15 - unknown scopes are rejected by move and preview before any document mutation
  ---
  duration_ms: 0.388347
  type: 'test'
  ...
# Subtest: editing already malformed revision5 with current scope does not silently migrate its other cache
ok 16 - editing already malformed revision5 with current scope does not silently migrate its other cache
  ---
  duration_ms: 0.84459
  type: 'test'
  ...
# Subtest: scoped recovery preserves the other frontier and proposed scene equals committed active scene
ok 17 - scoped recovery preserves the other frontier and proposed scene equals committed active scene
  ---
  duration_ms: 8.357222
  type: 'test'
  ...
# Subtest: recovery validates unknown scope even on unneeded or unavailable early return paths
ok 18 - recovery validates unknown scope even on unneeded or unavailable early return paths
  ---
  duration_ms: 0.328468
  type: 'test'
  ...
1..18
# tests 18
# suites 0
# pass 18
# fail 0
# cancelled 0
# skipped 0
# todo 0
# duration_ms 178.909667
