TAP version 13
# Subtest: ordinary large output move retains the existing all-frontier arithmetic
ok 1 - ordinary large output move retains the existing all-frontier arithmetic
  ---
  duration_ms: 21.95268
  type: 'test'
  ...
# Subtest: omitted and explicit all-frontiers scopes produce identical complete documents
not ok 2 - omitted and explicit all-frontiers scopes produce identical complete documents
  ---
  duration_ms: 1.64219
  type: 'test'
  location: '/home/fzg/PycharmProjects/ArchCanvas/ArchCanvas_Model_Architecture_Studio/docs/evidence/m4-frontier-move-current/independent/literal-tests.frozen-core.test.ts:53:1'
  failureType: 'testCodeFailure'
  error: 'operation.scope: unsupported field'
  code: 'ERR_TEST_FAILURE'
  name: 'ValidationError'
  stack: |-
    fields (file:///home/fzg/PycharmProjects/ArchCanvas/ArchCanvas_Model_Architecture_Studio/docs/evidence/m4-frontier-move-current/before-change/inputs/studio/src/core/validate.ts:11:75)
    applyVisualBatch (file:///home/fzg/PycharmProjects/ArchCanvas/ArchCanvas_Model_Architecture_Studio/docs/evidence/m4-frontier-move-current/before-change/inputs/studio/src/core/document.ts:249:9)
    TestContext.<anonymous> (file:///home/fzg/PycharmProjects/ArchCanvas/ArchCanvas_Model_Architecture_Studio/docs/evidence/m4-frontier-move-current/independent/literal-tests.frozen-core.test.ts:55:20)
    Test.runInAsyncScope (node:async_hooks:227:14)
    Test.run (node:internal/test_runner/test:1382:25)
    Test.processPendingSubtests (node:internal/test_runner/test:960:18)
    Test.postRun (node:internal/test_runner/test:1522:19)
    Test.run (node:internal/test_runner/test:1447:12)
    async startSubtestAfterBootstrap (node:internal/test_runner/harness:387:3)
  ...
# Subtest: current deep output compaction preserves compact view and repeated toggles restore distinct exact positions
not ok 3 - current deep output compaction preserves compact view and repeated toggles restore distinct exact positions
  ---
  duration_ms: 0.341095
  type: 'test'
  location: '/home/fzg/PycharmProjects/ArchCanvas/ArchCanvas_Model_Architecture_Studio/docs/evidence/m4-frontier-move-current/independent/literal-tests.frozen-core.test.ts:58:1'
  failureType: 'testCodeFailure'
  error: 'operation.scope: unsupported field'
  code: 'ERR_TEST_FAILURE'
  name: 'ValidationError'
  stack: |-
    fields (file:///home/fzg/PycharmProjects/ArchCanvas/ArchCanvas_Model_Architecture_Studio/docs/evidence/m4-frontier-move-current/before-change/inputs/studio/src/core/validate.ts:11:75)
    applyVisualBatch (file:///home/fzg/PycharmProjects/ArchCanvas/ArchCanvas_Model_Architecture_Studio/docs/evidence/m4-frontier-move-current/before-change/inputs/studio/src/core/document.ts:249:9)
    TestContext.<anonymous> (file:///home/fzg/PycharmProjects/ArchCanvas/ArchCanvas_Model_Architecture_Studio/docs/evidence/m4-frontier-move-current/independent/literal-tests.frozen-core.test.ts:59:61)
    Test.runInAsyncScope (node:async_hooks:227:14)
    Test.run (node:internal/test_runner/test:1382:25)
    Test.processPendingSubtests (node:internal/test_runner/test:960:18)
    Test.postRun (node:internal/test_runner/test:1522:19)
    Test.run (node:internal/test_runner/test:1447:12)
    async Test.processPendingSubtests (node:internal/test_runner/test:960:7)
  ...
# Subtest: four current-frontier directions and duplicate IDs change only the literal current object/cache
not ok 4 - four current-frontier directions and duplicate IDs change only the literal current object/cache
  ---
  duration_ms: 0.28102
  type: 'test'
  location: '/home/fzg/PycharmProjects/ArchCanvas/ArchCanvas_Model_Architecture_Studio/docs/evidence/m4-frontier-move-current/independent/literal-tests.frozen-core.test.ts:73:1'
  failureType: 'testCodeFailure'
  error: 'operation.scope: unsupported field'
  code: 'ERR_TEST_FAILURE'
  name: 'ValidationError'
  stack: |-
    fields (file:///home/fzg/PycharmProjects/ArchCanvas/ArchCanvas_Model_Architecture_Studio/docs/evidence/m4-frontier-move-current/before-change/inputs/studio/src/core/validate.ts:11:75)
    applyVisualBatch (file:///home/fzg/PycharmProjects/ArchCanvas/ArchCanvas_Model_Architecture_Studio/docs/evidence/m4-frontier-move-current/before-change/inputs/studio/src/core/document.ts:249:9)
    TestContext.<anonymous> (file:///home/fzg/PycharmProjects/ArchCanvas/ArchCanvas_Model_Architecture_Studio/docs/evidence/m4-frontier-move-current/independent/literal-tests.frozen-core.test.ts:75:33)
    Test.runInAsyncScope (node:async_hooks:227:14)
    Test.run (node:internal/test_runner/test:1382:25)
    Test.processPendingSubtests (node:internal/test_runner/test:960:18)
    Test.postRun (node:internal/test_runner/test:1522:19)
    Test.run (node:internal/test_runner/test:1447:12)
    async Test.processPendingSubtests (node:internal/test_runner/test:960:7)
  ...
# Subtest: a later ordinary move still applies one delta to both differently edited saved frontiers
not ok 5 - a later ordinary move still applies one delta to both differently edited saved frontiers
  ---
  duration_ms: 0.250792
  type: 'test'
  location: '/home/fzg/PycharmProjects/ArchCanvas/ArchCanvas_Model_Architecture_Studio/docs/evidence/m4-frontier-move-current/independent/literal-tests.frozen-core.test.ts:84:1'
  failureType: 'testCodeFailure'
  error: 'operation.scope: unsupported field'
  code: 'ERR_TEST_FAILURE'
  name: 'ValidationError'
  stack: |-
    fields (file:///home/fzg/PycharmProjects/ArchCanvas/ArchCanvas_Model_Architecture_Studio/docs/evidence/m4-frontier-move-current/before-change/inputs/studio/src/core/validate.ts:11:75)
    applyVisualBatch (file:///home/fzg/PycharmProjects/ArchCanvas/ArchCanvas_Model_Architecture_Studio/docs/evidence/m4-frontier-move-current/before-change/inputs/studio/src/core/document.ts:249:9)
    TestContext.<anonymous> (file:///home/fzg/PycharmProjects/ArchCanvas/ArchCanvas_Model_Architecture_Studio/docs/evidence/m4-frontier-move-current/independent/literal-tests.frozen-core.test.ts:85:18)
    Test.runInAsyncScope (node:async_hooks:227:14)
    Test.run (node:internal/test_runner/test:1382:25)
    Test.processPendingSubtests (node:internal/test_runner/test:960:18)
    Test.postRun (node:internal/test_runner/test:1522:19)
    Test.run (node:internal/test_runner/test:1447:12)
    async Test.processPendingSubtests (node:internal/test_runner/test:960:7)
  ...
# Subtest: missing or legacy-only current cache establishes canonical visible cache without altering old bytes
not ok 6 - missing or legacy-only current cache establishes canonical visible cache without altering old bytes
  ---
  duration_ms: 0.270892
  type: 'test'
  location: '/home/fzg/PycharmProjects/ArchCanvas/ArchCanvas_Model_Architecture_Studio/docs/evidence/m4-frontier-move-current/independent/literal-tests.frozen-core.test.ts:91:1'
  failureType: 'testCodeFailure'
  error: 'operation.scope: unsupported field'
  code: 'ERR_TEST_FAILURE'
  name: 'ValidationError'
  stack: |-
    fields (file:///home/fzg/PycharmProjects/ArchCanvas/ArchCanvas_Model_Architecture_Studio/docs/evidence/m4-frontier-move-current/before-change/inputs/studio/src/core/validate.ts:11:75)
    applyVisualBatch (file:///home/fzg/PycharmProjects/ArchCanvas/ArchCanvas_Model_Architecture_Studio/docs/evidence/m4-frontier-move-current/before-change/inputs/studio/src/core/document.ts:249:9)
    TestContext.<anonymous> (file:///home/fzg/PycharmProjects/ArchCanvas/ArchCanvas_Model_Architecture_Studio/docs/evidence/m4-frontier-move-current/independent/literal-tests.frozen-core.test.ts:94:62)
    Test.runInAsyncScope (node:async_hooks:227:14)
    Test.run (node:internal/test_runner/test:1382:25)
    Test.processPendingSubtests (node:internal/test_runner/test:960:18)
    Test.postRun (node:internal/test_runner/test:1522:19)
    Test.run (node:internal/test_runner/test:1447:12)
    async Test.processPendingSubtests (node:internal/test_runner/test:960:7)
  ...
# Subtest: effective compact frontier ignores retained hidden layer flags and preserves deep cache
not ok 7 - effective compact frontier ignores retained hidden layer flags and preserves deep cache
  ---
  duration_ms: 0.348749
  type: 'test'
  location: '/home/fzg/PycharmProjects/ArchCanvas/ArchCanvas_Model_Architecture_Studio/docs/evidence/m4-frontier-move-current/independent/literal-tests.frozen-core.test.ts:101:1'
  failureType: 'testCodeFailure'
  error: 'operation.scope: unsupported field'
  code: 'ERR_TEST_FAILURE'
  name: 'ValidationError'
  stack: |-
    fields (file:///home/fzg/PycharmProjects/ArchCanvas/ArchCanvas_Model_Architecture_Studio/docs/evidence/m4-frontier-move-current/before-change/inputs/studio/src/core/validate.ts:11:75)
    applyVisualBatch (file:///home/fzg/PycharmProjects/ArchCanvas/ArchCanvas_Model_Architecture_Studio/docs/evidence/m4-frontier-move-current/before-change/inputs/studio/src/core/document.ts:249:9)
    TestContext.<anonymous> (file:///home/fzg/PycharmProjects/ArchCanvas/ArchCanvas_Model_Architecture_Studio/docs/evidence/m4-frontier-move-current/independent/literal-tests.frozen-core.test.ts:109:58)
    Test.runInAsyncScope (node:async_hooks:227:14)
    Test.run (node:internal/test_runner/test:1382:25)
    Test.processPendingSubtests (node:internal/test_runner/test:960:18)
    Test.postRun (node:internal/test_runner/test:1522:19)
    Test.run (node:internal/test_runner/test:1447:12)
    async Test.processPendingSubtests (node:internal/test_runner/test:960:7)
  ...
# Subtest: ambiguous delimiter cache remains intact while explicit current edit creates its literal canonical key
not ok 8 - ambiguous delimiter cache remains intact while explicit current edit creates its literal canonical key
  ---
  duration_ms: 0.343705
  type: 'test'
  location: '/home/fzg/PycharmProjects/ArchCanvas/ArchCanvas_Model_Architecture_Studio/docs/evidence/m4-frontier-move-current/independent/literal-tests.frozen-core.test.ts:115:1'
  failureType: 'testCodeFailure'
  error: 'operation.scope: unsupported field'
  code: 'ERR_TEST_FAILURE'
  name: 'ValidationError'
  stack: |-
    fields (file:///home/fzg/PycharmProjects/ArchCanvas/ArchCanvas_Model_Architecture_Studio/docs/evidence/m4-frontier-move-current/before-change/inputs/studio/src/core/validate.ts:11:75)
    applyVisualBatch (file:///home/fzg/PycharmProjects/ArchCanvas/ArchCanvas_Model_Architecture_Studio/docs/evidence/m4-frontier-move-current/before-change/inputs/studio/src/core/document.ts:249:9)
    TestContext.<anonymous> (file:///home/fzg/PycharmProjects/ArchCanvas/ArchCanvas_Model_Architecture_Studio/docs/evidence/m4-frontier-move-current/independent/literal-tests.frozen-core.test.ts:126:16)
    Test.runInAsyncScope (node:async_hooks:227:14)
    Test.run (node:internal/test_runner/test:1382:25)
    Test.processPendingSubtests (node:internal/test_runner/test:960:18)
    Test.postRun (node:internal/test_runner/test:1522:19)
    Test.run (node:internal/test_runner/test:1447:12)
    async Test.processPendingSubtests (node:internal/test_runner/test:960:7)
  ...
# Subtest: selected parent and child translate once; selected pins and pinned descendants retain protection
not ok 9 - selected parent and child translate once; selected pins and pinned descendants retain protection
  ---
  duration_ms: 0.302767
  type: 'test'
  location: '/home/fzg/PycharmProjects/ArchCanvas/ArchCanvas_Model_Architecture_Studio/docs/evidence/m4-frontier-move-current/independent/literal-tests.frozen-core.test.ts:131:1'
  failureType: 'testCodeFailure'
  error: 'operation.scope: unsupported field'
  code: 'ERR_TEST_FAILURE'
  name: 'ValidationError'
  stack: |-
    fields (file:///home/fzg/PycharmProjects/ArchCanvas/ArchCanvas_Model_Architecture_Studio/docs/evidence/m4-frontier-move-current/before-change/inputs/studio/src/core/validate.ts:11:75)
    applyVisualBatch (file:///home/fzg/PycharmProjects/ArchCanvas/ArchCanvas_Model_Architecture_Studio/docs/evidence/m4-frontier-move-current/before-change/inputs/studio/src/core/document.ts:249:9)
    TestContext.<anonymous> (file:///home/fzg/PycharmProjects/ArchCanvas/ArchCanvas_Model_Architecture_Studio/docs/evidence/m4-frontier-move-current/independent/literal-tests.frozen-core.test.ts:132:31)
    Test.runInAsyncScope (node:async_hooks:227:14)
    Test.run (node:internal/test_runner/test:1382:25)
    Test.processPendingSubtests (node:internal/test_runner/test:960:18)
    Test.postRun (node:internal/test_runner/test:1522:19)
    Test.run (node:internal/test_runner/test:1447:12)
    async Test.processPendingSubtests (node:internal/test_runner/test:960:7)
  ...
# Subtest: current hidden selection is rejected atomically while default established-hidden-layout behavior survives
not ok 10 - current hidden selection is rejected atomically while default established-hidden-layout behavior survives
  ---
  duration_ms: 0.922873
  type: 'test'
  location: '/home/fzg/PycharmProjects/ArchCanvas/ArchCanvas_Model_Architecture_Studio/docs/evidence/m4-frontier-move-current/independent/literal-tests.frozen-core.test.ts:142:1'
  failureType: 'testCodeFailure'
  error: |-
    The input did not match the regular expression /visible|hidden/i. Input:
    
    'ValidationError: operation.scope: unsupported field'
    
  code: 'ERR_ASSERTION'
  name: 'AssertionError'
  expected:
  actual:
    name: 'ValidationError'
  error: 'operation.scope: unsupported field'
  name: 'ValidationError'
  stack: |-
    fields (file:///home/fzg/PycharmProjects/ArchCanvas/ArchCanvas_Model_Architecture_Studio/docs/evidence/m4-frontier-move-current/before-change/inputs/studio/src/core/validate.ts:11:75)
    applyVisualBatch (file:///home/fzg/PycharmProjects/ArchCanvas/ArchCanvas_Model_Architecture_Studio/docs/evidence/m4-frontier-move-current/before-change/inputs/studio/src/core/document.ts:249:9)
    file:///home/fzg/PycharmProjects/ArchCanvas/ArchCanvas_Model_Architecture_Studio/docs/evidence/m4-frontier-move-current/independent/literal-tests.frozen-core.test.ts:144:23
    getActual (node:assert:611:5)
    strict.throws (node:assert:759:24)
    TestContext.<anonymous> (file:///home/fzg/PycharmProjects/ArchCanvas/ArchCanvas_Model_Architecture_Studio/docs/evidence/m4-frontier-move-current/independent/literal-tests.frozen-core.test.ts:144:10)
    Test.runInAsyncScope (node:async_hooks:227:14)
    Test.run (node:internal/test_runner/test:1382:25)
    Test.processPendingSubtests (node:internal/test_runner/test:960:18)
    Test.postRun (node:internal/test_runner/test:1522:19)
  operator: 'throws'
  stack: |-
    TestContext.<anonymous> (file:///home/fzg/PycharmProjects/ArchCanvas/ArchCanvas_Model_Architecture_Studio/docs/evidence/m4-frontier-move-current/independent/literal-tests.frozen-core.test.ts:144:10)
    Test.runInAsyncScope (node:async_hooks:227:14)
    Test.run (node:internal/test_runner/test:1382:25)
    Test.processPendingSubtests (node:internal/test_runner/test:960:18)
    Test.postRun (node:internal/test_runner/test:1522:19)
    Test.run (node:internal/test_runner/test:1447:12)
    async Test.processPendingSubtests (node:internal/test_runner/test:960:7)
  ...
# Subtest: intentional negative manual positions are neither clamped nor migrated to other frontiers
not ok 11 - intentional negative manual positions are neither clamped nor migrated to other frontiers
  ---
  duration_ms: 0.256387
  type: 'test'
  location: '/home/fzg/PycharmProjects/ArchCanvas/ArchCanvas_Model_Architecture_Studio/docs/evidence/m4-frontier-move-current/independent/literal-tests.frozen-core.test.ts:149:1'
  failureType: 'testCodeFailure'
  error: 'operation.scope: unsupported field'
  code: 'ERR_TEST_FAILURE'
  name: 'ValidationError'
  stack: |-
    fields (file:///home/fzg/PycharmProjects/ArchCanvas/ArchCanvas_Model_Architecture_Studio/docs/evidence/m4-frontier-move-current/before-change/inputs/studio/src/core/validate.ts:11:75)
    applyVisualBatch (file:///home/fzg/PycharmProjects/ArchCanvas/ArchCanvas_Model_Architecture_Studio/docs/evidence/m4-frontier-move-current/before-change/inputs/studio/src/core/document.ts:249:9)
    TestContext.<anonymous> (file:///home/fzg/PycharmProjects/ArchCanvas/ArchCanvas_Model_Architecture_Studio/docs/evidence/m4-frontier-move-current/independent/literal-tests.frozen-core.test.ts:150:31)
    Test.runInAsyncScope (node:async_hooks:227:14)
    Test.run (node:internal/test_runner/test:1382:25)
    Test.processPendingSubtests (node:internal/test_runner/test:960:18)
    Test.postRun (node:internal/test_runner/test:1522:19)
    Test.run (node:internal/test_runner/test:1447:12)
    async Test.processPendingSubtests (node:internal/test_runner/test:960:7)
  ...
# Subtest: one scoped history entry supports exact cache undo/redo and rejects stale revisions
not ok 12 - one scoped history entry supports exact cache undo/redo and rejects stale revisions
  ---
  duration_ms: 0.408284
  type: 'test'
  location: '/home/fzg/PycharmProjects/ArchCanvas/ArchCanvas_Model_Architecture_Studio/docs/evidence/m4-frontier-move-current/independent/literal-tests.frozen-core.test.ts:154:1'
  failureType: 'testCodeFailure'
  error: 'operation.scope: unsupported field'
  code: 'ERR_TEST_FAILURE'
  name: 'ValidationError'
  stack: |-
    fields (file:///home/fzg/PycharmProjects/ArchCanvas/ArchCanvas_Model_Architecture_Studio/docs/evidence/m4-frontier-move-current/before-change/inputs/studio/src/core/validate.ts:11:75)
    applyVisualBatch (file:///home/fzg/PycharmProjects/ArchCanvas/ArchCanvas_Model_Architecture_Studio/docs/evidence/m4-frontier-move-current/before-change/inputs/studio/src/core/document.ts:249:9)
    reduceHistory (file:///home/fzg/PycharmProjects/ArchCanvas/ArchCanvas_Model_Architecture_Studio/docs/evidence/m4-frontier-move-current/before-change/inputs/studio/src/core/document.ts:284:18)
    TestContext.<anonymous> (file:///home/fzg/PycharmProjects/ArchCanvas/ArchCanvas_Model_Architecture_Studio/docs/evidence/m4-frontier-move-current/independent/literal-tests.frozen-core.test.ts:156:19)
    Test.runInAsyncScope (node:async_hooks:227:14)
    Test.run (node:internal/test_runner/test:1382:25)
    Test.processPendingSubtests (node:internal/test_runner/test:960:18)
    Test.postRun (node:internal/test_runner/test:1522:19)
    Test.run (node:internal/test_runner/test:1447:12)
    async Test.processPendingSubtests (node:internal/test_runner/test:960:7)
  ...
# Subtest: JSON reload preserves distinct current-edited and compact positions with full model/source facts
not ok 13 - JSON reload preserves distinct current-edited and compact positions with full model/source facts
  ---
  duration_ms: 0.213225
  type: 'test'
  location: '/home/fzg/PycharmProjects/ArchCanvas/ArchCanvas_Model_Architecture_Studio/docs/evidence/m4-frontier-move-current/independent/literal-tests.frozen-core.test.ts:164:1'
  failureType: 'testCodeFailure'
  error: 'operation.scope: unsupported field'
  code: 'ERR_TEST_FAILURE'
  name: 'ValidationError'
  stack: |-
    fields (file:///home/fzg/PycharmProjects/ArchCanvas/ArchCanvas_Model_Architecture_Studio/docs/evidence/m4-frontier-move-current/before-change/inputs/studio/src/core/validate.ts:11:75)
    applyVisualBatch (file:///home/fzg/PycharmProjects/ArchCanvas/ArchCanvas_Model_Architecture_Studio/docs/evidence/m4-frontier-move-current/before-change/inputs/studio/src/core/document.ts:249:9)
    TestContext.<anonymous> (file:///home/fzg/PycharmProjects/ArchCanvas/ArchCanvas_Model_Architecture_Studio/docs/evidence/m4-frontier-move-current/independent/literal-tests.frozen-core.test.ts:165:16)
    Test.runInAsyncScope (node:async_hooks:227:14)
    Test.run (node:internal/test_runner/test:1382:25)
    Test.processPendingSubtests (node:internal/test_runner/test:960:18)
    Test.postRun (node:internal/test_runner/test:1522:19)
    Test.run (node:internal/test_runner/test:1447:12)
    async Test.processPendingSubtests (node:internal/test_runner/test:960:7)
  ...
# Subtest: preview scope is frozen and complete scene/SVG equals corresponding real commit without document mutation
not ok 14 - preview scope is frozen and complete scene/SVG equals corresponding real commit without document mutation
  ---
  duration_ms: 1.758634
  type: 'test'
  location: '/home/fzg/PycharmProjects/ArchCanvas/ArchCanvas_Model_Architecture_Studio/docs/evidence/m4-frontier-move-current/independent/literal-tests.frozen-core.test.ts:171:1'
  failureType: 'testCodeFailure'
  error: |-
    Expected values to be strictly equal:
    + actual - expected
    
    + undefined
    - 'all-frontiers'
    
  code: 'ERR_ASSERTION'
  name: 'AssertionError'
  expected: 'all-frontiers'
  operator: 'strictEqual'
  stack: |-
    TestContext.<anonymous> (file:///home/fzg/PycharmProjects/ArchCanvas/ArchCanvas_Model_Architecture_Studio/docs/evidence/m4-frontier-move-current/independent/literal-tests.frozen-core.test.ts:174:12)
    Test.runInAsyncScope (node:async_hooks:227:14)
    Test.run (node:internal/test_runner/test:1382:25)
    Test.processPendingSubtests (node:internal/test_runner/test:960:18)
    Test.postRun (node:internal/test_runner/test:1522:19)
    Test.run (node:internal/test_runner/test:1447:12)
    async Test.processPendingSubtests (node:internal/test_runner/test:960:7)
  ...
# Subtest: unknown scopes are rejected by move and preview before any document mutation
not ok 15 - unknown scopes are rejected by move and preview before any document mutation
  ---
  duration_ms: 1.53161
  type: 'test'
  location: '/home/fzg/PycharmProjects/ArchCanvas/ArchCanvas_Model_Architecture_Studio/docs/evidence/m4-frontier-move-current/independent/literal-tests.frozen-core.test.ts:184:1'
  failureType: 'testCodeFailure'
  error: 'Missing expected exception.'
  code: 'ERR_ASSERTION'
  name: 'AssertionError'
  expected:
  operator: 'throws'
  stack: |-
    TestContext.<anonymous> (file:///home/fzg/PycharmProjects/ArchCanvas/ArchCanvas_Model_Architecture_Studio/docs/evidence/m4-frontier-move-current/independent/literal-tests.frozen-core.test.ts:187:10)
    Test.runInAsyncScope (node:async_hooks:227:14)
    Test.run (node:internal/test_runner/test:1382:25)
    Test.processPendingSubtests (node:internal/test_runner/test:960:18)
    Test.postRun (node:internal/test_runner/test:1522:19)
    Test.run (node:internal/test_runner/test:1447:12)
    async Test.processPendingSubtests (node:internal/test_runner/test:960:7)
  ...
# Subtest: editing already malformed revision5 with current scope does not silently migrate its other cache
not ok 16 - editing already malformed revision5 with current scope does not silently migrate its other cache
  ---
  duration_ms: 0.267679
  type: 'test'
  location: '/home/fzg/PycharmProjects/ArchCanvas/ArchCanvas_Model_Architecture_Studio/docs/evidence/m4-frontier-move-current/independent/literal-tests.frozen-core.test.ts:190:1'
  failureType: 'testCodeFailure'
  error: 'operation.scope: unsupported field'
  code: 'ERR_TEST_FAILURE'
  name: 'ValidationError'
  stack: |-
    fields (file:///home/fzg/PycharmProjects/ArchCanvas/ArchCanvas_Model_Architecture_Studio/docs/evidence/m4-frontier-move-current/before-change/inputs/studio/src/core/validate.ts:11:75)
    applyVisualBatch (file:///home/fzg/PycharmProjects/ArchCanvas/ArchCanvas_Model_Architecture_Studio/docs/evidence/m4-frontier-move-current/before-change/inputs/studio/src/core/document.ts:249:9)
    TestContext.<anonymous> (file:///home/fzg/PycharmProjects/ArchCanvas/ArchCanvas_Model_Architecture_Studio/docs/evidence/m4-frontier-move-current/independent/literal-tests.frozen-core.test.ts:193:16)
    Test.runInAsyncScope (node:async_hooks:227:14)
    Test.run (node:internal/test_runner/test:1382:25)
    Test.processPendingSubtests (node:internal/test_runner/test:960:18)
    Test.postRun (node:internal/test_runner/test:1522:19)
    Test.run (node:internal/test_runner/test:1447:12)
    async Test.processPendingSubtests (node:internal/test_runner/test:960:7)
  ...
# Subtest: scoped recovery preserves the other frontier and proposed scene equals committed active scene
not ok 17 - scoped recovery preserves the other frontier and proposed scene equals committed active scene
  ---
  duration_ms: 0.238839
  type: 'test'
  location: '/home/fzg/PycharmProjects/ArchCanvas/ArchCanvas_Model_Architecture_Studio/docs/evidence/m4-frontier-move-current/independent/literal-tests.frozen-core.test.ts:197:1'
  failureType: 'testCodeFailure'
  error: 'operation.scope: unsupported field'
  code: 'ERR_TEST_FAILURE'
  name: 'ValidationError'
  stack: |-
    fields (file:///home/fzg/PycharmProjects/ArchCanvas/ArchCanvas_Model_Architecture_Studio/docs/evidence/m4-frontier-move-current/before-change/inputs/studio/src/core/validate.ts:11:75)
    applyVisualBatch (file:///home/fzg/PycharmProjects/ArchCanvas/ArchCanvas_Model_Architecture_Studio/docs/evidence/m4-frontier-move-current/before-change/inputs/studio/src/core/document.ts:249:9)
    TestContext.<anonymous> (file:///home/fzg/PycharmProjects/ArchCanvas/ArchCanvas_Model_Architecture_Studio/docs/evidence/m4-frontier-move-current/independent/literal-tests.frozen-core.test.ts:198:32)
    Test.runInAsyncScope (node:async_hooks:227:14)
    Test.run (node:internal/test_runner/test:1382:25)
    Test.processPendingSubtests (node:internal/test_runner/test:960:18)
    Test.postRun (node:internal/test_runner/test:1522:19)
    Test.run (node:internal/test_runner/test:1447:12)
    async Test.processPendingSubtests (node:internal/test_runner/test:960:7)
  ...
# Subtest: recovery validates unknown scope even on unneeded or unavailable early return paths
not ok 18 - recovery validates unknown scope even on unneeded or unavailable early return paths
  ---
  duration_ms: 1.33368
  type: 'test'
  location: '/home/fzg/PycharmProjects/ArchCanvas/ArchCanvas_Model_Architecture_Studio/docs/evidence/m4-frontier-move-current/independent/literal-tests.frozen-core.test.ts:209:1'
  failureType: 'testCodeFailure'
  error: 'Missing expected exception.'
  code: 'ERR_ASSERTION'
  name: 'AssertionError'
  expected:
  operator: 'throws'
  stack: |-
    TestContext.<anonymous> (file:///home/fzg/PycharmProjects/ArchCanvas/ArchCanvas_Model_Architecture_Studio/docs/evidence/m4-frontier-move-current/independent/literal-tests.frozen-core.test.ts:211:10)
    Test.runInAsyncScope (node:async_hooks:227:14)
    Test.run (node:internal/test_runner/test:1382:25)
    Test.processPendingSubtests (node:internal/test_runner/test:960:18)
    Test.postRun (node:internal/test_runner/test:1522:19)
    Test.run (node:internal/test_runner/test:1447:12)
    async Test.processPendingSubtests (node:internal/test_runner/test:960:7)
  ...
1..18
# tests 18
# suites 0
# pass 1
# fail 17
# cancelled 0
# skipped 0
# todo 0
# duration_ms 106.56387
