{
  "documentId": "canvas-architecture-model.DenseStress300-24baae6df5c3-d01ce879",
  "states": [
    {
      "name": "candidate",
      "revision": 5,
      "sceneObjects": 304,
      "leafObjects": 300,
      "renderedEdges": 302,
      "bounds": {
        "x": 0,
        "y": 0,
        "width": 4588,
        "height": 1952
      },
      "pinnedIds": [],
      "outputWorld": {
        "x": 80,
        "y": 1756
      },
      "outputLocal": {
        "x": 30,
        "y": 1664
      }
    },
    {
      "name": "pinned",
      "revision": 6,
      "sceneObjects": 304,
      "leafObjects": 300,
      "renderedEdges": 302,
      "bounds": {
        "x": 0,
        "y": 0,
        "width": 4588,
        "height": 1952
      },
      "pinnedIds": [
        "input:model.DenseStress300:features"
      ],
      "outputWorld": {
        "x": 80,
        "y": 1756
      },
      "outputLocal": {
        "x": 30,
        "y": 1664
      }
    },
    {
      "name": "collapsed",
      "revision": 7,
      "sceneObjects": 4,
      "leafObjects": 0,
      "renderedEdges": 2,
      "bounds": {
        "x": 0,
        "y": 0,
        "width": 595,
        "height": 550
      },
      "pinnedIds": [
        "input:model.DenseStress300:features"
      ],
      "outputWorld": {
        "x": 80,
        "y": 354
      },
      "outputLocal": {
        "x": 30,
        "y": 262
      }
    },
    {
      "name": "reexpanded",
      "revision": 8,
      "sceneObjects": 304,
      "leafObjects": 300,
      "renderedEdges": 302,
      "bounds": {
        "x": 0,
        "y": 0,
        "width": 4588,
        "height": 1952
      },
      "pinnedIds": [
        "input:model.DenseStress300:features"
      ],
      "outputWorld": {
        "x": 80,
        "y": 1756
      },
      "outputLocal": {
        "x": 30,
        "y": 1664
      }
    }
  ],
  "inputBindings": 20
}
