
> archcanvas-studio@0.1.0 test
> node --experimental-strip-types --test --test-isolation=none tests/*.test.ts

✔ suggestion is below every current body, including expanded frames, legends and other notes (2.359352ms)
✔ excluding the selected annotation ignores its old bounds and gives a stable repeated position (0.210268ms)
✔ body conflicts include frontier leaves, legend labels and other notes, with exact touching permitted (0.315123ms)
✔ body conflict result does not assert orthogonal edge clearance (0.140427ms)
✔ formal complex expansion keeps the existing absolute note and recommends a clear new note below the new frontier (167.52236ms)
✔ explicit move below diagram is one annotation history operation and preserves save/export fields (108.905415ms)
✔ independent from-zero chain arrangement can fit its previously offscreen output with all module boxes visible (0.624499ms)
✔ independent fit handles negative manual placements, merge branches, aspect ratios and the full128module contract (9.452595ms)
✔ empty and unmeasured viewports return finite camera state and keep the blank draft intact (0.182825ms)
✔ manual off-body route waypoints fit along with node rectangles without changing either model or route (0.334356ms)
✔ raw numerical field input rejects empty tokens, invalid dimensions, nonfinite values and out-of-contract lengths (0.302368ms)
✔ duplicate display labels never redirect a typed shape diagnostic to another module or infer a target from text (0.284041ms)
✔ unknown node identities and unregistered parameter/port names cannot produce an active field highlight (0.322857ms)
✔ unstructuredHTTP conflicts and malformed diagnostics keep useful message without fabricated node or field targets (0.17581ms)
✔ public JSON transport preserves structured diagnostics and HTTP status without changing legacy successful payloads (12.13714ms)
✔ deferred old-draft response cannot resolve a missing identity in a replacement draft with the same labels (0.511859ms)
✔ independent four-direction authored moves preserve exact graph and one-command undo/redo (3.097083ms)
✔ merge ports stay distinct, fan-out is retained, malformed direction/foreign port and duplicate producers fail atomically (1.745036ms)
✔ a new binding that closes a directed cycle leaves history and every prior edge unchanged (0.248238ms)
✔ deleting a branch removes only its incident bindings and undo restores both merge ports (0.358311ms)
✔ explicit DAG arrange handles merge longest-path dependencies without overlaps or semantic changes (0.523915ms)
✔ manual covering overlaps keep anchors and report every retained routing obstruction (0.371901ms)
✔ no-op changes and unavailable history travel preserve identity; a new edit after undo clears redo (0.275049ms)
✔ public draft transport binds save CAS revision and reopens an independent exact draft while a conflict retains local edits (1.31756ms)
✔ click additions find free space past the original five-node overlap counterexample without moving prior modules (0.728924ms)
✔ cache boundary rejects crash-causing node shapes, impossible revisions and unsafe coordinates while returning detached valid edits (0.881206ms)
✔ public authoring pan primitive uses final endpoint in all four directions, ignores foreign pointer and preserves model history (0.370686ms)
✔ a transparent network is one history step and redo restores its stable nodes, edges and edits (1.450256ms)
✔ repeat insertion avoids occupied cards, preserves prior identities and bindings, and never connects old networks (1.077591ms)
✔ IDs collide or fail safely before any draft mutation; retry uses fresh identities for every node and edge (0.579775ms)
✔ catalog compatibility, node/edge budgets and extreme coordinates refuse atomically (1.477048ms)
✔ actual inserted graphs pass the formal nonexecuting backend source pipeline; a disconnected old node still fails generation (63.461127ms)
✔ pointerup endpoint is available without an intervening move or RAF (0.170227ms)
✔ terminal endpoint includes movement beyond the last sampled preview (0.071204ms)
✔ pan displacement is measured in CSS pixels and never divided by zoom (0.097853ms)
✔ returning to start restores exact initial camera without cumulative drift (0.148241ms)
✔ viewport-origin shift alone does not masquerade as a pointer delta (0.064239ms)
✔ a second pointer cannot update or finish the original pan (0.042526ms)
✔ initial camera snapshot and caller input remain untouched (0.060213ms)
✔ invalid start coordinates, zoom and pointer identity are rejected (0.196579ms)
✔ world camera keeps the sealed Transformer scene continuous across negative bounds (13.615416ms)
✔ fit, focus, pointer-centered zoom and pan use world coordinates (0.233851ms)
✔ collapsed frontier retains canonical tensors, named port direction and hidden edges (0.636881ms)
✔ expansion preserves anchor, unrelated pins, repeat sharing and re-expanded local edits (2.890179ms)
✔ batch rejects semantic field injection and stale revision without mutating input (0.882786ms)
✔ history restores a whole batch with monotonic revision and invalidates redo after new edit (0.90215ms)
✔ publication serializes the edited scene, escapes every user string and excludes editor controls (1.276944ms)
✔ document loader rejects port mismatch, parent cycle and non-finite imported geometry (0.777836ms)
✔ selected parent plus child moves once, pinned descendants protect their subtree (2.337045ms)
✔ repeated toggles restore neighbor geometry without drifting or losing a collapsed user move (4.984682ms)
✔ long Chinese aliases and annotations retain text while their geometry grows (1.416053ms)
✔ source refresh preserves unique identity presentation and resets source undo boundary (3.3908ms)
✔ a rebound edge cannot inherit a style from its previous tensor binding (2.388537ms)
✔ projected parallel edges retain differing canonical styles instead of discarding them (0.791249ms)
✔ sealed Transformer mask edge inspector reflects the actual displayed style (20.912307ms)
✔ parallel growth fitting below an existing taller branch does not shift output again (13.807949ms)
✔ horizontal free space absorbs width growth; adjacent sibling spacing and authored gap are preserved (11.56336ms)
✔ manual distant output absorbs growth; downstream relative offsets and explicit user movement survive frontier restore (13.14628ms)
✔ pinned output and pinned descendant protect anchors while the existing warning reports unresolved overlap (13.127891ms)
✔ exact collapse/reexpand frontier snapshots and undo/redo remain stable after repeated parallel expansion (25.698711ms)
✔ real Transformer depth-two UI frontier uses existing space without cumulative independent branch height (182.853853ms)
✔ real Transformer depth-three and cached frontiers retain manual feedforward positions and no sibling intersections (218.627577ms)
✔ real Residual CNN grows both repeats and keeps downstream pool/flatten/classifier clear (55.503187ms)
✔ renderer changes invalidate an old export even when canvas revision and source digests match (0.26291ms)
✔ a restored artifact must describe the default document, width, revision, source and PNG resolution (0.179307ms)
✔ detail export partitions every canonical edge and visibly retains every crossing binding (8.131281ms)
✔ detail keeps edited geometry, aliases, styles, legend and contained annotations, and declares omissions (9.362212ms)
✔ distinct external node/port tuples cannot collide when their identities contain delimiters (4.569577ms)
✔ detail metadata and projected objects are detached from the input CanvasDocument (7.06519ms)
✔ detail rejects leaf, collapsed or hidden containers and invalid options; whole keeps the ordinary scene (6.861614ms)
✔ detail bounds retain manually offset descendants instead of clipping negative coordinates (6.579944ms)
✔ long boundary text and provenance fit their boxes and 85/180 mm preflight measures actual scale (9.977739ms)
✔ real source-derived MLP network detail accounts for adapters and exposes model input/output (33.705898ms)
✔ physical advice accounts for tall pages and rounds the required width upward (2.058454ms)
✔ detail choices distinguish equal labels by identity/path and preserve the current frontier and edits (20.853901ms)
✔ hierarchy order and depth follow authored roots and child lists, independent of flat node order (20.452641ms)
✔ empty aliases, escaped labels, repeat badges, pins and leaf/toggle ARIA stay exact (16.446003ms)
✔ collapsed ancestors hide latent descendants without erasing their expansion or selection (22.525764ms)
✔ a replacement architecture with the same IDs displays new labels, categories and topology (25.231937ms)
✔ an empty architecture renders no rows and non-hierarchy visual changes leave row HTML exact (11.299299ms)
✔ the actual formal source-backed 304-node model keeps precise old/new hierarchy HTML before and after expansion (661.73325ms)
✔ actual upward header conflict produces understandable guidance using display aliases (1.725029ms)
✔ actual overlapping leaves expose both overlap and blocked connection guidance (0.82107ms)
✔ source-analysis warnings stay in their own panel and missing object references do not leak identifiers (0.464242ms)
✔ preview equals complete guarded scene/SVG for container resizing, negative/manual geometry and repeated frames (37.596412ms)
✔ selected parent and child move exactly once; pinned descendants protect ancestor subtree (6.128206ms)
✔ sparse visible layout materializes once and hidden layout uses the established source contract (4.620949ms)
✔ preview leaves history/frontiers/source untouched, commit updates snapshots and supports one undo/redo (4.126191ms)
✔ prepared snapshot isolates later caller mutation and returned scene cannot corrupt frozen semantic references (1.944036ms)
✔ preview rejects forged sessions, invalid selection/coordinates and corrupted document before showing geometry (1.439394ms)
✔ independent oracle detects polluted body/header and route geometry (1.6428ms)
✔ four directions preserve exact manual coordinates, shared endpoints and expose left/header/sibling conflicts (12.087276ms)
✔ explicit recovery preview is obstacle-safe and commit is one reversible visual operation (19.238515ms)
✔ recovery respects selected pin, descendant pin and a clear right move without changing documents (5.071759ms)
✔ touching the true parent border is contained while even a one-unit left escape is diagnosed (4.038831ms)
✔ selected expanded subtree moves as one root and recovery preserves child locals and outside pins (5.32523ms)
✔ an invariant internal conflict is unavailable even with many nearby candidate obstacles (11.041182ms)
✔ ready recovery preserves an existing unrelated collision rather than presenting it as globally resolved (3.827957ms)
✔ unknown or hidden objects do not produce phantom recovery scenes (2.268161ms)
✖ same-pair ancestor collision growth rejects an otherwise clear nearby candidate (2.835462ms)
✔ native timing remains independent of geometry and handler proxy; pin spaces differ (0.402243ms)
✔ untrusted, unmatched, ambiguous and reused native entries cannot yield passing zero latency (0.337361ms)
✔ stale source or concurrent revisions invalidate spatial and summary evidence; missing pins stay unmeasured (0.172563ms)
✔ independent native receipt checker rejects forged zero latency, anchor drift and stale source (0.99292ms)
✔ clear preferred orthogonal paths remain byte-identical and endpoint data stays immutable (0.231738ms)
✔ independent broken-path counterexample detects unrelated intrusion and repaired route keeps endpoints (0.48081ms)
✔ ancestor frame passage is valid; unrelated frame interiors remain obstacles (0.104334ms)
✔ preferred route re-entry into an endpoint body is repaired, not mistaken for a clear unrelated-body path (0.183484ms)
✔ overlap covering an endpoint is reported explicitly rather than invented as a clear route (0.0931ms)
✔ blocked ancestor headers retain arbitrary canonical IDs without synthetic suffix decoding (0.118836ms)
✔ all nine historical source-bound golden frontiers rerender without unrelated-body intrusions (23.957191ms)
✔ detail boundary stubs reuse obstacle routing across all visible expanded golden containers (139.66549ms)
✔ four-direction moves preserve semantic identity, history, exact preview/guarded Scene and routed SVG (8.270767ms)
✔ intentional overlapping manual objects keep anchors and publish explicit overlap/routing diagnostics (0.966363ms)
✔ manual upward move into expanded ancestor header keeps the coordinate and reports the conflict (0.767675ms)
✔ formal LSTM nested output slots retain handwritten key/index evidence in documents (38.366956ms)
✔ import validation rejects malformed output paths and slots on non-output nodes (35.559893ms)
✔ a renamed return slot cannot borrow presentation from the prior ordinal output (40.528763ms)
✔ receipt verifier recomputes percentiles and rejects unchanged or root frontiers (1.155955ms)
✔ performance probe never reports paint before its second animation-frame boundary (0.43496ms)
✔ frame sampler reports a bounded fps sample and reset removes prior samples (113.039992ms)
✔ independent oracle rejects 15 corruptions including coherent graph displacement and tensor concealment (7.245922ms)
✔ independent strict-interior oracle excludes point contact and same tensor trunks, merges collinear intervals (0.922183ms)
✔ independent source-bound frontier/detail/four-direction history invariants: mlp-level0-paper-180 (14.243728ms)
✔ independent source-bound frontier/detail/four-direction history invariants: mlp-level1-paper-180 (24.151538ms)
✔ independent source-bound frontier/detail/four-direction history invariants: residual_cnn-level0-paper-180 (29.794437ms)
✔ independent source-bound frontier/detail/four-direction history invariants: residual_cnn-level1-paper-180 (38.208367ms)
✔ independent source-bound frontier/detail/four-direction history invariants: residual_cnn-level2-paper-180 (87.772917ms)
✔ independent source-bound frontier/detail/four-direction history invariants: transformer-level0-paper-180 (99.909361ms)
✔ independent source-bound frontier/detail/four-direction history invariants: transformer-level1-paper-180 (170.512287ms)
✔ independent source-bound frontier/detail/four-direction history invariants: transformer-level2-paper-180 (336.778552ms)
✔ independent source-bound frontier/detail/four-direction history invariants: transformer-level3-paper-180 (494.788179ms)
✔ real public source-bound Transformer metrics improve while preserving unresolved complex crossings (18.58608ms)
✔ public differing-tensor geometry reduces overlap length while shared tensor trunk remains byte-identical (3.010662ms)
✔ indexed projected ports retain non-adjacent canonical coverage and role order (1.435084ms)
✔ parallel style groups and cycle fallback survive expand/undo/redo without mutating source (6.984903ms)
✔ real Temporal shared projection keeps two distinct calls and four authored paths after edits and reopen (41.463217ms)
✔ Skip repeat is independent; expanding and detail export retain identities and external boundaries (45.210798ms)
✔ GNN names and arbitrary visual aliases do not turn unknown regions into known attention (36.422541ms)
✔ same label and duplicated call identity cannot invent distinct shared calls; facts detach from Canvas (37.856051ms)
✔ long authored output keys stay exact in metadata while subtitles fit the existing node width (39.833808ms)
✔ source-backed 300-layer Sequential expansion exposes 300 canonical layer objects (622.251272ms)
✔ the actual CNN sentence breaks before path instead of splitting a fitting word (0.144277ms)
✔ CJK characters and whole English tokens can share lines without inserted text (0.075214ms)
✔ explicit line breaks and blank lines remain while soft line boundaries discard whitespace (0.117913ms)
✔ oversized source identifiers have finite code-point fallback without dropping characters (2.807355ms)
✔ Unicode code points stay intact and an individually oversized point still makes progress (0.264204ms)
✔ Scene annotation height and both SVG modes use the independently expected CNN lines (0.77887ms)
✔ a valid annotation narrower than its text inset still builds and renders (0.382147ms)
✔ real residual CNN nested expansion keeps downstream pool clear and restores base frontier (54.421775ms)
✔ real MLP pinned output conflict is explicit while both expansion anchors stay fixed (33.462035ms)
ℹ tests 151
ℹ suites 0
ℹ pass 150
ℹ fail 1
ℹ cancelled 0
ℹ skipped 0
ℹ todo 0
ℹ duration_ms 5020.131557

✖ failing tests:

test at tests/move-recovery-independent.test.ts:286:1
✖ same-pair ancestor collision growth rejects an otherwise clear nearby candidate (2.835462ms)
  AssertionError [ERR_ASSERTION]: Expected values to be strictly deep-equal:
  + actual - expected
  
    [
      80,
      254,
  +   511.68,
      254,
  -   254
    ]
  
      at TestContext.<anonymous> (file:///home/fzg/PycharmProjects/ArchCanvas/ArchCanvas_Model_Architecture_Studio/studio/tests/move-recovery-independent.test.ts:300:10)
      at Test.runInAsyncScope (node:async_hooks:227:14)
      at Test.run (node:internal/test_runner/test:1382:25)
      at Test.processPendingSubtests (node:internal/test_runner/test:960:18)
      at Test.postRun (node:internal/test_runner/test:1522:19)
      at Test.run (node:internal/test_runner/test:1447:12)
      at async Test.processPendingSubtests (node:internal/test_runner/test:960:7) {
    generatedMessage: true,
    code: 'ERR_ASSERTION',
    actual: [Array],
    expected: [Array],
    operator: 'deepStrictEqual',
    diff: 'simple'
  }
