TAP version 13
# Subtest: v1: smaller unchanged frame object set invents no visual change
ok 1 - v1: smaller unchanged frame object set invents no visual change
  ---
  duration_ms: 3.742782
  type: 'test'
  ...
# Subtest: v1: delayed actual frame is chosen instead of first partial frame
ok 2 - v1: delayed actual frame is chosen instead of first partial frame
  ---
  duration_ms: 0.529327
  type: 'test'
  ...
# Subtest: v1: object/property insertion order has no timing meaning
ok 3 - v1: object/property insertion order has no timing meaning
  ---
  duration_ms: 0.372196
  type: 'test'
  ...
# Subtest: v1: every declared role requires an own object property
ok 4 - v1: every declared role requires an own object property
  ---
  duration_ms: 0.981397
  type: 'test'
  ...
# Subtest: v1: null frame target or pin gap makes continuous evidence unmeasured
ok 5 - v1: null frame target or pin gap makes continuous evidence unmeasured
  ---
  duration_ms: 0.538713
  type: 'test'
  ...
# Subtest: v1: unavailable requested drag target at either boundary is rejected
ok 6 - v1: unavailable requested drag target at either boundary is rejected
  ---
  duration_ms: 0.700691
  type: 'test'
  ...
# Subtest: v1: null boundary pin is not measured as zero displacement
ok 7 - v1: null boundary pin is not measured as zero displacement
  ---
  duration_ms: 0.276344
  type: 'test'
  ...
# Subtest: v1: wrong frame document or canonical binding is rejected
ok 8 - v1: wrong frame document or canonical binding is rejected
  ---
  duration_ms: 0.501817
  type: 'test'
  ...
# Subtest: v1: available source/IR drift is rejected without inventing frame digests
ok 9 - v1: available source/IR drift is rejected without inventing frame digests
  ---
  duration_ms: 1.46858
  type: 'test'
  ...
# Subtest: v1: input/frame truncation or observer error suppresses first-change proxies
ok 10 - v1: input/frame truncation or observer error suppresses first-change proxies
  ---
  duration_ms: 0.553959
  type: 'test'
  ...
# Subtest: v1: wheel camera change preserves world geometry and stays a DOM proxy
ok 11 - v1: wheel camera change preserves world geometry and stays a DOM proxy
  ---
  duration_ms: 0.317073
  type: 'test'
  ...
# Subtest: v1: revision-only match cannot be labelled body movement
ok 12 - v1: revision-only match cannot be labelled body movement
  ---
  duration_ms: 0.192768
  type: 'test'
  ...
# Subtest: v1: unrelated full-boundary change is retained without subset proxy invention
ok 13 - v1: unrelated full-boundary change is retained without subset proxy invention
  ---
  duration_ms: 0.220934
  type: 'test'
  ...
# Subtest: v1: successful target drag does not certify unrelated-body invariance
ok 14 - v1: successful target drag does not certify unrelated-body invariance
  ---
  duration_ms: 0.223251
  type: 'test'
  ...
# Subtest: v1: no-input wrong-tool attempt cannot borrow outside movement
ok 15 - v1: no-input wrong-tool attempt cannot borrow outside movement
  ---
  duration_ms: 0.295562
  type: 'test'
  ...
# Subtest: v1: shared frame, missing response and outside inputs keep separate denominators
ok 16 - v1: shared frame, missing response and outside inputs keep separate denominators
  ---
  duration_ms: 0.252549
  type: 'test'
  ...
# Subtest: v1: empty declared set reports only camera/revision coverage
ok 17 - v1: empty declared set reports only camera/revision coverage
  ---
  duration_ms: 0.193265
  type: 'test'
  ...
# Subtest: v1: untrusted continuous inputs cannot enter the measured subset
ok 18 - v1: untrusted continuous inputs cannot enter the measured subset
  ---
  duration_ms: 0.182888
  type: 'test'
  ...
# Subtest: v1: missing terminal input cannot become successful because a proxy exists
ok 19 - v1: missing terminal input cannot become successful because a proxy exists
  ---
  duration_ms: 0.232605
  type: 'test'
  ...
# Subtest: v2: smaller unchanged frame object set invents no visual change
ok 20 - v2: smaller unchanged frame object set invents no visual change
  ---
  duration_ms: 0.2959
  type: 'test'
  ...
# Subtest: v2: delayed actual frame is chosen instead of first partial frame
ok 21 - v2: delayed actual frame is chosen instead of first partial frame
  ---
  duration_ms: 0.207488
  type: 'test'
  ...
# Subtest: v2: object/property insertion order has no timing meaning
ok 22 - v2: object/property insertion order has no timing meaning
  ---
  duration_ms: 0.457139
  type: 'test'
  ...
# Subtest: v2: every declared role requires an own object property
ok 23 - v2: every declared role requires an own object property
  ---
  duration_ms: 0.540373
  type: 'test'
  ...
# Subtest: v2: null frame target or pin gap makes continuous evidence unmeasured
ok 24 - v2: null frame target or pin gap makes continuous evidence unmeasured
  ---
  duration_ms: 0.187183
  type: 'test'
  ...
# Subtest: v2: unavailable requested drag target at either boundary is rejected
ok 25 - v2: unavailable requested drag target at either boundary is rejected
  ---
  duration_ms: 0.481344
  type: 'test'
  ...
# Subtest: v2: null boundary pin is not measured as zero displacement
ok 26 - v2: null boundary pin is not measured as zero displacement
  ---
  duration_ms: 0.115458
  type: 'test'
  ...
# Subtest: v2: wrong frame document or canonical binding is rejected
ok 27 - v2: wrong frame document or canonical binding is rejected
  ---
  duration_ms: 0.31991
  type: 'test'
  ...
# Subtest: v2: available source/IR drift is rejected without inventing frame digests
ok 28 - v2: available source/IR drift is rejected without inventing frame digests
  ---
  duration_ms: 0.787329
  type: 'test'
  ...
# Subtest: v2: input/frame truncation or observer error suppresses first-change proxies
ok 29 - v2: input/frame truncation or observer error suppresses first-change proxies
  ---
  duration_ms: 0.271996
  type: 'test'
  ...
# Subtest: v2: wheel camera change preserves world geometry and stays a DOM proxy
ok 30 - v2: wheel camera change preserves world geometry and stays a DOM proxy
  ---
  duration_ms: 0.160199
  type: 'test'
  ...
# Subtest: v2: revision-only match cannot be labelled body movement
ok 31 - v2: revision-only match cannot be labelled body movement
  ---
  duration_ms: 0.321391
  type: 'test'
  ...
# Subtest: v2: unrelated full-boundary change is retained without subset proxy invention
ok 32 - v2: unrelated full-boundary change is retained without subset proxy invention
  ---
  duration_ms: 0.12852
  type: 'test'
  ...
# Subtest: v2: successful target drag does not certify unrelated-body invariance
ok 33 - v2: successful target drag does not certify unrelated-body invariance
  ---
  duration_ms: 0.123579
  type: 'test'
  ...
# Subtest: v2: no-input wrong-tool attempt cannot borrow outside movement
ok 34 - v2: no-input wrong-tool attempt cannot borrow outside movement
  ---
  duration_ms: 0.119265
  type: 'test'
  ...
# Subtest: v2: shared frame, missing response and outside inputs keep separate denominators
ok 35 - v2: shared frame, missing response and outside inputs keep separate denominators
  ---
  duration_ms: 0.161958
  type: 'test'
  ...
# Subtest: v2: empty declared set reports only camera/revision coverage
ok 36 - v2: empty declared set reports only camera/revision coverage
  ---
  duration_ms: 0.140834
  type: 'test'
  ...
# Subtest: v2: untrusted continuous inputs cannot enter the measured subset
ok 37 - v2: untrusted continuous inputs cannot enter the measured subset
  ---
  duration_ms: 0.110387
  type: 'test'
  ...
# Subtest: v2: missing terminal input cannot become successful because a proxy exists
ok 38 - v2: missing terminal input cannot become successful because a proxy exists
  ---
  duration_ms: 0.094724
  type: 'test'
  ...
# Subtest: responsive base: self-consistent failed received input suppresses continuous proxies
ok 39 - responsive base: self-consistent failed received input suppresses continuous proxies
  ---
  duration_ms: 0.366455
  type: 'test'
  ...
# Subtest: responsive wrapper: valid complete ledger preserves literal proxy and limits
ok 40 - responsive wrapper: valid complete ledger preserves literal proxy and limits
  ---
  duration_ms: 0.655728
  type: 'test'
  ...
# Subtest: responsive wrapper: failed input remains incomplete despite retained rows matching
ok 41 - responsive wrapper: failed input remains incomplete despite retained rows matching
  ---
  duration_ms: 0.234514
  type: 'test'
  ...
# Subtest: responsive wrapper: false completeness and type/buffer totals are rejected
ok 42 - responsive wrapper: false completeness and type/buffer totals are rejected
  ---
  duration_ms: 0.303255
  type: 'test'
  ...
# Subtest: responsive wrapper: missing session-end pin has null invariance, not false zero
ok 43 - responsive wrapper: missing session-end pin has null invariance, not false zero
  ---
  duration_ms: 0.239471
  type: 'test'
  ...
# Subtest: responsive wrapper: source and geometry coverage claims remain independently bound
ok 44 - responsive wrapper: source and geometry coverage claims remain independently bound
  ---
  duration_ms: 0.38502
  type: 'test'
  ...
# Subtest: authored drag separates native discrete interactions, DOM proxy and callback cadence
ok 45 - authored drag separates native discrete interactions, DOM proxy and callback cadence
  ---
  duration_ms: 0.602314
  type: 'test'
  ...
# Subtest: missing and ambiguous native entries remain null; no zero-latency claim
ok 46 - missing and ambiguous native entries remain null; no zero-latency claim
  ---
  duration_ms: 0.579598
  type: 'test'
  ...
# Subtest: two raw inputs competing for one native entry stay ambiguous on both sides
ok 47 - two raw inputs competing for one native entry stay ambiguous on both sides
  ---
  duration_ms: 0.256213
  type: 'test'
  ...
# Subtest: an unassigned competing input cannot lend its native entry to a requested trial
ok 48 - an unassigned competing input cannot lend its native entry to a requested trial
  ---
  duration_ms: 0.191412
  type: 'test'
  ...
# Subtest: a wrong-target drag remains outside its armed requested trial
ok 49 - a wrong-target drag remains outside its armed requested trial
  ---
  duration_ms: 0.139076
  type: 'test'
  ...
# Subtest: untrusted input cannot start a native trial, and a wrong object cannot borrow its latency
ok 50 - untrusted input cannot start a native trial, and a wrong object cannot borrow its latency
  ---
  duration_ms: 0.504657
  type: 'test'
  ...
# Subtest: wrong screen coordinate space, source drift and invented wheel Event Timing are rejected
ok 51 - wrong screen coordinate space, source drift and invented wheel Event Timing are rejected
  ---
  duration_ms: 0.462457
  type: 'test'
  ...
# Subtest: missing/offscreen pin coverage stays unmeasured instead of being reported as zero screen movement
ok 52 - missing/offscreen pin coverage stays unmeasured instead of being reported as zero screen movement
  ---
  duration_ms: 0.239199
  type: 'test'
  ...
# Subtest: missing pointerup/cancel and multiple revisions cannot certify a committed drag
ok 53 - missing pointerup/cancel and multiple revisions cannot certify a committed drag
  ---
  duration_ms: 0.37646
  type: 'test'
  ...
# Subtest: camera-only zoom records canvas continuity without inventing a document revision
ok 54 - camera-only zoom records canvas continuity without inventing a document revision
  ---
  duration_ms: 0.418449
  type: 'test'
  ...
# Subtest: a no-op undo with a new revision does not establish restored geometry
ok 55 - a no-op undo with a new revision does not establish restored geometry
  ---
  duration_ms: 0.259253
  type: 'test'
  ...
# Subtest: bounded-buffer loss and unsupported native timing remain explicit
ok 56 - bounded-buffer loss and unsupported native timing remain explicit
  ---
  duration_ms: 0.417377
  type: 'test'
  ...
# Subtest: raf-only control contains no full observer/trial/native data
ok 57 - raf-only control contains no full observer/trial/native data
  ---
  duration_ms: 0.185947
  type: 'test'
  ...
# Subtest: v2 hand-left pan matches actual terminal camera and unchanged public document
ok 58 - v2 hand-left pan matches actual terminal camera and unchanged public document
  ---
  duration_ms: 0.461006
  type: 'test'
  ...
# Subtest: v2 pan does not require an intermediate move or scheduled RAF to reach pointerup
ok 59 - v2 pan does not require an intermediate move or scheduled RAF to reach pointerup
  ---
  duration_ms: 0.222395
  type: 'test'
  ...
# Subtest: v2 rejects select-mode ordinary left drag and inconsistent toolbar state as pan
ok 60 - v2 rejects select-mode ordinary left drag and inconsistent toolbar state as pan
  ---
  duration_ms: 0.9176
  type: 'test'
  ...
# Subtest: v2 explicit Space-left and middle remain valid without hand tool
ok 61 - v2 explicit Space-left and middle remain valid without hand tool
  ---
  duration_ms: 0.370679
  type: 'test'
  ...
# Subtest: v2 hand pan can start over expand/port glyphs but never an HTML canvas control
ok 62 - v2 hand pan can start over expand/port glyphs but never an HTML canvas control
  ---
  duration_ms: 0.983878
  type: 'test'
  ...
# Subtest: v2 wrong-mode pan stays no-input rather than borrowing an object drag
ok 63 - v2 wrong-mode pan stays no-input rather than borrowing an object drag
  ---
  duration_ms: 0.202846
  type: 'test'
  ...
# Subtest: v2 armed object drag cannot borrow a hand-mode native input
ok 64 - v2 armed object drag cannot borrow a hand-mode native input
  ---
  duration_ms: 0.450798
  type: 'test'
  ...
# Subtest: v2 stale last-RAF camera fails even though a nonzero pan was observed
ok 65 - v2 stale last-RAF camera fails even though a nonzero pan was observed
  ---
  duration_ms: 0.219006
  type: 'test'
  ...
# Subtest: v2 terminal delta removes event-time viewport-origin drift
ok 66 - v2 terminal delta removes event-time viewport-origin drift
  ---
  duration_ms: 0.274407
  type: 'test'
  ...
# Subtest: v2 same-revision alias/style/binding/frontier/selection mutations fail public continuity
ok 67 - v2 same-revision alias/style/binding/frontier/selection mutations fail public continuity
  ---
  duration_ms: 0.731117
  type: 'test'
  ...
# Subtest: v2 cancelled/lost-capture/blur/Escape pan cannot become a successful terminal gesture
ok 68 - v2 cancelled/lost-capture/blur/Escape pan cannot become a successful terminal gesture
  ---
  duration_ms: 0.552919
  type: 'test'
  ...
# Subtest: v2 a normal lostcapture after release does not retroactively cancel successful pan
ok 69 - v2 a normal lostcapture after release does not retroactively cancel successful pan
  ---
  duration_ms: 0.418964
  type: 'test'
  ...
# Subtest: v2 missing, different-pointer, duplicate or truncated terminal evidence remains unmeasured
ok 70 - v2 missing, different-pointer, duplicate or truncated terminal evidence remains unmeasured
  ---
  duration_ms: 0.733621
  type: 'test'
  ...
# Subtest: v1 Space pan remains readable without inventing v2 tool/terminal evidence
ok 71 - v1 Space pan remains readable without inventing v2 tool/terminal evidence
  ---
  duration_ms: 0.177746
  type: 'test'
  ...
1..71
# tests 71
# suites 0
# pass 71
# fail 0
# cancelled 0
# skipped 0
# todo 0
# duration_ms 50.285492
