✔ independent corridor parser rejects ignored bytes, diagonal, partial, nonfinite and multiple subpaths (2.473112ms)
✔ independent corridor metrics preserve split crossings, point contacts and pair-local interval union (7.384656ms)
✔ independent corridor frozen captures remain bound to exact archived source bytes (6.753413ms)
✔ independent corridor family identity requires exact source, memory role, effective style, side and complete canonical membership (2.153831ms)
✔ independent corridor rejects coherent semantic, branch, circle, style, body and same-tensor crossing corruptions (154.511431ms)
✔ independent corridor literal shared-family improvement retains each branch and exposes crossing exchanges (25.610054ms)
✔ independent corridor current nine frontiers and three details preserve source, cards, ports, canonical branches and protected geometry (205.102967ms)
✔ independent corridor current L3 cannot trade overlap for crosses or lose named canonical fanout branches (33.789441ms)
✔ independent corridor work caps remain their literal approved bounds (0.126565ms)
✔ independent final-SVG oracle detects all six sealed ChS stack intrusions and three buried frontier outputs (16.771494ms)
✔ source-bound final SVG stack/endpoint/Canvas invariants: mlp-level0-paper-180 (4.936347ms)
✔ source-bound final SVG stack/endpoint/Canvas invariants: mlp-level1-paper-180 (3.696071ms)
✔ source-bound final SVG stack/endpoint/Canvas invariants: residual_cnn-level0-paper-180 (8.025322ms)
✔ source-bound final SVG stack/endpoint/Canvas invariants: residual_cnn-level1-paper-180 (5.288291ms)
✔ source-bound final SVG stack/endpoint/Canvas invariants: residual_cnn-level2-paper-180 (9.718868ms)
✔ source-bound final SVG stack/endpoint/Canvas invariants: transformer-level0-paper-180 (19.502453ms)
✔ source-bound final SVG stack/endpoint/Canvas invariants: transformer-level1-paper-180 (24.920219ms)
✔ source-bound final SVG stack/endpoint/Canvas invariants: transformer-level2-paper-180 (43.927927ms)
✔ source-bound final SVG stack/endpoint/Canvas invariants: transformer-level3-paper-180 (50.467059ms)
✔ reported CNN bottom and Transformer memory examples attach to exposed card union (6.259618ms)
✔ near-left bottom outputs follow actual +0/+3.5/+7 cards instead of empty envelope corners (9.470144ms)
✔ same canonical memory output has coherent bottom and right display ports for multiple consumers (1.3275ms)
✔ unrelated backplate-only obstacle and source own-stack reentry are independently rejected and rerouted (1.483107ms)
✔ overlapping Repeat ownership is reported once and an endpoint covered by another body remains honestly blocked (0.185991ms)
✔ detail fallback ports and translated stacks retain canonical boundary coverage and exposed endpoints (2.462389ms)
✔ expanded/nonrepeat ports, in-place expansion, pins and move preview/history preserve presentation contracts (6.644872ms)
ℹ tests 26
ℹ suites 0
ℹ pass 26
ℹ fail 0
ℹ cancelled 0
ℹ skipped 0
ℹ todo 0
ℹ duration_ms 727.571626
