✔ a transparent network is one history step and redo restores its stable nodes, edges and edits (9.431287ms)
✔ repeat insertion avoids occupied cards, preserves prior identities and bindings, and never connects old networks (38.105329ms)
✔ IDs collide or fail safely before any draft mutation; retry uses fresh identities for every node and edge (0.851798ms)
✔ catalog compatibility, node/edge budgets and extreme coordinates refuse atomically (5.933724ms)
✔ CNN starting layout is legible at the observed viewport with one clear exterior row return (5.53828ms)
✔ actual inserted graphs pass the formal nonexecuting backend source pipeline; a disconnected old node still fails generation (131.963261ms)
✔ 1200th node is accepted and cacheable; 1201th fails before any byte changes (5.494491ms)
✔ 3600th connection is accepted and cacheable; 3601th fails before any byte changes (12.459459ms)
✔ deleting a module or connection releases capacity for another edit (13.026909ms)
✔ failed limit edits preserve history, revision, past and redo bytes (28.348951ms)
✔ equal revision and labels never allow one draft identity or node identity/kind/set to inherit another draft check (0.59321ms)
✔ parameters, array contents and every binding identity/endpoint invalidate checked shapes even before a revision increment (0.435443ms)
✔ four-direction placement, display aliases, title and revision retain the same checked static graph without mutation (0.943861ms)
✔ parameter field order is irrelevant while graph-array order remains significant for backend topological/output ordering (0.206166ms)
✔ complete static response preserves tensor declarations and identities while isolating them from mutable response data (0.263628ms)
✔ an incomplete graph may retain upstream declared tensors, but never reports complete or invents a missing downstream shape (0.42719ms)
✔ execution claims, generated-source receipts and inconsistent complete/issue or missing-tensor claims are rejected (0.381292ms)
✔ malformed tensor shapes, dtype, extra runtime flags and oversized declarations cannot reach a displayed shape label (0.548684ms)
✔ unregistered tensor/node references, repeated or nontopological order and malformed diagnostics are rejected without target inference (0.491736ms)
✔ every advertised source example can be deleted to zero and rebuilt one module/edge at a time (19644.074094ms)
✔ all 23 library starting graphs survive deletion and incremental palette reconstruction (2669.985141ms)
✔ unresolved regions expose both authored paths and nested source definitions in view and editor (221.749258ms)
✔ all recovered source compositions recursively expose their real primitives, including unnamed nested modules and repeats (1405.250288ms)
✔ decomposed Transformer edits generate a compact view and return with full structure, manual ports and undo intact (3484.540301ms)
✔ editing and view frontiers cannot be paired across document revisions (107.209596ms)
✔ unseen opaque models accept edits on the same source canvas with save/reopen, undo and export (391.186052ms)
✔ source frontier collapse retains opaque visual changes and hidden local placement without regenerating Python (256.774172ms)
ℹ tests 27
ℹ suites 0
ℹ pass 27
ℹ fail 0
ℹ cancelled 0
ℹ skipped 0
ℹ todo 0
ℹ duration_ms 28612.955851
