...................................ssssss.....sssssss.....................s...ssss.............ss.EEssssss......Fs.....................F.......FFF........F....................................................................................s.........................E.E..................................................................s...ssss..................................ssssss..............ssss.....................................................
======================================================================
ERROR: test_http_detail_equals_cli_shared_scene_and_old_whole_request_still_works (test_detail_export.DetailHTTPTests.test_http_detail_equals_cli_shared_scene_and_old_whole_request_still_works)
----------------------------------------------------------------------
Traceback (most recent call last):
  File "/home/fzg/PycharmProjects/ArchCanvas/ArchCanvas_Model_Architecture_Studio/tests/test_detail_export.py", line 106, in setUp
    self.server = ArchCanvasServer(("127.0.0.1", 0), data_dir=self.directory / "managed", studio_dir=self.directory / "dist")
                  ^^^^^^^^^^^^^^^^^^^^^^^^^^^^^^^^^^^^^^^^^^^^^^^^^^^^^^^^^^^^^^^^^^^^^^^^^^^^^^^^^^^^^^^^^^^^^^^^^^^^^^^^^^^
  File "/home/fzg/PycharmProjects/ArchCanvas/ArchCanvas_Model_Architecture_Studio/src/archcanvas_cli/server.py", line 239, in __init__
    super().__init__(address, Handler)
  File "/home/fzg/anaconda3/lib/python3.11/socketserver.py", line 452, in __init__
    self.socket = socket.socket(self.address_family,
                  ^^^^^^^^^^^^^^^^^^^^^^^^^^^^^^^^^^
  File "/home/fzg/anaconda3/lib/python3.11/socket.py", line 232, in __init__
    _socket.socket.__init__(self, family, type, proto, fileno)
PermissionError: [Errno 1] Operation not permitted

======================================================================
ERROR: test_http_invalid_options_and_collapsed_detail_leave_no_export_artifacts (test_detail_export.DetailHTTPTests.test_http_invalid_options_and_collapsed_detail_leave_no_export_artifacts)
----------------------------------------------------------------------
Traceback (most recent call last):
  File "/home/fzg/PycharmProjects/ArchCanvas/ArchCanvas_Model_Architecture_Studio/tests/test_detail_export.py", line 106, in setUp
    self.server = ArchCanvasServer(("127.0.0.1", 0), data_dir=self.directory / "managed", studio_dir=self.directory / "dist")
                  ^^^^^^^^^^^^^^^^^^^^^^^^^^^^^^^^^^^^^^^^^^^^^^^^^^^^^^^^^^^^^^^^^^^^^^^^^^^^^^^^^^^^^^^^^^^^^^^^^^^^^^^^^^^
  File "/home/fzg/PycharmProjects/ArchCanvas/ArchCanvas_Model_Architecture_Studio/src/archcanvas_cli/server.py", line 239, in __init__
    super().__init__(address, Handler)
  File "/home/fzg/anaconda3/lib/python3.11/socketserver.py", line 452, in __init__
    self.socket = socket.socket(self.address_family,
                  ^^^^^^^^^^^^^^^^^^^^^^^^^^^^^^^^^^
  File "/home/fzg/anaconda3/lib/python3.11/socket.py", line 232, in __init__
    _socket.socket.__init__(self, family, type, proto, fileno)
PermissionError: [Errno 1] Operation not permitted

======================================================================
ERROR: test_cli_open_exact_document_apply_undo_reopen_export_and_stale_conflict (test_readiness_fixes.ReadinessFixes.test_cli_open_exact_document_apply_undo_reopen_export_and_stale_conflict)
----------------------------------------------------------------------
Traceback (most recent call last):
  File "/home/fzg/PycharmProjects/ArchCanvas/ArchCanvas_Model_Architecture_Studio/tests/test_readiness_fixes.py", line 72, in test_cli_open_exact_document_apply_undo_reopen_export_and_stale_conflict
    server, url = self.service("workflow")
                  ^^^^^^^^^^^^^^^^^^^^^^^^
  File "/home/fzg/PycharmProjects/ArchCanvas/ArchCanvas_Model_Architecture_Studio/tests/test_readiness_fixes.py", line 40, in service
    server = ArchCanvasServer(("127.0.0.1", 0), data_dir=self.root / name)
             ^^^^^^^^^^^^^^^^^^^^^^^^^^^^^^^^^^^^^^^^^^^^^^^^^^^^^^^^^^^^^
  File "/home/fzg/PycharmProjects/ArchCanvas/ArchCanvas_Model_Architecture_Studio/src/archcanvas_cli/server.py", line 239, in __init__
    super().__init__(address, Handler)
  File "/home/fzg/anaconda3/lib/python3.11/socketserver.py", line 452, in __init__
    self.socket = socket.socket(self.address_family,
                  ^^^^^^^^^^^^^^^^^^^^^^^^^^^^^^^^^^
  File "/home/fzg/anaconda3/lib/python3.11/socket.py", line 232, in __init__
    _socket.socket.__init__(self, family, type, proto, fileno)
PermissionError: [Errno 1] Operation not permitted

======================================================================
ERROR: test_sibling_state_roots_isolate_projects_drafts_exports_transactions_and_documents (test_readiness_fixes.ReadinessFixes.test_sibling_state_roots_isolate_projects_drafts_exports_transactions_and_documents)
----------------------------------------------------------------------
Traceback (most recent call last):
  File "/home/fzg/PycharmProjects/ArchCanvas/ArchCanvas_Model_Architecture_Studio/tests/test_readiness_fixes.py", line 59, in test_sibling_state_roots_isolate_projects_drafts_exports_transactions_and_documents
    alpha, a = self.service("alpha-documents"); beta, b = self.service("beta-documents")
               ^^^^^^^^^^^^^^^^^^^^^^^^^^^^^^^
  File "/home/fzg/PycharmProjects/ArchCanvas/ArchCanvas_Model_Architecture_Studio/tests/test_readiness_fixes.py", line 40, in service
    server = ArchCanvasServer(("127.0.0.1", 0), data_dir=self.root / name)
             ^^^^^^^^^^^^^^^^^^^^^^^^^^^^^^^^^^^^^^^^^^^^^^^^^^^^^^^^^^^^^
  File "/home/fzg/PycharmProjects/ArchCanvas/ArchCanvas_Model_Architecture_Studio/src/archcanvas_cli/server.py", line 239, in __init__
    super().__init__(address, Handler)
  File "/home/fzg/anaconda3/lib/python3.11/socketserver.py", line 452, in __init__
    self.socket = socket.socket(self.address_family,
                  ^^^^^^^^^^^^^^^^^^^^^^^^^^^^^^^^^^
  File "/home/fzg/anaconda3/lib/python3.11/socket.py", line 232, in __init__
    _socket.socket.__init__(self, family, type, proto, fileno)
PermissionError: [Errno 1] Operation not permitted

======================================================================
FAIL: test_verified_activation_actual_train_eval_commit_has_mandatory_G6 (test_m3_product_invariants.M3ProductInvariantTests.test_verified_activation_actual_train_eval_commit_has_mandatory_G6)
----------------------------------------------------------------------
Traceback (most recent call last):
  File "/home/fzg/PycharmProjects/ArchCanvas/ArchCanvas_Model_Architecture_Studio/tests/test_m3_product_invariants.py", line 158, in test_verified_activation_actual_train_eval_commit_has_mandatory_G6
    self.assertEqual(record["status"], "ReviewReady", record.get("blockers"))
AssertionError: 'Failed' != 'ReviewReady'
- Failed
+ ReviewReady
 : ['Required isolated structural verification did not pass: worker exit 1: bwrap: loopback: Failed to create NETLINK_ROUTE socket: Operation not permitted\n']

======================================================================
FAIL: test_rejects_extra_unbound_port (test_m4_holdout_integrity.M4HoldoutIntegrityTests.test_rejects_extra_unbound_port)
----------------------------------------------------------------------
Traceback (most recent call last):
  File "/home/fzg/PycharmProjects/ArchCanvas/ArchCanvas_Model_Architecture_Studio/tests/test_m4_holdout_integrity.py", line 235, in test_rejects_extra_unbound_port
    copy, fixture, nodes = self.corrupted("PatchVisionEncoder")
                           ^^^^^^^^^^^^^^^^^^^^^^^^^^^^^^^^^^^^
  File "/home/fzg/PycharmProjects/ArchCanvas/ArchCanvas_Model_Architecture_Studio/tests/test_m4_holdout_integrity.py", line 189, in corrupted
    architecture, fixture = self.analyzed(entry)
                            ^^^^^^^^^^^^^^^^^^^^
  File "/home/fzg/PycharmProjects/ArchCanvas/ArchCanvas_Model_Architecture_Studio/tests/test_m4_holdout_integrity.py", line 185, in analyzed
    check_holdout(architecture, entry, fixture)
  File "/home/fzg/PycharmProjects/ArchCanvas/ArchCanvas_Model_Architecture_Studio/tests/test_m4_holdout_integrity.py", line 94, in check_holdout
    require(value[field] == facts[field], name + ": " + field + " differs")
  File "/home/fzg/PycharmProjects/ArchCanvas/ArchCanvas_Model_Architecture_Studio/tests/test_m4_holdout_integrity.py", line 23, in require
    raise AssertionError(message)
AssertionError: flatten: parameters differs

======================================================================
FAIL: test_rejects_port_role_or_ordinal_corruption (test_m4_holdout_integrity.M4HoldoutIntegrityTests.test_rejects_port_role_or_ordinal_corruption) (field='role')
----------------------------------------------------------------------
Traceback (most recent call last):
  File "/home/fzg/PycharmProjects/ArchCanvas/ArchCanvas_Model_Architecture_Studio/tests/test_m4_holdout_integrity.py", line 243, in test_rejects_port_role_or_ordinal_corruption
    copy, fixture, nodes = self.corrupted("PatchVisionEncoder")
                           ^^^^^^^^^^^^^^^^^^^^^^^^^^^^^^^^^^^^
  File "/home/fzg/PycharmProjects/ArchCanvas/ArchCanvas_Model_Architecture_Studio/tests/test_m4_holdout_integrity.py", line 189, in corrupted
    architecture, fixture = self.analyzed(entry)
                            ^^^^^^^^^^^^^^^^^^^^
  File "/home/fzg/PycharmProjects/ArchCanvas/ArchCanvas_Model_Architecture_Studio/tests/test_m4_holdout_integrity.py", line 185, in analyzed
    check_holdout(architecture, entry, fixture)
  File "/home/fzg/PycharmProjects/ArchCanvas/ArchCanvas_Model_Architecture_Studio/tests/test_m4_holdout_integrity.py", line 94, in check_holdout
    require(value[field] == facts[field], name + ": " + field + " differs")
  File "/home/fzg/PycharmProjects/ArchCanvas/ArchCanvas_Model_Architecture_Studio/tests/test_m4_holdout_integrity.py", line 23, in require
    raise AssertionError(message)
AssertionError: flatten: parameters differs

======================================================================
FAIL: test_rejects_port_role_or_ordinal_corruption (test_m4_holdout_integrity.M4HoldoutIntegrityTests.test_rejects_port_role_or_ordinal_corruption) (field='ordinal')
----------------------------------------------------------------------
Traceback (most recent call last):
  File "/home/fzg/PycharmProjects/ArchCanvas/ArchCanvas_Model_Architecture_Studio/tests/test_m4_holdout_integrity.py", line 243, in test_rejects_port_role_or_ordinal_corruption
    copy, fixture, nodes = self.corrupted("PatchVisionEncoder")
                           ^^^^^^^^^^^^^^^^^^^^^^^^^^^^^^^^^^^^
  File "/home/fzg/PycharmProjects/ArchCanvas/ArchCanvas_Model_Architecture_Studio/tests/test_m4_holdout_integrity.py", line 189, in corrupted
    architecture, fixture = self.analyzed(entry)
                            ^^^^^^^^^^^^^^^^^^^^
  File "/home/fzg/PycharmProjects/ArchCanvas/ArchCanvas_Model_Architecture_Studio/tests/test_m4_holdout_integrity.py", line 185, in analyzed
    check_holdout(architecture, entry, fixture)
  File "/home/fzg/PycharmProjects/ArchCanvas/ArchCanvas_Model_Architecture_Studio/tests/test_m4_holdout_integrity.py", line 94, in check_holdout
    require(value[field] == facts[field], name + ": " + field + " differs")
  File "/home/fzg/PycharmProjects/ArchCanvas/ArchCanvas_Model_Architecture_Studio/tests/test_m4_holdout_integrity.py", line 23, in require
    raise AssertionError(message)
AssertionError: flatten: parameters differs

======================================================================
FAIL: test_rejects_relation_multiplicity_even_with_unique_edge_ids (test_m4_holdout_integrity.M4HoldoutIntegrityTests.test_rejects_relation_multiplicity_even_with_unique_edge_ids)
----------------------------------------------------------------------
Traceback (most recent call last):
  File "/home/fzg/PycharmProjects/ArchCanvas/ArchCanvas_Model_Architecture_Studio/tests/test_m4_holdout_integrity.py", line 249, in test_rejects_relation_multiplicity_even_with_unique_edge_ids
    copy, fixture, _ = self.corrupted("PatchVisionEncoder")
                       ^^^^^^^^^^^^^^^^^^^^^^^^^^^^^^^^^^^^
  File "/home/fzg/PycharmProjects/ArchCanvas/ArchCanvas_Model_Architecture_Studio/tests/test_m4_holdout_integrity.py", line 189, in corrupted
    architecture, fixture = self.analyzed(entry)
                            ^^^^^^^^^^^^^^^^^^^^
  File "/home/fzg/PycharmProjects/ArchCanvas/ArchCanvas_Model_Architecture_Studio/tests/test_m4_holdout_integrity.py", line 185, in analyzed
    check_holdout(architecture, entry, fixture)
  File "/home/fzg/PycharmProjects/ArchCanvas/ArchCanvas_Model_Architecture_Studio/tests/test_m4_holdout_integrity.py", line 94, in check_holdout
    require(value[field] == facts[field], name + ": " + field + " differs")
  File "/home/fzg/PycharmProjects/ArchCanvas/ArchCanvas_Model_Architecture_Studio/tests/test_m4_holdout_integrity.py", line 23, in require
    raise AssertionError(message)
AssertionError: flatten: parameters differs

======================================================================
FAIL: test_vit_complete_declared_ports_tensors_and_containment (test_m4_holdout_integrity.M4HoldoutIntegrityTests.test_vit_complete_declared_ports_tensors_and_containment)
----------------------------------------------------------------------
Traceback (most recent call last):
  File "/home/fzg/PycharmProjects/ArchCanvas/ArchCanvas_Model_Architecture_Studio/tests/test_m4_holdout_integrity.py", line 195, in test_vit_complete_declared_ports_tensors_and_containment
    self.analyzed("PatchVisionEncoder")
  File "/home/fzg/PycharmProjects/ArchCanvas/ArchCanvas_Model_Architecture_Studio/tests/test_m4_holdout_integrity.py", line 185, in analyzed
    check_holdout(architecture, entry, fixture)
  File "/home/fzg/PycharmProjects/ArchCanvas/ArchCanvas_Model_Architecture_Studio/tests/test_m4_holdout_integrity.py", line 94, in check_holdout
    require(value[field] == facts[field], name + ": " + field + " differs")
  File "/home/fzg/PycharmProjects/ArchCanvas/ArchCanvas_Model_Architecture_Studio/tests/test_m4_holdout_integrity.py", line 23, in require
    raise AssertionError(message)
AssertionError: flatten: parameters differs

----------------------------------------------------------------------
Ran 449 tests in 140.756s

FAILED (failures=6, errors=4, skipped=43)
