
> archcanvas-studio@0.1.0 test
> node --experimental-strip-types --test --test-isolation=none tests/*.test.ts

✔ toolbar zoom preserves the viewed world centre at fit, reset and zoom limits (4.407832ms)
✔ new figure measures initial aliases before materializing and keeps its straight chain through reopen and re-expansion (18.844799ms)
✔ initial alias validation rejects foreign identities and keeps default creation compatible (3.877828ms)
✔ viewport arrangement folds an eight-module chain, preserves facts/history and avoids body intrusions (18.444219ms)
✔ viewport folding cannot turn a branch or merge into a unary chain (0.485694ms)
✔ historical M4: independent corridor parser rejects ignored bytes, diagonal, partial, nonfinite and multiple subpaths (1.324992ms)
✔ historical M4: independent corridor metrics preserve split crossings, point contacts and pair-local interval union (6.937546ms)
✔ historical M4: independent corridor frozen captures remain bound to exact archived source bytes (5.841793ms)
✔ historical M4: independent corridor family identity requires exact source, memory role, effective style, side and complete canonical membership (2.30728ms)
✔ historical M4: independent corridor rejects coherent semantic, branch, circle, style, body and same-tensor crossing corruptions (137.477981ms)
✔ historical M4: independent corridor literal shared-family improvement retains each branch and exposes crossing exchanges (22.659484ms)
✔ historical M4: independent corridor current nine frontiers and three details preserve source, cards, ports, canonical branches and protected geometry (555.699528ms)
✔ historical M4: independent corridor current L3 cannot trade overlap for crosses or lose named canonical fanout branches (77.741109ms)
✔ historical M4: independent corridor work caps remain their literal approved bounds (0.092347ms)
✔ suggestion is below every current body, including expanded frames, legends and other notes (0.40199ms)
✔ excluding the selected annotation ignores its old bounds and gives a stable repeated position (0.176345ms)
✔ body conflicts include frontier leaves, legend labels and other notes, with exact touching permitted (0.205333ms)
✔ body conflict result does not assert orthogonal edge clearance (0.09896ms)
✔ formal complex expansion keeps the existing absolute note and recommends a clear new note below the new frontier (10674.428922ms)
✔ explicit move below diagram is one annotation history operation and preserves save/export fields (13023.099977ms)
✔ deepest source relation index folds bottom-up and never confuses a tensor name with a binding (1993.109613ms)
✔ real MLP expanded network has one atomic input lane and no parent/child arrow ambiguity (16.267821ms)
✔ detail export keeps folded atomic coverage and does not resurrect coarse parent arrows (1544.456441ms)
✔ atomic frontier mlp-level0-paper-180 keeps source facts canonical ports exports and four-direction history (1.663427ms)
✔ atomic frontier mlp-level1-paper-180 keeps source facts canonical ports exports and four-direction history (200.737075ms)
✔ atomic frontier residual_cnn-level0-paper-180 keeps source facts canonical ports exports and four-direction history (20.762122ms)
✔ atomic frontier residual_cnn-level1-paper-180 keeps source facts canonical ports exports and four-direction history (468.610592ms)
✔ atomic frontier residual_cnn-level2-paper-180 keeps source facts canonical ports exports and four-direction history (4337.6486ms)
✔ atomic frontier transformer-level0-paper-180 keeps source facts canonical ports exports and four-direction history (398.412123ms)
✔ atomic frontier transformer-level1-paper-180 keeps source facts canonical ports exports and four-direction history (1844.650417ms)
✔ atomic frontier transformer-level2-paper-180 keeps source facts canonical ports exports and four-direction history (6113.516172ms)
✔ atomic frontier transformer-level3-paper-180 keeps source facts canonical ports exports and four-direction history (8206.558655ms)
✔ clear arbitrary route takes the local Manhattan corridor without touching nodes or endpoints (2.281405ms)
✔ route improvement cannot create a new peer crossing even for equal tensor identifiers (5.062236ms)
✔ independent from-zero chain arrangement can fit its previously offscreen output with all module boxes visible (0.525619ms)
✔ independent fit handles negative manual placements, merge branches, aspect ratios and the full128module contract (13.310763ms)
✔ empty and unmeasured viewports return finite camera state and keep the blank draft intact (0.232183ms)
✔ manual off-body route waypoints fit along with node rectangles without changing either model or route (0.449924ms)
✔ raw numerical field input rejects empty tokens, invalid dimensions, nonfinite values and out-of-contract lengths (0.450944ms)
✔ duplicate display labels never redirect a typed shape diagnostic to another module or infer a target from text (0.41146ms)
✔ unknown node identities and unregistered parameter/port names cannot produce an active field highlight (0.462974ms)
✔ unstructuredHTTP conflicts and malformed diagnostics keep useful message without fabricated node or field targets (0.242379ms)
✔ public JSON transport preserves structured diagnostics and HTTP status without changing legacy successful payloads (15.303989ms)
✔ deferred old-draft response cannot resolve a missing identity in a replacement draft with the same labels (0.552724ms)
✔ flow interface projects frozen vertical chain and no-edge/horizontal default without semantic state (0.198958ms)
✔ real frozen four-node vertical chain has three literal straight gap-only routes, preserving every source fact (1.617958ms)
✔ literal horizontal chain retains legacy side coordinates and zero-bend straight gaps (0.514103ms)
✔ vertical Add branch keeps shared fanout identity, distinct ordered merge ports and unobstructed paths (10.97168ms)
✔ vertical Concat named input projections never collapse a/b producer identities (10.841084ms)
✔ an independent intervening body forces a safe detour without node movement or false blocked success (1.847652ms)
✔ a covering body blocking the target stays explicit and does not move user anchors (0.899185ms)
✔ reverse-positioned vertical DAG selects facing sides and routes outside its own bodies (3.389931ms)
✔ flow and geometry are insensitive to authored array ordering and equivariant under whole-draft translation (1.330563ms)
✔ four directional visual moves retain graph, one-command history, undo/redo geometry and JSON persistence (5.067819ms)
✔ an independent horizontal graph cannot rotate the frozen vertical graph's public ports or three straight routes (1.286814ms)
✔ the actual blank authoring component exposes visible steps, a static-check entry and the draft count (12.693042ms)
✔ the inspector assertion rejects the same compilable component with only that visible panel removed (74.476745ms)
✔ unavailable activation searches name their missing operation and disclose differences in available options (0.173609ms)
✔ unavailable tensor module searches explain the current dimensional or pooling limits (0.08639ms)
✔ attention and recurrent searches expose the missing behavior without promising an equivalent network (0.100777ms)
✔ ordinary and empty searches retain the generic palette message (0.054196ms)
✔ the actual palette visibly exposes classification and alias/parameter discovery (6.814817ms)
✔ actual palette rendering uses the runtime inventory, alias search and the selected module category (230.733738ms)
✔ independent four-direction authored moves preserve exact graph and one-command undo/redo (23.793987ms)
✔ merge ports stay distinct, fan-out is retained, malformed direction/foreign port and duplicate producers fail atomically (16.225046ms)
✔ a new binding that closes a directed cycle leaves history and every prior edge unchanged (0.331001ms)
✔ deleting a branch removes only its incident bindings and undo restores both merge ports (0.697565ms)
✔ explicit DAG arrange handles merge longest-path dependencies without overlaps or semantic changes (12.033438ms)
✔ manual covering overlaps keep anchors and report every retained routing obstruction (0.72044ms)
✔ no-op changes and unavailable history travel preserve identity; a new edit after undo clears redo (0.26914ms)
✔ public draft transport binds save CAS revision and reopens an independent exact draft while a conflict retains local edits (1.519384ms)
✔ click additions find free space past the original five-node overlap counterexample without moving prior modules (1.946047ms)
✔ cache boundary rejects crash-causing node shapes, impossible revisions and unsafe coordinates while returning detached valid edits (0.654169ms)
✔ public authoring pan primitive uses final endpoint in all four directions, ignores foreign pointer and preserves model history (0.428859ms)
✔ a transparent network is one history step and redo restores its stable nodes, edges and edits (6.522772ms)
✔ repeat insertion avoids occupied cards, preserves prior identities and bindings, and never connects old networks (12.117825ms)
✔ IDs collide or fail safely before any draft mutation; retry uses fresh identities for every node and edge (0.720336ms)
✔ catalog compatibility, node/edge budgets and extreme coordinates refuse atomically (5.699301ms)
✔ CNN starting layout is legible at the observed viewport with one clear exterior row return (2.242041ms)
✔ actual inserted graphs pass the formal nonexecuting backend source pipeline; a disconnected old node still fails generation (137.226681ms)
✔ pointerup endpoint is available without an intervening move or RAF (0.187974ms)
✔ terminal endpoint includes movement beyond the last sampled preview (0.080526ms)
✔ pan displacement is measured in CSS pixels and never divided by zoom (0.084062ms)
✔ returning to start restores exact initial camera without cumulative drift (0.151445ms)
✔ viewport-origin shift alone does not masquerade as a pointer delta (0.059262ms)
✔ a second pointer cannot update or finish the original pan (0.053433ms)
✔ initial camera snapshot and caller input remain untouched (0.066662ms)
✔ invalid start coordinates, zoom and pointer identity are rejected (0.205166ms)
✔ world camera keeps the sealed Transformer scene continuous across negative bounds (152.708226ms)
✔ fit, focus, pointer-centered zoom and pan use world coordinates (0.265216ms)
✔ same-viewport reload preserves exact camera and independently calculated world centre (0.442391ms)
✔ a resized reopened viewport preserves world centre and zoom through new pixel translation (0.103219ms)
✔ source/IR/document identities and visual revisions prevent stale or cross-model reuse (0.129022ms)
✔ per-document source/IR keys isolate values without adding revision to the key (0.148763ms)
✔ invalid stored versions, centres, scales, viewport and identity are refused rather than coerced (0.161398ms)
✔ fit scales below .15 remain valid while unsafe captures are rejected (0.10904ms)
✔ malformed, absent, oversized, disabled and quota-failed storage leave a graceful fallback (0.187808ms)
✔ delayed restore cannot supersede explicit fit, zoom, focus, pan or a newer document load (0.117041ms)
✔ terminal pan is saved and cancellation can restore the prior camera without retaining the preview (0.117947ms)
✔ capture/restore/tickets mutate no input and store revisions without touching Canvas/history (0.518307ms)
✔ a deliberately adopted reconciled identity can retain view while old source state remains isolated (0.117075ms)
✔ actual App initialization callbacks read the owned saved view before any initial write (30.611266ms)
✔ actual App persistence callback refuses previews then writes terminal camera and rollback (11.747889ms)
✔ actual App delayed callback rejects later intent/load/revision and handles deferred viewport (91.228376ms)
✔ the observed large-to-small live resize keeps world centre 350,405 in its first coordinated result (0.202131ms)
✔ fractional, negative and small-fit cameras preserve centre and zoom across anisotropic size chains (0.188403ms)
✔ same-size deliveries are no-ops and invalid or hidden dimensions cannot establish a frame (0.129097ms)
✔ actual App idle resize commits the latest centre synchronously without a new intent or history entry (19.012054ms)
✔ actual persistence before observer delivery uses the camera anchor instead of a newly resized DOM (18.093541ms)
✔ actual pan, move, box and port ownership defer resize until their mapping is released (75.396922ms)
✔ actual terminal pan includes the unsampled pointerup delta then applies the queued resize exactly once (20.867249ms)
✔ actual cancel after a resized pan preview restores the original world centre and never retains that preview (18.100145ms)
✔ actual resized object drag keeps its typed delta and one undo entry independent of transient camera coordination (24.706079ms)
✔ actual box terminal selection uses the old frozen camera before viewport coordination (17.072771ms)
✔ an explicit current-size camera commit wins without a second old-size correction (18.843556ms)
✔ initialization ignores unowned resize and restores at its latest viewport; active drag defers it (19.893121ms)
✔ an early actual spatial gesture owns its displayed mapping and invalidates a delayed restore even after document commit (42.161723ms)
✔ an early actual pan establishes its own viewport anchor before a resized terminal sample (17.168774ms)
✔ a later document, revision, load or explicit intent rejects pending initialization and old ownership (95.793945ms)
✔ the actual observer effect commits in its delivery and rejects disconnected or replaced elements (23.174924ms)
✔ the real window fallback follows the same mapping and unregisters after cleanup (17.48418ms)
✔ the actual observer remount resumes a bounded exhausted hidden initialization at the now-visible dimensions (16.563995ms)
✔ the actual observer revives an exhausted tiny viewport only when dimensions become usable (17.73654ms)
✔ a stale load/intent/revision cannot revive after hidden exhaustion, and an owned remount keeps explicit intent (73.503065ms)
✔ hidden dimensions are ignored; a tiny visible viewport can return without contaminating stored centre (17.463889ms)
✔ canvas save deduplicates source facts without changing current/history or hiding a foreign binding (1.463024ms)
✔ source-grounded distant memory caption has an owned-route guide instead of silently floating beside mask routes (47.814566ms)
✔ a safe close caption keeps its coordinates and creates no decorative guide (0.250653ms)
✔ general translated CJK captions use short collision-free guides without model-name or ID dependencies (1.777548ms)
✔ crowded and shared-route attachments preserve captions and give explicit diagnostics instead of unsafe guide connections (34.328756ms)
✔ notes, other caption envelopes, crossing routes and reserved guides remain obstacles in a general multi-label batch (3.197758ms)
✔ whole/detail, aliases, monochrome, save/reopen and undo/redo keep caption decoration outside canonical metadata (185.259731ms)
✔ a general stress batch preserves every canonical edge and produces deterministic nonintersecting decorations (99.575507ms)
✔ a dense batch above the deterministic association limit keeps every label and emits diagnostics (0.672604ms)
✔ geometry-check exhaustion in a still-supported batch preserves remaining captions with explicit budget evidence (238.881517ms)
✔ a later moved caption clears the visible stroke of an earlier reserved guide (28.869702ms)
✔ a narrow guide cannot visually overlap or touch a parallel foreign tensor stroke (3.929477ms)
✔ uncertifiable foreign stroke widths preserve text with a diagnostic instead of emitting guides (0.215587ms)
✔ direct ancestor collapse restores compact visible frontier and retains hidden expanded children (98.873519ms)
✔ reopen ancestor resurrects hidden expansion and exact independently supplied deep geometry (288.951167ms)
✔ changing hidden descendant expansion memory cannot replay a stale geometry into visible siblings (1.484447ms)
✔ manual container and downstream moves survive compact restoration and deep reopening; unrelated pin remains exact (499.543666ms)
✔ pinned downstream position and pinned hidden leaf are protected rather than rolled back to a compact cache (192.91801ms)
✔ undo and redo restore compact/deep states, hidden memory and exact positions independently of revision (96.081407ms)
✔ JSON save/reload of collapsed canvas retains nested expansion memory and exact deep reopening (194.406149ms)
✔ manual hidden-leaf memory remains exact through direct ancestor collapse, JSON reload and reopen (350.220075ms)
✔ literal node identities containing delimiter characters do not discard latent expansion memory or visible geometry (193.857452ms)
✔ two different valid expanded sets with the same legacy delimiter string cannot share frontier geometry (2.442314ms)
✔ existing composite legacy cache ambiguous between a delimiter identity and two parallel branches cannot inject tall geometry (2.311618ms)
✔ actual frozen CNN deep canvas collapses repeat directly to literal compact root positions while retaining both block memories (596.244393ms)
✔ actual already-bad collapsed CNN cannot overwrite its earlier compact cache before reopening and recollapsing (584.793339ms)
✔ historical M4: independent residual baseline freezes all nine authored frontiers and actual public route bytes (7.357998ms)
✔ historical M4: independent route parser and protected pair oracle expose split-vertex crossings and interval union (0.525249ms)
✔ historical M4: independent oracle rejects coherent branch, role/style, port, body/header and backplate corruptions (9.463635ms)
✔ historical M4: CNN collapsed proxy residual becomes the independent 38-unit straight route without merging its data lane (5.005798ms)
✔ historical M4: all protected branches/cards/ports and pair-local safety survive: residual_cnn-level0-paper-180 (10.513665ms)
✔ historical M4: all protected branches/cards/ports and pair-local safety survive: residual_cnn-level1-paper-180 (17.663987ms)
✔ historical M4: all protected branches/cards/ports and pair-local safety survive: residual_cnn-level2-paper-180 (43.619724ms)
✔ historical M4: all protected branches/cards/ports and pair-local safety survive: mlp-level0-paper-180 (3.760591ms)
✔ historical M4: all protected branches/cards/ports and pair-local safety survive: mlp-level1-paper-180 (8.375771ms)
✔ historical M4: all protected branches/cards/ports and pair-local safety survive: transformer-level0-paper-180 (47.179583ms)
✔ historical M4: all protected branches/cards/ports and pair-local safety survive: transformer-level1-paper-180 (83.708868ms)
✔ historical M4: all protected branches/cards/ports and pair-local safety survive: transformer-level2-paper-180 (155.947664ms)
✔ historical M4: all protected branches/cards/ports and pair-local safety survive: transformer-level3-paper-180 (163.974249ms)
✔ historical M4: renamed generic graphs shorten collapsed module and repeat proxies while preserving manual pins and exposed repeat ports (4.163708ms)
✔ historical M4: single-route collapsed proxy optimization works without pressure or model-name assumptions (0.723493ms)
✔ historical M4: clear manually misaligned proxy endpoints attain the independent Manhattan minimum with two turns (0.740528ms)
✔ historical M4: expanded or actual visible targets and other roles can shorten only when their geometry remains protected (2.769281ms)
✔ historical M4: geometry shortcuts do not depend on, merge or rewrite missing or inconsistent canonical/proxy-port evidence (2.558835ms)
✔ historical M4: unrelated body, ancestor header and repeat backplate blocking all retain safe old route and immutable anchors (2.770877ms)
✔ historical M4: every other edge is protected even when sharing tensor but differing in role/style: crossing and overlap (19.439583ms)
✔ historical M4: misaligned short staircases cannot conceal crossings on another edge intermediate vertex, including same-tensor different styles (11.047954ms)
✔ historical M4: retraced protected segments cannot inflate old pair overlap and license a larger same-tensor residual overlap (1.707442ms)
✔ historical M4: effective style overrides retain separate canonical residual branches and never merge them with the same-tensor data lane (1.869364ms)
✔ historical M4: bounded-work fallback preserves the old route instead of advertising an unchecked shortcut (79.553951ms)
✔ collapsed frontier retains canonical tensors, named port direction and hidden edges (1.274132ms)
✔ expansion preserves anchor, unrelated pins, repeat sharing and re-expanded local edits (104.121834ms)
✔ batch rejects semantic field injection and stale revision without mutating input (1.319042ms)
✔ history restores a whole batch with monotonic revision and invalidates redo after new edit (1.168053ms)
✔ publication serializes the edited scene, escapes every user string and excludes editor controls (2.084986ms)
✔ document loader rejects port mismatch, parent cycle and non-finite imported geometry (0.994429ms)
✔ selected parent plus child moves once, pinned descendants protect their subtree (139.601776ms)
✔ repeated toggles restore neighbor geometry without drifting or losing a collapsed user move (247.748316ms)
✔ long Chinese aliases and annotations retain text while their geometry grows (3.698326ms)
✔ source refresh preserves unique identity presentation and resets source undo boundary (99.516514ms)
✔ a rebound edge cannot inherit a style from its previous tensor binding (150.709861ms)
✔ projected parallel edges retain differing canonical styles instead of discarding them (12.835733ms)
✔ DenseStress300 component routing keeps bounded crossings, overlap and endpoint ownership (458.825524ms)
✔ four directional moves preserve architecture, preview/commit, history and endpoints (13515.230774ms)
✔ down move retains the five atomic intrusions and matching blocked diagnostics (832.841385ms)
✔ narrow-gap centerline proposal is geometrically better but fixed target arrow remains inside the upper card (889.831242ms)
✔ component routing budgets are frozen and over-cap batches keep deterministic per-route fallback (400.886797ms)
✔ a right Add input from a strict ancestor is the only residual edge (0.647876ms)
✔ Add left/right order is symmetric; branch age is proved by bindings (0.217491ms)
✔ transitive ancestry marks the direct skip, never any trunk edge or Add output (0.237422ms)
✔ nested Adds retain distinct local skip roles without styling all ancestors (0.21968ms)
✔ two independent producers remain ordinary even when labels say residual (0.161887ms)
✔ a shared ancestor does not make either sibling input residual (0.16123ms)
✔ the same tensor producer bound to both Add slots is x+x, not a skip (0.129833ms)
✔ Concat stays ordinary even when its first producer is an ancestor of the second (0.134189ms)
✔ ancestry through a registered merge is structural, not a unary-only heuristic (0.148066ms)
✔ rename, geometry, and node/edge array order cannot manufacture or remove a role (0.534945ms)
✔ a missing Add input has no complete pair from which to infer a residual role (0.129604ms)
✔ ambiguous or invalid Add bindings stay ordinary without throwing (0.238551ms)
✔ missing producers and incorrect source/output direction cannot prove ancestry (0.23509ms)
✔ opaque, unknown, and removed catalog contracts do not imply a known path (0.372662ms)
✔ catalog direction and tensor-type contradictions disable affected role inference (0.277145ms)
✔ a directed cycle in the relevant component cannot create a strict-ancestor proof (0.135591ms)
✔ unrelated unknown and cyclic components do not alter an independently known skip (0.176275ms)
✔ parallel known components keep their local roles and ordinary branches (0.178167ms)
✔ 1200th node is accepted and cacheable; 1201th fails before any byte changes (4.312064ms)
✔ 3600th connection is accepted and cacheable; 3601th fails before any byte changes (10.265131ms)
✔ deleting a module or connection releases capacity for another edit (11.632317ms)
✔ failed limit edits preserve history, revision, past and redo bytes (30.647569ms)
✔ independent sensor rejects interior/vertex crossings and positive overlaps, while separated or point-only collinear contacts differ (0.795827ms)
✔ actual five-binding merge keeps every endpoint, outward/inward normal, and card body clear (13.770006ms)
✔ actual merge removes the different-producer crossing and Concat inlet overlay without changing the five bindings (9.361265ms)
✔ same-source fanout keeps two complete branch IDs and separately ordered destination ports (8.245474ms)
✔ four-direction merge moves, undo/redo and JSON reopen reproduce stable routes and preserve semantic facts (214.930672ms)
✔ aligned horizontal and vertical chains retain their minimum straight paths (0.702612ms)
✔ an unrelated intervening card is avoided without moving it or hiding either independently produced route (1.251547ms)
✔ reverse-directed independent bindings route outside their own cards and an intervening body with correct normals (5.701307ms)
✔ a vertical multi-input merge preserves left/right and a/b slot ordering while avoiding every different-producer contact (10.813875ms)
✔ a real forward multi-input merge with an extra obstacle retains full facts and clear branch geometry (8.16404ms)
✔ an older manual obstacle position reports its newly overlapping lower band without moving saved objects (8.963415ms)
✔ a larger draft keeps all bindings, card positions and ordered anchors when global crossing removal is best effort (8.170201ms)
✔ category browser inventories every actual runtime module once, and never invents absent categories (1.419833ms)
✔ novice aliases and common framework spelling resolve to the registered operator contract (1.911633ms)
✔ parameter search and multiword searches intersect the selected actual category (0.722405ms)
✔ exact operator names never silently resolve a different primitive or unrelated starting graph (0.821276ms)
✔ transparent starters are searchable by their real editable components and declared I/O (1.252881ms)
✔ search and filtering preserve all catalog bytes and starter graph identities/parameters (2.902054ms)
✔ all17 actual kinds keep unary cards stable and give two-input cards their independent140world body (1.702879ms)
✔ 53percent side labels reach8.1CSSpx while both names and dot hits remain separate (0.344583ms)
✔ vertical labels stay fully exterior to every card, clearing the kind caption and preserving dot hits (0.902961ms)
✔ every registered outlet-to-inlet28world vertical gap keeps offset labels disjoint with a clickable dot and owning text (13.30991ms)
✔ dimensions and ordered anchors follow declared ports rather than an Add name shortcut (0.355384ms)
✔ fit includes the complete taller body and exterior routes without changing draft or camera-independent facts (0.178673ms)
✔ single insertion and explicit arrange avoid the newly occupied lower40world band (0.415026ms)
✔ transparent preset bounds and old-card collisions include taller merge modules atomically (14.0875ms)
✔ router treats the new lower band as a real obstacle and preserves bindings through history (11.650492ms)
✔ independent compensation supports a 58percent overview without claiming readable minimum zoom (0.155989ms)
✔ independent CJK title fitting prevents the original234world-wide truncated title (0.254008ms)
✔ independent fitting retains a short label, empty string and Unicode code points (0.156887ms)
✔ independent mono samples fit150world using equal ASCII columns rather than narrow punctuation (0.143642ms)
✔ independent wide-Latin title fitting stays inside134world even for repeated W (0.059186ms)
✔ independent scaled single-port hits contain both label endpoints and the dot (0.147749ms)
✔ independent custom cramped ports retain their12world fallback without claiming overview legibility (0.111008ms)
✔ independent vertical registered merge labels do not paint into the later port hit (0.059252ms)
✔ independent tooltip avoids the downstream card instead of covering its label (0.343323ms)
✔ independent58percent chain tooltip does not cover any of four scaled cards (0.172111ms)
✔ independent vertical input tooltip avoids an upstream card with a free side (0.110702ms)
✔ independent edge clamp uses a visible free side without intruding into its owner (0.115256ms)
✔ independent no-clear-region fallback remains bounded and does not alter obstacles (0.073651ms)
✔ overview text compensation is bounded and leaves normal zoom unchanged (0.146149ms)
✔ horizontal input and output hints prefer opposite sides of their node (0.25606ms)
✔ vertical hints fall back to a visible, non-overlapping side near viewport edges (0.177264ms)
✔ equal revision and labels never allow one draft identity or node identity/kind/set to inherit another draft check (0.874445ms)
✔ parameters, array contents and every binding identity/endpoint invalidate checked shapes even before a revision increment (0.780835ms)
✔ four-direction placement, display aliases, title and revision retain the same checked static graph without mutation (1.318255ms)
✔ parameter field order is irrelevant while graph-array order remains significant for backend topological/output ordering (0.158904ms)
✔ complete static response preserves tensor declarations and identities while isolating them from mutable response data (0.256996ms)
✔ an incomplete graph may retain upstream declared tensors, but never reports complete or invents a missing downstream shape (0.440816ms)
✔ execution claims, generated-source receipts and inconsistent complete/issue or missing-tensor claims are rejected (0.393573ms)
✔ malformed tensor shapes, dtype, extra runtime flags and oversized declarations cannot reach a displayed shape label (0.602067ms)
✔ unregistered tensor/node references, repeated or nontopological order and malformed diagnostics are rejected without target inference (0.621299ms)
✔ sealed Transformer mask edge inspector reflects the actual displayed style (1280.103039ms)
✔ formal Transformer memory caption clears both repeat plates and target card with all model facts fixed (16.509871ms)
✔ general placement leaves a safe caption unchanged in expanded content and ignores empty captions (0.288271ms)
✔ independent repeat/header/note blockers relocate captions without changing paths or card coordinates (0.604305ms)
✔ two distinct captions keep separate nominal envelopes and avoid an unrelated route (2.627771ms)
✔ bounded local placement reports an impossible caption instead of hiding it or moving model objects (0.69369ms)
✔ whole and detail export use the same caption safety after projection while visual history retains canonical facts (40.972314ms)
✔ long source-declared captions remain complete and inside overview/detail bounds even when local placement is blocked (1.277183ms)
✔ editor omits only root furniture for current mlp-level1-base, retaining every canonical route and publication object (34.928173ms)
✔ editor omits only root furniture for current residual_cnn-level2-base, retaining every canonical route and publication object (606.860567ms)
✔ editor omits only root furniture for current transformer-level3-base, retaining every canonical route and publication object (1185.899893ms)
✔ unrelated custom root identity stays implicit only while expanded, and conceptual hierarchy keeps collapse/layout/cache/history (160.025835ms)
✔ fit measures edited world objects and routes, excluding publication title, legends and implicit root padding (1.093513ms)
✔ floating legend content keeps authored order and every actual edge style in color and monochrome (80.870995ms)
✔ independent parentless leaves and explicit detail boundary cards never become hidden roots (0.143907ms)
✔ editor paints an exact tensor fan-out prefix once with its real junction while preserving complete selectable bindings and export paths (2.35711ms)
✔ actual new-blank entry always starts empty despite a cached source draft, and keeps previous workspaces intact (16.221794ms)
✔ new-blank from the editor hands off the exact unsaved draft and history before creating a separate session (8.197942ms)
✔ actual App opens generated work, resumes the original semantic history on repeated returns, and recovers it after reload (35.801646ms)
✔ actual edit→view with an unchanged baseline reuses the current view and preserves both stacks and the camera (8.299617ms)
✔ actual edit→view generates the latest modified snapshot and retains its workspace before opening it (8.115193ms)
✔ real normalized generation response accepts a separate JSON-roundtripped authored presentation, but refuses stale values (43.534872ms)
✔ actual failed generation or opening preserves edited bytes/history and reports that the editor was retained (16.141555ms)
✔ actual stale async generation cannot open a newer draft, and synchronous repeated mode clicks generate once (9.104611ms)
✔ view baseline equivalence ignores only revision and detects connections, presentation and custom definitions (0.429095ms)
✔ generated workspace resumes exact draft/history, maps selection and reflects subsequent view movement without source mutation (2.796525ms)
✔ generated workspace rejects a changed document/source/IR binding before modifying retained authoring history (1.185401ms)
✔ blank-authored visual styles persist through view→edit, browser recovery and a fresh static generation (44.65487ms)
✔ generated view cache roundtrips both authoring history stacks and accepts only this exact saved model binding (2.738024ms)
✔ generated source view translates changed generated geometry back to the original source frontier before edit resumes (139.281314ms)
✔ real custom-module preview retains named keyword input and three distinct nested output boundaries in the frontend reader (0.505651ms)
✔ malformed custom source/class/constructor/port/output contracts cannot enter restored draft state (0.841127ms)
✔ actual custom-module insertion registers once, supports repeated instances and persists definitions plus undo (8.951247ms)
✔ actual custom preview callback rejects malformed JSON, preserves a bounded static result, and prevents parallel requests (3.255924ms)
✔ actual editor top actions expose edit/view mode and custom-source launcher, with floating legend outside world SVG (123.591702ms)
✔ actual source-view top actions expose the same mode switch and keep root/title/legend out of the editor world (153.757914ms)
✔ actual custom-source modal renders class/source/constructor fields and named multi-output preview without a shape claim (8.95232ms)
✔ parallel growth fitting below an existing taller branch does not shift output again (558.625255ms)
✔ horizontal free space absorbs width growth; adjacent sibling spacing and authored gap are preserved (381.892607ms)
✔ manual distant output absorbs growth; downstream relative offsets and explicit user movement survive frontier restore (487.37028ms)
✔ pinned output and pinned descendant protect anchors while the existing warning reports unresolved overlap (453.509656ms)
✔ exact collapse/reexpand frontier snapshots and undo/redo remain stable after repeated parallel expansion (930.701539ms)
✔ real Transformer depth-two UI frontier uses existing space without cumulative independent branch height (12246.547676ms)
✔ real Transformer depth-three and cached frontiers retain manual feedforward positions and no sibling intersections (18508.77818ms)
✔ real Residual CNN grows both repeats and keeps downstream pool/flatten/classifier clear (5692.203704ms)
✔ renderer changes invalidate an old export even when canvas revision and source digests match (0.3192ms)
✔ a restored artifact must describe the default document, width, revision, source and PNG resolution (0.179909ms)
✔ detail export partitions every canonical edge and visibly retains every crossing binding (449.448905ms)
✔ detail keeps edited geometry, aliases, styles, legend and contained annotations, and declares omissions (605.323841ms)
✔ distinct external node/port tuples cannot collide when their identities contain delimiters (139.772128ms)
✔ detail metadata and projected objects are detached from the input CanvasDocument (438.137589ms)
✔ detail rejects leaf, collapsed or hidden containers and invalid options; whole keeps the ordinary scene (180.67999ms)
✔ detail bounds retain manually offset descendants instead of clipping negative coordinates (544.527759ms)
✔ long boundary text and provenance fit their boxes and 85/180 mm preflight measures actual scale (454.720955ms)
✔ real source-derived MLP network detail accounts for adapters and exposes model input/output (106.542804ms)
✔ physical advice accounts for tall pages and rounds the required width upward (45.512289ms)
✔ detail choices distinguish equal labels by identity/path and preserve the current frontier and edits (2466.94786ms)
✔ ordinary large output move retains the existing all-frontier arithmetic (94.945398ms)
✔ omitted and explicit all-frontiers scopes produce identical complete documents (29.292943ms)
✔ current deep output compaction preserves compact view and repeated toggles restore distinct exact positions (148.304831ms)
✔ four current-frontier directions and duplicate IDs change only the literal current object/cache (59.560183ms)
✔ a later ordinary move still applies one delta to both differently edited saved frontiers (29.187902ms)
✔ missing or legacy-only current cache establishes canonical visible cache without altering old bytes (59.16343ms)
✔ effective compact frontier ignores retained hidden layer flags and preserves deep cache (96.582706ms)
✔ ambiguous delimiter cache remains intact while explicit current edit creates its literal canonical key (15.255679ms)
✔ selected parent and child translate once; selected pins and pinned descendants retain protection (73.166987ms)
✔ current hidden selection is rejected atomically while default established-hidden-layout behavior survives (1.433004ms)
✔ intentional negative manual positions are neither clamped nor migrated to other frontiers (342.076435ms)
✔ one scoped history entry supports exact cache undo/redo and rejects stale revisions (15.350165ms)
✔ JSON reload preserves distinct current-edited and compact positions with full model/source facts (59.234873ms)
✔ preview scope is frozen and complete scene/SVG equals corresponding real commit without document mutation (412.92556ms)
✔ unknown scopes are rejected by move and preview before any document mutation (0.545852ms)
✔ editing already malformed revision5 with current scope does not silently migrate its other cache (14.955772ms)
✔ scoped recovery preserves the other frontier and proposed scene equals committed active scene (146.19272ms)
✔ recovery validates unknown scope even on unneeded or unavailable early return paths (0.398913ms)
✔ actual edit→view rejects an unconnected Attention before source expansion, preserving draft history and a responsive event loop (273.378912ms)
✔ generated source view retains absolute draft anchors through real nested containers and faithful SVG export (1.58242ms)
✔ source presentation, pin, annotations and edge style follow exact generated identities without changing source facts (1.293389ms)
✔ ambiguous mappings are refused and unmapped presentation objects are explicitly reported (0.646575ms)
✔ a real backend generated model reopens with edited draft positions and labels while retaining its complete binding facts (47.800514ms)
✔ actual generate callback keeps the collapsed Transformer frontier and anchors when complete source generation is reopened (1060.653781ms)
✔ hierarchy order and depth follow authored roots and child lists, independent of flat node order (18.750741ms)
✔ empty aliases, escaped labels, repeat badges, pins and leaf/toggle ARIA stay exact (16.354543ms)
✔ collapsed ancestors hide latent descendants without erasing their expansion or selection (23.578425ms)
✔ a replacement architecture with the same IDs displays new labels, categories and topology (30.162623ms)
✔ an empty architecture renders no rows and non-hierarchy visual changes leave row HTML exact (11.768773ms)
✔ the actual formal source-backed 304-node model keeps precise old/new hierarchy HTML before and after expansion (1044.945058ms)
✔ historical caption compatibility rejects route/port/binding corruption and explicit or nonmemory text changes (65.91141ms)
✔ Transformer overview no longer reports its hidden root boundary or title while preserving publication checks (192.585332ms)
✔ hidden root headers cease to be routing obstacles, while physical frames retain their headers (1.22756ms)
✔ negative world positions survive nested and root collapse, undo, redo and JSON reopen (356.405242ms)
✔ visible nested containers still report escaped children and header intrusion (265.363571ms)
✔ editor drag preview matches commit and recovery does not clamp objects into the hidden root (5.484484ms)
✔ dot lattice follows the world origin through all pan quadrants and zoom levels (0.392134ms)
✔ navigation is unbounded in position and zoom retains the pointer world point (0.2495ms)
✔ transparent editor surface retains exact figure geometry and publication background (0.470918ms)
✔ retained route pair cannot grow actual collinear length after selected body clearance (20.435036ms)
✔ a different overlap peer is new damage even when primary edge and length agree (15.222468ms)
✔ unchanged ambiguous lane may remain after genuine selected-body clearance (11.814319ms)
✔ a route-only warning incident through the second edge needs genuine reduction (21.656546ms)
✔ unchanged unrelated caption warning cannot conceal growing penetration into the same body (11.697319ms)
✔ original unrelated caption obstruction may stay unchanged during selected-body repair (9.700497ms)
✔ a blocked route may not transfer penetration from one retained body to another (16.462301ms)
✔ an unrelated caption association warning may not move farther from its owned route (10.532475ms)
✔ actual upward header conflict produces understandable guidance using display aliases (38.645219ms)
✔ actual overlapping leaves expose both overlap and blocked connection guidance (46.657327ms)
✔ source-analysis warnings stay in their own panel and missing object references do not leak identifiers (16.398278ms)
✔ historical M4: source memory captions survive vertical threshold boundaries and all four movement directions in whole/detail and both presets (1198.087578ms)
✔ historical M4: the actual +24 encoder counterexample keeps its routed endpoints and visible memory after undo/redo and JSON reopening (30.618502ms)
✔ historical M4: source expansion and collapse retain every visible memory caption without adding hidden bindings or facts (182.567471ms)
✔ historical M4: default memory naming is generic while explicit empty/authored labels and other roles retain their contracts (35.137931ms)
✔ historical M4: a genuinely blocked moved memory retains its text and reports association failure instead of disappearing (19.034494ms)
✔ historical M4: source and target signed14/15 thresholds retain endpoint continuity and exact peers across caption preset size and detail combinations (14708.484826ms)
✔ historical M4: horizontal gap guards retain complete baseline when two six-unit leads are unavailable (141.648787ms)
✔ historical M4: continuity is detached and one typed move survives undo redo and JSON reopen (16.900915ms)
✔ historical M4: literal guards reject joint and same-tensor peers close strokes invalid widths gap bodies and exhausted checks (0.8375ms)
✔ historical M4: version adapter rejects coherent geometry canonical nonmemory and consumer-coverage corruptions (31.759842ms)
✔ historical M4: detail mixed consumers keep retained port coverage and architecture-order bindings after memory projection (6.565664ms)
✔ historical M4: independent frozen baseline contains all twelve actual CNN configurations with immutable narrow copies (8.241373ms)
✔ historical M4: actual CNN baseline preserves canonical facts, ports and routes: cnn-level0-paper-85 (11.009735ms)
✔ historical M4: actual CNN baseline preserves canonical facts, ports and routes: cnn-level0-paper-180 (8.362673ms)
✔ historical M4: actual CNN baseline preserves canonical facts, ports and routes: cnn-level0-monochrome-85 (11.078973ms)
✔ historical M4: actual CNN baseline preserves canonical facts, ports and routes: cnn-level0-monochrome-180 (10.41814ms)
✔ historical M4: actual CNN baseline preserves canonical facts, ports and routes: cnn-level1-paper-85 (13.908682ms)
✔ historical M4: actual CNN baseline preserves canonical facts, ports and routes: cnn-level1-paper-180 (13.049313ms)
✔ historical M4: actual CNN baseline preserves canonical facts, ports and routes: cnn-level1-monochrome-85 (15.944246ms)
✔ historical M4: actual CNN baseline preserves canonical facts, ports and routes: cnn-level1-monochrome-180 (15.449938ms)
✔ historical M4: actual CNN baseline preserves canonical facts, ports and routes: cnn-level2-paper-85 (30.544724ms)
✔ historical M4: actual CNN baseline preserves canonical facts, ports and routes: cnn-level2-paper-180 (31.467937ms)
✔ historical M4: actual CNN baseline preserves canonical facts, ports and routes: cnn-level2-monochrome-85 (40.016435ms)
✔ historical M4: actual CNN baseline preserves canonical facts, ports and routes: cnn-level2-monochrome-180 (38.884918ms)
✔ historical M4: actual Transformer frontier 0 retains source/ports while all four mono roles differ (36.594989ms)
✔ historical M4: actual Transformer frontier 1 retains source/ports while all four mono roles differ (80.805496ms)
✔ historical M4: actual Transformer frontier 2 retains source/ports while all four mono roles differ (178.616363ms)
✔ historical M4: actual Transformer frontier 3 retains source/ports while all four mono roles differ (215.252961ms)
✔ historical M4: effective line identity distinguishes role defaults from explicit solid/dashed local overrides (0.280399ms)
✔ historical M4: derived pattern validation rejects sparse holes and unsafe arrays while retaining explicit legacy styles (0.327208ms)
✔ historical M4: same-tensor role and style branches stay separate, with truthful actual variant membership (8.394896ms)
✔ historical M4: actual Transformer collapsed mask bundle splits solid/default/generic dashed with complete canonical membership (16.273943ms)
✔ historical M4: memory trunk style identity rejects equal-dashed different patterns while preserving source facts (44.697312ms)
✔ historical M4: equal-dashed different-pattern memory cannot acquire the independently known shared-family corridor (45.312091ms)
✔ historical M4: hidden inspector fallback uses the same effective pattern and exposes no hidden-only role legend (4.417854ms)
✔ historical M4: expanded detail boundary paths inherit actual role signatures and citation clears the footer (14.551672ms)
✔ historical M4: line legend clears edited annotations and manual symbols without deleting user objects (3.766922ms)
✔ historical M4: real SVG marker and stroke sample extents fit their boxes at every supported line-width boundary (17.244425ms)
✔ historical M4: empty visible graph has no fabricated line roles or samples (0.774705ms)
✔ historical M4: placing a note below objects does not make its own derived footer chase it downward (4.255998ms)
✔ historical M4: preset and override history preserves source/layout and real patterns through JSON roundtrip (4.778351ms)
✔ historical M4: independent oracle rejects coherent role/line/legend corruption rather than accepting changed expected output (4.092512ms)
✔ independent command directions use signed world distances and retain input selection (0.469015ms)
✔ decimal distances, bounded target wording, punctuation and whitespace have literal results (0.122691ms)
✔ explicit scope prefixes override either default and an omitted prefix uses the selected default (0.152354ms)
✔ empty selection, zero and nonfinite distances never emit a partial operation (0.13509ms)
✔ malformed attempted moves reject signed/exponent/partial/compound/CSS distances completely (0.221578ms)
✔ alias/color text and an empty command are not inferred as a movement (0.117631ms)
✔ actual App drag captures scope at down and commits that scope after a different render scope (47.185105ms)
✔ actual App ignores unrelated pointer-up and stale-document move without committing history (23.794838ms)
✔ actual App scope selection cancels gesture, frame and recovery before a late terminal input (21.672501ms)
✔ actual App alignment uses the selected scope and preserves the unrelated compact cache for current scope (37.027265ms)
✔ actual App language dispatch applies exact local world delta and preserves alias source facts (17.546425ms)
✔ actual App refuses partial compound movement and leaves alias/color dispatch intact (39.897357ms)
✔ actual App recovery forwards current scope and applies the exact proposed operation (18.09407ms)
✔ scope-specific caches retain the operated-container, ancestor and pinned-subtree toggle rules (1.254364ms)
✔ preview equals complete guarded scene/SVG for container resizing, negative/manual geometry and repeated frames (3186.568814ms)
✔ selected parent and child move exactly once; pinned descendants protect ancestor subtree (1078.051938ms)
✔ sparse visible layout materializes once and hidden layout uses the established source contract (332.901873ms)
✔ preview leaves history/frontiers/source untouched, commit updates snapshots and supports one undo/redo (781.120207ms)
✔ prepared snapshot isolates later caller mutation and returned scene cannot corrupt frozen semantic references (323.781586ms)
✔ preview rejects forged sessions, invalid selection/coordinates and corrupted document before showing geometry (145.980979ms)
✔ independent oracle detects polluted body/header and route geometry (62.714958ms)
✔ four directions preserve exact manual coordinates, shared endpoints and expose left/header/sibling conflicts (986.269288ms)
✔ explicit recovery preview is obstacle-safe and commit is one reversible visual operation (1305.81531ms)
✔ recovery respects pins and keeps an unchanged route-only warning distinct from an unneeded body-clear object (320.613859ms)
✔ a partial overlap reduction cannot be offered as selected-object position recovery (1.178011ms)
✔ touching the true parent border is contained while even a one-unit left escape is diagnosed (380.364962ms)
✔ selected expanded subtree moves as one root and recovery preserves child locals and outside pins (230.277652ms)
✔ an invariant internal conflict is unavailable even with many nearby candidate obstacles (619.767963ms)
✔ ready recovery preserves an existing unrelated collision rather than presenting it as globally resolved (311.111864ms)
✔ unknown or hidden objects do not produce phantom recovery scenes (124.519063ms)
✔ same-pair ancestor collision growth rejects an otherwise clear nearby candidate (4082.370744ms)
✔ two trusted trials competing for one raw event both remain unmatched (1.251757ms)
✔ a fully overlapping 2 by 2 candidate graph has no unique pair under either array order (0.373637ms)
✔ a one-candidate trial cannot steal an event from a competing two-candidate trial (0.342831ms)
✔ the matching window includes both exact 8 ms endpoints and excludes points beyond them (0.42037ms)
✔ different target identities separate otherwise identical timing windows (0.2701ms)
✔ different event names separate otherwise identical target and timing windows (0.168516ms)
✔ an untrusted competitor does not consume or make a trusted event ambiguous (0.118221ms)
✔ ambiguity in one target component does not erase a separate unique component (0.129909ms)
✔ duplicate raw records remain separate candidates and cannot fabricate uniqueness (0.245815ms)
✔ native timing remains independent of geometry and handler proxy; pin spaces differ (0.215537ms)
✔ untrusted, unmatched, ambiguous and reused native entries cannot yield passing zero latency (0.226305ms)
✔ stale source or concurrent revisions invalidate spatial and summary evidence; missing pins stay unmeasured (0.134252ms)
✔ independent native receipt checker rejects forged zero latency, anchor drift and stale source (0.606719ms)
✔ bilateral uniqueness keeps both competing trials null and is order independent (0.135092ms)
✔ overlapping candidate sets cannot be resolved by entry or trial order (0.109292ms)
✔ distinct target and event identities retain unique matches regardless of order (0.149422ms)
✔ independent verifier rejects first-trial ownership of a shared entry (0.314756ms)
✔ independent verifier rejects greedy ownership in an overlapping candidate chain (0.257712ms)
✔ clear preferred orthogonal paths remain byte-identical and endpoint data stays immutable (0.217076ms)
✔ independent broken-path counterexample detects unrelated intrusion and repaired route keeps endpoints (0.477828ms)
✔ ancestor frame passage is valid; unrelated frame interiors remain obstacles (0.118119ms)
✔ preferred route re-entry into an endpoint body is repaired, not mistaken for a clear unrelated-body path (0.191143ms)
✔ overlap covering an endpoint is reported explicitly rather than invented as a clear route (0.108615ms)
✔ blocked ancestor headers retain arbitrary canonical IDs without synthetic suffix decoding (0.113476ms)
✔ all nine historical source-bound golden frontiers rerender without unrelated-body intrusions (1471.737929ms)
✔ detail boundary stubs reuse obstacle routing across all visible expanded golden containers (14139.507325ms)
✔ four-direction moves preserve semantic identity, history, exact preview/guarded Scene and routed SVG (233.482346ms)
✔ intentional overlapping manual objects keep anchors and publish explicit overlap/routing diagnostics (45.513388ms)
✔ manual upward move into expanded ancestor header keeps the coordinate and reports the conflict (17.565836ms)
✔ sealed generated architecture uses the actual Output alias while exact return evidence survives in scene and SVG (1.481866ms)
✔ a legitimate n_ user return key without a display alias is never classified as machine-generated (0.869857ms)
✔ nested slots, scalar keys, a UUID-looking user key and whole return retain handwritten unaliased captions (0.515627ms)
✔ different long aliases on multiple outputs retain distinct labels and their independent actual nested paths (0.524019ms)
✔ non-output aliases, an Output without a declared path and opaque evidence preserve their existing meaning (0.339342ms)
✔ explicit alias uses existing visual history and undo restores the real return caption without touching canonical facts (3.065896ms)
✔ formal LSTM nested output slots retain handwritten key/index evidence in documents (101.725008ms)
✔ import validation rejects malformed output paths and slots on non-output nodes (40.852735ms)
✔ a renamed return slot cannot borrow presentation from the prior ordinal output (79.52682ms)
✔ snapshot includes queued native timing and longtask exactly once without waiting for callback delivery (0.710895ms)
✔ reset discards already queued entries before the new measurement window (0.169195ms)
✔ late callbacks retain only entries that started in the current reset window (0.199119ms)
✔ queued and callback ingestion share the same last-200 retention boundary (0.28998ms)
✔ receipt verifier recomputes percentiles and rejects unchanged or root frontiers (1.06864ms)
✔ performance probe never reports paint before its second animation-frame boundary (0.319924ms)
✔ frame sampler reports a bounded fps sample and reset removes prior samples (116.145277ms)
✔ automatic candidates replace a reverse vertical detour with a straight facing-side route, without editing bindings (0.835969ms)
✔ all four manual sides keep route endpoints on the public circle and obey source/target normals (5.114506ms)
✔ manual offset, automatic reset, undo/redo and JSON reopen retain an independent draft (3.345733ms)
✔ canvas manual proxy attachment survives collapse/reexpand, export, validation and history (22.302598ms)
✔ source diagram auto mode is opt-in and canonical bindings and node coordinates stay exact (6.040952ms)
✔ generated view port edits return to the authored endpoint and preserve an explicit automatic reset (18.70045ms)
✔ invalid offsets, sides and unknown canonical ports are rejected before a visual history change (1.03791ms)
✔ layer ordering removes a reversed downstream crossing without rewriting ranks (0.136042ms)
✔ every catalog module and every inserted preset keeps English module text while user aliases remain untouched (3.31388ms)
✔ real backend normalization and response reader preserve manual ports, with identical generated model source (40.812452ms)
✔ current residual frontier reserves an outside ancestor corridor after right move (3159.174519ms)
✔ current readable routes keep ports and peer geometry under translation and horizontal mirror (3007.890468ms)
✔ source-grounded overview mask gains eight-unit body clearance without changing any peer pair or port (67.9935ms)
✔ every advertised source example can be deleted to zero and rebuilt one module/edge at a time (18916.359281ms)
✔ all 23 library starting graphs survive deletion and incremental palette reconstruction (2765.012579ms)
✔ historical M4: independent final-SVG oracle detects all six sealed ChS stack intrusions and three buried frontier outputs (17.510488ms)
✔ historical M4: source-bound final SVG stack/endpoint/Canvas invariants: mlp-level0-paper-180 (6.514636ms)
✔ historical M4: source-bound final SVG stack/endpoint/Canvas invariants: mlp-level1-paper-180 (5.377785ms)
✔ historical M4: source-bound final SVG stack/endpoint/Canvas invariants: residual_cnn-level0-paper-180 (10.190636ms)
✔ historical M4: source-bound final SVG stack/endpoint/Canvas invariants: residual_cnn-level1-paper-180 (10.455874ms)
✔ historical M4: source-bound final SVG stack/endpoint/Canvas invariants: residual_cnn-level2-paper-180 (25.116251ms)
✔ historical M4: source-bound final SVG stack/endpoint/Canvas invariants: transformer-level0-paper-180 (40.437749ms)
✔ historical M4: source-bound final SVG stack/endpoint/Canvas invariants: transformer-level1-paper-180 (66.806685ms)
✔ historical M4: source-bound final SVG stack/endpoint/Canvas invariants: transformer-level2-paper-180 (108.144957ms)
✔ historical M4: source-bound final SVG stack/endpoint/Canvas invariants: transformer-level3-paper-180 (112.242535ms)
✔ historical M4: reported CNN bottom and Transformer memory examples attach to exposed card union (9.197193ms)
✔ historical M4: near-left bottom outputs follow actual +0/+3.5/+7 cards instead of empty envelope corners (10.307656ms)
✔ historical M4: same canonical memory output has coherent bottom and right display ports for multiple consumers (2.491031ms)
✔ historical M4: unrelated backplate-only obstacle and source own-stack reentry are independently rejected and rerouted (1.551741ms)
✔ historical M4: overlapping Repeat ownership is reported once and an endpoint covered by another body remains honestly blocked (0.226631ms)
✔ historical M4: detail fallback ports and translated stacks retain canonical boundary coverage and exposed endpoints (2.413584ms)
✔ historical M4: expanded/nonrepeat ports, in-place expansion, pins and move preview/history preserve presentation contracts (9.201391ms)
✔ a genuine source/style fan-out is drawn once with a literal junction and complete canonical paths retained (0.523623ms)
✔ tensor labels alone, distinct canonical ports, role/style changes and later rejoining never hide an ambiguous lane (0.235378ms)
✔ the image failure has genuine differently typed overlays; all 41 saved hierarchical/movement scenes now separate them without rewriting facts or anchors (7577.296129ms)
✔ deep frontier four-direction movement, persistence and history retain the separated routes and stable visual slots (13972.67124ms)
✔ route work caps are deterministic and oversized batches retain complete canonical endpoint geometry (557.75447ms)
✔ shortcut source inputs are bound to previous router and evidence candidates, not model-name heuristics (0.648694ms)
✔ independent pair sensor rejects split-vertex and collinear contacts, changed positions and new same-tensor overlaps (0.990333ms)
✔ unconflicted arbitrary typed route shortens without source/canonical evidence, object mutation or nondeterminism (4.526394ms)
✔ historical M4: source-backed mlp-level0-paper-180 shortens only pairwise protected routes and preserves nodes/source facts (0.813992ms)
✔ historical M4: source-backed mlp-level1-paper-180 shortens only pairwise protected routes and preserves nodes/source facts (2.007492ms)
✔ historical M4: source-backed residual_cnn-level0-paper-180 shortens only pairwise protected routes and preserves nodes/source facts (1.073503ms)
✔ historical M4: source-backed residual_cnn-level1-paper-180 shortens only pairwise protected routes and preserves nodes/source facts (2.411918ms)
✔ historical M4: source-backed residual_cnn-level2-paper-180 shortens only pairwise protected routes and preserves nodes/source facts (7.448678ms)
✔ historical M4: source-backed transformer-level0-paper-180 shortens only pairwise protected routes and preserves nodes/source facts (11.074236ms)
✔ historical M4: source-backed transformer-level1-paper-180 shortens only pairwise protected routes and preserves nodes/source facts (20.678322ms)
✔ historical M4: source-backed transformer-level2-paper-180 shortens only pairwise protected routes and preserves nodes/source facts (30.769154ms)
✔ historical M4: source-backed transformer-level3-paper-180 shortens only pairwise protected routes and preserves nodes/source facts (29.108263ms)
✔ obstacles, Repeat backplates and expanded ancestor headers retain a safe route rather than take the Manhattan shortcut (30.190053ms)
✔ covered endpoint, invalid reversal and work-cap inputs preserve honest fallback routes (44.958352ms)
✔ same-tensor and different-tensor peer geometry cannot gain hidden crossings contacts or overlaps (6.624521ms)
✔ a 0.005-world-unit moved same-tensor crossing cannot masquerade as its old geometric point (3.222997ms)
✔ shortcut cannot make its source escape hit its own endpoint through a non-adjacent segment (2.273193ms)
✔ existing self contacts and crossings remain eligible for a checked shorter subset (0.595233ms)
✔ independent self sensor ignores adjacent bends but detects non-adjacent crossing, point contact and retracing (0.126698ms)
✔ historical M4: independent oracle rejects 15 corruptions including coherent graph displacement and tensor concealment (5.187066ms)
✔ historical M4: independent strict-interior oracle excludes point contact and same tensor trunks, merges collinear intervals (0.86868ms)
✔ historical M4: outline compatibility rejects eight coherent corruptions while preserving the frozen routing oracle (29.927849ms)
✔ historical M4: independent source-bound frontier/detail/four-direction history invariants: mlp-level0-paper-180 (36.282307ms)
✔ historical M4: independent source-bound frontier/detail/four-direction history invariants: mlp-level1-paper-180 (82.31206ms)
✔ historical M4: independent source-bound frontier/detail/four-direction history invariants: residual_cnn-level0-paper-180 (69.228122ms)
✔ historical M4: independent source-bound frontier/detail/four-direction history invariants: residual_cnn-level1-paper-180 (122.700306ms)
✔ historical M4: independent source-bound frontier/detail/four-direction history invariants: residual_cnn-level2-paper-180 (314.67433ms)
✔ historical M4: independent source-bound frontier/detail/four-direction history invariants: transformer-level0-paper-180 (349.174418ms)
✔ historical M4: independent source-bound frontier/detail/four-direction history invariants: transformer-level1-paper-180 (712.825493ms)
✔ historical M4: independent source-bound frontier/detail/four-direction history invariants: transformer-level2-paper-180 (1530.880741ms)
✔ historical M4: independent source-bound frontier/detail/four-direction history invariants: transformer-level3-paper-180 (1652.632549ms)
✔ historical M4: real public source-bound Transformer metrics improve while preserving unresolved complex crossings (41.61077ms)
✔ historical M4: public differing-tensor geometry reduces overlap length while shared tensor trunk remains byte-identical (3.69629ms)
✔ indexed projected ports retain non-adjacent canonical coverage and role order (21.553231ms)
✔ parallel style groups and cycle fallback survive expand/undo/redo without mutating source (620.11473ms)
✔ actual compact source-card markup retains dimensions, dot-only port hit and a topmost body drag target (9.606602ms)
✔ actual AuthoringStudio title clicks select two compact nodes and its pointer callbacks drag both as one undo action (14.184406ms)
✔ actual App callbacks retain draft undo/redo and follow same-revision camera, selection and tool on multiple returns (107.570804ms)
✔ real source rebase preserves parameters, added nodes and edges, deletion tombstones and both history stacks (313.296922ms)
✔ actual App visual-revision return reprojects complete history and preserves source history byte-for-byte (269.505179ms)
✔ changed source/IR or an invalid history rebase is rejected atomically before replacing a retained session (163.160327ms)
✔ saved/reopened draft retains view and undo, browser recovery restores both stacks and rejects cross-source history (97.158569ms)
✔ source→draft viewport change preserves world centre and close-up zoom without changing canvas geometry (0.163803ms)
✔ actual AuthoringStudio reopen callback keeps camera/selection and undo; save commits only matching current bytes (97.067339ms)
✔ unresolved regions expose both authored paths and nested source definitions in view and editor (231.092978ms)
✔ all recovered source compositions recursively expose their real primitives, including unnamed nested modules and repeats (1501.374623ms)
✔ decomposed Transformer edits generate a compact view and return with full structure, manual ports and undo intact (3559.860967ms)
✔ editing and view frontiers cannot be paired across document revisions (116.620594ms)
✔ unseen opaque models accept edits on the same source canvas with save/reopen, undo and export (409.038775ms)
✔ source frontier collapse retains opaque visual changes and hidden local placement without regenerating Python (282.859241ms)
✔ source dependency arrows restore after collapse and JSON reopen without changing tensor edges or ports (55.683114ms)
✔ source arrows and separate legend appear in publication/editor SVG and stay inside fit bounds (4.074567ms)
✔ detail export includes only dependencies inside its selected source subtree (3.843522ms)
✔ source relations reject tensor endpoints, self loops, extra bindings and duplicate identities (1.279568ms)
✔ editor derives source arrows from actual moved geometry and persists facts through source presentation edits (74.163891ms)
✔ missing expanded children and incomplete boundary recovery retain conservative tensor presentation (4.570496ms)
✔ real Temporal shared projection keeps two distinct calls and four authored paths after edits and reopen (96.525142ms)
✔ Skip repeat is independent; expanding and detail export retain identities and external boundaries (184.685787ms)
✔ GNN names and arbitrary visual aliases do not turn unknown regions into known attention (57.60568ms)
✔ same label and duplicated call identity cannot invent distinct shared calls; facts detach from Canvas (68.5231ms)
✔ long authored output keys stay exact in metadata while subtitles fit the existing node width (74.152679ms)
✔ source-backed 300-layer Sequential expansion exposes 300 canonical layer objects (1113.614952ms)
✔ the actual CNN sentence breaks before path instead of splitting a fitting word (0.13706ms)
✔ CJK characters and whole English tokens can share lines without inserted text (0.101969ms)
✔ explicit line breaks and blank lines remain while soft line boundaries discard whitespace (0.110967ms)
✔ oversized source identifiers have finite code-point fallback without dropping characters (2.988027ms)
✔ Unicode code points stay intact and an individually oversized point still makes progress (0.267976ms)
✔ Scene annotation height and both SVG modes use the independently expected CNN lines (0.821341ms)
✔ a valid annotation narrower than its text inset still builds and renders (0.467865ms)
✔ real residual CNN nested expansion keeps downstream pool clear and restores base frontier (4040.526946ms)
✔ real MLP pinned output conflict is explicit while both expansion anchors stay fixed (115.000032ms)
ℹ tests 599
ℹ suites 0
ℹ pass 599
ℹ fail 0
ℹ cancelled 0
ℹ skipped 0
ℹ todo 0
ℹ duration_ms 245452.316401
