✔ the actual blank authoring component exposes visible steps, a static-check entry and the draft count (12.6738ms)
✔ the inspector assertion rejects the same compilable component with only that visible panel removed (64.282506ms)
✔ unavailable activation searches name their missing operation and disclose differences in available options (0.190623ms)
✔ unavailable tensor module searches explain the current dimensional or pooling limits (0.123508ms)
✔ attention and recurrent searches expose the missing behavior without promising an equivalent network (0.140347ms)
✔ ordinary and empty searches retain the generic palette message (0.098916ms)
✔ the actual palette visibly exposes classification and alias/parameter discovery (5.150649ms)
✔ actual palette rendering uses the runtime inventory, alias search and the selected module category (183.717214ms)
✔ a transparent network is one history step and redo restores its stable nodes, edges and edits (8.505544ms)
✔ repeat insertion avoids occupied cards, preserves prior identities and bindings, and never connects old networks (18.019175ms)
✔ IDs collide or fail safely before any draft mutation; retry uses fresh identities for every node and edge (0.751028ms)
✔ catalog compatibility, node/edge budgets and extreme coordinates refuse atomically (2.983798ms)
✔ CNN starting layout is legible at the observed viewport with one clear exterior row return (6.186004ms)
✔ actual inserted graphs pass the formal nonexecuting backend source pipeline; a disconnected old node still fails generation (130.474812ms)
✔ category browser inventories every actual runtime module once, and never invents absent categories (1.359814ms)
✔ novice aliases and common framework spelling resolve to the registered operator contract (1.854962ms)
✔ parameter search and multiword searches intersect the selected actual category (0.761915ms)
✔ exact operator names never silently resolve a different primitive or unrelated starting graph (0.834195ms)
✔ transparent starters are searchable by their real editable components and declared I/O (1.24411ms)
✔ search and filtering preserve all catalog bytes and starter graph identities/parameters (3.012126ms)
ℹ tests 20
ℹ suites 0
ℹ pass 20
ℹ fail 0
ℹ cancelled 0
ℹ skipped 0
ℹ todo 0
ℹ duration_ms 883.77527
exit_code=0
