test_actual_current_frontiers_retain_complete_source_and_ports (tests.test_source_authoring_bridge.SourceAuthoringBridgeTests.test_actual_current_frontiers_retain_complete_source_and_ports) ... ok
test_collapse_expand_rebase_keeps_edits_new_nodes_connections_and_deletion (tests.test_source_authoring_bridge.SourceAuthoringBridgeTests.test_collapse_expand_rebase_keeps_edits_new_nodes_connections_and_deletion) ... ok
test_collapsed_frontier_generation_materializes_only_canonical_facts (tests.test_source_authoring_bridge.SourceAuthoringBridgeTests.test_collapsed_frontier_generation_materializes_only_canonical_facts) ... ok
test_forged_source_ir_and_port_binding_are_rejected (tests.test_source_authoring_bridge.SourceAuthoringBridgeTests.test_forged_source_ir_and_port_binding_are_rejected) ... ok
test_authored_group_is_a_real_nested_module_and_exact_bindings (tests.test_authoring_group_generation.GroupGenerationTests.test_authored_group_is_a_real_nested_module_and_exact_bindings) ... ok
test_grouped_generation_rejects_missing_boundary_edge (tests.test_authoring_group_generation.GroupGenerationTests.test_grouped_generation_rejects_missing_boundary_edge) ... ok
test_grouped_lstm_unpacks_named_state_tuple (tests.test_authoring_group_generation.GroupGenerationTests.test_grouped_lstm_unpacks_named_state_tuple) ... ok
test_imported_source_dynamic_ports_group_without_flat_alias (tests.test_authoring_group_generation.GroupGenerationTests.test_imported_source_dynamic_ports_group_without_flat_alias) ... ok
test_plain_generate_dispatches_only_for_persisted_groups (tests.test_authoring_group_generation.GroupGenerationTests.test_plain_generate_dispatches_only_for_persisted_groups) ... ok
test_conv_transpose_and_pool_dimensional_contracts (tests.test_authoring_catalog_expanded.ExpandedCatalogTests.test_conv_transpose_and_pool_dimensional_contracts) ... ok
test_cross_attention_weights_memory_roles_and_seq_axes (tests.test_authoring_catalog_expanded.ExpandedCatalogTests.test_cross_attention_weights_memory_roles_and_seq_axes) ... ok
test_every_advertised_atom_generates_reanalyzes_without_opaque_node (tests.test_authoring_catalog_expanded.ExpandedCatalogTests.test_every_advertised_atom_generates_reanalyzes_without_opaque_node) ... ok
test_hand_calculated_batched_matmul_and_multiply (tests.test_authoring_catalog_expanded.ExpandedCatalogTests.test_hand_calculated_batched_matmul_and_multiply) ... ok
test_recurrent_all_outputs_are_real_tensor_slots_and_can_feed_downstream (tests.test_authoring_catalog_expanded.ExpandedCatalogTests.test_recurrent_all_outputs_are_real_tensor_slots_and_can_feed_downstream) ... ok
test_rejects_false_static_claims (tests.test_authoring_catalog_expanded.ExpandedCatalogTests.test_rejects_false_static_claims) ... ok
test_reshape_transpose_reductions_have_independent_exact_shapes (tests.test_authoring_catalog_expanded.ExpandedCatalogTests.test_reshape_transpose_reductions_have_independent_exact_shapes) ... ok
test_secondary_output_shape_is_used_by_reshape_and_source_normalization (tests.test_authoring_catalog_expanded.ExpandedCatalogTests.test_secondary_output_shape_is_used_by_reshape_and_source_normalization) ... ok
test_tampered_source_and_output_slot_swaps_are_rejected (tests.test_authoring_catalog_expanded.ExpandedCatalogTests.test_tampered_source_and_output_slot_swaps_are_rejected) ... ok

----------------------------------------------------------------------
Ran 18 tests in 3.763s

OK
