
> archcanvas-studio@0.1.0 test
> node --experimental-strip-types --test --test-isolation=none tests/*.test.ts

✔ toolbar zoom preserves the viewed world centre at fit, reset and zoom limits (3.479516ms)
✔ new figure measures initial aliases before materializing and keeps its straight chain through reopen and re-expansion (14.700632ms)
✔ initial alias validation rejects foreign identities and keeps default creation compatible (2.634618ms)
✔ viewport arrangement folds an eight-module chain, preserves facts/history and avoids body intrusions (12.663583ms)
✔ viewport folding cannot turn a branch or merge into a unary chain (0.33542ms)
✔ historical M4: independent corridor parser rejects ignored bytes, diagonal, partial, nonfinite and multiple subpaths (1.286688ms)
✔ historical M4: independent corridor metrics preserve split crossings, point contacts and pair-local interval union (8.215691ms)
✔ historical M4: independent corridor frozen captures remain bound to exact archived source bytes (6.337389ms)
✔ historical M4: independent corridor family identity requires exact source, memory role, effective style, side and complete canonical membership (2.444788ms)
✔ historical M4: independent corridor rejects coherent semantic, branch, circle, style, body and same-tensor crossing corruptions (148.330734ms)
✔ historical M4: independent corridor literal shared-family improvement retains each branch and exposes crossing exchanges (25.572368ms)
✔ historical M4: independent corridor current nine frontiers and three details preserve source, cards, ports, canonical branches and protected geometry (564.77912ms)
✔ historical M4: independent corridor current L3 cannot trade overlap for crosses or lose named canonical fanout branches (77.065561ms)
✔ historical M4: independent corridor work caps remain their literal approved bounds (0.103705ms)
✔ suggestion is below every current body, including expanded frames, legends and other notes (0.411802ms)
✔ excluding the selected annotation ignores its old bounds and gives a stable repeated position (0.177437ms)
✔ body conflicts include frontier leaves, legend labels and other notes, with exact touching permitted (0.202211ms)
✔ body conflict result does not assert orthogonal edge clearance (0.098062ms)
✔ formal complex expansion keeps the existing absolute note and recommends a clear new note below the new frontier (671.30658ms)
✔ explicit move below diagram is one annotation history operation and preserves save/export fields (655.538776ms)
✔ deepest source relation index folds bottom-up and never confuses a tensor name with a binding (68.463234ms)
✔ real MLP expanded network has one atomic input lane and no parent/child arrow ambiguity (2.221892ms)
✔ detail export keeps folded atomic coverage and does not resurrect coarse parent arrows (126.497261ms)
✔ atomic frontier mlp-level0-paper-180 keeps source facts canonical ports exports and four-direction history (1.586291ms)
✔ atomic frontier mlp-level1-paper-180 keeps source facts canonical ports exports and four-direction history (25.944341ms)
✔ atomic frontier residual_cnn-level0-paper-180 keeps source facts canonical ports exports and four-direction history (17.68512ms)
✔ atomic frontier residual_cnn-level1-paper-180 keeps source facts canonical ports exports and four-direction history (54.271512ms)
✔ atomic frontier residual_cnn-level2-paper-180 keeps source facts canonical ports exports and four-direction history (88.205292ms)
✔ atomic frontier transformer-level0-paper-180 keeps source facts canonical ports exports and four-direction history (95.313674ms)
✔ atomic frontier transformer-level1-paper-180 keeps source facts canonical ports exports and four-direction history (277.660418ms)
✔ atomic frontier transformer-level2-paper-180 keeps source facts canonical ports exports and four-direction history (433.762398ms)
✔ atomic frontier transformer-level3-paper-180 keeps source facts canonical ports exports and four-direction history (458.640428ms)
✔ clear arbitrary route takes the local Manhattan corridor without touching nodes or endpoints (0.917153ms)
✔ route improvement cannot create a new peer crossing even for equal tensor identifiers (1.370056ms)
✔ independent from-zero chain arrangement can fit its previously offscreen output with all module boxes visible (0.39231ms)
✔ independent fit handles negative manual placements, merge branches, aspect ratios and the full128module contract (10.499368ms)
✔ empty and unmeasured viewports return finite camera state and keep the blank draft intact (0.154092ms)
✔ manual off-body route waypoints fit along with node rectangles without changing either model or route (0.252984ms)
✔ raw numerical field input rejects empty tokens, invalid dimensions, nonfinite values and out-of-contract lengths (0.303284ms)
✔ duplicate display labels never redirect a typed shape diagnostic to another module or infer a target from text (0.281481ms)
✔ unknown node identities and unregistered parameter/port names cannot produce an active field highlight (0.297285ms)
✔ unstructuredHTTP conflicts and malformed diagnostics keep useful message without fabricated node or field targets (0.174101ms)
✔ public JSON transport preserves structured diagnostics and HTTP status without changing legacy successful payloads (12.485435ms)
✔ deferred old-draft response cannot resolve a missing identity in a replacement draft with the same labels (0.535019ms)
✔ flow interface projects frozen vertical chain and no-edge/horizontal default without semantic state (0.193388ms)
✔ real frozen four-node vertical chain has three literal straight gap-only routes, preserving every source fact (0.886042ms)
✔ literal horizontal chain retains legacy side coordinates and zero-bend straight gaps (0.358365ms)
✔ vertical Add branch keeps shared fanout identity, distinct ordered merge ports and unobstructed paths (1.863493ms)
✔ vertical Concat named input projections never collapse a/b producer identities (1.444243ms)
✔ an independent intervening body forces a safe detour without node movement or false blocked success (0.598707ms)
✔ a covering body blocking the target stays explicit and does not move user anchors (0.21425ms)
✔ reverse-positioned vertical DAG leaves bottom ports outward and reaches top ports from outside bodies (1.558033ms)
✔ flow and geometry are insensitive to authored array ordering and equivariant under whole-draft translation (0.756744ms)
✔ four directional visual moves retain graph, one-command history, undo/redo geometry and JSON persistence (3.207705ms)
✔ an independent horizontal graph cannot rotate the frozen vertical graph's public ports or three straight routes (0.849533ms)
✔ the actual blank authoring component exposes visible steps, a static-check entry and the draft count (11.006418ms)
✔ the inspector assertion rejects the same compilable component with only that visible panel removed (67.151643ms)
✔ unavailable activation searches name their missing operation and disclose differences in available options (0.208208ms)
✔ unavailable tensor module searches explain the current dimensional or pooling limits (0.092756ms)
✔ attention and recurrent searches expose the missing behavior without promising an equivalent network (0.107864ms)
✔ ordinary and empty searches retain the generic palette message (0.058687ms)
✔ the actual palette visibly exposes classification and alias/parameter discovery (5.249258ms)
✔ actual palette rendering uses the runtime inventory, alias search and the selected module category (179.96648ms)
✔ independent four-direction authored moves preserve exact graph and one-command undo/redo (5.586986ms)
✔ merge ports stay distinct, fan-out is retained, malformed direction/foreign port and duplicate producers fail atomically (7.519005ms)
✔ a new binding that closes a directed cycle leaves history and every prior edge unchanged (0.279046ms)
✔ deleting a branch removes only its incident bindings and undo restores both merge ports (0.499821ms)
✔ explicit DAG arrange handles merge longest-path dependencies without overlaps or semantic changes (2.125262ms)
✔ manual covering overlaps keep anchors and report every retained routing obstruction (0.339683ms)
✔ no-op changes and unavailable history travel preserve identity; a new edit after undo clears redo (0.246129ms)
✔ public draft transport binds save CAS revision and reopens an independent exact draft while a conflict retains local edits (1.44555ms)
✔ click additions find free space past the original five-node overlap counterexample without moving prior modules (1.315327ms)
✔ cache boundary rejects crash-causing node shapes, impossible revisions and unsafe coordinates while returning detached valid edits (0.63383ms)
✔ public authoring pan primitive uses final endpoint in all four directions, ignores foreign pointer and preserves model history (0.390689ms)
✔ a transparent network is one history step and redo restores its stable nodes, edges and edits (5.940783ms)
✔ repeat insertion avoids occupied cards, preserves prior identities and bindings, and never connects old networks (3.515252ms)
✔ IDs collide or fail safely before any draft mutation; retry uses fresh identities for every node and edge (0.678497ms)
✔ catalog compatibility, node/edge budgets and extreme coordinates refuse atomically (2.629261ms)
✔ CNN starting layout is legible at the observed viewport with one clear exterior row return (1.51267ms)
✔ actual inserted graphs pass the formal nonexecuting backend source pipeline; a disconnected old node still fails generation (139.482429ms)
✔ pointerup endpoint is available without an intervening move or RAF (0.172918ms)
✔ terminal endpoint includes movement beyond the last sampled preview (0.074426ms)
✔ pan displacement is measured in CSS pixels and never divided by zoom (0.088134ms)
✔ returning to start restores exact initial camera without cumulative drift (0.132074ms)
✔ viewport-origin shift alone does not masquerade as a pointer delta (0.054725ms)
✔ a second pointer cannot update or finish the original pan (0.0499ms)
✔ initial camera snapshot and caller input remain untouched (0.070527ms)
✔ invalid start coordinates, zoom and pointer identity are rejected (0.223484ms)
✔ world camera keeps the sealed Transformer scene continuous across negative bounds (48.81239ms)
✔ fit, focus, pointer-centered zoom and pan use world coordinates (0.239165ms)
✔ same-viewport reload preserves exact camera and independently calculated world centre (0.405325ms)
✔ a resized reopened viewport preserves world centre and zoom through new pixel translation (0.117095ms)
✔ source/IR/document identities and visual revisions prevent stale or cross-model reuse (0.132114ms)
✔ per-document source/IR keys isolate values without adding revision to the key (0.135874ms)
✔ invalid stored versions, centres, scales, viewport and identity are refused rather than coerced (0.22194ms)
✔ fit scales below .15 remain valid while unsafe captures are rejected (0.171698ms)
✔ malformed, absent, oversized, disabled and quota-failed storage leave a graceful fallback (0.253764ms)
✔ delayed restore cannot supersede explicit fit, zoom, focus, pan or a newer document load (0.112563ms)
✔ terminal pan is saved and cancellation can restore the prior camera without retaining the preview (0.118747ms)
✔ capture/restore/tickets mutate no input and store revisions without touching Canvas/history (0.443351ms)
✔ a deliberately adopted reconciled identity can retain view while old source state remains isolated (0.106422ms)
✔ actual App initialization callbacks read the owned saved view before any initial write (29.318788ms)
✔ actual App persistence callback refuses previews then writes terminal camera and rollback (11.174122ms)
✔ actual App delayed callback rejects later intent/load/revision and handles deferred viewport (84.267919ms)
✔ the observed large-to-small live resize keeps world centre 350,405 in its first coordinated result (0.189727ms)
✔ fractional, negative and small-fit cameras preserve centre and zoom across anisotropic size chains (0.174482ms)
✔ same-size deliveries are no-ops and invalid or hidden dimensions cannot establish a frame (0.125222ms)
✔ actual App idle resize commits the latest centre synchronously without a new intent or history entry (19.351716ms)
✔ actual persistence before observer delivery uses the camera anchor instead of a newly resized DOM (18.167736ms)
✔ actual pan, move, box and port ownership defer resize until their mapping is released (67.868113ms)
✔ actual terminal pan includes the unsampled pointerup delta then applies the queued resize exactly once (16.339695ms)
✔ actual cancel after a resized pan preview restores the original world centre and never retains that preview (21.434404ms)
✔ actual resized object drag keeps its typed delta and one undo entry independent of transient camera coordination (15.887331ms)
✔ actual box terminal selection uses the old frozen camera before viewport coordination (15.547445ms)
✔ an explicit current-size camera commit wins without a second old-size correction (14.905054ms)
✔ initialization ignores unowned resize and restores at its latest viewport; active drag defers it (21.296544ms)
✔ an early actual spatial gesture owns its displayed mapping and invalidates a delayed restore even after document commit (30.312275ms)
✔ an early actual pan establishes its own viewport anchor before a resized terminal sample (15.087772ms)
✔ a later document, revision, load or explicit intent rejects pending initialization and old ownership (80.75922ms)
✔ the actual observer effect commits in its delivery and rejects disconnected or replaced elements (21.885176ms)
✔ the real window fallback follows the same mapping and unregisters after cleanup (14.71845ms)
✔ the actual observer remount resumes a bounded exhausted hidden initialization at the now-visible dimensions (14.304781ms)
✔ the actual observer revives an exhausted tiny viewport only when dimensions become usable (14.190316ms)
✔ a stale load/intent/revision cannot revive after hidden exhaustion, and an owned remount keeps explicit intent (68.336431ms)
✔ hidden dimensions are ignored; a tiny visible viewport can return without contaminating stored centre (14.288057ms)
✔ source-grounded distant memory caption has an owned-route guide instead of silently floating beside mask routes (17.795418ms)
✔ a safe close caption keeps its coordinates and creates no decorative guide (0.305988ms)
✔ general translated CJK captions use short collision-free guides without model-name or ID dependencies (1.687052ms)
✔ crowded and shared-route attachments preserve captions and give explicit diagnostics instead of unsafe guide connections (9.565109ms)
✔ notes, other caption envelopes, crossing routes and reserved guides remain obstacles in a general multi-label batch (2.631991ms)
✔ whole/detail, aliases, monochrome, save/reopen and undo/redo keep caption decoration outside canonical metadata (55.485657ms)
✔ a general stress batch preserves every canonical edge and produces deterministic nonintersecting decorations (87.870216ms)
✔ a dense batch above the deterministic association limit keeps every label and emits diagnostics (0.679193ms)
✔ geometry-check exhaustion in a still-supported batch preserves remaining captions with explicit budget evidence (228.158193ms)
✔ a later moved caption clears the visible stroke of an earlier reserved guide (7.865952ms)
✔ a narrow guide cannot visually overlap or touch a parallel foreign tensor stroke (3.997879ms)
✔ uncertifiable foreign stroke widths preserve text with a diagnostic instead of emitting guides (0.222686ms)
✔ direct ancestor collapse restores compact visible frontier and retains hidden expanded children (4.156001ms)
✔ reopen ancestor resurrects hidden expansion and exact independently supplied deep geometry (7.489927ms)
✔ changing hidden descendant expansion memory cannot replay a stale geometry into visible siblings (1.120696ms)
✔ manual container and downstream moves survive compact restoration and deep reopening; unrelated pin remains exact (11.028001ms)
✔ pinned downstream position and pinned hidden leaf are protected rather than rolled back to a compact cache (5.821946ms)
✔ undo and redo restore compact/deep states, hidden memory and exact positions independently of revision (3.223ms)
✔ JSON save/reload of collapsed canvas retains nested expansion memory and exact deep reopening (5.14433ms)
✔ manual hidden-leaf memory remains exact through direct ancestor collapse, JSON reload and reopen (7.154187ms)
✔ literal node identities containing delimiter characters do not discard latent expansion memory or visible geometry (5.722296ms)
✔ two different valid expanded sets with the same legacy delimiter string cannot share frontier geometry (2.183566ms)
✔ existing composite legacy cache ambiguous between a delimiter identity and two parallel branches cannot inject tall geometry (1.944875ms)
✔ actual frozen CNN deep canvas collapses repeat directly to literal compact root positions while retaining both block memories (16.466172ms)
✔ actual already-bad collapsed CNN cannot overwrite its earlier compact cache before reopening and recollapsing (14.563255ms)
✔ historical M4: independent residual baseline freezes all nine authored frontiers and actual public route bytes (7.110631ms)
✔ historical M4: independent route parser and protected pair oracle expose split-vertex crossings and interval union (0.519477ms)
✔ historical M4: independent oracle rejects coherent branch, role/style, port, body/header and backplate corruptions (9.035915ms)
✔ historical M4: CNN collapsed proxy residual becomes the independent 38-unit straight route without merging its data lane (4.326309ms)
✔ historical M4: all protected branches/cards/ports and pair-local safety survive: residual_cnn-level0-paper-180 (8.505336ms)
✔ historical M4: all protected branches/cards/ports and pair-local safety survive: residual_cnn-level1-paper-180 (15.743232ms)
✔ historical M4: all protected branches/cards/ports and pair-local safety survive: residual_cnn-level2-paper-180 (38.726223ms)
✔ historical M4: all protected branches/cards/ports and pair-local safety survive: mlp-level0-paper-180 (3.762048ms)
✔ historical M4: all protected branches/cards/ports and pair-local safety survive: mlp-level1-paper-180 (8.195474ms)
✔ historical M4: all protected branches/cards/ports and pair-local safety survive: transformer-level0-paper-180 (44.957286ms)
✔ historical M4: all protected branches/cards/ports and pair-local safety survive: transformer-level1-paper-180 (81.653402ms)
✔ historical M4: all protected branches/cards/ports and pair-local safety survive: transformer-level2-paper-180 (155.488517ms)
✔ historical M4: all protected branches/cards/ports and pair-local safety survive: transformer-level3-paper-180 (168.040764ms)
✔ historical M4: renamed generic graphs shorten collapsed module and repeat proxies while preserving manual pins and exposed repeat ports (4.155311ms)
✔ historical M4: single-route collapsed proxy optimization works without pressure or model-name assumptions (0.718286ms)
✔ historical M4: clear manually misaligned proxy endpoints attain the independent Manhattan minimum with two turns (0.736191ms)
✔ historical M4: expanded or actual visible targets and other roles can shorten only when their geometry remains protected (2.764264ms)
✔ historical M4: geometry shortcuts do not depend on, merge or rewrite missing or inconsistent canonical/proxy-port evidence (2.635785ms)
✔ historical M4: unrelated body, ancestor header and repeat backplate blocking all retain safe old route and immutable anchors (2.774557ms)
✔ historical M4: every other edge is protected even when sharing tensor but differing in role/style: crossing and overlap (19.957272ms)
✔ historical M4: misaligned short staircases cannot conceal crossings on another edge intermediate vertex, including same-tensor different styles (10.826268ms)
✔ historical M4: retraced protected segments cannot inflate old pair overlap and license a larger same-tensor residual overlap (1.820677ms)
✔ historical M4: effective style overrides retain separate canonical residual branches and never merge them with the same-tensor data lane (1.850788ms)
✔ historical M4: bounded-work fallback preserves the old route instead of advertising an unchecked shortcut (81.457917ms)
✔ collapsed frontier retains canonical tensors, named port direction and hidden edges (1.058108ms)
✔ expansion preserves anchor, unrelated pins, repeat sharing and re-expanded local edits (10.865226ms)
✔ batch rejects semantic field injection and stale revision without mutating input (1.028854ms)
✔ history restores a whole batch with monotonic revision and invalidates redo after new edit (1.022652ms)
✔ publication serializes the edited scene, escapes every user string and excludes editor controls (1.678405ms)
✔ document loader rejects port mismatch, parent cycle and non-finite imported geometry (0.830242ms)
✔ selected parent plus child moves once, pinned descendants protect their subtree (13.922577ms)
✔ repeated toggles restore neighbor geometry without drifting or losing a collapsed user move (27.254783ms)
✔ long Chinese aliases and annotations retain text while their geometry grows (1.620423ms)
✔ source refresh preserves unique identity presentation and resets source undo boundary (19.084427ms)
✔ a rebound edge cannot inherit a style from its previous tensor binding (15.345703ms)
✔ projected parallel edges retain differing canonical styles instead of discarding them (2.420577ms)
✔ DenseStress300 component routing keeps bounded crossings, overlap and endpoint ownership (295.748502ms)
✔ four directional moves preserve architecture, preview/commit, history and endpoints (6499.40854ms)
✔ down move retains the five atomic intrusions and matching blocked diagnostics (389.63966ms)
✔ narrow-gap centerline proposal is geometrically better but fixed target arrow remains inside the upper card (451.580367ms)
✔ component routing budgets are frozen and over-cap batches keep deterministic per-route fallback (192.281167ms)
✔ a right Add input from a strict ancestor is the only residual edge (0.633567ms)
✔ Add left/right order is symmetric; branch age is proved by bindings (0.212824ms)
✔ transitive ancestry marks the direct skip, never any trunk edge or Add output (0.234208ms)
✔ nested Adds retain distinct local skip roles without styling all ancestors (0.220239ms)
✔ two independent producers remain ordinary even when labels say residual (0.170975ms)
✔ a shared ancestor does not make either sibling input residual (0.156675ms)
✔ the same tensor producer bound to both Add slots is x+x, not a skip (0.128319ms)
✔ Concat stays ordinary even when its first producer is an ancestor of the second (0.13305ms)
✔ ancestry through a registered merge is structural, not a unary-only heuristic (0.161167ms)
✔ rename, geometry, and node/edge array order cannot manufacture or remove a role (0.515305ms)
✔ a missing Add input has no complete pair from which to infer a residual role (0.132345ms)
✔ ambiguous or invalid Add bindings stay ordinary without throwing (0.261762ms)
✔ missing producers and incorrect source/output direction cannot prove ancestry (0.240424ms)
✔ opaque, unknown, and removed catalog contracts do not imply a known path (0.325212ms)
✔ catalog direction and tensor-type contradictions disable affected role inference (0.326376ms)
✔ a directed cycle in the relevant component cannot create a strict-ancestor proof (0.14452ms)
✔ unrelated unknown and cyclic components do not alter an independently known skip (0.169971ms)
✔ parallel known components keep their local roles and ordinary branches (0.178345ms)
✔ 128th node is accepted and cacheable; 129th fails before any byte changes (0.741623ms)
✔ 384th connection is accepted and cacheable; 385th fails before any byte changes (1.344707ms)
✔ deleting a module or connection releases capacity for another edit (1.400259ms)
✔ failed limit edits preserve history, revision, past and redo bytes (3.141736ms)
✔ independent sensor rejects interior/vertex crossings and positive overlaps, while separated or point-only collinear contacts differ (0.506366ms)
✔ actual five-binding merge keeps every endpoint, outward/inward normal, and card body clear (9.332147ms)
✔ actual merge removes the different-producer crossing and Concat inlet overlay without changing the five bindings (6.377939ms)
✔ same-source fanout keeps two complete branch IDs and separately ordered destination ports (3.224786ms)
✔ four-direction merge moves, undo/redo and JSON reopen reproduce stable routes and preserve semantic facts (86.574174ms)
✔ aligned horizontal and vertical chains retain their minimum straight paths (0.4729ms)
✔ an unrelated intervening card is avoided without moving it or hiding either independently produced route (0.569427ms)
✔ reverse-directed independent bindings route outside their own cards and an intervening body with correct normals (1.168784ms)
✔ a vertical multi-input merge preserves left/right and a/b slot ordering while avoiding every different-producer contact (5.68233ms)
✔ a real forward multi-input merge with an extra obstacle retains full facts and clear branch geometry (5.04032ms)
✔ an older manual obstacle position reports its newly overlapping lower band without moving saved objects (5.436353ms)
✔ a larger draft keeps all bindings, card positions and ordered anchors when global crossing removal is best effort (2.579624ms)
✔ category browser inventories every actual runtime module once, and never invents absent categories (1.354199ms)
✔ novice aliases and common framework spelling resolve to the registered operator contract (1.852896ms)
✔ parameter search and multiword searches intersect the selected actual category (0.731293ms)
✔ exact operator names never silently resolve a different primitive or unrelated starting graph (0.851823ms)
✔ transparent starters are searchable by their real editable components and declared I/O (1.251213ms)
✔ search and filtering preserve all catalog bytes and starter graph identities/parameters (2.97706ms)
✔ all17 actual kinds keep unary cards stable and give two-input cards their independent140world body (1.720692ms)
✔ 53percent side labels reach8.1CSSpx while both names and dot hits remain separate (0.33116ms)
✔ vertical labels stay fully exterior to every card, clearing the kind caption and preserving dot hits (0.815642ms)
✔ every registered outlet-to-inlet28world vertical gap keeps offset labels disjoint with a clickable dot and owning text (13.876848ms)
✔ dimensions and ordered anchors follow declared ports rather than an Add name shortcut (0.354857ms)
✔ fit includes the complete taller body and exterior routes without changing draft or camera-independent facts (0.178247ms)
✔ single insertion and explicit arrange avoid the newly occupied lower40world band (0.248732ms)
✔ transparent preset bounds and old-card collisions include taller merge modules atomically (2.059509ms)
✔ router treats the new lower band as a real obstacle and preserves bindings through history (3.617808ms)
✔ independent compensation supports a 58percent overview without claiming readable minimum zoom (0.125808ms)
✔ independent CJK title fitting prevents the original234world-wide truncated title (0.245224ms)
✔ independent fitting retains a short label, empty string and Unicode code points (0.155753ms)
✔ independent mono samples fit150world using equal ASCII columns rather than narrow punctuation (0.136682ms)
✔ independent wide-Latin title fitting stays inside134world even for repeated W (0.073345ms)
✔ independent scaled single-port hits contain both label endpoints and the dot (0.178969ms)
✔ independent custom cramped ports retain their12world fallback without claiming overview legibility (0.110976ms)
✔ independent vertical registered merge labels do not paint into the later port hit (0.057483ms)
✔ independent tooltip avoids the downstream card instead of covering its label (0.336633ms)
✔ independent58percent chain tooltip does not cover any of four scaled cards (0.164215ms)
✔ independent vertical input tooltip avoids an upstream card with a free side (0.108778ms)
✔ independent edge clamp uses a visible free side without intruding into its owner (0.164064ms)
✔ independent no-clear-region fallback remains bounded and does not alter obstacles (0.084296ms)
✔ overview text compensation is bounded and leaves normal zoom unchanged (0.043845ms)
✔ horizontal input and output hints prefer opposite sides of their node (0.105194ms)
✔ vertical hints fall back to a visible, non-overlapping side near viewport edges (0.094399ms)
✔ equal revision and labels never allow one draft identity or node identity/kind/set to inherit another draft check (0.452211ms)
✔ parameters, array contents and every binding identity/endpoint invalidate checked shapes even before a revision increment (0.400625ms)
✔ four-direction placement, display aliases, title and revision retain the same checked static graph without mutation (0.822736ms)
✔ parameter field order is irrelevant while graph-array order remains significant for backend topological/output ordering (0.155593ms)
✔ complete static response preserves tensor declarations and identities while isolating them from mutable response data (0.206538ms)
✔ an incomplete graph may retain upstream declared tensors, but never reports complete or invents a missing downstream shape (0.416891ms)
✔ execution claims, generated-source receipts and inconsistent complete/issue or missing-tensor claims are rejected (0.36403ms)
✔ malformed tensor shapes, dtype, extra runtime flags and oversized declarations cannot reach a displayed shape label (0.545289ms)
✔ unregistered tensor/node references, repeated or nontopological order and malformed diagnostics are rejected without target inference (0.463398ms)
✔ sealed Transformer mask edge inspector reflects the actual displayed style (79.584163ms)
✔ formal Transformer memory caption clears both repeat plates and target card with all model facts fixed (17.286078ms)
✔ general placement leaves a safe caption unchanged in expanded content and ignores empty captions (0.275217ms)
✔ independent repeat/header/note blockers relocate captions without changing paths or card coordinates (0.563143ms)
✔ two distinct captions keep separate nominal envelopes and avoid an unrelated route (2.822184ms)
✔ bounded local placement reports an impossible caption instead of hiding it or moving model objects (0.670241ms)
✔ whole and detail export use the same caption safety after projection while visual history retains canonical facts (37.660059ms)
✔ long source-declared captions remain complete and inside overview/detail bounds even when local placement is blocked (1.177806ms)
✔ parallel growth fitting below an existing taller branch does not shift output again (62.600996ms)
✔ horizontal free space absorbs width growth; adjacent sibling spacing and authored gap are preserved (51.697444ms)
✔ manual distant output absorbs growth; downstream relative offsets and explicit user movement survive frontier restore (56.310482ms)
✔ pinned output and pinned descendant protect anchors while the existing warning reports unresolved overlap (51.560104ms)
✔ exact collapse/reexpand frontier snapshots and undo/redo remain stable after repeated parallel expansion (112.926113ms)
✔ real Transformer depth-two UI frontier uses existing space without cumulative independent branch height (1055.884054ms)
✔ real Transformer depth-three and cached frontiers retain manual feedforward positions and no sibling intersections (1139.538742ms)
✔ real Residual CNN grows both repeats and keeps downstream pool/flatten/classifier clear (191.808535ms)
✔ renderer changes invalidate an old export even when canvas revision and source digests match (0.330537ms)
✔ a restored artifact must describe the default document, width, revision, source and PNG resolution (0.177427ms)
✔ detail export partitions every canonical edge and visibly retains every crossing binding (33.386839ms)
✔ detail keeps edited geometry, aliases, styles, legend and contained annotations, and declares omissions (48.106242ms)
✔ distinct external node/port tuples cannot collide when their identities contain delimiters (12.933141ms)
✔ detail metadata and projected objects are detached from the input CanvasDocument (30.517602ms)
✔ detail rejects leaf, collapsed or hidden containers and invalid options; whole keeps the ordinary scene (24.351963ms)
✔ detail bounds retain manually offset descendants instead of clipping negative coordinates (33.333905ms)
✔ long boundary text and provenance fit their boxes and 85/180 mm preflight measures actual scale (32.486938ms)
✔ real source-derived MLP network detail accounts for adapters and exposes model input/output (41.846918ms)
✔ physical advice accounts for tall pages and rounds the required width upward (6.535543ms)
✔ detail choices distinguish equal labels by identity/path and preserve the current frontier and edits (108.387785ms)
✔ ordinary large output move retains the existing all-frontier arithmetic (5.733094ms)
✔ omitted and explicit all-frontiers scopes produce identical complete documents (3.390871ms)
✔ current deep output compaction preserves compact view and repeated toggles restore distinct exact positions (15.181411ms)
✔ four current-frontier directions and duplicate IDs change only the literal current object/cache (6.383843ms)
✔ a later ordinary move still applies one delta to both differently edited saved frontiers (2.987654ms)
✔ missing or legacy-only current cache establishes canonical visible cache without altering old bytes (6.148108ms)
✔ effective compact frontier ignores retained hidden layer flags and preserves deep cache (2.424686ms)
✔ ambiguous delimiter cache remains intact while explicit current edit creates its literal canonical key (1.7689ms)
✔ selected parent and child translate once; selected pins and pinned descendants retain protection (6.761709ms)
✔ current hidden selection is rejected atomically while default established-hidden-layout behavior survives (1.029977ms)
✔ intentional negative manual positions are neither clamped nor migrated to other frontiers (6.182308ms)
✔ one scoped history entry supports exact cache undo/redo and rejects stale revisions (2.233721ms)
✔ JSON reload preserves distinct current-edited and compact positions with full model/source facts (6.114033ms)
✔ preview scope is frozen and complete scene/SVG equals corresponding real commit without document mutation (37.417837ms)
✔ unknown scopes are rejected by move and preview before any document mutation (0.424309ms)
✔ editing already malformed revision5 with current scope does not silently migrate its other cache (1.516243ms)
✔ scoped recovery preserves the other frontier and proposed scene equals committed active scene (13.213556ms)
✔ recovery validates unknown scope even on unneeded or unavailable early return paths (0.312225ms)
✔ generated source view retains absolute draft anchors through real nested containers and faithful SVG export (1.457126ms)
✔ source presentation, pin, annotations and edge style follow exact generated identities without changing source facts (1.6112ms)
✔ ambiguous mappings are refused and unmapped presentation objects are explicitly reported (0.617655ms)
✔ a real backend generated model reopens with edited draft positions and labels while retaining its complete binding facts (39.023129ms)
✔ hierarchy order and depth follow authored roots and child lists, independent of flat node order (18.566421ms)
✔ empty aliases, escaped labels, repeat badges, pins and leaf/toggle ARIA stay exact (17.332365ms)
✔ collapsed ancestors hide latent descendants without erasing their expansion or selection (22.592402ms)
✔ a replacement architecture with the same IDs displays new labels, categories and topology (22.900985ms)
✔ an empty architecture renders no rows and non-hierarchy visual changes leave row HTML exact (12.101664ms)
✔ the actual formal source-backed 304-node model keeps precise old/new hierarchy HTML before and after expansion (719.244418ms)
✔ historical caption compatibility rejects route/port/binding corruption and explicit or nonmemory text changes (70.368723ms)
✔ dot lattice follows the world origin through all pan quadrants and zoom levels (0.344889ms)
✔ navigation is unbounded in position and zoom retains the pointer world point (0.222045ms)
✔ transparent editor surface retains exact figure geometry and publication background (0.473912ms)
✔ actual upward header conflict produces understandable guidance using display aliases (5.112621ms)
✔ actual overlapping leaves expose both overlap and blocked connection guidance (3.571234ms)
✔ source-analysis warnings stay in their own panel and missing object references do not leak identifiers (1.800397ms)
✔ historical M4: source memory captions survive vertical threshold boundaries and all four movement directions in whole/detail and both presets (1153.945587ms)
✔ historical M4: the actual +24 encoder counterexample keeps its routed endpoints and visible memory after undo/redo and JSON reopening (32.804244ms)
✔ historical M4: source expansion and collapse retain every visible memory caption without adding hidden bindings or facts (183.828453ms)
✔ historical M4: default memory naming is generic while explicit empty/authored labels and other roles retain their contracts (34.419942ms)
✔ historical M4: a genuinely blocked moved memory retains its text and reports association failure instead of disappearing (19.062218ms)
✔ historical M4: source and target signed14/15 thresholds retain endpoint continuity and exact peers across caption preset size and detail combinations (14592.420354ms)
✔ historical M4: horizontal gap guards retain complete baseline when two six-unit leads are unavailable (110.964092ms)
✔ historical M4: continuity is detached and one typed move survives undo redo and JSON reopen (14.111035ms)
✔ historical M4: literal guards reject joint and same-tensor peers close strokes invalid widths gap bodies and exhausted checks (1.03972ms)
✔ historical M4: version adapter rejects coherent geometry canonical nonmemory and consumer-coverage corruptions (28.41449ms)
✔ historical M4: detail mixed consumers keep retained port coverage and architecture-order bindings after memory projection (5.81527ms)
✔ historical M4: independent frozen baseline contains all twelve actual CNN configurations with immutable narrow copies (8.02052ms)
✔ historical M4: actual CNN baseline preserves canonical facts, ports and routes: cnn-level0-paper-85 (10.703459ms)
✔ historical M4: actual CNN baseline preserves canonical facts, ports and routes: cnn-level0-paper-180 (8.271001ms)
✔ historical M4: actual CNN baseline preserves canonical facts, ports and routes: cnn-level0-monochrome-85 (11.567485ms)
✔ historical M4: actual CNN baseline preserves canonical facts, ports and routes: cnn-level0-monochrome-180 (9.75432ms)
✔ historical M4: actual CNN baseline preserves canonical facts, ports and routes: cnn-level1-paper-85 (12.306083ms)
✔ historical M4: actual CNN baseline preserves canonical facts, ports and routes: cnn-level1-paper-180 (11.833767ms)
✔ historical M4: actual CNN baseline preserves canonical facts, ports and routes: cnn-level1-monochrome-85 (15.031524ms)
✔ historical M4: actual CNN baseline preserves canonical facts, ports and routes: cnn-level1-monochrome-180 (14.32163ms)
✔ historical M4: actual CNN baseline preserves canonical facts, ports and routes: cnn-level2-paper-85 (29.142623ms)
✔ historical M4: actual CNN baseline preserves canonical facts, ports and routes: cnn-level2-paper-180 (28.303456ms)
✔ historical M4: actual CNN baseline preserves canonical facts, ports and routes: cnn-level2-monochrome-85 (37.119554ms)
✔ historical M4: actual CNN baseline preserves canonical facts, ports and routes: cnn-level2-monochrome-180 (36.82606ms)
✔ historical M4: actual Transformer frontier 0 retains source/ports while all four mono roles differ (33.841033ms)
✔ historical M4: actual Transformer frontier 1 retains source/ports while all four mono roles differ (74.310276ms)
✔ historical M4: actual Transformer frontier 2 retains source/ports while all four mono roles differ (163.094631ms)
✔ historical M4: actual Transformer frontier 3 retains source/ports while all four mono roles differ (185.732845ms)
✔ historical M4: effective line identity distinguishes role defaults from explicit solid/dashed local overrides (0.315025ms)
✔ historical M4: derived pattern validation rejects sparse holes and unsafe arrays while retaining explicit legacy styles (0.337663ms)
✔ historical M4: same-tensor role and style branches stay separate, with truthful actual variant membership (7.959265ms)
✔ historical M4: actual Transformer collapsed mask bundle splits solid/default/generic dashed with complete canonical membership (15.989198ms)
✔ historical M4: memory trunk style identity rejects equal-dashed different patterns while preserving source facts (43.263878ms)
✔ historical M4: equal-dashed different-pattern memory cannot acquire the independently known shared-family corridor (43.433978ms)
✔ historical M4: hidden inspector fallback uses the same effective pattern and exposes no hidden-only role legend (3.747743ms)
✔ historical M4: expanded detail boundary paths inherit actual role signatures and citation clears the footer (14.342874ms)
✔ historical M4: line legend clears edited annotations and manual symbols without deleting user objects (3.998715ms)
✔ historical M4: real SVG marker and stroke sample extents fit their boxes at every supported line-width boundary (16.645819ms)
✔ historical M4: empty visible graph has no fabricated line roles or samples (0.706942ms)
✔ historical M4: placing a note below objects does not make its own derived footer chase it downward (4.143087ms)
✔ historical M4: preset and override history preserves source/layout and real patterns through JSON roundtrip (5.147027ms)
✔ historical M4: independent oracle rejects coherent role/line/legend corruption rather than accepting changed expected output (3.881457ms)
✔ independent command directions use signed world distances and retain input selection (0.414703ms)
✔ decimal distances, bounded target wording, punctuation and whitespace have literal results (0.118363ms)
✔ explicit scope prefixes override either default and an omitted prefix uses the selected default (0.152144ms)
✔ empty selection, zero and nonfinite distances never emit a partial operation (0.124845ms)
✔ malformed attempted moves reject signed/exponent/partial/compound/CSS distances completely (0.202636ms)
✔ alias/color text and an empty command are not inferred as a movement (0.105678ms)
✔ actual App drag captures scope at down and commits that scope after a different render scope (41.673229ms)
✔ actual App ignores unrelated pointer-up and stale-document move without committing history (16.569076ms)
✔ actual App scope selection cancels gesture, frame and recovery before a late terminal input (16.404087ms)
✔ actual App alignment uses the selected scope and preserves the unrelated compact cache for current scope (31.021574ms)
✔ actual App language dispatch applies exact local world delta and preserves alias source facts (15.319ms)
✔ actual App refuses partial compound movement and leaves alias/color dispatch intact (31.970767ms)
✔ actual App recovery forwards current scope and applies the exact proposed operation (15.967842ms)
✔ scope-specific caches retain the operated-container, ancestor and pinned-subtree toggle rules (0.966958ms)
✔ preview equals complete guarded scene/SVG for container resizing, negative/manual geometry and repeated frames (210.786007ms)
✔ selected parent and child move exactly once; pinned descendants protect ancestor subtree (47.983189ms)
✔ sparse visible layout materializes once and hidden layout uses the established source contract (16.977105ms)
✔ preview leaves history/frontiers/source untouched, commit updates snapshots and supports one undo/redo (33.360275ms)
✔ prepared snapshot isolates later caller mutation and returned scene cannot corrupt frozen semantic references (15.867292ms)
✔ preview rejects forged sessions, invalid selection/coordinates and corrupted document before showing geometry (7.886247ms)
✔ independent oracle detects polluted body/header and route geometry (4.502874ms)
✔ four directions preserve exact manual coordinates, shared endpoints and expose left/header/sibling conflicts (53.213976ms)
✔ explicit recovery preview is obstacle-safe and commit is one reversible visual operation (72.73214ms)
✔ recovery respects selected pin, descendant pin and a clear right move without changing documents (20.590814ms)
✔ touching the true parent border is contained while even a one-unit left escape is diagnosed (18.672876ms)
✔ selected expanded subtree moves as one root and recovery preserves child locals and outside pins (18.816474ms)
✔ an invariant internal conflict is unavailable even with many nearby candidate obstacles (42.053349ms)
✔ ready recovery preserves an existing unrelated collision rather than presenting it as globally resolved (16.783533ms)
✔ unknown or hidden objects do not produce phantom recovery scenes (7.94981ms)
✔ same-pair ancestor collision growth rejects an otherwise clear nearby candidate (178.191928ms)
✔ two trusted trials competing for one raw event both remain unmatched (1.223857ms)
✔ a fully overlapping 2 by 2 candidate graph has no unique pair under either array order (0.358892ms)
✔ a one-candidate trial cannot steal an event from a competing two-candidate trial (0.329218ms)
✔ the matching window includes both exact 8 ms endpoints and excludes points beyond them (0.408592ms)
✔ different target identities separate otherwise identical timing windows (0.264055ms)
✔ different event names separate otherwise identical target and timing windows (0.168633ms)
✔ an untrusted competitor does not consume or make a trusted event ambiguous (0.119734ms)
✔ ambiguity in one target component does not erase a separate unique component (0.130567ms)
✔ duplicate raw records remain separate candidates and cannot fabricate uniqueness (0.166723ms)
✔ native timing remains independent of geometry and handler proxy; pin spaces differ (0.195612ms)
✔ untrusted, unmatched, ambiguous and reused native entries cannot yield passing zero latency (0.250711ms)
✔ stale source or concurrent revisions invalidate spatial and summary evidence; missing pins stay unmeasured (0.560038ms)
✔ independent native receipt checker rejects forged zero latency, anchor drift and stale source (0.706369ms)
✔ bilateral uniqueness keeps both competing trials null and is order independent (0.151469ms)
✔ overlapping candidate sets cannot be resolved by entry or trial order (0.121404ms)
✔ distinct target and event identities retain unique matches regardless of order (0.181515ms)
✔ independent verifier rejects first-trial ownership of a shared entry (0.337731ms)
✔ independent verifier rejects greedy ownership in an overlapping candidate chain (0.284959ms)
✔ clear preferred orthogonal paths remain byte-identical and endpoint data stays immutable (0.259449ms)
✔ independent broken-path counterexample detects unrelated intrusion and repaired route keeps endpoints (0.5446ms)
✔ ancestor frame passage is valid; unrelated frame interiors remain obstacles (0.120036ms)
✔ preferred route re-entry into an endpoint body is repaired, not mistaken for a clear unrelated-body path (0.236351ms)
✔ overlap covering an endpoint is reported explicitly rather than invented as a clear route (0.122741ms)
✔ blocked ancestor headers retain arbitrary canonical IDs without synthetic suffix decoding (0.135453ms)
✔ all nine historical source-bound golden frontiers rerender without unrelated-body intrusions (135.763233ms)
✔ detail boundary stubs reuse obstacle routing across all visible expanded golden containers (904.438077ms)
✔ four-direction moves preserve semantic identity, history, exact preview/guarded Scene and routed SVG (28.145551ms)
✔ intentional overlapping manual objects keep anchors and publish explicit overlap/routing diagnostics (3.664434ms)
✔ manual upward move into expanded ancestor header keeps the coordinate and reports the conflict (2.613801ms)
✔ sealed generated architecture uses the actual Output alias while exact return evidence survives in scene and SVG (1.359664ms)
✔ a legitimate n_ user return key without a display alias is never classified as machine-generated (0.731302ms)
✔ nested slots, scalar keys, a UUID-looking user key and whole return retain handwritten unaliased captions (0.522514ms)
✔ different long aliases on multiple outputs retain distinct labels and their independent actual nested paths (0.508968ms)
✔ non-output aliases, an Output without a declared path and opaque evidence preserve their existing meaning (0.316823ms)
✔ explicit alias uses existing visual history and undo restores the real return caption without touching canonical facts (2.640376ms)
✔ formal LSTM nested output slots retain handwritten key/index evidence in documents (61.152533ms)
✔ import validation rejects malformed output paths and slots on non-output nodes (37.409296ms)
✔ a renamed return slot cannot borrow presentation from the prior ordinal output (47.785187ms)
✔ snapshot includes queued native timing and longtask exactly once without waiting for callback delivery (0.697452ms)
✔ reset discards already queued entries before the new measurement window (0.165516ms)
✔ late callbacks retain only entries that started in the current reset window (0.255741ms)
✔ queued and callback ingestion share the same last-200 retention boundary (0.316641ms)
✔ receipt verifier recomputes percentiles and rejects unchanged or root frontiers (1.115329ms)
✔ performance probe never reports paint before its second animation-frame boundary (0.325471ms)
✔ frame sampler reports a bounded fps sample and reset removes prior samples (113.636894ms)
✔ current residual frontier reserves an outside ancestor corridor after right move (86.596206ms)
✔ current readable routes keep ports and peer geometry under translation and horizontal mirror (69.229806ms)
✔ historical M4: independent final-SVG oracle detects all six sealed ChS stack intrusions and three buried frontier outputs (17.611524ms)
✔ historical M4: source-bound final SVG stack/endpoint/Canvas invariants: mlp-level0-paper-180 (6.479382ms)
✔ historical M4: source-bound final SVG stack/endpoint/Canvas invariants: mlp-level1-paper-180 (5.184024ms)
✔ historical M4: source-bound final SVG stack/endpoint/Canvas invariants: residual_cnn-level0-paper-180 (9.656369ms)
✔ historical M4: source-bound final SVG stack/endpoint/Canvas invariants: residual_cnn-level1-paper-180 (9.431698ms)
✔ historical M4: source-bound final SVG stack/endpoint/Canvas invariants: residual_cnn-level2-paper-180 (22.857003ms)
✔ historical M4: source-bound final SVG stack/endpoint/Canvas invariants: transformer-level0-paper-180 (39.852824ms)
✔ historical M4: source-bound final SVG stack/endpoint/Canvas invariants: transformer-level1-paper-180 (68.071461ms)
✔ historical M4: source-bound final SVG stack/endpoint/Canvas invariants: transformer-level2-paper-180 (107.863246ms)
✔ historical M4: source-bound final SVG stack/endpoint/Canvas invariants: transformer-level3-paper-180 (110.700828ms)
✔ historical M4: reported CNN bottom and Transformer memory examples attach to exposed card union (8.534492ms)
✔ historical M4: near-left bottom outputs follow actual +0/+3.5/+7 cards instead of empty envelope corners (10.114744ms)
✔ historical M4: same canonical memory output has coherent bottom and right display ports for multiple consumers (2.503184ms)
✔ historical M4: unrelated backplate-only obstacle and source own-stack reentry are independently rejected and rerouted (1.616433ms)
✔ historical M4: overlapping Repeat ownership is reported once and an endpoint covered by another body remains honestly blocked (0.189913ms)
✔ historical M4: detail fallback ports and translated stacks retain canonical boundary coverage and exposed endpoints (1.862886ms)
✔ historical M4: expanded/nonrepeat ports, in-place expansion, pins and move preview/history preserve presentation contracts (9.059716ms)
✔ shortcut source inputs are bound to previous router and evidence candidates, not model-name heuristics (0.612721ms)
✔ independent pair sensor rejects split-vertex and collinear contacts, changed positions and new same-tensor overlaps (0.964784ms)
✔ unconflicted arbitrary typed route shortens without source/canonical evidence, object mutation or nondeterminism (3.323468ms)
✔ historical M4: source-backed mlp-level0-paper-180 shortens only pairwise protected routes and preserves nodes/source facts (0.761633ms)
✔ historical M4: source-backed mlp-level1-paper-180 shortens only pairwise protected routes and preserves nodes/source facts (1.567734ms)
✔ historical M4: source-backed residual_cnn-level0-paper-180 shortens only pairwise protected routes and preserves nodes/source facts (1.072279ms)
✔ historical M4: source-backed residual_cnn-level1-paper-180 shortens only pairwise protected routes and preserves nodes/source facts (2.063128ms)
✔ historical M4: source-backed residual_cnn-level2-paper-180 shortens only pairwise protected routes and preserves nodes/source facts (6.942369ms)
✔ historical M4: source-backed transformer-level0-paper-180 shortens only pairwise protected routes and preserves nodes/source facts (9.272748ms)
✔ historical M4: source-backed transformer-level1-paper-180 shortens only pairwise protected routes and preserves nodes/source facts (17.032699ms)
✔ historical M4: source-backed transformer-level2-paper-180 shortens only pairwise protected routes and preserves nodes/source facts (27.25958ms)
✔ historical M4: source-backed transformer-level3-paper-180 shortens only pairwise protected routes and preserves nodes/source facts (25.512215ms)
✔ obstacles, Repeat backplates and expanded ancestor headers retain a safe route rather than take the Manhattan shortcut (2.861736ms)
✔ covered endpoint, invalid reversal and work-cap inputs preserve honest fallback routes (45.183934ms)
✔ same-tensor and different-tensor peer geometry cannot gain hidden crossings contacts or overlaps (1.863583ms)
✔ a 0.005-world-unit moved same-tensor crossing cannot masquerade as its old geometric point (0.902247ms)
✔ shortcut cannot make its source escape hit its own endpoint through a non-adjacent segment (0.895843ms)
✔ existing self contacts and crossings remain eligible for a checked shorter subset (0.452854ms)
✔ independent self sensor ignores adjacent bends but detects non-adjacent crossing, point contact and retracing (0.130725ms)
✔ historical M4: independent oracle rejects 15 corruptions including coherent graph displacement and tensor concealment (5.179123ms)
✔ historical M4: independent strict-interior oracle excludes point contact and same tensor trunks, merges collinear intervals (0.929171ms)
✔ historical M4: outline compatibility rejects eight coherent corruptions while preserving the frozen routing oracle (27.83054ms)
✔ historical M4: independent source-bound frontier/detail/four-direction history invariants: mlp-level0-paper-180 (34.223858ms)
✔ historical M4: independent source-bound frontier/detail/four-direction history invariants: mlp-level1-paper-180 (78.637849ms)
✔ historical M4: independent source-bound frontier/detail/four-direction history invariants: residual_cnn-level0-paper-180 (68.938105ms)
✔ historical M4: independent source-bound frontier/detail/four-direction history invariants: residual_cnn-level1-paper-180 (122.904856ms)
✔ historical M4: independent source-bound frontier/detail/four-direction history invariants: residual_cnn-level2-paper-180 (300.932553ms)
✔ historical M4: independent source-bound frontier/detail/four-direction history invariants: transformer-level0-paper-180 (287.910821ms)
✔ historical M4: independent source-bound frontier/detail/four-direction history invariants: transformer-level1-paper-180 (648.149086ms)
✔ historical M4: independent source-bound frontier/detail/four-direction history invariants: transformer-level2-paper-180 (1477.183518ms)
✔ historical M4: independent source-bound frontier/detail/four-direction history invariants: transformer-level3-paper-180 (1699.541695ms)
✔ historical M4: real public source-bound Transformer metrics improve while preserving unresolved complex crossings (41.651198ms)
✔ historical M4: public differing-tensor geometry reduces overlap length while shared tensor trunk remains byte-identical (3.920895ms)
✔ indexed projected ports retain non-adjacent canonical coverage and role order (5.396598ms)
✔ parallel style groups and cycle fallback survive expand/undo/redo without mutating source (49.777645ms)
✔ actual compact source-card markup retains dimensions, dot-only port hit and a topmost body drag target (8.326587ms)
✔ actual AuthoringStudio title clicks select two compact nodes and its pointer callbacks drag both as one undo action (13.065112ms)
✔ actual App callbacks retain draft undo/redo and follow same-revision camera, selection and tool on multiple returns (93.536942ms)
✔ real source rebase preserves parameters, added nodes and edges, deletion tombstones and both history stacks (281.327485ms)
✔ actual App visual-revision return reprojects complete history and preserves source history byte-for-byte (194.994571ms)
✔ changed source/IR or an invalid history rebase is rejected atomically before replacing a retained session (143.747414ms)
✔ saved/reopened draft retains view and undo, browser recovery restores both stacks and rejects cross-source history (83.970973ms)
✔ source→draft viewport change preserves world centre and close-up zoom without changing canvas geometry (0.144275ms)
✔ actual AuthoringStudio reopen callback keeps camera/selection and undo; save commits only matching current bytes (86.678946ms)
✔ real Temporal shared projection keeps two distinct calls and four authored paths after edits and reopen (53.878182ms)
✔ Skip repeat is independent; expanding and detail export retain identities and external boundaries (63.894171ms)
✔ GNN names and arbitrary visual aliases do not turn unknown regions into known attention (42.353809ms)
✔ same label and duplicated call identity cannot invent distinct shared calls; facts detach from Canvas (42.547106ms)
✔ long authored output keys stay exact in metadata while subtitles fit the existing node width (47.207741ms)
✔ source-backed 300-layer Sequential expansion exposes 300 canonical layer objects (726.645278ms)
✔ the actual CNN sentence breaks before path instead of splitting a fitting word (0.149106ms)
✔ CJK characters and whole English tokens can share lines without inserted text (0.094187ms)
✔ explicit line breaks and blank lines remain while soft line boundaries discard whitespace (0.125226ms)
✔ oversized source identifiers have finite code-point fallback without dropping characters (3.396052ms)
✔ Unicode code points stay intact and an individually oversized point still makes progress (0.33731ms)
✔ Scene annotation height and both SVG modes use the independently expected CNN lines (0.776385ms)
✔ a valid annotation narrower than its text inset still builds and renders (0.564377ms)
✔ real residual CNN nested expansion keeps downstream pool clear and restores base frontier (148.748541ms)
✔ real MLP pinned output conflict is explicit while both expansion anchors stay fixed (41.627472ms)
ℹ tests 523
ℹ suites 0
ℹ pass 523
ℹ fail 0
ℹ cancelled 0
ℹ skipped 0
ℹ todo 0
ℹ duration_ms 46393.043955
