[
  {
    "caseId": "mlp-level0-base",
    "crossingPairs": 0,
    "distinctTensorCrossingPairs": 0,
    "overlapPairs": 0,
    "distinctTensorOverlapPairs": 0,
    "overlapLength": 0,
    "intrusions": 0,
    "borderNear": 0,
    "maxDetour": 0,
    "maxRatio": 1,
    "canonicalCoverage": true,
    "sourceFactsMatch": true,
    "identityErrors": 0,
    "ambiguities": 0,
    "documentUnchanged": true,
    "svgMatchesScene": true
  },
  {
    "caseId": "mlp-level1-base",
    "crossingPairs": 0,
    "distinctTensorCrossingPairs": 0,
    "overlapPairs": 0,
    "distinctTensorOverlapPairs": 0,
    "overlapLength": 0,
    "intrusions": 0,
    "borderNear": 0,
    "maxDetour": 210,
    "maxRatio": 2.6153846153846154,
    "canonicalCoverage": true,
    "sourceFactsMatch": true,
    "identityErrors": 0,
    "ambiguities": 0,
    "documentUnchanged": true,
    "svgMatchesScene": true
  },
  {
    "caseId": "mlp-level1-left",
    "crossingPairs": 0,
    "distinctTensorCrossingPairs": 0,
    "overlapPairs": 0,
    "distinctTensorOverlapPairs": 0,
    "overlapLength": 0,
    "intrusions": 0,
    "borderNear": 0,
    "maxDetour": 210,
    "maxRatio": 2.6153846153846154,
    "canonicalCoverage": true,
    "sourceFactsMatch": true,
    "identityErrors": 0,
    "ambiguities": 0,
    "documentUnchanged": true,
    "svgMatchesScene": true
  },
  {
    "caseId": "mlp-level1-right",
    "crossingPairs": 0,
    "distinctTensorCrossingPairs": 0,
    "overlapPairs": 0,
    "distinctTensorOverlapPairs": 0,
    "overlapLength": 0,
    "intrusions": 0,
    "borderNear": 0,
    "maxDetour": 210,
    "maxRatio": 2.6153846153846154,
    "canonicalCoverage": true,
    "sourceFactsMatch": true,
    "identityErrors": 0,
    "ambiguities": 0,
    "documentUnchanged": true,
    "svgMatchesScene": true
  },
  {
    "caseId": "mlp-level1-up",
    "crossingPairs": 0,
    "distinctTensorCrossingPairs": 0,
    "overlapPairs": 0,
    "distinctTensorOverlapPairs": 0,
    "overlapLength": 0,
    "intrusions": 0,
    "borderNear": 0,
    "maxDetour": 210,
    "maxRatio": 2.6153846153846154,
    "canonicalCoverage": true,
    "sourceFactsMatch": true,
    "identityErrors": 0,
    "ambiguities": 0,
    "documentUnchanged": true,
    "svgMatchesScene": true
  },
  {
    "caseId": "mlp-level1-down",
    "crossingPairs": 0,
    "distinctTensorCrossingPairs": 0,
    "overlapPairs": 0,
    "distinctTensorOverlapPairs": 0,
    "overlapLength": 0,
    "intrusions": 0,
    "borderNear": 0,
    "maxDetour": 210,
    "maxRatio": 2.6153846153846154,
    "canonicalCoverage": true,
    "sourceFactsMatch": true,
    "identityErrors": 0,
    "ambiguities": 0,
    "documentUnchanged": true,
    "svgMatchesScene": true
  },
  {
    "caseId": "residual_cnn-level0-base",
    "crossingPairs": 0,
    "distinctTensorCrossingPairs": 0,
    "overlapPairs": 0,
    "distinctTensorOverlapPairs": 0,
    "overlapLength": 0,
    "intrusions": 0,
    "borderNear": 0,
    "maxDetour": 0,
    "maxRatio": 1,
    "canonicalCoverage": true,
    "sourceFactsMatch": true,
    "identityErrors": 0,
    "ambiguities": 0,
    "documentUnchanged": true,
    "svgMatchesScene": true
  },
  {
    "caseId": "residual_cnn-level0-left",
    "crossingPairs": 0,
    "distinctTensorCrossingPairs": 0,
    "overlapPairs": 0,
    "distinctTensorOverlapPairs": 0,
    "overlapLength": 0,
    "intrusions": 0,
    "borderNear": 0,
    "maxDetour": 0,
    "maxRatio": 1,
    "canonicalCoverage": true,
    "sourceFactsMatch": true,
    "identityErrors": 0,
    "ambiguities": 0,
    "documentUnchanged": true,
    "svgMatchesScene": true
  },
  {
    "caseId": "residual_cnn-level0-right",
    "crossingPairs": 0,
    "distinctTensorCrossingPairs": 0,
    "overlapPairs": 0,
    "distinctTensorOverlapPairs": 0,
    "overlapLength": 0,
    "intrusions": 0,
    "borderNear": 0,
    "maxDetour": 0,
    "maxRatio": 1,
    "canonicalCoverage": true,
    "sourceFactsMatch": true,
    "identityErrors": 0,
    "ambiguities": 0,
    "documentUnchanged": true,
    "svgMatchesScene": true
  },
  {
    "caseId": "residual_cnn-level0-up",
    "crossingPairs": 0,
    "distinctTensorCrossingPairs": 0,
    "overlapPairs": 0,
    "distinctTensorOverlapPairs": 0,
    "overlapLength": 0,
    "intrusions": 0,
    "borderNear": 0,
    "maxDetour": 0,
    "maxRatio": 1,
    "canonicalCoverage": true,
    "sourceFactsMatch": true,
    "identityErrors": 0,
    "ambiguities": 0,
    "documentUnchanged": true,
    "svgMatchesScene": true
  },
  {
    "caseId": "residual_cnn-level0-down",
    "crossingPairs": 0,
    "distinctTensorCrossingPairs": 0,
    "overlapPairs": 0,
    "distinctTensorOverlapPairs": 0,
    "overlapLength": 0,
    "intrusions": 0,
    "borderNear": 0,
    "maxDetour": 0,
    "maxRatio": 1,
    "canonicalCoverage": true,
    "sourceFactsMatch": true,
    "identityErrors": 0,
    "ambiguities": 0,
    "documentUnchanged": true,
    "svgMatchesScene": true
  },
  {
    "caseId": "residual_cnn-level1-base",
    "crossingPairs": 0,
    "distinctTensorCrossingPairs": 0,
    "overlapPairs": 0,
    "distinctTensorOverlapPairs": 0,
    "overlapLength": 0,
    "intrusions": 0,
    "borderNear": 0,
    "maxDetour": 205.39999999999998,
    "maxRatio": 2.5799999999999996,
    "canonicalCoverage": true,
    "sourceFactsMatch": true,
    "identityErrors": 0,
    "ambiguities": 0,
    "documentUnchanged": true,
    "svgMatchesScene": true
  },
  {
    "caseId": "residual_cnn-level1-left",
    "crossingPairs": 0,
    "distinctTensorCrossingPairs": 0,
    "overlapPairs": 0,
    "distinctTensorOverlapPairs": 0,
    "overlapLength": 0,
    "intrusions": 0,
    "borderNear": 0,
    "maxDetour": 205.39999999999998,
    "maxRatio": 2.5799999999999996,
    "canonicalCoverage": true,
    "sourceFactsMatch": true,
    "identityErrors": 0,
    "ambiguities": 0,
    "documentUnchanged": true,
    "svgMatchesScene": true
  },
  {
    "caseId": "residual_cnn-level1-right",
    "crossingPairs": 0,
    "distinctTensorCrossingPairs": 0,
    "overlapPairs": 0,
    "distinctTensorOverlapPairs": 0,
    "overlapLength": 0,
    "intrusions": 0,
    "borderNear": 0,
    "maxDetour": 205.39999999999998,
    "maxRatio": 2.5799999999999996,
    "canonicalCoverage": true,
    "sourceFactsMatch": true,
    "identityErrors": 0,
    "ambiguities": 0,
    "documentUnchanged": true,
    "svgMatchesScene": true
  },
  {
    "caseId": "residual_cnn-level1-up",
    "crossingPairs": 0,
    "distinctTensorCrossingPairs": 0,
    "overlapPairs": 0,
    "distinctTensorOverlapPairs": 0,
    "overlapLength": 0,
    "intrusions": 0,
    "borderNear": 0,
    "maxDetour": 205.39999999999998,
    "maxRatio": 2.5799999999999996,
    "canonicalCoverage": true,
    "sourceFactsMatch": true,
    "identityErrors": 0,
    "ambiguities": 0,
    "documentUnchanged": true,
    "svgMatchesScene": true
  },
  {
    "caseId": "residual_cnn-level1-down",
    "crossingPairs": 0,
    "distinctTensorCrossingPairs": 0,
    "overlapPairs": 0,
    "distinctTensorOverlapPairs": 0,
    "overlapLength": 0,
    "intrusions": 0,
    "borderNear": 0,
    "maxDetour": 205.39999999999998,
    "maxRatio": 2.5799999999999996,
    "canonicalCoverage": true,
    "sourceFactsMatch": true,
    "identityErrors": 0,
    "ambiguities": 0,
    "documentUnchanged": true,
    "svgMatchesScene": true
  },
  {
    "caseId": "residual_cnn-level2-base",
    "crossingPairs": 0,
    "distinctTensorCrossingPairs": 0,
    "overlapPairs": 0,
    "distinctTensorOverlapPairs": 0,
    "overlapLength": 0,
    "intrusions": 0,
    "borderNear": 0,
    "maxDetour": 265.3399999999999,
    "maxRatio": 2.264954105833795,
    "canonicalCoverage": true,
    "sourceFactsMatch": true,
    "identityErrors": 0,
    "ambiguities": 0,
    "documentUnchanged": true,
    "svgMatchesScene": true
  },
  {
    "caseId": "residual_cnn-level2-left",
    "crossingPairs": 0,
    "distinctTensorCrossingPairs": 0,
    "overlapPairs": 0,
    "distinctTensorOverlapPairs": 0,
    "overlapLength": 0,
    "intrusions": 0,
    "borderNear": 0,
    "maxDetour": 265.3399999999999,
    "maxRatio": 2.264954105833795,
    "canonicalCoverage": true,
    "sourceFactsMatch": true,
    "identityErrors": 0,
    "ambiguities": 0,
    "documentUnchanged": true,
    "svgMatchesScene": true
  },
  {
    "caseId": "residual_cnn-level2-right",
    "crossingPairs": 0,
    "distinctTensorCrossingPairs": 0,
    "overlapPairs": 0,
    "distinctTensorOverlapPairs": 0,
    "overlapLength": 0,
    "intrusions": 0,
    "borderNear": 3,
    "maxDetour": 313.3399999999999,
    "maxRatio": 2.264954105833795,
    "canonicalCoverage": true,
    "sourceFactsMatch": true,
    "identityErrors": 0,
    "ambiguities": 0,
    "documentUnchanged": true,
    "svgMatchesScene": true
  },
  {
    "caseId": "residual_cnn-level2-up",
    "crossingPairs": 0,
    "distinctTensorCrossingPairs": 0,
    "overlapPairs": 0,
    "distinctTensorOverlapPairs": 0,
    "overlapLength": 0,
    "intrusions": 0,
    "borderNear": 0,
    "maxDetour": 265.3399999999999,
    "maxRatio": 2.264954105833795,
    "canonicalCoverage": true,
    "sourceFactsMatch": true,
    "identityErrors": 0,
    "ambiguities": 0,
    "documentUnchanged": true,
    "svgMatchesScene": true
  },
  {
    "caseId": "residual_cnn-level2-down",
    "crossingPairs": 0,
    "distinctTensorCrossingPairs": 0,
    "overlapPairs": 0,
    "distinctTensorOverlapPairs": 0,
    "overlapLength": 0,
    "intrusions": 0,
    "borderNear": 0,
    "maxDetour": 265.3399999999999,
    "maxRatio": 2.264954105833795,
    "canonicalCoverage": true,
    "sourceFactsMatch": true,
    "identityErrors": 0,
    "ambiguities": 0,
    "documentUnchanged": true,
    "svgMatchesScene": true
  },
  {
    "caseId": "transformer-level0-base",
    "crossingPairs": 0,
    "distinctTensorCrossingPairs": 0,
    "overlapPairs": 0,
    "distinctTensorOverlapPairs": 0,
    "overlapLength": 0,
    "intrusions": 0,
    "borderNear": 9,
    "maxDetour": 144,
    "maxRatio": 1.2364515379905843,
    "canonicalCoverage": true,
    "sourceFactsMatch": true,
    "identityErrors": 0,
    "ambiguities": 0,
    "documentUnchanged": true,
    "svgMatchesScene": true
  },
  {
    "caseId": "transformer-level0-left",
    "crossingPairs": 0,
    "distinctTensorCrossingPairs": 0,
    "overlapPairs": 0,
    "distinctTensorOverlapPairs": 0,
    "overlapLength": 0,
    "intrusions": 0,
    "borderNear": 9,
    "maxDetour": 144,
    "maxRatio": 1.2364515379905843,
    "canonicalCoverage": true,
    "sourceFactsMatch": true,
    "identityErrors": 0,
    "ambiguities": 0,
    "documentUnchanged": true,
    "svgMatchesScene": true
  },
  {
    "caseId": "transformer-level0-right",
    "crossingPairs": 0,
    "distinctTensorCrossingPairs": 0,
    "overlapPairs": 0,
    "distinctTensorOverlapPairs": 0,
    "overlapLength": 0,
    "intrusions": 0,
    "borderNear": 9,
    "maxDetour": 144,
    "maxRatio": 1.2364515379905843,
    "canonicalCoverage": true,
    "sourceFactsMatch": true,
    "identityErrors": 0,
    "ambiguities": 0,
    "documentUnchanged": true,
    "svgMatchesScene": true
  },
  {
    "caseId": "transformer-level0-up",
    "crossingPairs": 0,
    "distinctTensorCrossingPairs": 0,
    "overlapPairs": 0,
    "distinctTensorOverlapPairs": 0,
    "overlapLength": 0,
    "intrusions": 0,
    "borderNear": 9,
    "maxDetour": 144,
    "maxRatio": 1.2364515379905843,
    "canonicalCoverage": true,
    "sourceFactsMatch": true,
    "identityErrors": 0,
    "ambiguities": 0,
    "documentUnchanged": true,
    "svgMatchesScene": true
  },
  {
    "caseId": "transformer-level0-down",
    "crossingPairs": 0,
    "distinctTensorCrossingPairs": 0,
    "overlapPairs": 0,
    "distinctTensorOverlapPairs": 0,
    "overlapLength": 0,
    "intrusions": 0,
    "borderNear": 13,
    "maxDetour": 144,
    "maxRatio": 1.2364515379905843,
    "canonicalCoverage": true,
    "sourceFactsMatch": true,
    "identityErrors": 0,
    "ambiguities": 0,
    "documentUnchanged": true,
    "svgMatchesScene": true
  },
  {
    "caseId": "transformer-level1-base",
    "crossingPairs": 6,
    "distinctTensorCrossingPairs": 6,
    "overlapPairs": 1,
    "distinctTensorOverlapPairs": 0,
    "overlapLength": 720,
    "intrusions": 0,
    "borderNear": 11,
    "maxDetour": 326.6,
    "maxRatio": 2.4489795918367347,
    "canonicalCoverage": true,
    "sourceFactsMatch": true,
    "identityErrors": 0,
    "ambiguities": 0,
    "documentUnchanged": true,
    "svgMatchesScene": true
  },
  {
    "caseId": "transformer-level1-left",
    "crossingPairs": 6,
    "distinctTensorCrossingPairs": 6,
    "overlapPairs": 1,
    "distinctTensorOverlapPairs": 0,
    "overlapLength": 720,
    "intrusions": 0,
    "borderNear": 11,
    "maxDetour": 326.6,
    "maxRatio": 2.4489795918367347,
    "canonicalCoverage": true,
    "sourceFactsMatch": true,
    "identityErrors": 0,
    "ambiguities": 0,
    "documentUnchanged": true,
    "svgMatchesScene": true
  },
  {
    "caseId": "transformer-level1-right",
    "crossingPairs": 4,
    "distinctTensorCrossingPairs": 4,
    "overlapPairs": 2,
    "distinctTensorOverlapPairs": 0,
    "overlapLength": 818.6700000000001,
    "intrusions": 0,
    "borderNear": 18,
    "maxDetour": 181.4000000000001,
    "maxRatio": 2.2768163050162515,
    "canonicalCoverage": true,
    "sourceFactsMatch": true,
    "identityErrors": 0,
    "ambiguities": 0,
    "documentUnchanged": true,
    "svgMatchesScene": true
  },
  {
    "caseId": "transformer-level1-up",
    "crossingPairs": 6,
    "distinctTensorCrossingPairs": 6,
    "overlapPairs": 1,
    "distinctTensorOverlapPairs": 0,
    "overlapLength": 720,
    "intrusions": 1,
    "borderNear": 12,
    "maxDetour": 326.6,
    "maxRatio": 2.4489795918367347,
    "canonicalCoverage": true,
    "sourceFactsMatch": true,
    "identityErrors": 0,
    "ambiguities": 0,
    "documentUnchanged": true,
    "svgMatchesScene": true
  },
  {
    "caseId": "transformer-level1-down",
    "crossingPairs": 5,
    "distinctTensorCrossingPairs": 5,
    "overlapPairs": 1,
    "distinctTensorOverlapPairs": 0,
    "overlapLength": 720,
    "intrusions": 0,
    "borderNear": 14,
    "maxDetour": 326.6,
    "maxRatio": 2.4489795918367347,
    "canonicalCoverage": true,
    "sourceFactsMatch": true,
    "identityErrors": 0,
    "ambiguities": 0,
    "documentUnchanged": true,
    "svgMatchesScene": true
  },
  {
    "caseId": "transformer-level2-base",
    "crossingPairs": 9,
    "distinctTensorCrossingPairs": 8,
    "overlapPairs": 3,
    "distinctTensorOverlapPairs": 0,
    "overlapLength": 1161.34,
    "intrusions": 0,
    "borderNear": 38,
    "maxDetour": 261.34,
    "maxRatio": 2.5795384615384616,
    "canonicalCoverage": true,
    "sourceFactsMatch": true,
    "identityErrors": 0,
    "ambiguities": 0,
    "documentUnchanged": true,
    "svgMatchesScene": true
  },
  {
    "caseId": "transformer-level2-left",
    "crossingPairs": 9,
    "distinctTensorCrossingPairs": 8,
    "overlapPairs": 3,
    "distinctTensorOverlapPairs": 0,
    "overlapLength": 1161.34,
    "intrusions": 0,
    "borderNear": 38,
    "maxDetour": 261.34,
    "maxRatio": 2.5795384615384616,
    "canonicalCoverage": true,
    "sourceFactsMatch": true,
    "identityErrors": 0,
    "ambiguities": 0,
    "documentUnchanged": true,
    "svgMatchesScene": true
  },
  {
    "caseId": "transformer-level2-right",
    "crossingPairs": 8,
    "distinctTensorCrossingPairs": 7,
    "overlapPairs": 3,
    "distinctTensorOverlapPairs": 0,
    "overlapLength": 1161.34,
    "intrusions": 0,
    "borderNear": 33,
    "maxDetour": 261.34,
    "maxRatio": 2.5795384615384616,
    "canonicalCoverage": true,
    "sourceFactsMatch": true,
    "identityErrors": 0,
    "ambiguities": 0,
    "documentUnchanged": true,
    "svgMatchesScene": true
  },
  {
    "caseId": "transformer-level2-up",
    "crossingPairs": 10,
    "distinctTensorCrossingPairs": 8,
    "overlapPairs": 2,
    "distinctTensorOverlapPairs": 0,
    "overlapLength": 916.67,
    "intrusions": 4,
    "borderNear": 35,
    "maxDetour": 261.34,
    "maxRatio": 2.5795384615384616,
    "canonicalCoverage": true,
    "sourceFactsMatch": true,
    "identityErrors": 0,
    "ambiguities": 0,
    "documentUnchanged": true,
    "svgMatchesScene": true
  },
  {
    "caseId": "transformer-level2-down",
    "crossingPairs": 9,
    "distinctTensorCrossingPairs": 8,
    "overlapPairs": 3,
    "distinctTensorOverlapPairs": 0,
    "overlapLength": 1209.3400000000001,
    "intrusions": 0,
    "borderNear": 38,
    "maxDetour": 261.34,
    "maxRatio": 2.5795384615384616,
    "canonicalCoverage": true,
    "sourceFactsMatch": true,
    "identityErrors": 0,
    "ambiguities": 0,
    "documentUnchanged": true,
    "svgMatchesScene": true
  },
  {
    "caseId": "transformer-level3-base",
    "crossingPairs": 5,
    "distinctTensorCrossingPairs": 5,
    "overlapPairs": 7,
    "distinctTensorOverlapPairs": 0,
    "overlapLength": 1800.02,
    "intrusions": 0,
    "borderNear": 50,
    "maxDetour": 261.34,
    "maxRatio": 2.5487692307692305,
    "canonicalCoverage": true,
    "sourceFactsMatch": true,
    "identityErrors": 0,
    "ambiguities": 0,
    "documentUnchanged": true,
    "svgMatchesScene": true
  },
  {
    "caseId": "transformer-level3-left",
    "crossingPairs": 5,
    "distinctTensorCrossingPairs": 5,
    "overlapPairs": 7,
    "distinctTensorOverlapPairs": 0,
    "overlapLength": 1800.02,
    "intrusions": 0,
    "borderNear": 50,
    "maxDetour": 261.34,
    "maxRatio": 2.5487692307692305,
    "canonicalCoverage": true,
    "sourceFactsMatch": true,
    "identityErrors": 0,
    "ambiguities": 0,
    "documentUnchanged": true,
    "svgMatchesScene": true
  },
  {
    "caseId": "transformer-level3-right",
    "crossingPairs": 5,
    "distinctTensorCrossingPairs": 5,
    "overlapPairs": 7,
    "distinctTensorOverlapPairs": 0,
    "overlapLength": 1800.02,
    "intrusions": 0,
    "borderNear": 50,
    "maxDetour": 261.34,
    "maxRatio": 2.5487692307692305,
    "canonicalCoverage": true,
    "sourceFactsMatch": true,
    "identityErrors": 0,
    "ambiguities": 0,
    "documentUnchanged": true,
    "svgMatchesScene": true
  },
  {
    "caseId": "transformer-level3-up",
    "crossingPairs": 6,
    "distinctTensorCrossingPairs": 5,
    "overlapPairs": 6,
    "distinctTensorOverlapPairs": 0,
    "overlapLength": 1555.35,
    "intrusions": 4,
    "borderNear": 47,
    "maxDetour": 261.34,
    "maxRatio": 2.5487692307692305,
    "canonicalCoverage": true,
    "sourceFactsMatch": true,
    "identityErrors": 0,
    "ambiguities": 0,
    "documentUnchanged": true,
    "svgMatchesScene": true
  },
  {
    "caseId": "transformer-level3-down",
    "crossingPairs": 5,
    "distinctTensorCrossingPairs": 5,
    "overlapPairs": 7,
    "distinctTensorOverlapPairs": 0,
    "overlapLength": 1848.0200000000004,
    "intrusions": 0,
    "borderNear": 50,
    "maxDetour": 261.34,
    "maxRatio": 2.5487692307692305,
    "canonicalCoverage": true,
    "sourceFactsMatch": true,
    "identityErrors": 0,
    "ambiguities": 0,
    "documentUnchanged": true,
    "svgMatchesScene": true
  }
]
