
> archcanvas-studio@0.1.0 test
> node --experimental-strip-types --test --test-isolation=none tests/*.test.ts

✔ independent corridor parser rejects ignored bytes, diagonal, partial, nonfinite and multiple subpaths (3.130734ms)
✔ independent corridor metrics preserve split crossings, point contacts and pair-local interval union (6.650214ms)
✔ independent corridor frozen captures remain bound to exact archived source bytes (6.03479ms)
✔ independent corridor family identity requires exact source, memory role, effective style, side and complete canonical membership (5.132266ms)
✔ independent corridor rejects coherent semantic, branch, circle, style, body and same-tensor crossing corruptions (148.506343ms)
✔ independent corridor literal shared-family improvement retains each branch and exposes crossing exchanges (23.672644ms)
✔ independent corridor current nine frontiers and three details preserve source, cards, ports, canonical branches and protected geometry (212.541261ms)
✔ independent corridor current L3 cannot trade overlap for crosses or lose named canonical fanout branches (28.699683ms)
✔ independent corridor work caps remain their literal approved bounds (0.14974ms)
✔ suggestion is below every current body, including expanded frames, legends and other notes (0.469123ms)
✔ excluding the selected annotation ignores its old bounds and gives a stable repeated position (0.190875ms)
✔ body conflicts include frontier leaves, legend labels and other notes, with exact touching permitted (0.213233ms)
✔ body conflict result does not assert orthogonal edge clearance (0.096942ms)
✔ formal complex expansion keeps the existing absolute note and recommends a clear new note below the new frontier (155.07205ms)
✔ explicit move below diagram is one annotation history operation and preserves save/export fields (114.52706ms)
✔ independent from-zero chain arrangement can fit its previously offscreen output with all module boxes visible (0.611956ms)
✔ independent fit handles negative manual placements, merge branches, aspect ratios and the full128module contract (9.724168ms)
✔ empty and unmeasured viewports return finite camera state and keep the blank draft intact (0.127203ms)
✔ manual off-body route waypoints fit along with node rectangles without changing either model or route (0.244826ms)
✔ raw numerical field input rejects empty tokens, invalid dimensions, nonfinite values and out-of-contract lengths (0.318725ms)
✔ duplicate display labels never redirect a typed shape diagnostic to another module or infer a target from text (0.26995ms)
✔ unknown node identities and unregistered parameter/port names cannot produce an active field highlight (0.305684ms)
✔ unstructuredHTTP conflicts and malformed diagnostics keep useful message without fabricated node or field targets (0.185451ms)
✔ public JSON transport preserves structured diagnostics and HTTP status without changing legacy successful payloads (12.233565ms)
✔ deferred old-draft response cannot resolve a missing identity in a replacement draft with the same labels (0.642341ms)
✔ independent four-direction authored moves preserve exact graph and one-command undo/redo (3.262987ms)
✔ merge ports stay distinct, fan-out is retained, malformed direction/foreign port and duplicate producers fail atomically (2.216655ms)
✔ a new binding that closes a directed cycle leaves history and every prior edge unchanged (0.296982ms)
✔ deleting a branch removes only its incident bindings and undo restores both merge ports (0.35921ms)
✔ explicit DAG arrange handles merge longest-path dependencies without overlaps or semantic changes (0.536856ms)
✔ manual covering overlaps keep anchors and report every retained routing obstruction (0.2686ms)
✔ no-op changes and unavailable history travel preserve identity; a new edit after undo clears redo (0.259805ms)
✔ public draft transport binds save CAS revision and reopens an independent exact draft while a conflict retains local edits (1.306514ms)
✔ click additions find free space past the original five-node overlap counterexample without moving prior modules (0.731947ms)
✔ cache boundary rejects crash-causing node shapes, impossible revisions and unsafe coordinates while returning detached valid edits (0.856672ms)
✔ public authoring pan primitive uses final endpoint in all four directions, ignores foreign pointer and preserves model history (0.353546ms)
✔ a transparent network is one history step and redo restores its stable nodes, edges and edits (1.401332ms)
✔ repeat insertion avoids occupied cards, preserves prior identities and bindings, and never connects old networks (1.124736ms)
✔ IDs collide or fail safely before any draft mutation; retry uses fresh identities for every node and edge (1.098724ms)
✔ catalog compatibility, node/edge budgets and extreme coordinates refuse atomically (1.487525ms)
✔ CNN starting layout is legible at the observed viewport with one clear exterior row return (0.853947ms)
✔ actual inserted graphs pass the formal nonexecuting backend source pipeline; a disconnected old node still fails generation (60.11451ms)
✔ pointerup endpoint is available without an intervening move or RAF (0.167062ms)
✔ terminal endpoint includes movement beyond the last sampled preview (0.075801ms)
✔ pan displacement is measured in CSS pixels and never divided by zoom (0.103291ms)
✔ returning to start restores exact initial camera without cumulative drift (0.149917ms)
✔ viewport-origin shift alone does not masquerade as a pointer delta (0.067455ms)
✔ a second pointer cannot update or finish the original pan (0.056425ms)
✔ initial camera snapshot and caller input remain untouched (0.075689ms)
✔ invalid start coordinates, zoom and pointer identity are rejected (0.205486ms)
✔ world camera keeps the sealed Transformer scene continuous across negative bounds (14.678531ms)
✔ fit, focus, pointer-centered zoom and pan use world coordinates (0.21146ms)
✔ collapsed frontier retains canonical tensors, named port direction and hidden edges (0.623552ms)
✔ expansion preserves anchor, unrelated pins, repeat sharing and re-expanded local edits (3.171732ms)
✔ batch rejects semantic field injection and stale revision without mutating input (0.949995ms)
✔ history restores a whole batch with monotonic revision and invalidates redo after new edit (0.980712ms)
✔ publication serializes the edited scene, escapes every user string and excludes editor controls (1.292525ms)
✔ document loader rejects port mismatch, parent cycle and non-finite imported geometry (0.775293ms)
✔ selected parent plus child moves once, pinned descendants protect their subtree (2.447593ms)
✔ repeated toggles restore neighbor geometry without drifting or losing a collapsed user move (5.868827ms)
✔ long Chinese aliases and annotations retain text while their geometry grows (1.323536ms)
✔ source refresh preserves unique identity presentation and resets source undo boundary (3.517216ms)
✔ a rebound edge cannot inherit a style from its previous tensor binding (2.6519ms)
✔ projected parallel edges retain differing canonical styles instead of discarding them (0.826911ms)
✔ sealed Transformer mask edge inspector reflects the actual displayed style (23.603169ms)
✔ parallel growth fitting below an existing taller branch does not shift output again (16.41372ms)
✔ horizontal free space absorbs width growth; adjacent sibling spacing and authored gap are preserved (14.298146ms)
✔ manual distant output absorbs growth; downstream relative offsets and explicit user movement survive frontier restore (15.011697ms)
✔ pinned output and pinned descendant protect anchors while the existing warning reports unresolved overlap (13.418874ms)
✔ exact collapse/reexpand frontier snapshots and undo/redo remain stable after repeated parallel expansion (30.199644ms)
✔ real Transformer depth-two UI frontier uses existing space without cumulative independent branch height (194.878217ms)
✔ real Transformer depth-three and cached frontiers retain manual feedforward positions and no sibling intersections (245.983399ms)
✔ real Residual CNN grows both repeats and keeps downstream pool/flatten/classifier clear (58.094209ms)
✔ renderer changes invalidate an old export even when canvas revision and source digests match (0.271526ms)
✔ a restored artifact must describe the default document, width, revision, source and PNG resolution (0.181095ms)
✔ detail export partitions every canonical edge and visibly retains every crossing binding (9.316813ms)
✔ detail keeps edited geometry, aliases, styles, legend and contained annotations, and declares omissions (9.890872ms)
✔ distinct external node/port tuples cannot collide when their identities contain delimiters (3.805558ms)
✔ detail metadata and projected objects are detached from the input CanvasDocument (7.184338ms)
✔ detail rejects leaf, collapsed or hidden containers and invalid options; whole keeps the ordinary scene (7.593206ms)
✔ detail bounds retain manually offset descendants instead of clipping negative coordinates (7.99139ms)
✔ long boundary text and provenance fit their boxes and 85/180 mm preflight measures actual scale (11.491737ms)
✔ real source-derived MLP network detail accounts for adapters and exposes model input/output (36.686674ms)
✔ physical advice accounts for tall pages and rounds the required width upward (2.43612ms)
✔ detail choices distinguish equal labels by identity/path and preserve the current frontier and edits (25.193559ms)
✔ hierarchy order and depth follow authored roots and child lists, independent of flat node order (20.640876ms)
✔ empty aliases, escaped labels, repeat badges, pins and leaf/toggle ARIA stay exact (16.07456ms)
✔ collapsed ancestors hide latent descendants without erasing their expansion or selection (22.778513ms)
✔ a replacement architecture with the same IDs displays new labels, categories and topology (25.121091ms)
✔ an empty architecture renders no rows and non-hierarchy visual changes leave row HTML exact (11.252125ms)
✔ the actual formal source-backed 304-node model keeps precise old/new hierarchy HTML before and after expansion (672.649739ms)
✔ actual upward header conflict produces understandable guidance using display aliases (1.809864ms)
✔ actual overlapping leaves expose both overlap and blocked connection guidance (0.855387ms)
✔ source-analysis warnings stay in their own panel and missing object references do not leak identifiers (0.440347ms)
✔ preview equals complete guarded scene/SVG for container resizing, negative/manual geometry and repeated frames (48.143779ms)
✔ selected parent and child move exactly once; pinned descendants protect ancestor subtree (6.103924ms)
✔ sparse visible layout materializes once and hidden layout uses the established source contract (4.728295ms)
✔ preview leaves history/frontiers/source untouched, commit updates snapshots and supports one undo/redo (4.500132ms)
✔ prepared snapshot isolates later caller mutation and returned scene cannot corrupt frozen semantic references (1.927965ms)
✔ preview rejects forged sessions, invalid selection/coordinates and corrupted document before showing geometry (1.510541ms)
✔ independent oracle detects polluted body/header and route geometry (1.738357ms)
✔ four directions preserve exact manual coordinates, shared endpoints and expose left/header/sibling conflicts (14.077335ms)
✔ explicit recovery preview is obstacle-safe and commit is one reversible visual operation (20.984885ms)
✔ recovery respects selected pin, descendant pin and a clear right move without changing documents (5.484183ms)
✔ touching the true parent border is contained while even a one-unit left escape is diagnosed (4.813297ms)
✔ selected expanded subtree moves as one root and recovery preserves child locals and outside pins (6.18578ms)
✔ an invariant internal conflict is unavailable even with many nearby candidate obstacles (12.296561ms)
✔ ready recovery preserves an existing unrelated collision rather than presenting it as globally resolved (4.499387ms)
✔ unknown or hidden objects do not produce phantom recovery scenes (2.323278ms)
✔ same-pair ancestor collision growth rejects an otherwise clear nearby candidate (43.03775ms)
✔ native timing remains independent of geometry and handler proxy; pin spaces differ (0.518456ms)
✔ untrusted, unmatched, ambiguous and reused native entries cannot yield passing zero latency (0.313361ms)
✔ stale source or concurrent revisions invalidate spatial and summary evidence; missing pins stay unmeasured (0.153853ms)
✔ independent native receipt checker rejects forged zero latency, anchor drift and stale source (1.009632ms)
✔ clear preferred orthogonal paths remain byte-identical and endpoint data stays immutable (0.285605ms)
✔ independent broken-path counterexample detects unrelated intrusion and repaired route keeps endpoints (0.498123ms)
✔ ancestor frame passage is valid; unrelated frame interiors remain obstacles (0.122486ms)
✔ preferred route re-entry into an endpoint body is repaired, not mistaken for a clear unrelated-body path (0.193773ms)
✔ overlap covering an endpoint is reported explicitly rather than invented as a clear route (0.105845ms)
✔ blocked ancestor headers retain arbitrary canonical IDs without synthetic suffix decoding (0.126534ms)
✔ all nine historical source-bound golden frontiers rerender without unrelated-body intrusions (25.213031ms)
✔ detail boundary stubs reuse obstacle routing across all visible expanded golden containers (156.973799ms)
✔ four-direction moves preserve semantic identity, history, exact preview/guarded Scene and routed SVG (9.140052ms)
✔ intentional overlapping manual objects keep anchors and publish explicit overlap/routing diagnostics (1.057014ms)
✔ manual upward move into expanded ancestor header keeps the coordinate and reports the conflict (0.846489ms)
✔ formal LSTM nested output slots retain handwritten key/index evidence in documents (42.095737ms)
✔ import validation rejects malformed output paths and slots on non-output nodes (36.522472ms)
✔ a renamed return slot cannot borrow presentation from the prior ordinal output (42.127228ms)
✔ receipt verifier recomputes percentiles and rejects unchanged or root frontiers (1.154763ms)
✔ performance probe never reports paint before its second animation-frame boundary (0.436073ms)
✔ frame sampler reports a bounded fps sample and reset removes prior samples (112.956938ms)
✔ independent final-SVG oracle detects all six sealed ChS stack intrusions and three buried frontier outputs (16.705871ms)
✔ source-bound final SVG stack/endpoint/Canvas invariants: mlp-level0-paper-180 (5.341345ms)
✔ source-bound final SVG stack/endpoint/Canvas invariants: mlp-level1-paper-180 (3.873685ms)
✔ source-bound final SVG stack/endpoint/Canvas invariants: residual_cnn-level0-paper-180 (8.799382ms)
✔ source-bound final SVG stack/endpoint/Canvas invariants: residual_cnn-level1-paper-180 (5.481701ms)
✔ source-bound final SVG stack/endpoint/Canvas invariants: residual_cnn-level2-paper-180 (13.135576ms)
✔ source-bound final SVG stack/endpoint/Canvas invariants: transformer-level0-paper-180 (22.415003ms)
✔ source-bound final SVG stack/endpoint/Canvas invariants: transformer-level1-paper-180 (30.266006ms)
✔ source-bound final SVG stack/endpoint/Canvas invariants: transformer-level2-paper-180 (45.842185ms)
✔ source-bound final SVG stack/endpoint/Canvas invariants: transformer-level3-paper-180 (52.1731ms)
✔ reported CNN bottom and Transformer memory examples attach to exposed card union (6.246194ms)
✔ near-left bottom outputs follow actual +0/+3.5/+7 cards instead of empty envelope corners (8.937069ms)
✔ same canonical memory output has coherent bottom and right display ports for multiple consumers (1.288609ms)
✔ unrelated backplate-only obstacle and source own-stack reentry are independently rejected and rerouted (1.434919ms)
✔ overlapping Repeat ownership is reported once and an endpoint covered by another body remains honestly blocked (0.176085ms)
✔ detail fallback ports and translated stacks retain canonical boundary coverage and exposed endpoints (1.451368ms)
✔ expanded/nonrepeat ports, in-place expansion, pins and move preview/history preserve presentation contracts (5.428704ms)
✔ independent oracle rejects 15 corruptions including coherent graph displacement and tensor concealment (6.555942ms)
✔ independent strict-interior oracle excludes point contact and same tensor trunks, merges collinear intervals (0.861794ms)
✔ outline compatibility rejects eight coherent corruptions while preserving the frozen routing oracle (25.94139ms)
✔ independent source-bound frontier/detail/four-direction history invariants: mlp-level0-paper-180 (23.195134ms)
✔ independent source-bound frontier/detail/four-direction history invariants: mlp-level1-paper-180 (40.7796ms)
✔ independent source-bound frontier/detail/four-direction history invariants: residual_cnn-level0-paper-180 (47.231452ms)
✔ independent source-bound frontier/detail/four-direction history invariants: residual_cnn-level1-paper-180 (60.083695ms)
✔ independent source-bound frontier/detail/four-direction history invariants: residual_cnn-level2-paper-180 (134.78186ms)
✔ independent source-bound frontier/detail/four-direction history invariants: transformer-level0-paper-180 (128.772138ms)
✔ independent source-bound frontier/detail/four-direction history invariants: transformer-level1-paper-180 (226.681888ms)
✔ independent source-bound frontier/detail/four-direction history invariants: transformer-level2-paper-180 (463.13177ms)
✔ independent source-bound frontier/detail/four-direction history invariants: transformer-level3-paper-180 (595.02168ms)
✔ real public source-bound Transformer metrics improve while preserving unresolved complex crossings (18.517896ms)
✔ public differing-tensor geometry reduces overlap length while shared tensor trunk remains byte-identical (3.18501ms)
✔ indexed projected ports retain non-adjacent canonical coverage and role order (1.661335ms)
✔ parallel style groups and cycle fallback survive expand/undo/redo without mutating source (8.327592ms)
✔ real Temporal shared projection keeps two distinct calls and four authored paths after edits and reopen (43.014285ms)
✔ Skip repeat is independent; expanding and detail export retain identities and external boundaries (46.268004ms)
✔ GNN names and arbitrary visual aliases do not turn unknown regions into known attention (40.702615ms)
✔ same label and duplicated call identity cannot invent distinct shared calls; facts detach from Canvas (40.82951ms)
✔ long authored output keys stay exact in metadata while subtitles fit the existing node width (41.150961ms)
✔ source-backed 300-layer Sequential expansion exposes 300 canonical layer objects (630.304772ms)
✔ the actual CNN sentence breaks before path instead of splitting a fitting word (0.166689ms)
✔ CJK characters and whole English tokens can share lines without inserted text (0.099887ms)
✔ explicit line breaks and blank lines remain while soft line boundaries discard whitespace (0.119394ms)
✔ oversized source identifiers have finite code-point fallback without dropping characters (2.954731ms)
✔ Unicode code points stay intact and an individually oversized point still makes progress (0.285302ms)
✔ Scene annotation height and both SVG modes use the independently expected CNN lines (0.660642ms)
✔ a valid annotation narrower than its text inset still builds and renders (0.438569ms)
✔ real residual CNN nested expansion keeps downstream pool clear and restores base frontier (60.288729ms)
✔ real MLP pinned output conflict is explicit while both expansion anchors stay fixed (33.431667ms)
ℹ tests 179
ℹ suites 0
ℹ pass 179
ℹ fail 0
ℹ cancelled 0
ℹ skipped 0
ℹ todo 0
ℹ duration_ms 6335.864017
