test_conv_transpose_and_pool_dimensional_contracts (test_authoring_catalog_expanded.ExpandedCatalogTests.test_conv_transpose_and_pool_dimensional_contracts) ... ok
test_cross_attention_weights_memory_roles_and_seq_axes (test_authoring_catalog_expanded.ExpandedCatalogTests.test_cross_attention_weights_memory_roles_and_seq_axes) ... ok
test_every_advertised_atom_generates_reanalyzes_without_opaque_node (test_authoring_catalog_expanded.ExpandedCatalogTests.test_every_advertised_atom_generates_reanalyzes_without_opaque_node) ... ok
test_hand_calculated_batched_matmul_and_multiply (test_authoring_catalog_expanded.ExpandedCatalogTests.test_hand_calculated_batched_matmul_and_multiply) ... ok
test_recurrent_all_outputs_are_real_tensor_slots_and_can_feed_downstream (test_authoring_catalog_expanded.ExpandedCatalogTests.test_recurrent_all_outputs_are_real_tensor_slots_and_can_feed_downstream) ... ok
test_rejects_false_static_claims (test_authoring_catalog_expanded.ExpandedCatalogTests.test_rejects_false_static_claims) ... ok
test_reshape_transpose_reductions_have_independent_exact_shapes (test_authoring_catalog_expanded.ExpandedCatalogTests.test_reshape_transpose_reductions_have_independent_exact_shapes) ... ok
test_secondary_output_shape_is_used_by_reshape_and_source_normalization (test_authoring_catalog_expanded.ExpandedCatalogTests.test_secondary_output_shape_is_used_by_reshape_and_source_normalization) ... ok
test_tampered_source_and_output_slot_swaps_are_rejected (test_authoring_catalog_expanded.ExpandedCatalogTests.test_tampered_source_and_output_slot_swaps_are_rejected) ... ok
test_definitions_persist_and_source_or_port_forgery_is_rejected (test_custom_modules.CustomModuleTests.test_definitions_persist_and_source_or_port_forgery_is_rejected) ... ok
test_errors_are_explicit_and_unknown_internal_results_are_not_shapes (test_custom_modules.CustomModuleTests.test_errors_are_explicit_and_unknown_internal_results_are_not_shapes) ... ok
test_fresh_import_of_generated_module_preserves_multislot_source_without_session_metadata (test_custom_modules.CustomModuleTests.test_fresh_import_of_generated_module_preserves_multislot_source_without_session_metadata) ... ok
test_input_identity_collisions_stay_unique_and_unsupported_methods_are_diagnosed (test_custom_modules.CustomModuleTests.test_input_identity_collisions_stay_unique_and_unsupported_methods_are_diagnosed) ... ok
test_preview_infers_named_keyword_inputs_and_nested_return_slots (test_custom_modules.CustomModuleTests.test_preview_infers_named_keyword_inputs_and_nested_return_slots) ... ok
test_private_and_output_named_arguments_have_unique_port_ids (test_custom_modules.CustomModuleTests.test_private_and_output_named_arguments_have_unique_port_ids) ... ok
test_repeated_instances_and_same_class_names_are_namespaced (test_custom_modules.CustomModuleTests.test_repeated_instances_and_same_class_names_are_namespaced) ... ok
test_retained_source_boundaries_do_not_certify_unsupported_call_signatures (test_custom_modules.CustomModuleTests.test_retained_source_boundaries_do_not_certify_unsupported_call_signatures) ... ok
test_source_derived_graph_and_frontier_rebase_keep_custom_definitions (test_custom_modules.CustomModuleTests.test_source_derived_graph_and_frontier_rebase_keep_custom_definitions) ... ok
test_source_globals_are_retained_without_becoming_constructor_arguments (test_custom_modules.CustomModuleTests.test_source_globals_are_retained_without_becoming_constructor_arguments) ... ok
test_static_generation_retains_source_constructor_and_exact_distinct_outputs (test_custom_modules.CustomModuleTests.test_static_generation_retains_source_constructor_and_exact_distinct_outputs) ... ok
test_top_level_and_constructor_side_effects_never_execute (test_custom_modules.CustomModuleTests.test_top_level_and_constructor_side_effects_never_execute) ... ok
test_visual_card_fields_are_checked_persisted_and_never_change_source (test_custom_modules.CustomModuleTests.test_visual_card_fields_are_checked_persisted_and_never_change_source) ... ok
test_actual_current_frontiers_retain_complete_source_and_ports (test_source_authoring_bridge.SourceAuthoringBridgeTests.test_actual_current_frontiers_retain_complete_source_and_ports) ... ok
test_collapse_expand_rebase_keeps_edits_new_nodes_connections_and_deletion (test_source_authoring_bridge.SourceAuthoringBridgeTests.test_collapse_expand_rebase_keeps_edits_new_nodes_connections_and_deletion) ... ok
test_collapsed_frontier_generation_materializes_only_canonical_facts (test_source_authoring_bridge.SourceAuthoringBridgeTests.test_collapsed_frontier_generation_materializes_only_canonical_facts) ... ok
test_collapsed_generation_refuses_unlowered_group_parameters (test_source_authoring_bridge.SourceAuthoringBridgeTests.test_collapsed_generation_refuses_unlowered_group_parameters) ... ok
test_collapsed_generation_rejects_disconnected_added_module (test_source_authoring_bridge.SourceAuthoringBridgeTests.test_collapsed_generation_rejects_disconnected_added_module) ... ok
test_collapsed_generation_rejects_tampered_provenance_digest (test_source_authoring_bridge.SourceAuthoringBridgeTests.test_collapsed_generation_rejects_tampered_provenance_digest) ... ok
test_collapsed_generation_retains_cached_parameter_edits_deletion_and_rewire (test_source_authoring_bridge.SourceAuthoringBridgeTests.test_collapsed_generation_retains_cached_parameter_edits_deletion_and_rewire) ... ok
test_forged_source_ir_and_port_binding_are_rejected (test_source_authoring_bridge.SourceAuthoringBridgeTests.test_forged_source_ir_and_port_binding_are_rejected) ... ok
test_partial_transformer_connected_addition_preserves_rebased_proxy_bindings (test_source_authoring_bridge.SourceAuthoringBridgeTests.test_partial_transformer_connected_addition_preserves_rebased_proxy_bindings) ... ok
test_partial_transformer_generation_preserves_visible_node_and_proxy_edge_bindings (test_source_authoring_bridge.SourceAuthoringBridgeTests.test_partial_transformer_generation_preserves_visible_node_and_proxy_edge_bindings) ... ok
test_partial_transformer_rejects_unconnected_attention_before_materialization (test_source_authoring_bridge.SourceAuthoringBridgeTests.test_partial_transformer_rejects_unconnected_attention_before_materialization) ... ok
test_activation_arguments_and_requested_unknown_kind_refused (test_transactions_config_activation.ConfigActivationTests.test_activation_arguments_and_requested_unknown_kind_refused) ... ok
test_activation_only_changes_constructor_token_and_kind (test_transactions_config_activation.ConfigActivationTests.test_activation_only_changes_constructor_token_and_kind) ... ok
test_activation_wrong_lowering_is_rejected_by_independent_kind_oracle (test_transactions_config_activation.ConfigActivationTests.test_activation_wrong_lowering_is_rejected_by_independent_kind_oracle) ... ok
test_config_changes_one_origin_and_all_mixed_readers (test_transactions_config_activation.ConfigActivationTests.test_config_changes_one_origin_and_all_mixed_readers) ... ok
test_config_derived_unregistered_shadowed_or_unused_reader_refused (test_transactions_config_activation.ConfigActivationTests.test_config_derived_unregistered_shadowed_or_unused_reader_refused) ... ok
test_configuration_and_activation_use_exact_approval_and_stale_guard (test_transactions_config_activation.ConfigActivationTests.test_configuration_and_activation_use_exact_approval_and_stale_guard) ... ok
test_configuration_wrong_probability_lowering_is_not_expected_oracle (test_transactions_config_activation.ConfigActivationTests.test_configuration_wrong_probability_lowering_is_not_expected_oracle) ... ok
test_exact_rebind_approval_cannot_authorize_parameter_transaction (test_transactions_rebind.RebindTransactionTests.test_exact_rebind_approval_cannot_authorize_parameter_transaction) ... ok
test_input_candidate_and_final_direct_return (test_transactions_rebind.RebindTransactionTests.test_input_candidate_and_final_direct_return) ... ok
test_noop_and_non_dominating_producer_blocked (test_transactions_rebind.RebindTransactionTests.test_noop_and_non_dominating_producer_blocked) ... ok
test_producer_contract_and_intent_tamper_invalidates_approval (test_transactions_rebind.RebindTransactionTests.test_producer_contract_and_intent_tamper_invalidates_approval) ... ok
test_rebind_preserves_utf8_bom_crlf_unicode_names_and_permissions (test_transactions_rebind.RebindTransactionTests.test_rebind_preserves_utf8_bom_crlf_unicode_names_and_permissions) ... ok
test_rebind_write_fault_uses_existing_guarded_recovery (test_transactions_rebind.RebindTransactionTests.test_rebind_write_fault_uses_existing_guarded_recovery) ... ok
test_single_name_and_exact_independent_edge_change (test_transactions_rebind.RebindTransactionTests.test_single_name_and_exact_independent_edge_change) ... ok
test_staging_rebound_to_other_valid_candidate_is_not_approved (test_transactions_rebind.RebindTransactionTests.test_staging_rebound_to_other_valid_candidate_is_not_approved) ... ok
test_wrong_lowering_cannot_supply_expected_graph (test_transactions_rebind.RebindTransactionTests.test_wrong_lowering_cannot_supply_expected_graph) ... ok

----------------------------------------------------------------------
Ran 49 tests in 25.181s

OK
