
> archcanvas-studio@0.1.0 test
> node --experimental-strip-types --test --test-isolation=none tests/*.test.ts

✔ suggestion is below every current body, including expanded frames, legends and other notes (2.243782ms)
✔ excluding the selected annotation ignores its old bounds and gives a stable repeated position (0.204715ms)
✔ body conflicts include frontier leaves, legend labels and other notes, with exact touching permitted (0.31367ms)
✔ body conflict result does not assert orthogonal edge clearance (0.13672ms)
✔ formal complex expansion keeps the existing absolute note and recommends a clear new note below the new frontier (166.607708ms)
✔ explicit move below diagram is one annotation history operation and preserves save/export fields (110.306166ms)
✔ independent from-zero chain arrangement can fit its previously offscreen output with all module boxes visible (0.615381ms)
✔ independent fit handles negative manual placements, merge branches, aspect ratios and the full128module contract (9.627522ms)
✔ empty and unmeasured viewports return finite camera state and keep the blank draft intact (0.174127ms)
✔ manual off-body route waypoints fit along with node rectangles without changing either model or route (0.332918ms)
✔ raw numerical field input rejects empty tokens, invalid dimensions, nonfinite values and out-of-contract lengths (0.322407ms)
✔ duplicate display labels never redirect a typed shape diagnostic to another module or infer a target from text (0.275362ms)
✔ unknown node identities and unregistered parameter/port names cannot produce an active field highlight (0.330907ms)
✔ unstructuredHTTP conflicts and malformed diagnostics keep useful message without fabricated node or field targets (0.171345ms)
✔ public JSON transport preserves structured diagnostics and HTTP status without changing legacy successful payloads (12.522967ms)
✔ deferred old-draft response cannot resolve a missing identity in a replacement draft with the same labels (0.513275ms)
✔ independent four-direction authored moves preserve exact graph and one-command undo/redo (3.131428ms)
✔ merge ports stay distinct, fan-out is retained, malformed direction/foreign port and duplicate producers fail atomically (1.762925ms)
✔ a new binding that closes a directed cycle leaves history and every prior edge unchanged (0.260172ms)
✔ deleting a branch removes only its incident bindings and undo restores both merge ports (0.358858ms)
✔ explicit DAG arrange handles merge longest-path dependencies without overlaps or semantic changes (0.514933ms)
✔ manual covering overlaps keep anchors and report every retained routing obstruction (0.285118ms)
✔ no-op changes and unavailable history travel preserve identity; a new edit after undo clears redo (0.246699ms)
✔ public draft transport binds save CAS revision and reopens an independent exact draft while a conflict retains local edits (1.27582ms)
✔ click additions find free space past the original five-node overlap counterexample without moving prior modules (0.737696ms)
✔ cache boundary rejects crash-causing node shapes, impossible revisions and unsafe coordinates while returning detached valid edits (0.895404ms)
✔ public authoring pan primitive uses final endpoint in all four directions, ignores foreign pointer and preserves model history (0.359592ms)
✔ a transparent network is one history step and redo restores its stable nodes, edges and edits (1.40004ms)
✔ repeat insertion avoids occupied cards, preserves prior identities and bindings, and never connects old networks (1.060756ms)
✔ IDs collide or fail safely before any draft mutation; retry uses fresh identities for every node and edge (0.571244ms)
✔ catalog compatibility, node/edge budgets and extreme coordinates refuse atomically (1.489926ms)
✔ actual inserted graphs pass the formal nonexecuting backend source pipeline; a disconnected old node still fails generation (62.468046ms)
✔ pointerup endpoint is available without an intervening move or RAF (0.167135ms)
✔ terminal endpoint includes movement beyond the last sampled preview (0.068821ms)
✔ pan displacement is measured in CSS pixels and never divided by zoom (0.096594ms)
✔ returning to start restores exact initial camera without cumulative drift (0.144191ms)
✔ viewport-origin shift alone does not masquerade as a pointer delta (0.060866ms)
✔ a second pointer cannot update or finish the original pan (0.046024ms)
✔ initial camera snapshot and caller input remain untouched (0.063953ms)
✔ invalid start coordinates, zoom and pointer identity are rejected (0.195899ms)
✔ world camera keeps the sealed Transformer scene continuous across negative bounds (13.650742ms)
✔ fit, focus, pointer-centered zoom and pan use world coordinates (0.225675ms)
✔ collapsed frontier retains canonical tensors, named port direction and hidden edges (0.623718ms)
✔ expansion preserves anchor, unrelated pins, repeat sharing and re-expanded local edits (2.869652ms)
✔ batch rejects semantic field injection and stale revision without mutating input (0.889023ms)
✔ history restores a whole batch with monotonic revision and invalidates redo after new edit (0.912785ms)
✔ publication serializes the edited scene, escapes every user string and excludes editor controls (1.201599ms)
✔ document loader rejects port mismatch, parent cycle and non-finite imported geometry (0.759274ms)
✔ selected parent plus child moves once, pinned descendants protect their subtree (2.837586ms)
✔ repeated toggles restore neighbor geometry without drifting or losing a collapsed user move (4.582635ms)
✔ long Chinese aliases and annotations retain text while their geometry grows (1.368527ms)
✔ source refresh preserves unique identity presentation and resets source undo boundary (3.379939ms)
✔ a rebound edge cannot inherit a style from its previous tensor binding (2.384775ms)
✔ projected parallel edges retain differing canonical styles instead of discarding them (0.783053ms)
✔ sealed Transformer mask edge inspector reflects the actual displayed style (21.698395ms)
✔ parallel growth fitting below an existing taller branch does not shift output again (13.783948ms)
✔ horizontal free space absorbs width growth; adjacent sibling spacing and authored gap are preserved (11.458313ms)
✔ manual distant output absorbs growth; downstream relative offsets and explicit user movement survive frontier restore (13.319007ms)
✔ pinned output and pinned descendant protect anchors while the existing warning reports unresolved overlap (13.428552ms)
✔ exact collapse/reexpand frontier snapshots and undo/redo remain stable after repeated parallel expansion (25.756564ms)
✔ real Transformer depth-two UI frontier uses existing space without cumulative independent branch height (187.305684ms)
✔ real Transformer depth-three and cached frontiers retain manual feedforward positions and no sibling intersections (219.246054ms)
✔ real Residual CNN grows both repeats and keeps downstream pool/flatten/classifier clear (55.35975ms)
✔ renderer changes invalidate an old export even when canvas revision and source digests match (0.262844ms)
✔ a restored artifact must describe the default document, width, revision, source and PNG resolution (0.177573ms)
✔ detail export partitions every canonical edge and visibly retains every crossing binding (7.775667ms)
✔ detail keeps edited geometry, aliases, styles, legend and contained annotations, and declares omissions (9.723235ms)
✔ distinct external node/port tuples cannot collide when their identities contain delimiters (4.262435ms)
✔ detail metadata and projected objects are detached from the input CanvasDocument (6.992659ms)
✔ detail rejects leaf, collapsed or hidden containers and invalid options; whole keeps the ordinary scene (6.860915ms)
✔ detail bounds retain manually offset descendants instead of clipping negative coordinates (6.614573ms)
✔ long boundary text and provenance fit their boxes and 85/180 mm preflight measures actual scale (10.1496ms)
✔ real source-derived MLP network detail accounts for adapters and exposes model input/output (33.688597ms)
✔ physical advice accounts for tall pages and rounds the required width upward (2.074451ms)
✔ detail choices distinguish equal labels by identity/path and preserve the current frontier and edits (21.184693ms)
✔ hierarchy order and depth follow authored roots and child lists, independent of flat node order (20.819816ms)
✔ empty aliases, escaped labels, repeat badges, pins and leaf/toggle ARIA stay exact (16.03124ms)
✔ collapsed ancestors hide latent descendants without erasing their expansion or selection (22.588315ms)
✔ a replacement architecture with the same IDs displays new labels, categories and topology (25.255632ms)
✔ an empty architecture renders no rows and non-hierarchy visual changes leave row HTML exact (11.569562ms)
✔ the actual formal source-backed 304-node model keeps precise old/new hierarchy HTML before and after expansion (661.481551ms)
✔ actual upward header conflict produces understandable guidance using display aliases (1.686455ms)
✔ actual overlapping leaves expose both overlap and blocked connection guidance (0.820905ms)
✔ source-analysis warnings stay in their own panel and missing object references do not leak identifiers (0.466733ms)
✔ preview equals complete guarded scene/SVG for container resizing, negative/manual geometry and repeated frames (37.706015ms)
✔ selected parent and child move exactly once; pinned descendants protect ancestor subtree (6.092056ms)
✔ sparse visible layout materializes once and hidden layout uses the established source contract (4.5358ms)
✔ preview leaves history/frontiers/source untouched, commit updates snapshots and supports one undo/redo (3.95518ms)
✔ prepared snapshot isolates later caller mutation and returned scene cannot corrupt frozen semantic references (2.265766ms)
✔ preview rejects forged sessions, invalid selection/coordinates and corrupted document before showing geometry (1.451074ms)
✔ independent oracle detects polluted body/header and route geometry (1.633266ms)
✔ four directions preserve exact manual coordinates, shared endpoints and expose left/header/sibling conflicts (11.60043ms)
✔ explicit recovery preview is obstacle-safe and commit is one reversible visual operation (21.292458ms)
✔ recovery respects selected pin, descendant pin and a clear right move without changing documents (5.225874ms)
✔ touching the true parent border is contained while even a one-unit left escape is diagnosed (4.160436ms)
✔ selected expanded subtree moves as one root and recovery preserves child locals and outside pins (5.750734ms)
✔ an invariant internal conflict is unavailable even with many nearby candidate obstacles (10.872179ms)
✔ ready recovery preserves an existing unrelated collision rather than presenting it as globally resolved (4.184249ms)
✔ unknown or hidden objects do not produce phantom recovery scenes (2.041396ms)
✔ same-pair ancestor collision growth rejects an otherwise clear nearby candidate (35.535565ms)
✔ native timing remains independent of geometry and handler proxy; pin spaces differ (0.477739ms)
✔ untrusted, unmatched, ambiguous and reused native entries cannot yield passing zero latency (0.347712ms)
✔ stale source or concurrent revisions invalidate spatial and summary evidence; missing pins stay unmeasured (0.351824ms)
✔ independent native receipt checker rejects forged zero latency, anchor drift and stale source (1.051755ms)
✔ clear preferred orthogonal paths remain byte-identical and endpoint data stays immutable (0.250704ms)
✔ independent broken-path counterexample detects unrelated intrusion and repaired route keeps endpoints (0.511023ms)
✔ ancestor frame passage is valid; unrelated frame interiors remain obstacles (0.106399ms)
✔ preferred route re-entry into an endpoint body is repaired, not mistaken for a clear unrelated-body path (0.184271ms)
✔ overlap covering an endpoint is reported explicitly rather than invented as a clear route (0.095244ms)
✔ blocked ancestor headers retain arbitrary canonical IDs without synthetic suffix decoding (0.114495ms)
✔ all nine historical source-bound golden frontiers rerender without unrelated-body intrusions (24.392914ms)
✔ detail boundary stubs reuse obstacle routing across all visible expanded golden containers (138.027174ms)
✔ four-direction moves preserve semantic identity, history, exact preview/guarded Scene and routed SVG (8.090615ms)
✔ intentional overlapping manual objects keep anchors and publish explicit overlap/routing diagnostics (0.958692ms)
✔ manual upward move into expanded ancestor header keeps the coordinate and reports the conflict (0.754757ms)
✔ formal LSTM nested output slots retain handwritten key/index evidence in documents (37.969442ms)
✔ import validation rejects malformed output paths and slots on non-output nodes (35.898992ms)
✔ a renamed return slot cannot borrow presentation from the prior ordinal output (42.042629ms)
✔ receipt verifier recomputes percentiles and rejects unchanged or root frontiers (1.145293ms)
✔ performance probe never reports paint before its second animation-frame boundary (0.428071ms)
✔ frame sampler reports a bounded fps sample and reset removes prior samples (113.027657ms)
✔ independent oracle rejects 15 corruptions including coherent graph displacement and tensor concealment (7.861114ms)
✔ independent strict-interior oracle excludes point contact and same tensor trunks, merges collinear intervals (0.827654ms)
✔ independent source-bound frontier/detail/four-direction history invariants: mlp-level0-paper-180 (14.345335ms)
✔ independent source-bound frontier/detail/four-direction history invariants: mlp-level1-paper-180 (23.910235ms)
✔ independent source-bound frontier/detail/four-direction history invariants: residual_cnn-level0-paper-180 (29.934815ms)
✔ independent source-bound frontier/detail/four-direction history invariants: residual_cnn-level1-paper-180 (38.320955ms)
✔ independent source-bound frontier/detail/four-direction history invariants: residual_cnn-level2-paper-180 (88.90788ms)
✔ independent source-bound frontier/detail/four-direction history invariants: transformer-level0-paper-180 (101.833561ms)
✔ independent source-bound frontier/detail/four-direction history invariants: transformer-level1-paper-180 (169.69445ms)
✔ independent source-bound frontier/detail/four-direction history invariants: transformer-level2-paper-180 (336.590652ms)
✔ independent source-bound frontier/detail/four-direction history invariants: transformer-level3-paper-180 (465.084476ms)
✔ real public source-bound Transformer metrics improve while preserving unresolved complex crossings (16.903559ms)
✔ public differing-tensor geometry reduces overlap length while shared tensor trunk remains byte-identical (2.868068ms)
✔ indexed projected ports retain non-adjacent canonical coverage and role order (1.424784ms)
✔ parallel style groups and cycle fallback survive expand/undo/redo without mutating source (6.911467ms)
✔ real Temporal shared projection keeps two distinct calls and four authored paths after edits and reopen (43.348021ms)
✔ Skip repeat is independent; expanding and detail export retain identities and external boundaries (46.769973ms)
✔ GNN names and arbitrary visual aliases do not turn unknown regions into known attention (36.890751ms)
✔ same label and duplicated call identity cannot invent distinct shared calls; facts detach from Canvas (38.251763ms)
✔ long authored output keys stay exact in metadata while subtitles fit the existing node width (43.656032ms)
✔ source-backed 300-layer Sequential expansion exposes 300 canonical layer objects (623.490166ms)
✔ the actual CNN sentence breaks before path instead of splitting a fitting word (0.144704ms)
✔ CJK characters and whole English tokens can share lines without inserted text (0.078793ms)
✔ explicit line breaks and blank lines remain while soft line boundaries discard whitespace (0.110495ms)
✔ oversized source identifiers have finite code-point fallback without dropping characters (2.811497ms)
✔ Unicode code points stay intact and an individually oversized point still makes progress (0.26635ms)
✔ Scene annotation height and both SVG modes use the independently expected CNN lines (0.756657ms)
✔ a valid annotation narrower than its text inset still builds and renders (0.390004ms)
✔ real residual CNN nested expansion keeps downstream pool clear and restores base frontier (58.126476ms)
✔ real MLP pinned output conflict is explicit while both expansion anchors stay fixed (33.877447ms)
ℹ tests 151
ℹ suites 0
ℹ pass 151
ℹ fail 0
ℹ cancelled 0
ℹ skipped 0
ℹ todo 0
ℹ duration_ms 5042.298991
