
> archcanvas-studio@0.1.0 test
> node --experimental-strip-types --test --test-isolation=none tests/*.test.ts

✔ suggestion is below every current body, including expanded frames, legends and other notes (2.393815ms)
✔ excluding the selected annotation ignores its old bounds and gives a stable repeated position (0.220619ms)
✔ body conflicts include frontier leaves, legend labels and other notes, with exact touching permitted (0.355535ms)
✔ body conflict result does not assert orthogonal edge clearance (0.15293ms)
✔ formal complex expansion keeps the existing absolute note and recommends a clear new note below the new frontier (174.334426ms)
✔ explicit move below diagram is one annotation history operation and preserves save/export fields (112.09819ms)
✔ independent from-zero chain arrangement can fit its previously offscreen output with all module boxes visible (0.669797ms)
✔ independent fit handles negative manual placements, merge branches, aspect ratios and the full128module contract (9.641492ms)
✔ empty and unmeasured viewports return finite camera state and keep the blank draft intact (0.206555ms)
✔ manual off-body route waypoints fit along with node rectangles without changing either model or route (0.340797ms)
✔ raw numerical field input rejects empty tokens, invalid dimensions, nonfinite values and out-of-contract lengths (0.320592ms)
✔ duplicate display labels never redirect a typed shape diagnostic to another module or infer a target from text (0.320603ms)
✔ unknown node identities and unregistered parameter/port names cannot produce an active field highlight (0.330342ms)
✔ unstructuredHTTP conflicts and malformed diagnostics keep useful message without fabricated node or field targets (0.171375ms)
✔ public JSON transport preserves structured diagnostics and HTTP status without changing legacy successful payloads (12.567026ms)
✔ deferred old-draft response cannot resolve a missing identity in a replacement draft with the same labels (0.54596ms)
✔ independent four-direction authored moves preserve exact graph and one-command undo/redo (3.155418ms)
✔ merge ports stay distinct, fan-out is retained, malformed direction/foreign port and duplicate producers fail atomically (1.783037ms)
✔ a new binding that closes a directed cycle leaves history and every prior edge unchanged (0.265176ms)
✔ deleting a branch removes only its incident bindings and undo restores both merge ports (0.348796ms)
✔ explicit DAG arrange handles merge longest-path dependencies without overlaps or semantic changes (0.527124ms)
✔ manual covering overlaps keep anchors and report every retained routing obstruction (0.276274ms)
✔ no-op changes and unavailable history travel preserve identity; a new edit after undo clears redo (0.272214ms)
✔ public draft transport binds save CAS revision and reopens an independent exact draft while a conflict retains local edits (1.324636ms)
✔ click additions find free space past the original five-node overlap counterexample without moving prior modules (0.743149ms)
✔ cache boundary rejects crash-causing node shapes, impossible revisions and unsafe coordinates while returning detached valid edits (0.899087ms)
✔ public authoring pan primitive uses final endpoint in all four directions, ignores foreign pointer and preserves model history (0.36487ms)
✔ a transparent network is one history step and redo restores its stable nodes, edges and edits (1.435057ms)
✔ repeat insertion avoids occupied cards, preserves prior identities and bindings, and never connects old networks (1.631629ms)
✔ IDs collide or fail safely before any draft mutation; retry uses fresh identities for every node and edge (0.621199ms)
✔ catalog compatibility, node/edge budgets and extreme coordinates refuse atomically (1.507478ms)
✔ CNN starting layout is legible at the observed viewport with one clear exterior row return (0.857014ms)
✔ actual inserted graphs pass the formal nonexecuting backend source pipeline; a disconnected old node still fails generation (69.038108ms)
✔ pointerup endpoint is available without an intervening move or RAF (0.157346ms)
✔ terminal endpoint includes movement beyond the last sampled preview (0.081867ms)
✔ pan displacement is measured in CSS pixels and never divided by zoom (0.088083ms)
✔ returning to start restores exact initial camera without cumulative drift (0.138627ms)
✔ viewport-origin shift alone does not masquerade as a pointer delta (0.056327ms)
✔ a second pointer cannot update or finish the original pan (0.048971ms)
✔ initial camera snapshot and caller input remain untouched (0.061147ms)
✔ invalid start coordinates, zoom and pointer identity are rejected (0.202415ms)
✔ world camera keeps the sealed Transformer scene continuous across negative bounds (16.772081ms)
✔ fit, focus, pointer-centered zoom and pan use world coordinates (0.225094ms)
✔ collapsed frontier retains canonical tensors, named port direction and hidden edges (0.621208ms)
✔ expansion preserves anchor, unrelated pins, repeat sharing and re-expanded local edits (3.09692ms)
✔ batch rejects semantic field injection and stale revision without mutating input (0.927014ms)
✔ history restores a whole batch with monotonic revision and invalidates redo after new edit (0.989474ms)
✔ publication serializes the edited scene, escapes every user string and excludes editor controls (1.15907ms)
✔ document loader rejects port mismatch, parent cycle and non-finite imported geometry (0.775905ms)
✔ selected parent plus child moves once, pinned descendants protect their subtree (2.587563ms)
✔ repeated toggles restore neighbor geometry without drifting or losing a collapsed user move (5.539527ms)
✔ long Chinese aliases and annotations retain text while their geometry grows (1.439219ms)
✔ source refresh preserves unique identity presentation and resets source undo boundary (3.37585ms)
✔ a rebound edge cannot inherit a style from its previous tensor binding (2.635387ms)
✔ projected parallel edges retain differing canonical styles instead of discarding them (0.847381ms)
✔ sealed Transformer mask edge inspector reflects the actual displayed style (23.013591ms)
✔ parallel growth fitting below an existing taller branch does not shift output again (16.327659ms)
✔ horizontal free space absorbs width growth; adjacent sibling spacing and authored gap are preserved (15.462793ms)
✔ manual distant output absorbs growth; downstream relative offsets and explicit user movement survive frontier restore (14.683229ms)
✔ pinned output and pinned descendant protect anchors while the existing warning reports unresolved overlap (14.361889ms)
✔ exact collapse/reexpand frontier snapshots and undo/redo remain stable after repeated parallel expansion (28.337491ms)
✔ real Transformer depth-two UI frontier uses existing space without cumulative independent branch height (198.214925ms)
✔ real Transformer depth-three and cached frontiers retain manual feedforward positions and no sibling intersections (247.37702ms)
✔ real Residual CNN grows both repeats and keeps downstream pool/flatten/classifier clear (57.115055ms)
✔ renderer changes invalidate an old export even when canvas revision and source digests match (0.272906ms)
✔ a restored artifact must describe the default document, width, revision, source and PNG resolution (0.183357ms)
✔ detail export partitions every canonical edge and visibly retains every crossing binding (9.348545ms)
✔ detail keeps edited geometry, aliases, styles, legend and contained annotations, and declares omissions (11.16536ms)
✔ distinct external node/port tuples cannot collide when their identities contain delimiters (4.34895ms)
✔ detail metadata and projected objects are detached from the input CanvasDocument (8.619992ms)
✔ detail rejects leaf, collapsed or hidden containers and invalid options; whole keeps the ordinary scene (7.274591ms)
✔ detail bounds retain manually offset descendants instead of clipping negative coordinates (7.230037ms)
✔ long boundary text and provenance fit their boxes and 85/180 mm preflight measures actual scale (10.343622ms)
✔ real source-derived MLP network detail accounts for adapters and exposes model input/output (36.047068ms)
✔ physical advice accounts for tall pages and rounds the required width upward (2.097213ms)
✔ detail choices distinguish equal labels by identity/path and preserve the current frontier and edits (21.363185ms)
✔ hierarchy order and depth follow authored roots and child lists, independent of flat node order (20.757995ms)
✔ empty aliases, escaped labels, repeat badges, pins and leaf/toggle ARIA stay exact (16.241671ms)
✔ collapsed ancestors hide latent descendants without erasing their expansion or selection (22.378329ms)
✔ a replacement architecture with the same IDs displays new labels, categories and topology (26.504042ms)
✔ an empty architecture renders no rows and non-hierarchy visual changes leave row HTML exact (11.556016ms)
✔ the actual formal source-backed 304-node model keeps precise old/new hierarchy HTML before and after expansion (669.200247ms)
✔ actual upward header conflict produces understandable guidance using display aliases (2.347039ms)
✔ actual overlapping leaves expose both overlap and blocked connection guidance (0.868599ms)
✔ source-analysis warnings stay in their own panel and missing object references do not leak identifiers (0.437226ms)
✔ preview equals complete guarded scene/SVG for container resizing, negative/manual geometry and repeated frames (42.724742ms)
✔ selected parent and child move exactly once; pinned descendants protect ancestor subtree (6.808994ms)
✔ sparse visible layout materializes once and hidden layout uses the established source contract (4.833356ms)
✔ preview leaves history/frontiers/source untouched, commit updates snapshots and supports one undo/redo (4.730784ms)
✔ prepared snapshot isolates later caller mutation and returned scene cannot corrupt frozen semantic references (1.95822ms)
✔ preview rejects forged sessions, invalid selection/coordinates and corrupted document before showing geometry (1.596877ms)
✔ independent oracle detects polluted body/header and route geometry (1.620157ms)
✔ four directions preserve exact manual coordinates, shared endpoints and expose left/header/sibling conflicts (23.116026ms)
✔ explicit recovery preview is obstacle-safe and commit is one reversible visual operation (30.9953ms)
✔ recovery respects selected pin, descendant pin and a clear right move without changing documents (9.494073ms)
✔ touching the true parent border is contained while even a one-unit left escape is diagnosed (4.439184ms)
✔ selected expanded subtree moves as one root and recovery preserves child locals and outside pins (5.679321ms)
✔ an invariant internal conflict is unavailable even with many nearby candidate obstacles (12.098997ms)
✔ ready recovery preserves an existing unrelated collision rather than presenting it as globally resolved (4.39838ms)
✔ unknown or hidden objects do not produce phantom recovery scenes (2.361952ms)
✔ same-pair ancestor collision growth rejects an otherwise clear nearby candidate (37.817974ms)
✔ native timing remains independent of geometry and handler proxy; pin spaces differ (0.516687ms)
✔ untrusted, unmatched, ambiguous and reused native entries cannot yield passing zero latency (0.336842ms)
✔ stale source or concurrent revisions invalidate spatial and summary evidence; missing pins stay unmeasured (0.162559ms)
✔ independent native receipt checker rejects forged zero latency, anchor drift and stale source (1.051516ms)
✔ clear preferred orthogonal paths remain byte-identical and endpoint data stays immutable (0.272482ms)
✔ independent broken-path counterexample detects unrelated intrusion and repaired route keeps endpoints (0.504018ms)
✔ ancestor frame passage is valid; unrelated frame interiors remain obstacles (0.108392ms)
✔ preferred route re-entry into an endpoint body is repaired, not mistaken for a clear unrelated-body path (0.186012ms)
✔ overlap covering an endpoint is reported explicitly rather than invented as a clear route (0.099642ms)
✔ blocked ancestor headers retain arbitrary canonical IDs without synthetic suffix decoding (0.126738ms)
✔ all nine historical source-bound golden frontiers rerender without unrelated-body intrusions (25.71902ms)
✔ detail boundary stubs reuse obstacle routing across all visible expanded golden containers (138.698229ms)
✔ four-direction moves preserve semantic identity, history, exact preview/guarded Scene and routed SVG (8.415676ms)
✔ intentional overlapping manual objects keep anchors and publish explicit overlap/routing diagnostics (0.981926ms)
✔ manual upward move into expanded ancestor header keeps the coordinate and reports the conflict (0.780691ms)
✔ formal LSTM nested output slots retain handwritten key/index evidence in documents (39.344568ms)
✔ import validation rejects malformed output paths and slots on non-output nodes (36.19724ms)
✔ a renamed return slot cannot borrow presentation from the prior ordinal output (36.323127ms)
✔ receipt verifier recomputes percentiles and rejects unchanged or root frontiers (1.151026ms)
✔ performance probe never reports paint before its second animation-frame boundary (0.446709ms)
✔ frame sampler reports a bounded fps sample and reset removes prior samples (112.501932ms)
✔ independent oracle rejects 15 corruptions including coherent graph displacement and tensor concealment (8.295191ms)
✔ independent strict-interior oracle excludes point contact and same tensor trunks, merges collinear intervals (0.93545ms)
✔ independent source-bound frontier/detail/four-direction history invariants: mlp-level0-paper-180 (15.30964ms)
✔ independent source-bound frontier/detail/four-direction history invariants: mlp-level1-paper-180 (24.732669ms)
✔ independent source-bound frontier/detail/four-direction history invariants: residual_cnn-level0-paper-180 (30.800928ms)
✔ independent source-bound frontier/detail/four-direction history invariants: residual_cnn-level1-paper-180 (38.587838ms)
✔ independent source-bound frontier/detail/four-direction history invariants: residual_cnn-level2-paper-180 (89.616234ms)
✔ independent source-bound frontier/detail/four-direction history invariants: transformer-level0-paper-180 (96.934675ms)
✔ independent source-bound frontier/detail/four-direction history invariants: transformer-level1-paper-180 (177.788309ms)
✔ independent source-bound frontier/detail/four-direction history invariants: transformer-level2-paper-180 (374.695027ms)
✔ independent source-bound frontier/detail/four-direction history invariants: transformer-level3-paper-180 (526.109032ms)
✔ real public source-bound Transformer metrics improve while preserving unresolved complex crossings (18.467824ms)
✔ public differing-tensor geometry reduces overlap length while shared tensor trunk remains byte-identical (2.859475ms)
✔ indexed projected ports retain non-adjacent canonical coverage and role order (1.414483ms)
✔ parallel style groups and cycle fallback survive expand/undo/redo without mutating source (7.077997ms)
✔ real Temporal shared projection keeps two distinct calls and four authored paths after edits and reopen (43.910832ms)
✔ Skip repeat is independent; expanding and detail export retain identities and external boundaries (47.319684ms)
✔ GNN names and arbitrary visual aliases do not turn unknown regions into known attention (43.62952ms)
✔ same label and duplicated call identity cannot invent distinct shared calls; facts detach from Canvas (37.393564ms)
✔ long authored output keys stay exact in metadata while subtitles fit the existing node width (40.673061ms)
✔ source-backed 300-layer Sequential expansion exposes 300 canonical layer objects (620.339605ms)
✔ the actual CNN sentence breaks before path instead of splitting a fitting word (0.14174ms)
✔ CJK characters and whole English tokens can share lines without inserted text (0.080687ms)
✔ explicit line breaks and blank lines remain while soft line boundaries discard whitespace (0.133611ms)
✔ oversized source identifiers have finite code-point fallback without dropping characters (2.788791ms)
✔ Unicode code points stay intact and an individually oversized point still makes progress (0.266373ms)
✔ Scene annotation height and both SVG modes use the independently expected CNN lines (0.749524ms)
✔ a valid annotation narrower than its text inset still builds and renders (0.389623ms)
✔ real residual CNN nested expansion keeps downstream pool clear and restores base frontier (54.38238ms)
✔ real MLP pinned output conflict is explicit while both expansion anchors stay fixed (36.604117ms)
ℹ tests 152
ℹ suites 0
ℹ pass 152
ℹ fail 0
ℹ cancelled 0
ℹ skipped 0
ℹ todo 0
ℹ duration_ms 5298.16025
